Feb  7 18:45:09 daemon kernel: [ 1898.570622] [UFW BLOCK] IN=eth0 OUT= MAC=f2:3c:93:50:a4:9a:00:00:0c:9f:f0:04:08:00 SRC=141.105.66.214 DST=172.104.132.106 LEN=40 TOS=0x00 PREC=0x00 TTL=247 ID=9760 PROTO=TCP SPT=57502 DPT=3077 WINDOW=1024 RES=0x00 SYN URGP=0 
Feb  7 18:45:31 daemon kernel: [ 1920.714390] [UFW BLOCK] IN=eth0 OUT= MAC=f2:3c:93:50:a4:9a:00:00:0c:9f:f0:04:08:00 SRC=141.105.66.214 DST=172.104.132.106 LEN=40 TOS=0x00 PREC=0x00 TTL=248 ID=12550 PROTO=TCP SPT=57502 DPT=63032 WINDOW=1024 RES=0x00 SYN URGP=0 
Feb  7 18:45:42 daemon kernel: [ 1932.040563] [UFW BLOCK] IN=eth0 OUT= MAC=f2:3c:93:50:a4:9a:00:00:0c:9f:f0:04:08:00 SRC=103.203.57.8 DST=172.104.132.106 LEN=40 TOS=0x08 PREC=0x20 TTL=240 ID=54321 PROTO=TCP SPT=51714 DPT=8080 WINDOW=65535 RES=0x00 SYN URGP=0 
Feb  7 18:45:57 daemon kernel: [ 1947.309067] [UFW BLOCK] IN=eth0 OUT= MAC=f2:3c:93:50:a4:9a:00:00:0c:9f:f0:04:08:00 SRC=123.160.221.7 DST=172.104.132.106 LEN=52 TOS=0x00 PREC=0x00 TTL=43 ID=54566 DF PROTO=TCP SPT=55590 DPT=12262 WINDOW=65535 RES=0x00 SYN URGP=0 
Feb  7 18:46:27 daemon kernel: [ 1977.297072] [UFW BLOCK] IN=eth0 OUT= MAC=f2:3c:93:50:a4:9a:00:00:0c:9f:f0:04:08:00 SRC=109.86.170.150 DST=172.104.132.106 LEN=44 TOS=0x00 PREC=0x00 TTL=247 ID=27932 DF PROTO=TCP SPT=55346 DPT=23 WINDOW=14600 RES=0x00 SYN URGP=0 
Feb  7 18:46:38 daemon kernel: [ 1987.599184] [UFW BLOCK] IN=eth0 OUT= MAC=f2:3c:93:50:a4:9a:00:00:0c:9f:f0:04:08:00 SRC=45.155.205.45 DST=172.104.132.106 LEN=40 TOS=0x00 PREC=0x00 TTL=248 ID=57909 PROTO=TCP SPT=58424 DPT=5724 WINDOW=1024 RES=0x00 SYN URGP=0 
Feb  7 18:47:03 daemon kernel: [ 2013.452126] [UFW BLOCK] IN=eth0 OUT= MAC=f2:3c:93:50:a4:9a:00:00:0c:9f:f0:04:08:00 SRC=222.186.19.207 DST=172.104.132.106 LEN=40 TOS=0x00 PREC=0x00 TTL=238 ID=54321 PROTO=TCP SPT=35822 DPT=58080 WINDOW=65535 RES=0x00 SYN URGP=0 
Feb  7 18:47:19 daemon kernel: [ 2028.767527] [UFW BLOCK] IN=eth0 OUT= MAC=f2:3c:93:50:a4:9a:00:00:0c:9f:f0:04:08:00 SRC=141.105.66.214 DST=172.104.132.106 LEN=40 TOS=0x00 PREC=0x00 TTL=248 ID=28979 PROTO=TCP SPT=57502 DPT=8428 WINDOW=1024 RES=0x00 SYN URGP=0 
Feb  7 18:47:59 daemon kernel: [ 2069.361888] [UFW BLOCK] IN=eth0 OUT= MAC=f2:3c:93:50:a4:9a:00:00:0c:9f:f0:04:08:00 SRC=92.255.85.237 DST=172.104.132.106 LEN=60 TOS=0x00 PREC=0x00 TTL=57 ID=3599 DF PROTO=TCP SPT=59460 DPT=22 WINDOW=42340 RES=0x00 SYN URGP=0 
Feb  7 18:48:00 daemon kernel: [ 2070.393512] [UFW BLOCK] IN=eth0 OUT= MAC=f2:3c:93:50:a4:9a:00:00:0c:9f:f0:04:08:00 SRC=92.255.85.237 DST=172.104.132.106 LEN=60 TOS=0x00 PREC=0x00 TTL=57 ID=3600 DF PROTO=TCP SPT=59460 DPT=22 WINDOW=42340 RES=0x00 SYN URGP=0 
Feb  7 18:48:39 daemon kernel: [ 2109.199848] [UFW BLOCK] IN=eth0 OUT= MAC=f2:3c:93:50:a4:9a:00:00:0c:9f:f0:04:08:00 SRC=141.105.66.214 DST=172.104.132.106 LEN=40 TOS=0x00 PREC=0x00 TTL=247 ID=60970 PROTO=TCP SPT=57502 DPT=5450 WINDOW=1024 RES=0x00 SYN URGP=0 
Feb  7 18:48:42 daemon kernel: [ 2111.846845] [UFW BLOCK] IN=eth0 OUT= MAC=f2:3c:93:50:a4:9a:00:00:0c:9f:f0:04:08:00 SRC=170.187.152.114 DST=172.104.132.106 LEN=32 TOS=0x00 PREC=0x00 TTL=244 ID=54321 PROTO=UDP SPT=54075 DPT=37810 LEN=12 
Feb  7 18:49:05 daemon kernel: [ 2134.895357] [UFW BLOCK] IN=eth0 OUT= MAC=f2:3c:93:50:a4:9a:00:00:0c:9f:f0:04:08:00 SRC=45.155.205.48 DST=172.104.132.106 LEN=40 TOS=0x00 PREC=0x00 TTL=248 ID=16022 PROTO=TCP SPT=58488 DPT=5880 WINDOW=1024 RES=0x00 SYN URGP=0 
Feb  7 18:49:15 daemon kernel: [ 2144.950463] [UFW BLOCK] IN=eth0 OUT= MAC=f2:3c:93:50:a4:9a:00:00:0c:9f:f0:04:08:00 SRC=167.94.146.22 DST=172.104.132.106 LEN=44 TOS=0x00 PREC=0x20 TTL=42 ID=41382 PROTO=TCP SPT=45673 DPT=15433 WINDOW=1024 RES=0x00 SYN URGP=0 
Feb  7 18:49:47 daemon kernel: [ 2176.829588] [UFW BLOCK] IN=eth0 OUT= MAC=f2:3c:93:50:a4:9a:00:00:0c:9f:f0:04:08:00 SRC=45.135.232.218 DST=172.104.132.106 LEN=40 TOS=0x00 PREC=0x00 TTL=244 ID=45253 PROTO=TCP SPT=48863 DPT=52399 WINDOW=1024 RES=0x00 SYN URGP=0 
Feb  7 18:50:00 daemon kernel: [ 2189.537019] [UFW BLOCK] IN=eth0 OUT= MAC=f2:3c:93:50:a4:9a:00:00:0c:9f:f0:04:08:00 SRC=161.35.101.187 DST=172.104.132.106 LEN=60 TOS=0x00 PREC=0x00 TTL=49 ID=8580 DF PROTO=TCP SPT=60196 DPT=22 WINDOW=64240 RES=0x00 SYN URGP=0 
Feb  7 18:50:34 daemon kernel: [ 2223.652373] [UFW BLOCK] IN=eth0 OUT= MAC=f2:3c:93:50:a4:9a:00:00:0c:9f:f0:04:08:00 SRC=141.105.66.214 DST=172.104.132.106 LEN=40 TOS=0x00 PREC=0x00 TTL=248 ID=4824 PROTO=TCP SPT=57502 DPT=56062 WINDOW=1024 RES=0x00 SYN URGP=0 
Feb  7 18:50:39 daemon kernel: [ 2228.996574] [UFW BLOCK] IN=eth0 OUT= MAC=f2:3c:93:50:a4:9a:00:00:0c:9f:f0:04:08:00 SRC=185.191.34.176 DST=172.104.132.106 LEN=40 TOS=0x00 PREC=0x00 TTL=244 ID=27878 PROTO=TCP SPT=44823 DPT=3333 WINDOW=1024 RES=0x00 SYN URGP=0 
Feb  7 18:50:57 daemon kernel: [ 2246.554714] [UFW BLOCK] IN=eth0 OUT= MAC=f2:3c:93:50:a4:9a:00:00:0c:9f:f0:04:08:00 SRC=194.26.29.120 DST=172.104.132.106 LEN=40 TOS=0x00 PREC=0x00 TTL=244 ID=811 PROTO=TCP SPT=44665 DPT=51000 WINDOW=1024 RES=0x00 SYN URGP=0 
Feb  7 18:51:18 daemon kernel: [ 2268.318151] [UFW BLOCK] IN=eth0 OUT= MAC=f2:3c:93:50:a4:9a:00:00:0c:9f:f0:04:08:00 SRC=43.155.78.35 DST=172.104.132.106 LEN=60 TOS=0x08 PREC=0x40 TTL=47 ID=30133 DF PROTO=TCP SPT=53236 DPT=22 WINDOW=29200 RES=0x00 SYN URGP=0 
Feb  7 18:51:35 daemon kernel: [ 2285.154175] [UFW BLOCK] IN=eth0 OUT= MAC=f2:3c:93:50:a4:9a:00:00:0c:9f:f0:04:08:00 SRC=91.240.118.11 DST=172.104.132.106 LEN=40 TOS=0x00 PREC=0x00 TTL=246 ID=53145 PROTO=TCP SPT=50748 DPT=7350 WINDOW=1024 RES=0x00 SYN URGP=0 
Feb  7 18:51:58 daemon kernel: [ 2307.848004] [UFW BLOCK] IN=eth0 OUT= MAC=f2:3c:93:50:a4:9a:00:00:0c:9f:f0:04:08:00 SRC=122.244.214.147 DST=172.104.132.106 LEN=60 TOS=0x00 PREC=0x00 TTL=45 ID=35249 DF PROTO=TCP SPT=55938 DPT=22 WINDOW=29200 RES=0x00 SYN URGP=0 
Feb  7 18:52:17 daemon kernel: [ 2326.788242] [UFW BLOCK] IN=eth0 OUT= MAC=f2:3c:93:50:a4:9a:00:00:0c:9f:f0:04:08:00 SRC=79.124.62.82 DST=172.104.132.106 LEN=40 TOS=0x00 PREC=0x00 TTL=247 ID=50932 PROTO=TCP SPT=52056 DPT=28560 WINDOW=1024 RES=0x00 SYN URGP=0 
Feb  7 18:52:37 daemon kernel: [ 2346.747507] [UFW BLOCK] IN=eth0 OUT= MAC=f2:3c:93:50:a4:9a:00:00:0c:9f:f0:04:08:00 SRC=115.55.22.240 DST=172.104.132.106 LEN=40 TOS=0x00 PREC=0x00 TTL=51 ID=47995 PROTO=TCP SPT=52605 DPT=23 WINDOW=63010 RES=0x00 SYN URGP=0 
Feb  7 18:53:00 daemon kernel: [ 2370.146534] [UFW BLOCK] IN=eth0 OUT= MAC=f2:3c:93:50:a4:9a:00:00:0c:9f:f0:04:08:00 SRC=141.105.66.214 DST=172.104.132.106 LEN=40 TOS=0x00 PREC=0x00 TTL=248 ID=64190 PROTO=TCP SPT=57502 DPT=16992 WINDOW=1024 RES=0x00 SYN URGP=0 
Feb  7 18:53:14 daemon kernel: [ 2383.834483] [UFW BLOCK] IN= OUT=eth0 SRC=172.104.132.106 DST=31.28.161.68 LEN=76 TOS=0x10 PREC=0x00 TTL=64 ID=48057 DF PROTO=UDP SPT=55599 DPT=123 LEN=56 
Feb  7 18:53:14 daemon kernel: [ 2383.836108] [UFW BLOCK] IN= OUT=eth0 SRC=172.104.132.106 DST=152.115.59.242 LEN=76 TOS=0x10 PREC=0x00 TTL=64 ID=54576 DF PROTO=UDP SPT=35079 DPT=123 LEN=56 
Feb  7 18:53:14 daemon kernel: [ 2383.837711] [UFW BLOCK] IN= OUT=eth0 SRC=172.104.132.106 DST=37.187.122.11 LEN=76 TOS=0x10 PREC=0x00 TTL=64 ID=48646 DF PROTO=UDP SPT=45569 DPT=123 LEN=56 
Feb  7 18:53:14 daemon kernel: [ 2383.841606] [UFW BLOCK] IN= OUT=eth0 SRC=172.104.132.106 DST=81.21.76.27 LEN=76 TOS=0x10 PREC=0x00 TTL=64 ID=42750 DF PROTO=UDP SPT=36870 DPT=123 LEN=56 
Feb  7 18:53:14 daemon kernel: [ 2383.844443] [UFW BLOCK] IN= OUT=eth0 SRC=172.104.132.106 DST=176.9.44.212 LEN=76 TOS=0x10 PREC=0x00 TTL=64 ID=20772 DF PROTO=UDP SPT=41111 DPT=123 LEN=56 
Feb  7 18:53:14 daemon kernel: [ 2383.846578] [UFW BLOCK] IN= OUT=eth0 SRC=172.104.132.106 DST=62.128.1.19 LEN=76 TOS=0x10 PREC=0x00 TTL=64 ID=62817 DF PROTO=UDP SPT=45504 DPT=123 LEN=56 
Feb  7 18:53:14 daemon kernel: [ 2383.848622] [UFW BLOCK] IN= OUT=eth0 SRC=172.104.132.106 DST=37.221.193.210 LEN=76 TOS=0x10 PREC=0x00 TTL=64 ID=13912 DF PROTO=UDP SPT=53618 DPT=123 LEN=56 
Feb  7 18:53:14 daemon kernel: [ 2383.850814] [UFW BLOCK] IN= OUT=eth0 SRC=172.104.132.106 DST=157.90.24.29 LEN=76 TOS=0x10 PREC=0x00 TTL=64 ID=41924 DF PROTO=UDP SPT=41119 DPT=123 LEN=56 
Feb  7 18:53:14 daemon kernel: [ 2383.858581] [UFW BLOCK] IN= OUT=eth0 SRC=172.104.132.106 DST=159.69.109.183 LEN=76 TOS=0x10 PREC=0x00 TTL=64 ID=48858 DF PROTO=UDP SPT=43678 DPT=123 LEN=56 
Feb  7 18:53:14 daemon kernel: [ 2383.860604] [UFW BLOCK] IN= OUT=eth0 SRC=172.104.132.106 DST=78.46.204.247 LEN=76 TOS=0x10 PREC=0x00 TTL=64 ID=28828 DF PROTO=UDP SPT=36969 DPT=123 LEN=56 
Feb  7 18:53:19 daemon kernel: [ 2388.546966] [UFW BLOCK] IN=eth0 OUT= MAC=f2:3c:93:50:a4:9a:00:00:0c:9f:f0:04:08:00 SRC=167.94.145.24 DST=172.104.132.106 LEN=44 TOS=0x00 PREC=0x00 TTL=42 ID=39848 PROTO=TCP SPT=44139 DPT=38524 WINDOW=1024 RES=0x00 SYN URGP=0 
Feb  7 18:53:37 daemon kernel: [ 2407.089040] [UFW BLOCK] IN=eth0 OUT= MAC=f2:3c:93:50:a4:9a:00:00:0c:9f:f0:04:08:00 SRC=91.240.118.13 DST=172.104.132.106 LEN=40 TOS=0x00 PREC=0x00 TTL=246 ID=39948 PROTO=TCP SPT=53074 DPT=1529 WINDOW=1024 RES=0x00 SYN URGP=0 
Feb  7 18:53:44 daemon kernel: [ 2414.070789] [UFW BLOCK] IN= OUT=eth0 SRC=172.104.132.106 DST=193.141.27.1 LEN=76 TOS=0x10 PREC=0x00 TTL=64 ID=45097 DF PROTO=UDP SPT=43091 DPT=123 LEN=56 
Feb  7 18:53:58 daemon kernel: [ 2427.757764] [UFW BLOCK] IN=eth0 OUT= MAC=f2:3c:93:50:a4:9a:00:00:0c:9f:f0:04:08:00 SRC=150.95.82.218 DST=172.104.132.106 LEN=60 TOS=0x00 PREC=0x00 TTL=48 ID=48892 DF PROTO=TCP SPT=54032 DPT=22 WINDOW=64240 RES=0x00 SYN URGP=0 
Feb  7 18:54:32 daemon kernel: [ 2461.663905] [UFW BLOCK] IN=eth0 OUT= MAC=f2:3c:93:50:a4:9a:00:00:0c:9f:f0:04:08:00 SRC=45.146.166.117 DST=172.104.132.106 LEN=40 TOS=0x00 PREC=0x00 TTL=248 ID=57400 PROTO=TCP SPT=48651 DPT=51632 WINDOW=1024 RES=0x00 SYN URGP=0 
Feb  7 18:55:00 daemon kernel: [ 2490.218363] [UFW BLOCK] IN=eth0 OUT= MAC=f2:3c:93:50:a4:9a:00:00:0c:9f:f0:04:08:00 SRC=45.146.166.123 DST=172.104.132.106 LEN=40 TOS=0x00 PREC=0x00 TTL=249 ID=15985 PROTO=TCP SPT=48797 DPT=32920 WINDOW=1024 RES=0x00 SYN URGP=0 
Feb  7 18:55:01 daemon kernel: [ 2491.421336] [UFW BLOCK] IN=eth0 OUT= MAC=f2:3c:93:50:a4:9a:00:00:0c:9f:f0:04:08:00 SRC=91.240.118.11 DST=172.104.132.106 LEN=40 TOS=0x00 PREC=0x00 TTL=247 ID=64743 PROTO=TCP SPT=50748 DPT=7217 WINDOW=1024 RES=0x00 SYN URGP=0 
Feb  7 18:55:16 daemon kernel: [ 2506.318509] [UFW BLOCK] IN=eth0 OUT= MAC=f2:3c:93:50:a4:9a:00:00:0c:9f:f0:04:08:00 SRC=45.155.205.41 DST=172.104.132.106 LEN=40 TOS=0x00 PREC=0x00 TTL=248 ID=51785 PROTO=TCP SPT=58345 DPT=5359 WINDOW=1024 RES=0x00 SYN URGP=0 
Feb  7 18:55:44 daemon kernel: [ 2534.148343] [UFW BLOCK] IN=eth0 OUT= MAC=f2:3c:93:50:a4:9a:00:00:0c:9f:f0:04:08:00 SRC=124.217.248.153 DST=172.104.132.106 LEN=44 TOS=0x00 PREC=0x00 TTL=244 ID=63860 PROTO=TCP SPT=59235 DPT=1433 WINDOW=1024 RES=0x00 SYN URGP=0 
Feb  7 18:56:15 daemon kernel: [ 2565.153244] [UFW BLOCK] IN=eth0 OUT= MAC=f2:3c:93:50:a4:9a:00:00:0c:9f:f0:04:08:00 SRC=211.212.204.8 DST=172.104.132.106 LEN=40 TOS=0x00 PREC=0x00 TTL=54 ID=45143 PROTO=TCP SPT=2279 DPT=55555 WINDOW=18863 RES=0x00 SYN URGP=0 
Feb  7 18:56:48 daemon kernel: [ 2598.454994] [UFW BLOCK] IN=eth0 OUT= MAC=f2:3c:93:50:a4:9a:00:00:0c:9f:f0:04:08:00 SRC=85.101.71.69 DST=172.104.132.106 LEN=44 TOS=0x00 PREC=0x00 TTL=51 ID=6075 PROTO=TCP SPT=22085 DPT=23 WINDOW=31597 RES=0x00 SYN URGP=0 
Feb  7 18:56:51 daemon kernel: [ 2601.103479] [UFW BLOCK] IN=eth0 OUT= MAC=f2:3c:93:50:a4:9a:00:00:0c:9f:f0:04:08:00 SRC=193.3.53.3 DST=172.104.132.106 LEN=40 TOS=0x00 PREC=0x00 TTL=245 ID=54321 PROTO=TCP SPT=53015 DPT=9001 WINDOW=65535 RES=0x00 SYN URGP=0 
Feb  7 18:56:58 daemon kernel: [ 2607.751778] [UFW BLOCK] IN=eth0 OUT= MAC=f2:3c:93:50:a4:9a:00:00:0c:9f:f0:04:08:00 SRC=71.6.167.142 DST=172.104.132.106 LEN=44 TOS=0x00 PREC=0x00 TTL=114 ID=59190 PROTO=TCP SPT=6707 DPT=503 WINDOW=39923 RES=0x00 SYN URGP=0 
Feb  7 18:57:22 daemon kernel: [ 2631.746972] [UFW BLOCK] IN=eth0 OUT= MAC=f2:3c:93:50:a4:9a:00:00:0c:9f:f0:04:08:00 SRC=192.241.201.136 DST=172.104.132.106 LEN=40 TOS=0x00 PREC=0x00 TTL=242 ID=54321 PROTO=TCP SPT=37461 DPT=102 WINDOW=65535 RES=0x00 SYN URGP=0 
Feb  7 18:57:41 daemon kernel: [ 2651.321290] [UFW BLOCK] IN=eth0 OUT= MAC=f2:3c:93:50:a4:9a:00:00:0c:9f:f0:04:08:00 SRC=79.124.62.82 DST=172.104.132.106 LEN=40 TOS=0x00 PREC=0x00 TTL=247 ID=26029 PROTO=TCP SPT=52056 DPT=37500 WINDOW=1024 RES=0x00 SYN URGP=0 
Feb  7 18:58:02 daemon kernel: [ 2671.896174] [UFW BLOCK] IN=eth0 OUT= MAC=f2:3c:93:50:a4:9a:00:00:0c:9f:f0:04:08:00 SRC=106.14.249.118 DST=172.104.132.106 LEN=60 TOS=0x00 PREC=0x00 TTL=43 ID=3076 DF PROTO=TCP SPT=53900 DPT=6379 WINDOW=29200 RES=0x00 SYN URGP=0 
Feb  7 18:58:24 daemon kernel: [ 2693.667352] [UFW BLOCK] IN=eth0 OUT= MAC=f2:3c:93:50:a4:9a:00:00:0c:9f:f0:04:08:00 SRC=85.100.108.30 DST=172.104.132.106 LEN=44 TOS=0x08 PREC=0x40 TTL=48 ID=26857 PROTO=TCP SPT=25213 DPT=23 WINDOW=14381 RES=0x00 SYN URGP=0 
Feb  7 18:58:41 daemon kernel: [ 2711.260725] [UFW BLOCK] IN=eth0 OUT= MAC=f2:3c:93:50:a4:9a:00:00:0c:9f:f0:04:08:00 SRC=141.105.66.214 DST=172.104.132.106 LEN=40 TOS=0x00 PREC=0x00 TTL=248 ID=6692 PROTO=TCP SPT=57502 DPT=873 WINDOW=1024 RES=0x00 SYN URGP=0 
Feb  7 18:58:59 daemon kernel: [ 2729.004196] [UFW BLOCK] IN=eth0 OUT= MAC=f2:3c:93:50:a4:9a:00:00:0c:9f:f0:04:08:00 SRC=79.124.62.110 DST=172.104.132.106 LEN=40 TOS=0x00 PREC=0x00 TTL=247 ID=3067 PROTO=TCP SPT=43400 DPT=7000 WINDOW=1024 RES=0x00 SYN URGP=0 
Feb  7 18:59:18 daemon kernel: [ 2748.145634] [UFW BLOCK] IN=eth0 OUT= MAC=f2:3c:93:50:a4:9a:00:00:0c:9f:f0:04:08:00 SRC=79.124.62.78 DST=172.104.132.106 LEN=40 TOS=0x00 PREC=0x00 TTL=247 ID=40562 PROTO=TCP SPT=52191 DPT=19844 WINDOW=1024 RES=0x00 SYN URGP=0 
Feb  7 18:59:45 daemon kernel: [ 2774.970482] [UFW BLOCK] IN=eth0 OUT= MAC=f2:3c:93:50:a4:9a:00:00:0c:9f:f0:04:08:00 SRC=185.156.73.120 DST=172.104.132.106 LEN=40 TOS=0x00 PREC=0x00 TTL=246 ID=26591 PROTO=TCP SPT=57710 DPT=4785 WINDOW=1024 RES=0x00 SYN URGP=0 
Feb  7 19:00:03 daemon kernel: [ 2793.038832] [UFW BLOCK] IN=eth0 OUT= MAC=f2:3c:93:50:a4:9a:00:00:0c:9f:f0:04:08:00 SRC=141.105.66.214 DST=172.104.132.106 LEN=40 TOS=0x00 PREC=0x00 TTL=248 ID=4181 PROTO=TCP SPT=57502 DPT=2022 WINDOW=1024 RES=0x00 SYN URGP=0 
Feb  7 19:00:20 daemon kernel: [ 2809.892004] [UFW BLOCK] IN=eth0 OUT= MAC=f2:3c:93:50:a4:9a:00:00:0c:9f:f0:04:08:00 SRC=185.156.73.57 DST=172.104.132.106 LEN=40 TOS=0x00 PREC=0x00 TTL=246 ID=23595 PROTO=TCP SPT=46792 DPT=12159 WINDOW=1024 RES=0x00 SYN URGP=0 
Feb  7 19:00:36 daemon kernel: [ 2826.003547] [UFW BLOCK] IN=eth0 OUT= MAC=f2:3c:93:50:a4:9a:00:00:0c:9f:f0:04:08:00 SRC=43.153.1.208 DST=172.104.132.106 LEN=60 TOS=0x00 PREC=0x00 TTL=48 ID=1053 DF PROTO=TCP SPT=55746 DPT=22 WINDOW=29200 RES=0x00 SYN URGP=0 
Feb  7 19:01:01 daemon kernel: [ 2851.303809] [UFW BLOCK] IN=eth0 OUT= MAC=f2:3c:93:50:a4:9a:00:00:0c:9f:f0:04:08:00 SRC=165.227.124.168 DST=172.104.132.106 LEN=60 TOS=0x00 PREC=0x00 TTL=50 ID=49625 DF PROTO=TCP SPT=60526 DPT=22 WINDOW=29200 RES=0x00 SYN URGP=0 
Feb  7 19:01:22 daemon kernel: [ 2871.680507] [UFW BLOCK] IN=eth0 OUT= MAC=f2:3c:93:50:a4:9a:00:00:0c:9f:f0:04:08:00 SRC=141.105.66.214 DST=172.104.132.106 LEN=40 TOS=0x00 PREC=0x00 TTL=248 ID=55899 PROTO=TCP SPT=57502 DPT=50003 WINDOW=1024 RES=0x00 SYN URGP=0 
Feb  7 19:01:38 daemon kernel: [ 2887.709398] [UFW BLOCK] IN=eth0 OUT= MAC=f2:3c:93:50:a4:9a:00:00:0c:9f:f0:04:08:00 SRC=167.248.133.166 DST=172.104.132.106 LEN=44 TOS=0x00 PREC=0x00 TTL=38 ID=26566 PROTO=TCP SPT=51161 DPT=10380 WINDOW=1024 RES=0x00 SYN URGP=0 
Feb  7 19:02:01 daemon kernel: [ 2910.834639] [UFW BLOCK] IN=eth0 OUT= MAC=f2:3c:93:50:a4:9a:00:00:0c:9f:f0:04:08:00 SRC=162.142.125.94 DST=172.104.132.106 LEN=44 TOS=0x00 PREC=0x00 TTL=40 ID=59214 PROTO=TCP SPT=20707 DPT=35560 WINDOW=1024 RES=0x00 SYN URGP=0 
Feb  7 19:02:19 daemon kernel: [ 2928.542442] [UFW BLOCK] IN=eth0 OUT= MAC=f2:3c:93:50:a4:9a:00:00:0c:9f:f0:04:08:00 SRC=167.94.146.27 DST=172.104.132.106 LEN=44 TOS=0x00 PREC=0x20 TTL=42 ID=58155 PROTO=TCP SPT=60396 DPT=60075 WINDOW=1024 RES=0x00 SYN URGP=0 
Feb  7 19:02:37 daemon kernel: [ 2947.009418] [UFW BLOCK] IN=eth0 OUT= MAC=f2:3c:93:50:a4:9a:00:00:0c:9f:f0:04:08:00 SRC=141.105.66.214 DST=172.104.132.106 LEN=40 TOS=0x00 PREC=0x00 TTL=247 ID=24471 PROTO=TCP SPT=57502 DPT=3402 WINDOW=1024 RES=0x00 SYN URGP=0 
Feb  7 19:02:58 daemon kernel: [ 2968.002128] [UFW BLOCK] IN=eth0 OUT= MAC=f2:3c:93:50:a4:9a:00:00:0c:9f:f0:04:08:00 SRC=104.206.128.34 DST=172.104.132.106 LEN=44 TOS=0x00 PREC=0x00 TTL=240 ID=54321 PROTO=TCP SPT=52652 DPT=888 WINDOW=65535 RES=0x00 SYN URGP=0 
Feb  7 19:03:23 daemon kernel: [ 2993.021124] [UFW BLOCK] IN=eth0 OUT= MAC=f2:3c:93:50:a4:9a:00:00:0c:9f:f0:04:08:00 SRC=79.124.62.78 DST=172.104.132.106 LEN=40 TOS=0x00 PREC=0x00 TTL=247 ID=57025 PROTO=TCP SPT=52191 DPT=16781 WINDOW=1024 RES=0x00 SYN URGP=0 
Feb  7 19:03:48 daemon kernel: [ 3018.031232] [UFW BLOCK] IN=eth0 OUT= MAC=f2:3c:93:50:a4:9a:00:00:0c:9f:f0:04:08:00 SRC=141.105.66.214 DST=172.104.132.106 LEN=40 TOS=0x00 PREC=0x00 TTL=247 ID=55397 PROTO=TCP SPT=57502 DPT=8089 WINDOW=1024 RES=0x00 SYN URGP=0 
Feb  7 19:04:01 daemon kernel: [ 3031.147890] [UFW BLOCK] IN=eth0 OUT= MAC=f2:3c:93:50:a4:9a:00:00:0c:9f:f0:04:08:00 SRC=188.53.138.166 DST=172.104.132.106 LEN=40 TOS=0x00 PREC=0x00 TTL=55 ID=44547 PROTO=TCP SPT=60895 DPT=23 WINDOW=33215 RES=0x00 SYN URGP=0 
Feb  7 19:04:26 daemon kernel: [ 3055.805097] [UFW BLOCK] IN=eth0 OUT= MAC=f2:3c:93:50:a4:9a:00:00:0c:9f:f0:04:08:00 SRC=189.252.74.109 DST=172.104.132.106 LEN=40 TOS=0x08 PREC=0x20 TTL=46 ID=9845 PROTO=TCP SPT=50209 DPT=55555 WINDOW=38777 RES=0x00 SYN URGP=0 
Feb  7 19:04:54 daemon kernel: [ 3084.225708] [UFW BLOCK] IN=eth0 OUT= MAC=f2:3c:93:50:a4:9a:00:00:0c:9f:f0:04:08:00 SRC=89.248.165.56 DST=172.104.132.106 LEN=40 TOS=0x00 PREC=0x00 TTL=245 ID=58126 PROTO=TCP SPT=42984 DPT=3405 WINDOW=1024 RES=0x00 SYN URGP=0 
Feb  7 19:05:01 daemon kernel: [ 3090.617128] [UFW BLOCK] IN=eth0 OUT= MAC=f2:3c:93:50:a4:9a:00:00:0c:9f:f0:04:08:00 SRC=141.105.66.214 DST=172.104.132.106 LEN=40 TOS=0x00 PREC=0x00 TTL=248 ID=25186 PROTO=TCP SPT=57502 DPT=4321 WINDOW=1024 RES=0x00 SYN URGP=0 
Feb  7 19:05:16 daemon kernel: [ 3105.778882] [UFW BLOCK] IN=eth0 OUT= MAC=f2:3c:93:50:a4:9a:00:00:0c:9f:f0:04:08:00 SRC=141.105.66.214 DST=172.104.132.106 LEN=40 TOS=0x00 PREC=0x00 TTL=247 ID=4875 PROTO=TCP SPT=57502 DPT=56017 WINDOW=1024 RES=0x00 SYN URGP=0 
Feb  7 19:05:36 daemon kernel: [ 3126.072476] [UFW BLOCK] IN=eth0 OUT= MAC=f2:3c:93:50:a4:9a:00:00:0c:9f:f0:04:08:00 SRC=60.210.41.206 DST=172.104.132.106 LEN=60 TOS=0x00 PREC=0x00 TTL=51 ID=48608 DF PROTO=TCP SPT=59634 DPT=6379 WINDOW=29200 RES=0x00 SYN URGP=0 
Feb  7 19:05:59 daemon kernel: [ 3148.974427] [UFW BLOCK] IN=eth0 OUT= MAC=f2:3c:93:50:a4:9a:00:00:0c:9f:f0:04:08:00 SRC=45.155.205.39 DST=172.104.132.106 LEN=40 TOS=0x00 PREC=0x00 TTL=248 ID=5153 PROTO=TCP SPT=58304 DPT=5183 WINDOW=1024 RES=0x00 SYN URGP=0 
Feb  7 19:06:15 daemon kernel: [ 3165.058371] [UFW BLOCK] IN=eth0 OUT= MAC=f2:3c:93:50:a4:9a:00:00:0c:9f:f0:04:08:00 SRC=141.105.66.214 DST=172.104.132.106 LEN=40 TOS=0x00 PREC=0x00 TTL=248 ID=15331 PROTO=TCP SPT=57502 DPT=8845 WINDOW=1024 RES=0x00 SYN URGP=0 
Feb  7 19:06:53 daemon kernel: [ 3202.553098] [UFW BLOCK] IN=eth0 OUT= MAC=f2:3c:93:50:a4:9a:00:00:0c:9f:f0:04:08:00 SRC=141.105.66.214 DST=172.104.132.106 LEN=40 TOS=0x00 PREC=0x00 TTL=248 ID=3086 PROTO=TCP SPT=57502 DPT=3460 WINDOW=1024 RES=0x00 SYN URGP=0 
Feb  7 19:07:24 daemon kernel: [ 3233.553035] [UFW BLOCK] IN=eth0 OUT= MAC=f2:3c:93:50:a4:9a:00:00:0c:9f:f0:04:08:00 SRC=183.136.225.42 DST=172.104.132.106 LEN=44 TOS=0x00 PREC=0x00 TTL=111 ID=62848 PROTO=TCP SPT=20491 DPT=20000 WINDOW=29200 RES=0x00 SYN URGP=0 
Feb  7 19:07:29 daemon kernel: [ 3239.008623] [UFW BLOCK] IN=eth0 OUT= MAC=f2:3c:93:50:a4:9a:00:00:0c:9f:f0:04:08:00 SRC=141.105.66.214 DST=172.104.132.106 LEN=40 TOS=0x00 PREC=0x00 TTL=247 ID=13607 PROTO=TCP SPT=57502 DPT=5150 WINDOW=1024 RES=0x00 SYN URGP=0 
Feb  7 19:07:45 daemon kernel: [ 3254.719384] [UFW BLOCK] IN=eth0 OUT= MAC=f2:3c:93:50:a4:9a:00:00:0c:9f:f0:04:08:00 SRC=45.146.166.112 DST=172.104.132.106 LEN=40 TOS=0x00 PREC=0x00 TTL=249 ID=49310 PROTO=TCP SPT=48599 DPT=49013 WINDOW=1024 RES=0x00 SYN URGP=0 
Feb  7 19:07:55 daemon kernel: [ 3264.992748] [UFW BLOCK] IN=eth0 OUT= MAC=f2:3c:93:50:a4:9a:00:00:0c:9f:f0:04:08:00 SRC=141.105.66.214 DST=172.104.132.106 LEN=40 TOS=0x00 PREC=0x00 TTL=248 ID=54670 PROTO=TCP SPT=57502 DPT=8445 WINDOW=1024 RES=0x00 SYN URGP=0 
Feb  7 19:08:15 daemon kernel: [ 3285.161559] [UFW BLOCK] IN=eth0 OUT= MAC=f2:3c:93:50:a4:9a:00:00:0c:9f:f0:04:08:00 SRC=39.99.138.56 DST=172.104.132.106 LEN=60 TOS=0x00 PREC=0x00 TTL=47 ID=14876 DF PROTO=TCP SPT=36754 DPT=6379 WINDOW=29200 RES=0x00 SYN URGP=0 
Feb  7 19:08:38 daemon kernel: [ 3308.361155] [UFW BLOCK] IN=eth0 OUT= MAC=f2:3c:93:50:a4:9a:00:00:0c:9f:f0:04:08:00 SRC=96.232.33.153 DST=172.104.132.106 LEN=40 TOS=0x08 PREC=0x40 TTL=49 ID=10531 PROTO=TCP SPT=10541 DPT=5555 WINDOW=25006 RES=0x00 SYN URGP=0 
Feb  7 19:08:59 daemon kernel: [ 3328.706163] [UFW BLOCK] IN=eth0 OUT= MAC=f2:3c:93:50:a4:9a:00:00:0c:9f:f0:04:08:00 SRC=165.22.186.55 DST=172.104.132.106 LEN=60 TOS=0x00 PREC=0x00 TTL=49 ID=5113 DF PROTO=TCP SPT=44202 DPT=22 WINDOW=64240 RES=0x00 SYN URGP=0 
Feb  7 19:09:26 daemon kernel: [ 3356.361798] [UFW BLOCK] IN=eth0 OUT= MAC=f2:3c:93:50:a4:9a:00:00:0c:9f:f0:04:08:00 SRC=79.124.62.130 DST=172.104.132.106 LEN=40 TOS=0x00 PREC=0x00 TTL=247 ID=14052 PROTO=TCP SPT=52168 DPT=1320 WINDOW=1024 RES=0x00 SYN URGP=0 
Feb  7 19:09:45 daemon kernel: [ 3374.956590] [UFW BLOCK] IN=eth0 OUT= MAC=f2:3c:93:50:a4:9a:00:00:0c:9f:f0:04:08:00 SRC=92.255.85.135 DST=172.104.132.106 LEN=60 TOS=0x00 PREC=0x00 TTL=57 ID=51639 DF PROTO=TCP SPT=46494 DPT=22 WINDOW=42340 RES=0x00 SYN URGP=0 
Feb  7 19:09:50 daemon kernel: [ 3380.467703] nf_conntrack: default automatic helper assignment has been turned off for security reasons and CT-based  firewall rule not found. Use the iptables CT target to attach helpers instead.
Feb  7 19:10:07 daemon kernel: [ 3397.377659] [UFW BLOCK] IN=eth0 OUT= MAC=f2:3c:93:50:a4:9a:00:00:0c:9f:f0:04:08:00 SRC=62.8.79.2 DST=172.104.132.106 LEN=40 TOS=0x00 PREC=0x00 TTL=246 ID=58769 PROTO=TCP SPT=60000 DPT=4200 WINDOW=1024 RES=0x00 SYN URGP=0 
Feb  7 19:10:18 daemon kernel: [ 3407.687923] [UFW BLOCK] IN=eth0 OUT= MAC=f2:3c:93:50:a4:9a:00:00:0c:9f:f0:04:08:00 SRC=119.203.207.85 DST=172.104.132.106 LEN=40 TOS=0x08 PREC=0x20 TTL=41 ID=31013 PROTO=TCP SPT=23146 DPT=23 WINDOW=32330 RES=0x00 SYN URGP=0 
Feb  7 19:10:46 daemon kernel: [ 3435.880607] [UFW BLOCK] IN=eth0 OUT= MAC=f2:3c:93:50:a4:9a:00:00:0c:9f:f0:04:08:00 SRC=61.141.124.234 DST=172.104.132.106 LEN=44 TOS=0x00 PREC=0x00 TTL=51 ID=40685 PROTO=TCP SPT=13979 DPT=23 WINDOW=21952 RES=0x00 SYN URGP=0 
Feb  7 19:11:00 daemon kernel: [ 3450.220183] [UFW BLOCK] IN=eth0 OUT= MAC=f2:3c:93:50:a4:9a:00:00:0c:9f:f0:04:08:00 SRC=38.132.109.109 DST=172.104.132.106 LEN=40 TOS=0x00 PREC=0x00 TTL=243 ID=54321 PROTO=TCP SPT=47141 DPT=3128 WINDOW=65535 RES=0x00 SYN URGP=0 
Feb  7 19:11:38 daemon kernel: [ 3488.414043] [UFW BLOCK] IN=eth0 OUT= MAC=f2:3c:93:50:a4:9a:00:00:0c:9f:f0:04:08:00 SRC=216.131.111.131 DST=172.104.132.106 LEN=40 TOS=0x00 PREC=0x00 TTL=247 ID=60257 PROTO=TCP SPT=61002 DPT=9797 WINDOW=1024 RES=0x00 SYN URGP=0 
Feb  7 19:11:52 daemon kernel: [ 3502.088426] [UFW BLOCK] IN=eth0 OUT= MAC=f2:3c:93:50:a4:9a:00:00:0c:9f:f0:04:08:00 SRC=79.124.62.82 DST=172.104.132.106 LEN=40 TOS=0x00 PREC=0x00 TTL=247 ID=7642 PROTO=TCP SPT=52056 DPT=38953 WINDOW=1024 RES=0x00 SYN URGP=0 
Feb  7 19:12:21 daemon kernel: [ 3530.785576] [UFW BLOCK] IN=eth0 OUT= MAC=f2:3c:93:50:a4:9a:00:00:0c:9f:f0:04:08:00 SRC=159.203.23.82 DST=172.104.132.106 LEN=40 TOS=0x00 PREC=0x00 TTL=246 ID=65154 PROTO=TCP SPT=61953 DPT=9005 WINDOW=1024 RES=0x00 SYN URGP=0 
Feb  7 19:12:43 daemon kernel: [ 3553.498876] [UFW BLOCK] IN=eth0 OUT= MAC=f2:3c:93:50:a4:9a:00:00:0c:9f:f0:04:08:00 SRC=185.167.97.191 DST=172.104.132.106 LEN=40 TOS=0x08 PREC=0x20 TTL=246 ID=54321 PROTO=TCP SPT=48611 DPT=1025 WINDOW=65535 RES=0x00 SYN URGP=0 
Feb  7 19:12:52 daemon kernel: [ 3562.303706] [UFW BLOCK] IN=eth0 OUT= MAC=f2:3c:93:50:a4:9a:00:00:0c:9f:f0:04:08:00 SRC=162.219.179.18 DST=172.104.132.106 LEN=36 TOS=0x08 PREC=0x20 TTL=244 ID=54321 PROTO=UDP SPT=60024 DPT=123 LEN=16 
Feb  7 19:13:06 daemon kernel: [ 3576.359055] [UFW BLOCK] IN=eth0 OUT= MAC=f2:3c:93:50:a4:9a:00:00:0c:9f:f0:04:08:00 SRC=45.155.205.39 DST=172.104.132.106 LEN=40 TOS=0x00 PREC=0x00 TTL=249 ID=58088 PROTO=TCP SPT=58304 DPT=5165 WINDOW=1024 RES=0x00 SYN URGP=0 
Feb  7 19:13:15 daemon kernel: [ 3585.473736] [UFW BLOCK] IN=eth0 OUT= MAC=f2:3c:93:50:a4:9a:00:00:0c:9f:f0:04:08:00 SRC=192.241.203.213 DST=172.104.132.106 LEN=40 TOS=0x00 PREC=0x00 TTL=242 ID=54321 PROTO=TCP SPT=47490 DPT=5432 WINDOW=65535 RES=0x00 SYN URGP=0 
Feb  7 19:13:57 daemon kernel: [ 3626.995643] [UFW BLOCK] IN=eth0 OUT= MAC=f2:3c:93:50:a4:9a:00:00:0c:9f:f0:04:08:00 SRC=176.222.82.4 DST=172.104.132.106 LEN=40 TOS=0x08 PREC=0x20 TTL=49 ID=54745 PROTO=TCP SPT=38468 DPT=23 WINDOW=37261 RES=0x00 SYN URGP=0 
Feb  7 19:14:12 daemon kernel: [ 3641.665028] [UFW BLOCK] IN=eth0 OUT= MAC=f2:3c:93:50:a4:9a:00:00:0c:9f:f0:04:08:00 SRC=123.160.221.13 DST=172.104.132.106 LEN=52 TOS=0x00 PREC=0x00 TTL=47 ID=42389 DF PROTO=TCP SPT=43413 DPT=51001 WINDOW=65535 RES=0x00 SYN URGP=0 
Feb  7 19:14:22 daemon kernel: [ 3652.434204] [UFW BLOCK] IN=eth0 OUT= MAC=f2:3c:93:50:a4:9a:00:00:0c:9f:f0:04:08:00 SRC=45.134.26.57 DST=172.104.132.106 LEN=40 TOS=0x00 PREC=0x00 TTL=248 ID=34041 PROTO=TCP SPT=48419 DPT=34237 WINDOW=1024 RES=0x00 SYN URGP=0 
Feb  7 19:14:40 daemon kernel: [ 3669.739729] [UFW BLOCK] IN=eth0 OUT= MAC=f2:3c:93:50:a4:9a:00:00:0c:9f:f0:04:08:00 SRC=45.155.205.42 DST=172.104.132.106 LEN=40 TOS=0x00 PREC=0x00 TTL=249 ID=4944 PROTO=TCP SPT=58363 DPT=5475 WINDOW=1024 RES=0x00 SYN URGP=0 
Feb  7 19:15:09 daemon kernel: [ 3698.792784] [UFW BLOCK] IN=eth0 OUT= MAC=f2:3c:93:50:a4:9a:00:00:0c:9f:f0:04:08:00 SRC=121.36.24.110 DST=172.104.132.106 LEN=60 TOS=0x00 PREC=0x00 TTL=40 ID=7387 DF PROTO=TCP SPT=35622 DPT=6379 WINDOW=29200 RES=0x00 SYN URGP=0 
Feb  7 19:15:16 daemon kernel: [ 3706.013716] [UFW BLOCK] IN=eth0 OUT= MAC=f2:3c:93:50:a4:9a:00:00:0c:9f:f0:04:08:00 SRC=178.239.21.80 DST=172.104.132.106 LEN=442 TOS=0x00 PREC=0x00 TTL=57 ID=28236 DF PROTO=UDP SPT=5151 DPT=5060 LEN=422 
Feb  7 19:15:37 daemon kernel: [ 3727.228229] [UFW BLOCK] IN=eth0 OUT= MAC=f2:3c:93:50:a4:9a:00:00:0c:9f:f0:04:08:00 SRC=91.240.118.17 DST=172.104.132.106 LEN=40 TOS=0x00 PREC=0x00 TTL=245 ID=24117 PROTO=TCP SPT=53111 DPT=1687 WINDOW=1024 RES=0x00 SYN URGP=0 
Feb  7 19:15:57 daemon kernel: [ 3747.238241] [UFW BLOCK] IN=eth0 OUT= MAC=f2:3c:93:50:a4:9a:00:00:0c:9f:f0:04:08:00 SRC=193.57.40.49 DST=172.104.132.106 LEN=40 TOS=0x08 PREC=0x20 TTL=245 ID=57905 PROTO=TCP SPT=44367 DPT=5012 WINDOW=1024 RES=0x00 SYN URGP=0 
Feb  7 19:16:21 daemon kernel: [ 3770.899576] [UFW BLOCK] IN=eth0 OUT= MAC=f2:3c:93:50:a4:9a:00:00:0c:9f:f0:04:08:00 SRC=162.142.125.232 DST=172.104.132.106 LEN=44 TOS=0x00 PREC=0x00 TTL=40 ID=21877 PROTO=TCP SPT=26100 DPT=9162 WINDOW=1024 RES=0x00 SYN URGP=0 
Feb  7 19:16:37 daemon kernel: [ 3787.021358] [UFW BLOCK] IN=eth0 OUT= MAC=f2:3c:93:50:a4:9a:00:00:0c:9f:f0:04:08:00 SRC=89.246.123.188 DST=172.104.132.106 LEN=60 TOS=0x00 PREC=0x00 TTL=55 ID=23673 DF PROTO=TCP SPT=34208 DPT=10000 WINDOW=14600 RES=0x00 SYN URGP=0 
Feb  7 19:17:14 daemon kernel: [ 3824.013058] [UFW BLOCK] IN=eth0 OUT= MAC=f2:3c:93:50:a4:9a:00:00:0c:9f:f0:04:08:00 SRC=106.12.192.240 DST=172.104.132.106 LEN=48 TOS=0x08 PREC=0x60 TTL=109 ID=60509 PROTO=TCP SPT=57041 DPT=22 WINDOW=65535 RES=0x00 SYN URGP=0 
Feb  7 19:17:25 daemon kernel: [ 3835.227932] [UFW BLOCK] IN=eth0 OUT= MAC=f2:3c:93:50:a4:9a:00:00:0c:9f:f0:04:08:00 SRC=141.105.66.214 DST=172.104.132.106 LEN=40 TOS=0x00 PREC=0x00 TTL=247 ID=42167 PROTO=TCP SPT=57502 DPT=6510 WINDOW=1024 RES=0x00 SYN URGP=0 
Feb  7 19:18:09 daemon kernel: [    0.000000] Linux version 4.19.0-18-amd64 (debian-kernel@lists.debian.org) (gcc version 8.3.0 (Debian 8.3.0-6)) #1 SMP Debian 4.19.208-1 (2021-09-29)
Feb  7 19:18:09 daemon kernel: [    0.000000] Command line: BOOT_IMAGE=/boot/vmlinuz-4.19.0-18-amd64 root=/dev/sda ro console=ttyS0,19200n8 net.ifnames=0
Feb  7 19:18:09 daemon kernel: [    0.000000] x86/fpu: Supporting XSAVE feature 0x001: 'x87 floating point registers'
Feb  7 19:18:09 daemon kernel: [    0.000000] x86/fpu: Supporting XSAVE feature 0x002: 'SSE registers'
Feb  7 19:18:09 daemon kernel: [    0.000000] x86/fpu: Supporting XSAVE feature 0x004: 'AVX registers'
Feb  7 19:18:09 daemon kernel: [    0.000000] x86/fpu: xstate_offset[2]:  576, xstate_sizes[2]:  256
Feb  7 19:18:09 daemon kernel: [    0.000000] x86/fpu: Enabled xstate features 0x7, context size is 832 bytes, using 'compacted' format.
Feb  7 19:18:09 daemon kernel: [    0.000000] BIOS-provided physical RAM map:
Feb  7 19:18:09 daemon kernel: [    0.000000] BIOS-e820: [mem 0x0000000000000000-0x000000000009fbff] usable
Feb  7 19:18:09 daemon kernel: [    0.000000] BIOS-e820: [mem 0x000000000009fc00-0x000000000009ffff] reserved
Feb  7 19:18:09 daemon kernel: [    0.000000] BIOS-e820: [mem 0x00000000000f0000-0x00000000000fffff] reserved
Feb  7 19:18:09 daemon kernel: [    0.000000] BIOS-e820: [mem 0x0000000000100000-0x000000003ffdbfff] usable
Feb  7 19:18:09 daemon kernel: [    0.000000] BIOS-e820: [mem 0x000000003ffdc000-0x000000003fffffff] reserved
Feb  7 19:18:09 daemon kernel: [    0.000000] BIOS-e820: [mem 0x00000000b0000000-0x00000000bfffffff] reserved
Feb  7 19:18:09 daemon kernel: [    0.000000] BIOS-e820: [mem 0x00000000fed1c000-0x00000000fed1ffff] reserved
Feb  7 19:18:09 daemon kernel: [    0.000000] BIOS-e820: [mem 0x00000000feffc000-0x00000000feffffff] reserved
Feb  7 19:18:09 daemon kernel: [    0.000000] BIOS-e820: [mem 0x00000000fffc0000-0x00000000ffffffff] reserved
Feb  7 19:18:09 daemon kernel: [    0.000000] NX (Execute Disable) protection: active
Feb  7 19:18:09 daemon kernel: [    0.000000] SMBIOS 2.8 present.
Feb  7 19:18:09 daemon kernel: [    0.000000] DMI: QEMU Standard PC (Q35 + ICH9, 2009), BIOS rel-1.12.1-0-ga5cab58e9a3f-prebuilt.qemu.org 04/01/2014
Feb  7 19:18:09 daemon kernel: [    0.000000] Hypervisor detected: KVM
Feb  7 19:18:09 daemon kernel: [    0.000000] kvm-clock: Using msrs 4b564d01 and 4b564d00
Feb  7 19:18:09 daemon kernel: [    0.000000] kvm-clock: cpu 0, msr 19fec001, primary cpu clock
Feb  7 19:18:09 daemon kernel: [    0.000000] kvm-clock: using sched offset of 6956423885 cycles
Feb  7 19:18:09 daemon kernel: [    0.000002] clocksource: kvm-clock: mask: 0xffffffffffffffff max_cycles: 0x1cd42e4dffb, max_idle_ns: 881590591483 ns
Feb  7 19:18:09 daemon kernel: [    0.000003] tsc: Detected 2299.998 MHz processor
Feb  7 19:18:09 daemon kernel: [    0.001254] e820: update [mem 0x00000000-0x00000fff] usable ==> reserved
Feb  7 19:18:09 daemon kernel: [    0.001255] e820: remove [mem 0x000a0000-0x000fffff] usable
Feb  7 19:18:09 daemon kernel: [    0.001258] last_pfn = 0x3ffdc max_arch_pfn = 0x400000000
Feb  7 19:18:09 daemon kernel: [    0.001287] MTRR default type: write-back
Feb  7 19:18:09 daemon kernel: [    0.001287] MTRR fixed ranges enabled:
Feb  7 19:18:09 daemon kernel: [    0.001288]   00000-9FFFF write-back
Feb  7 19:18:09 daemon kernel: [    0.001289]   A0000-BFFFF uncachable
Feb  7 19:18:09 daemon kernel: [    0.001290]   C0000-FFFFF write-protect
Feb  7 19:18:09 daemon kernel: [    0.001290] MTRR variable ranges enabled:
Feb  7 19:18:09 daemon kernel: [    0.001291]   0 base 00C0000000 mask FFC0000000 uncachable
Feb  7 19:18:09 daemon kernel: [    0.001291]   1 disabled
Feb  7 19:18:09 daemon kernel: [    0.001292]   2 disabled
Feb  7 19:18:09 daemon kernel: [    0.001292]   3 disabled
Feb  7 19:18:09 daemon kernel: [    0.001292]   4 disabled
Feb  7 19:18:09 daemon kernel: [    0.001293]   5 disabled
Feb  7 19:18:09 daemon kernel: [    0.001293]   6 disabled
Feb  7 19:18:09 daemon kernel: [    0.001293]   7 disabled
Feb  7 19:18:09 daemon kernel: [    0.001304] x86/PAT: Configuration [0-7]: WB  WC  UC- UC  WB  WP  UC- WT  
Feb  7 19:18:09 daemon kernel: [    0.003569] found SMP MP-table at [mem 0x000f5af0-0x000f5aff]
Feb  7 19:18:09 daemon kernel: [    0.003760] Using GB pages for direct mapping
Feb  7 19:18:09 daemon kernel: [    0.003896] RAMDISK: [mem 0x34f6d000-0x367adfff]
Feb  7 19:18:09 daemon kernel: [    0.003903] ACPI: Early table checksum verification disabled
Feb  7 19:18:09 daemon kernel: [    0.003938] ACPI: RSDP 0x00000000000F5920 000014 (v00 BOCHS )
Feb  7 19:18:09 daemon kernel: [    0.003943] ACPI: RSDT 0x000000003FFE20F4 000034 (v01 BOCHS  BXPCRSDT 00000001 BXPC 00000001)
Feb  7 19:18:09 daemon kernel: [    0.003947] ACPI: FACP 0x000000003FFE1F14 0000F4 (v03 BOCHS  BXPCFACP 00000001 BXPC 00000001)
Feb  7 19:18:09 daemon kernel: [    0.003952] ACPI: DSDT 0x000000003FFE0040 001ED4 (v01 BOCHS  BXPCDSDT 00000001 BXPC 00000001)
Feb  7 19:18:09 daemon kernel: [    0.003954] ACPI: FACS 0x000000003FFE0000 000040
Feb  7 19:18:09 daemon kernel: [    0.003956] ACPI: APIC 0x000000003FFE2008 000078 (v01 BOCHS  BXPCAPIC 00000001 BXPC 00000001)
Feb  7 19:18:09 daemon kernel: [    0.003958] ACPI: HPET 0x000000003FFE2080 000038 (v01 BOCHS  BXPCHPET 00000001 BXPC 00000001)
Feb  7 19:18:09 daemon kernel: [    0.003960] ACPI: MCFG 0x000000003FFE20B8 00003C (v01 BOCHS  BXPCMCFG 00000001 BXPC 00000001)
Feb  7 19:18:09 daemon kernel: [    0.003962] ACPI: Reserving FACP table memory at [mem 0x3ffe1f14-0x3ffe2007]
Feb  7 19:18:09 daemon kernel: [    0.003963] ACPI: Reserving DSDT table memory at [mem 0x3ffe0040-0x3ffe1f13]
Feb  7 19:18:09 daemon kernel: [    0.003964] ACPI: Reserving FACS table memory at [mem 0x3ffe0000-0x3ffe003f]
Feb  7 19:18:09 daemon kernel: [    0.003964] ACPI: Reserving APIC table memory at [mem 0x3ffe2008-0x3ffe207f]
Feb  7 19:18:09 daemon kernel: [    0.003965] ACPI: Reserving HPET table memory at [mem 0x3ffe2080-0x3ffe20b7]
Feb  7 19:18:09 daemon kernel: [    0.003966] ACPI: Reserving MCFG table memory at [mem 0x3ffe20b8-0x3ffe20f3]
Feb  7 19:18:09 daemon kernel: [    0.003992] ACPI: Local APIC address 0xfee00000
Feb  7 19:18:09 daemon kernel: [    0.004291] No NUMA configuration found
Feb  7 19:18:09 daemon kernel: [    0.004292] Faking a node at [mem 0x0000000000000000-0x000000003ffdbfff]
Feb  7 19:18:09 daemon kernel: [    0.004295] NODE_DATA(0) allocated [mem 0x3ffd7000-0x3ffdbfff]
Feb  7 19:18:09 daemon kernel: [    0.004314] Zone ranges:
Feb  7 19:18:09 daemon kernel: [    0.004315]   DMA      [mem 0x0000000000001000-0x0000000000ffffff]
Feb  7 19:18:09 daemon kernel: [    0.004316]   DMA32    [mem 0x0000000001000000-0x000000003ffdbfff]
Feb  7 19:18:09 daemon kernel: [    0.004317]   Normal   empty
Feb  7 19:18:09 daemon kernel: [    0.004318]   Device   empty
Feb  7 19:18:09 daemon kernel: [    0.004319] Movable zone start for each node
Feb  7 19:18:09 daemon kernel: [    0.004320] Early memory node ranges
Feb  7 19:18:09 daemon kernel: [    0.004320]   node   0: [mem 0x0000000000001000-0x000000000009efff]
Feb  7 19:18:09 daemon kernel: [    0.004321]   node   0: [mem 0x0000000000100000-0x000000003ffdbfff]
Feb  7 19:18:09 daemon kernel: [    0.004331] Zeroed struct page in unavailable ranges: 134 pages
Feb  7 19:18:09 daemon kernel: [    0.004332] Initmem setup node 0 [mem 0x0000000000001000-0x000000003ffdbfff]
Feb  7 19:18:09 daemon kernel: [    0.004333] On node 0 totalpages: 262010
Feb  7 19:18:09 daemon kernel: [    0.004334]   DMA zone: 64 pages used for memmap
Feb  7 19:18:09 daemon kernel: [    0.004335]   DMA zone: 21 pages reserved
Feb  7 19:18:09 daemon kernel: [    0.004336]   DMA zone: 3998 pages, LIFO batch:0
Feb  7 19:18:09 daemon kernel: [    0.004412]   DMA32 zone: 4032 pages used for memmap
Feb  7 19:18:09 daemon kernel: [    0.004413]   DMA32 zone: 258012 pages, LIFO batch:63
Feb  7 19:18:09 daemon kernel: [    0.009388] ACPI: PM-Timer IO Port: 0x608
Feb  7 19:18:09 daemon kernel: [    0.009391] ACPI: Local APIC address 0xfee00000
Feb  7 19:18:09 daemon kernel: [    0.009398] ACPI: LAPIC_NMI (acpi_id[0xff] dfl dfl lint[0x1])
Feb  7 19:18:09 daemon kernel: [    0.009423] IOAPIC[0]: apic_id 0, version 17, address 0xfec00000, GSI 0-23
Feb  7 19:18:09 daemon kernel: [    0.009425] ACPI: INT_SRC_OVR (bus 0 bus_irq 0 global_irq 2 dfl dfl)
Feb  7 19:18:09 daemon kernel: [    0.009427] ACPI: INT_SRC_OVR (bus 0 bus_irq 5 global_irq 5 high level)
Feb  7 19:18:09 daemon kernel: [    0.009428] ACPI: INT_SRC_OVR (bus 0 bus_irq 9 global_irq 9 high level)
Feb  7 19:18:09 daemon kernel: [    0.009429] ACPI: INT_SRC_OVR (bus 0 bus_irq 10 global_irq 10 high level)
Feb  7 19:18:09 daemon kernel: [    0.009430] ACPI: INT_SRC_OVR (bus 0 bus_irq 11 global_irq 11 high level)
Feb  7 19:18:09 daemon kernel: [    0.009431] ACPI: IRQ0 used by override.
Feb  7 19:18:09 daemon kernel: [    0.009432] ACPI: IRQ5 used by override.
Feb  7 19:18:09 daemon kernel: [    0.009433] ACPI: IRQ9 used by override.
Feb  7 19:18:09 daemon kernel: [    0.009433] ACPI: IRQ10 used by override.
Feb  7 19:18:09 daemon kernel: [    0.009433] ACPI: IRQ11 used by override.
Feb  7 19:18:09 daemon kernel: [    0.009435] Using ACPI (MADT) for SMP configuration information
Feb  7 19:18:09 daemon kernel: [    0.009436] ACPI: HPET id: 0x8086a201 base: 0xfed00000
Feb  7 19:18:09 daemon kernel: [    0.009440] TSC deadline timer available
Feb  7 19:18:09 daemon kernel: [    0.009443] smpboot: Allowing 1 CPUs, 0 hotplug CPUs
Feb  7 19:18:09 daemon kernel: [    0.009462] PM: Registered nosave memory: [mem 0x00000000-0x00000fff]
Feb  7 19:18:09 daemon kernel: [    0.009463] PM: Registered nosave memory: [mem 0x0009f000-0x0009ffff]
Feb  7 19:18:09 daemon kernel: [    0.009464] PM: Registered nosave memory: [mem 0x000a0000-0x000effff]
Feb  7 19:18:09 daemon kernel: [    0.009465] PM: Registered nosave memory: [mem 0x000f0000-0x000fffff]
Feb  7 19:18:09 daemon kernel: [    0.009466] [mem 0x40000000-0xafffffff] available for PCI devices
Feb  7 19:18:09 daemon kernel: [    0.009467] Booting paravirtualized kernel on KVM
Feb  7 19:18:09 daemon kernel: [    0.009470] clocksource: refined-jiffies: mask: 0xffffffff max_cycles: 0xffffffff, max_idle_ns: 7645519600211568 ns
Feb  7 19:18:09 daemon kernel: [    0.091417] random: get_random_bytes called from start_kernel+0x93/0x52a with crng_init=0
Feb  7 19:18:09 daemon kernel: [    0.091431] setup_percpu: NR_CPUS:512 nr_cpumask_bits:512 nr_cpu_ids:1 nr_node_ids:1
Feb  7 19:18:09 daemon kernel: [    0.091787] percpu: Embedded 45 pages/cpu s144536 r8192 d31592 u2097152
Feb  7 19:18:09 daemon kernel: [    0.091792] pcpu-alloc: s144536 r8192 d31592 u2097152 alloc=1*2097152
Feb  7 19:18:09 daemon kernel: [    0.091793] pcpu-alloc: [0] 0 
Feb  7 19:18:09 daemon kernel: [    0.091812] KVM setup async PF for cpu 0
Feb  7 19:18:09 daemon kernel: [    0.091817] kvm-stealtime: cpu 0, msr 3ea161c0
Feb  7 19:18:09 daemon kernel: [    0.091825] Built 1 zonelists, mobility grouping on.  Total pages: 257893
Feb  7 19:18:09 daemon kernel: [    0.091827] Policy zone: DMA32
Feb  7 19:18:09 daemon kernel: [    0.091829] Kernel command line: BOOT_IMAGE=/boot/vmlinuz-4.19.0-18-amd64 root=/dev/sda ro console=ttyS0,19200n8 net.ifnames=0
Feb  7 19:18:09 daemon kernel: [    0.091910] Calgary: detecting Calgary via BIOS EBDA area
Feb  7 19:18:09 daemon kernel: [    0.091911] Calgary: Unable to locate Rio Grande table in EBDA - bailing!
Feb  7 19:18:09 daemon kernel: [    0.094320] Memory: 981640K/1048040K available (10252K kernel code, 1242K rwdata, 3332K rodata, 1596K init, 2260K bss, 66400K reserved, 0K cma-reserved)
Feb  7 19:18:09 daemon kernel: [    0.094415] SLUB: HWalign=64, Order=0-3, MinObjects=0, CPUs=1, Nodes=1
Feb  7 19:18:09 daemon kernel: [    0.094424] ftrace: allocating 32002 entries in 126 pages
Feb  7 19:18:09 daemon kernel: [    0.109318] rcu: Hierarchical RCU implementation.
Feb  7 19:18:09 daemon kernel: [    0.109320] rcu: 	RCU restricting CPUs from NR_CPUS=512 to nr_cpu_ids=1.
Feb  7 19:18:09 daemon kernel: [    0.109322] rcu: Adjusting geometry for rcu_fanout_leaf=16, nr_cpu_ids=1
Feb  7 19:18:09 daemon kernel: [    0.111637] NR_IRQS: 33024, nr_irqs: 256, preallocated irqs: 16
Feb  7 19:18:09 daemon kernel: [    0.124833] Console: colour VGA+ 80x25
Feb  7 19:18:09 daemon kernel: [    0.188373] console [ttyS0] enabled
Feb  7 19:18:09 daemon kernel: [    0.188813] ACPI: Core revision 20180810
Feb  7 19:18:09 daemon kernel: [    0.189547] clocksource: hpet: mask: 0xffffffff max_cycles: 0xffffffff, max_idle_ns: 19112604467 ns
Feb  7 19:18:09 daemon kernel: [    0.190700] hpet clockevent registered
Feb  7 19:18:09 daemon kernel: [    0.190730] APIC: Switch to symmetric I/O mode setup
Feb  7 19:18:09 daemon kernel: [    0.191512] x2apic enabled
Feb  7 19:18:09 daemon kernel: [    0.191984] Switched APIC routing to physical x2apic.
Feb  7 19:18:09 daemon kernel: [    0.192586] KVM setup pv IPIs
Feb  7 19:18:09 daemon kernel: [    0.194315] ..TIMER: vector=0x30 apic1=0 pin1=2 apic2=-1 pin2=-1
Feb  7 19:18:09 daemon kernel: [    0.195120] clocksource: tsc-early: mask: 0xffffffffffffffff max_cycles: 0x212733415c7, max_idle_ns: 440795236380 ns
Feb  7 19:18:09 daemon kernel: [    0.196391] Calibrating delay loop (skipped) preset value.. 4599.99 BogoMIPS (lpj=9199992)
Feb  7 19:18:09 daemon kernel: [    0.197388] pid_max: default: 32768 minimum: 301
Feb  7 19:18:09 daemon kernel: [    0.197969] Security Framework initialized
Feb  7 19:18:09 daemon kernel: [    0.198477] Yama: disabled by default; enable with sysctl kernel.yama.*
Feb  7 19:18:09 daemon kernel: [    0.200412] AppArmor: AppArmor initialized
Feb  7 19:18:09 daemon kernel: [    0.201089] Dentry cache hash table entries: 131072 (order: 8, 1048576 bytes)
Feb  7 19:18:09 daemon kernel: [    0.202007] Inode-cache hash table entries: 65536 (order: 7, 524288 bytes)
Feb  7 19:18:09 daemon kernel: [    0.202831] Mount-cache hash table entries: 2048 (order: 2, 16384 bytes)
Feb  7 19:18:09 daemon kernel: [    0.203625] Mountpoint-cache hash table entries: 2048 (order: 2, 16384 bytes)
Feb  7 19:18:09 daemon kernel: [    0.204624] x86/cpu: Activated the Intel User Mode Instruction Prevention (UMIP) CPU feature
Feb  7 19:18:09 daemon kernel: [    0.205685] Last level iTLB entries: 4KB 512, 2MB 255, 4MB 127
Feb  7 19:18:09 daemon kernel: [    0.206378] Last level dTLB entries: 4KB 512, 2MB 255, 4MB 127, 1GB 0
Feb  7 19:18:09 daemon kernel: [    0.207133] Spectre V1 : Mitigation: usercopy/swapgs barriers and __user pointer sanitization
Feb  7 19:18:09 daemon kernel: [    0.208383] Spectre V2 : Mitigation: Full AMD retpoline
Feb  7 19:18:09 daemon kernel: [    0.208989] Spectre V2 : Spectre v2 / SpectreRSB mitigation: Filling RSB on context switch
Feb  7 19:18:09 daemon kernel: [    0.209954] Spectre V2 : Enabling Restricted Speculation for firmware calls
Feb  7 19:18:09 daemon kernel: [    0.210772] Spectre V2 : mitigation: Enabling conditional Indirect Branch Prediction Barrier
Feb  7 19:18:09 daemon kernel: [    0.211644] Speculative Store Bypass: Mitigation: Speculative Store Bypass disabled via prctl and seccomp
Feb  7 19:18:09 daemon kernel: [    0.216728] Freeing SMP alternatives memory: 24K
Feb  7 19:18:09 daemon kernel: [    0.218911] smpboot: CPU0: AMD EPYC 7642 48-Core Processor (family: 0x17, model: 0x31, stepping: 0x0)
Feb  7 19:18:09 daemon kernel: [    0.219907] Performance Events: Fam17h core perfctr, AMD PMU driver.
Feb  7 19:18:09 daemon kernel: [    0.220380] ... version:                0
Feb  7 19:18:09 daemon kernel: [    0.220380] ... bit width:              48
Feb  7 19:18:09 daemon kernel: [    0.220380] ... generic registers:      6
Feb  7 19:18:09 daemon kernel: [    0.220380] ... value mask:             0000ffffffffffff
Feb  7 19:18:09 daemon kernel: [    0.220380] ... max period:             00007fffffffffff
Feb  7 19:18:09 daemon kernel: [    0.220380] ... fixed-purpose events:   0
Feb  7 19:18:09 daemon kernel: [    0.220385] ... event mask:             000000000000003f
Feb  7 19:18:09 daemon kernel: [    0.220962] rcu: Hierarchical SRCU implementation.
Feb  7 19:18:09 daemon kernel: [    0.221934] random: crng done (trusting CPU's manufacturer)
Feb  7 19:18:09 daemon kernel: [    0.222558] smp: Bringing up secondary CPUs ...
Feb  7 19:18:09 daemon kernel: [    0.223036] smp: Brought up 1 node, 1 CPU
Feb  7 19:18:09 daemon kernel: [    0.223440] smpboot: Max logical packages: 1
Feb  7 19:18:09 daemon kernel: [    0.223871] smpboot: Total of 1 processors activated (4599.99 BogoMIPS)
Feb  7 19:18:09 daemon kernel: [    0.224543] devtmpfs: initialized
Feb  7 19:18:09 daemon kernel: [    0.224941] x86/mm: Memory block size: 128MB
Feb  7 19:18:09 daemon kernel: [    0.225574] clocksource: jiffies: mask: 0xffffffff max_cycles: 0xffffffff, max_idle_ns: 7645041785100000 ns
Feb  7 19:18:09 daemon kernel: [    0.226549] futex hash table entries: 256 (order: 2, 16384 bytes)
Feb  7 19:18:09 daemon kernel: [    0.227187] pinctrl core: initialized pinctrl subsystem
Feb  7 19:18:09 daemon kernel: [    0.227865] NET: Registered protocol family 16
Feb  7 19:18:09 daemon kernel: [    0.228377] audit: initializing netlink subsys (disabled)
Feb  7 19:18:09 daemon kernel: [    0.228476] cpuidle: using governor ladder
Feb  7 19:18:09 daemon kernel: [    0.228897] cpuidle: using governor menu
Feb  7 19:18:09 daemon kernel: [    0.229693] KVM setup pv remote TLB flush
Feb  7 19:18:09 daemon kernel: [    0.230117] ACPI: bus type PCI registered
Feb  7 19:18:09 daemon kernel: [    0.230533] acpiphp: ACPI Hot Plug PCI Controller Driver version: 0.5
Feb  7 19:18:09 daemon kernel: [    0.231264] PCI: MMCONFIG for domain 0000 [bus 00-ff] at [mem 0xb0000000-0xbfffffff] (base 0xb0000000)
Feb  7 19:18:09 daemon kernel: [    0.232190] PCI: MMCONFIG at [mem 0xb0000000-0xbfffffff] reserved in E820
Feb  7 19:18:09 daemon kernel: [    0.232390] audit: type=2000 audit(1644254287.847:1): state=initialized audit_enabled=0 res=1
Feb  7 19:18:09 daemon kernel: [    0.233250] PCI: Using configuration type 1 for base access
Feb  7 19:18:09 daemon kernel: [    0.234319] HugeTLB registered 1.00 GiB page size, pre-allocated 0 pages
Feb  7 19:18:09 daemon kernel: [    0.235011] HugeTLB registered 2.00 MiB page size, pre-allocated 0 pages
Feb  7 19:18:09 daemon kernel: [    0.236474] ACPI: Added _OSI(Module Device)
Feb  7 19:18:09 daemon kernel: [    0.236914] ACPI: Added _OSI(Processor Device)
Feb  7 19:18:09 daemon kernel: [    0.237360] ACPI: Added _OSI(3.0 _SCP Extensions)
Feb  7 19:18:09 daemon kernel: [    0.237839] ACPI: Added _OSI(Processor Aggregator Device)
Feb  7 19:18:09 daemon kernel: [    0.238388] ACPI: Added _OSI(Linux-Dell-Video)
Feb  7 19:18:09 daemon kernel: [    0.238843] ACPI: Added _OSI(Linux-Lenovo-NV-HDMI-Audio)
Feb  7 19:18:09 daemon kernel: [    0.240173] ACPI: 1 ACPI AML tables successfully acquired and loaded
Feb  7 19:18:09 daemon kernel: [    0.241555] ACPI: Interpreter enabled
Feb  7 19:18:09 daemon kernel: [    0.241939] ACPI: (supports S0 S3 S4 S5)
Feb  7 19:18:09 daemon kernel: [    0.242346] ACPI: Using IOAPIC for interrupt routing
Feb  7 19:18:09 daemon kernel: [    0.242859] PCI: Using host bridge windows from ACPI; if necessary, use "pci=nocrs" and report a bug
Feb  7 19:18:09 daemon kernel: [    0.243822] ACPI: Enabled 1 GPEs in block 00 to 3F
Feb  7 19:18:09 daemon kernel: [    0.245397] ACPI: PCI Root Bridge [PCI0] (domain 0000 [bus 00-ff])
Feb  7 19:18:09 daemon kernel: [    0.246021] acpi PNP0A08:00: _OSC: OS supports [ExtendedConfig ASPM ClockPM Segments MSI]
Feb  7 19:18:09 daemon kernel: [    0.246899] acpi PNP0A08:00: _OSC: platform does not support [LTR]
Feb  7 19:18:09 daemon kernel: [    0.247555] acpi PNP0A08:00: _OSC: OS now controls [PCIeHotplug SHPCHotplug PME AER PCIeCapability]
Feb  7 19:18:09 daemon kernel: [    0.248468] PCI host bridge to bus 0000:00
Feb  7 19:18:09 daemon kernel: [    0.248905] pci_bus 0000:00: root bus resource [io  0x0000-0x0cf7 window]
Feb  7 19:18:09 daemon kernel: [    0.249585] pci_bus 0000:00: root bus resource [io  0x0d00-0xffff window]
Feb  7 19:18:09 daemon kernel: [    0.250265] pci_bus 0000:00: root bus resource [mem 0x000a0000-0x000bffff window]
Feb  7 19:18:09 daemon kernel: [    0.251012] pci_bus 0000:00: root bus resource [mem 0x40000000-0xafffffff window]
Feb  7 19:18:09 daemon kernel: [    0.251749] pci_bus 0000:00: root bus resource [mem 0xc0000000-0xfebfffff window]
Feb  7 19:18:09 daemon kernel: [    0.252384] pci_bus 0000:00: root bus resource [mem 0x100000000-0x8ffffffff window]
Feb  7 19:18:09 daemon kernel: [    0.253153] pci_bus 0000:00: root bus resource [bus 00-ff]
Feb  7 19:18:09 daemon kernel: [    0.253719] pci 0000:00:00.0: [8086:29c0] type 00 class 0x060000
Feb  7 19:18:09 daemon kernel: [    0.254003] pci 0000:00:01.0: [1234:1111] type 00 class 0x030000
Feb  7 19:18:09 daemon kernel: [    0.255863] pci 0000:00:01.0: reg 0x10: [mem 0xfd000000-0xfdffffff pref]
Feb  7 19:18:09 daemon kernel: [    0.257277] pci 0000:00:01.0: reg 0x18: [mem 0xfebd0000-0xfebd0fff]
Feb  7 19:18:09 daemon kernel: [    0.260848] pci 0000:00:01.0: reg 0x30: [mem 0xfebc0000-0xfebcffff pref]
Feb  7 19:18:09 daemon kernel: [    0.261797] pci 0000:00:02.0: [1af4:1004] type 00 class 0x010000
Feb  7 19:18:09 daemon kernel: [    0.263009] pci 0000:00:02.0: reg 0x10: [io  0xc000-0xc03f]
Feb  7 19:18:09 daemon kernel: [    0.264163] pci 0000:00:02.0: reg 0x14: [mem 0xfebd1000-0xfebd1fff]
Feb  7 19:18:09 daemon kernel: [    0.267338] pci 0000:00:02.0: reg 0x20: [mem 0xfe000000-0xfe003fff 64bit pref]
Feb  7 19:18:09 daemon kernel: [    0.268759] pci 0000:00:03.0: [1af4:1004] type 00 class 0x010000
Feb  7 19:18:09 daemon kernel: [    0.270217] pci 0000:00:03.0: reg 0x10: [io  0xc040-0xc07f]
Feb  7 19:18:09 daemon kernel: [    0.271599] pci 0000:00:03.0: reg 0x14: [mem 0xfebd2000-0xfebd2fff]
Feb  7 19:18:09 daemon kernel: [    0.275608] pci 0000:00:03.0: reg 0x20: [mem 0xfe004000-0xfe007fff 64bit pref]
Feb  7 19:18:09 daemon kernel: [    0.276780] pci 0000:00:04.0: [1af4:1000] type 00 class 0x020000
Feb  7 19:18:09 daemon kernel: [    0.277800] pci 0000:00:04.0: reg 0x10: [io  0xc080-0xc0bf]
Feb  7 19:18:09 daemon kernel: [    0.278720] pci 0000:00:04.0: reg 0x14: [mem 0xfebd3000-0xfebd3fff]
Feb  7 19:18:09 daemon kernel: [    0.281356] pci 0000:00:04.0: reg 0x20: [mem 0xfe008000-0xfe00bfff 64bit pref]
Feb  7 19:18:09 daemon kernel: [    0.282574] pci 0000:00:04.0: reg 0x30: [mem 0xfeb80000-0xfebbffff pref]
Feb  7 19:18:09 daemon kernel: [    0.284384] pci 0000:00:1f.0: [8086:2918] type 00 class 0x060100
Feb  7 19:18:09 daemon kernel: [    0.284672] pci 0000:00:1f.0: quirk: [io  0x0600-0x067f] claimed by ICH6 ACPI/GPIO/TCO
Feb  7 19:18:09 daemon kernel: [    0.285614] pci 0000:00:1f.2: [8086:2922] type 00 class 0x010601
Feb  7 19:18:09 daemon kernel: [    0.288696] pci 0000:00:1f.2: reg 0x20: [io  0xc100-0xc11f]
Feb  7 19:18:09 daemon kernel: [    0.289298] pci 0000:00:1f.2: reg 0x24: [mem 0xfebd4000-0xfebd4fff]
Feb  7 19:18:09 daemon kernel: [    0.290133] pci 0000:00:1f.3: [8086:2930] type 00 class 0x0c0500
Feb  7 19:18:09 daemon kernel: [    0.291829] pci 0000:00:1f.3: reg 0x20: [io  0x0700-0x073f]
Feb  7 19:18:09 daemon kernel: [    0.292738] ACPI: PCI Interrupt Link [LNKA] (IRQs 5 *10 11)
Feb  7 19:18:09 daemon kernel: [    0.293376] ACPI: PCI Interrupt Link [LNKB] (IRQs 5 *10 11)
Feb  7 19:18:09 daemon kernel: [    0.295018] ACPI: PCI Interrupt Link [LNKC] (IRQs 5 10 *11)
Feb  7 19:18:09 daemon kernel: [    0.295628] ACPI: PCI Interrupt Link [LNKD] (IRQs 5 10 *11)
Feb  7 19:18:09 daemon kernel: [    0.296259] ACPI: PCI Interrupt Link [LNKE] (IRQs 5 *10 11)
Feb  7 19:18:09 daemon kernel: [    0.296429] ACPI: PCI Interrupt Link [LNKF] (IRQs 5 *10 11)
Feb  7 19:18:09 daemon kernel: [    0.297037] ACPI: PCI Interrupt Link [LNKG] (IRQs 5 10 *11)
Feb  7 19:18:09 daemon kernel: [    0.297650] ACPI: PCI Interrupt Link [LNKH] (IRQs 5 10 *11)
Feb  7 19:18:09 daemon kernel: [    0.298226] ACPI: PCI Interrupt Link [GSIA] (IRQs *16)
Feb  7 19:18:09 daemon kernel: [    0.298749] ACPI: PCI Interrupt Link [GSIB] (IRQs *17)
Feb  7 19:18:09 daemon kernel: [    0.299268] ACPI: PCI Interrupt Link [GSIC] (IRQs *18)
Feb  7 19:18:09 daemon kernel: [    0.299789] ACPI: PCI Interrupt Link [GSID] (IRQs *19)
Feb  7 19:18:09 daemon kernel: [    0.300336] ACPI: PCI Interrupt Link [GSIE] (IRQs *20)
Feb  7 19:18:09 daemon kernel: [    0.300389] ACPI: PCI Interrupt Link [GSIF] (IRQs *21)
Feb  7 19:18:09 daemon kernel: [    0.300914] ACPI: PCI Interrupt Link [GSIG] (IRQs *22)
Feb  7 19:18:09 daemon kernel: [    0.301441] ACPI: PCI Interrupt Link [GSIH] (IRQs *23)
Feb  7 19:18:09 daemon kernel: [    0.302133] pci 0000:00:01.0: vgaarb: setting as boot VGA device
Feb  7 19:18:09 daemon kernel: [    0.302748] pci 0000:00:01.0: vgaarb: VGA device added: decodes=io+mem,owns=io+mem,locks=none
Feb  7 19:18:09 daemon kernel: [    0.303597] pci 0000:00:01.0: vgaarb: bridge control possible
Feb  7 19:18:09 daemon kernel: [    0.304191] vgaarb: loaded
Feb  7 19:18:09 daemon kernel: [    0.304469] pps_core: LinuxPPS API ver. 1 registered
Feb  7 19:18:09 daemon kernel: [    0.305037] pps_core: Software ver. 5.3.6 - Copyright 2005-2007 Rodolfo Giometti <giometti@linux.it>
Feb  7 19:18:09 daemon kernel: [    0.306072] PTP clock support registered
Feb  7 19:18:09 daemon kernel: [    0.306492] EDAC MC: Ver: 3.0.0
Feb  7 19:18:09 daemon kernel: [    0.307003] PCI: Using ACPI for IRQ routing
Feb  7 19:18:09 daemon kernel: [    0.343028] PCI: pci_cache_line_size set to 64 bytes
Feb  7 19:18:09 daemon kernel: [    0.343108] e820: reserve RAM buffer [mem 0x0009fc00-0x0009ffff]
Feb  7 19:18:09 daemon kernel: [    0.343110] e820: reserve RAM buffer [mem 0x3ffdc000-0x3fffffff]
Feb  7 19:18:09 daemon kernel: [    0.343301] hpet0: at MMIO 0xfed00000, IRQs 2, 8, 0
Feb  7 19:18:09 daemon kernel: [    0.343798] hpet0: 3 comparators, 64-bit 100.000000 MHz counter
Feb  7 19:18:09 daemon kernel: [    0.347468] clocksource: Switched to clocksource kvm-clock
Feb  7 19:18:09 daemon kernel: [    0.357642] VFS: Disk quotas dquot_6.6.0
Feb  7 19:18:09 daemon kernel: [    0.358070] VFS: Dquot-cache hash table entries: 512 (order 0, 4096 bytes)
Feb  7 19:18:09 daemon kernel: [    0.358839] AppArmor: AppArmor Filesystem Enabled
Feb  7 19:18:09 daemon kernel: [    0.359333] pnp: PnP ACPI init
Feb  7 19:18:09 daemon kernel: [    0.359688] pnp 00:00: Plug and Play ACPI device, IDs PNP0b00 (active)
Feb  7 19:18:09 daemon kernel: [    0.359711] pnp 00:01: Plug and Play ACPI device, IDs PNP0303 (active)
Feb  7 19:18:09 daemon kernel: [    0.359729] pnp 00:02: Plug and Play ACPI device, IDs PNP0f13 (active)
Feb  7 19:18:09 daemon kernel: [    0.359771] pnp 00:03: Plug and Play ACPI device, IDs PNP0501 (active)
Feb  7 19:18:09 daemon kernel: [    0.359918] pnp: PnP ACPI: found 4 devices
Feb  7 19:18:09 daemon kernel: [    0.365690] clocksource: acpi_pm: mask: 0xffffff max_cycles: 0xffffff, max_idle_ns: 2085701024 ns
Feb  7 19:18:09 daemon kernel: [    0.366596] pci_bus 0000:00: resource 4 [io  0x0000-0x0cf7 window]
Feb  7 19:18:09 daemon kernel: [    0.366597] pci_bus 0000:00: resource 5 [io  0x0d00-0xffff window]
Feb  7 19:18:09 daemon kernel: [    0.366598] pci_bus 0000:00: resource 6 [mem 0x000a0000-0x000bffff window]
Feb  7 19:18:09 daemon kernel: [    0.366599] pci_bus 0000:00: resource 7 [mem 0x40000000-0xafffffff window]
Feb  7 19:18:09 daemon kernel: [    0.366599] pci_bus 0000:00: resource 8 [mem 0xc0000000-0xfebfffff window]
Feb  7 19:18:09 daemon kernel: [    0.366600] pci_bus 0000:00: resource 9 [mem 0x100000000-0x8ffffffff window]
Feb  7 19:18:09 daemon kernel: [    0.366633] NET: Registered protocol family 2
Feb  7 19:18:09 daemon kernel: [    0.367126] IP idents hash table entries: 16384 (order: 5, 131072 bytes)
Feb  7 19:18:09 daemon kernel: [    0.367944] tcp_listen_portaddr_hash hash table entries: 512 (order: 1, 8192 bytes)
Feb  7 19:18:09 daemon kernel: [    0.368737] TCP established hash table entries: 8192 (order: 4, 65536 bytes)
Feb  7 19:18:09 daemon kernel: [    0.369465] TCP bind hash table entries: 8192 (order: 5, 131072 bytes)
Feb  7 19:18:09 daemon kernel: [    0.370155] TCP: Hash tables configured (established 8192 bind 8192)
Feb  7 19:18:09 daemon kernel: [    0.370825] UDP hash table entries: 512 (order: 2, 16384 bytes)
Feb  7 19:18:09 daemon kernel: [    0.371440] UDP-Lite hash table entries: 512 (order: 2, 16384 bytes)
Feb  7 19:18:09 daemon kernel: [    0.372143] NET: Registered protocol family 1
Feb  7 19:18:09 daemon kernel: [    0.372617] NET: Registered protocol family 44
Feb  7 19:18:09 daemon kernel: [    0.373104] pci 0000:00:01.0: Video device with shadowed ROM at [mem 0x000c0000-0x000dffff]
Feb  7 19:18:09 daemon kernel: [    0.374001] PCI: CLS 0 bytes, default 64
Feb  7 19:18:09 daemon kernel: [    0.374035] Unpacking initramfs...
Feb  7 19:18:09 daemon kernel: [    0.813847] Freeing initrd memory: 24836K
Feb  7 19:18:09 daemon kernel: [    0.814551] clocksource: tsc: mask: 0xffffffffffffffff max_cycles: 0x212733415c7, max_idle_ns: 440795236380 ns
Feb  7 19:18:09 daemon kernel: [    0.816227] Initialise system trusted keyrings
Feb  7 19:18:09 daemon kernel: [    0.816723] Key type blacklist registered
Feb  7 19:18:09 daemon kernel: [    0.817190] workingset: timestamp_bits=40 max_order=18 bucket_order=0
Feb  7 19:18:09 daemon kernel: [    0.818839] zbud: loaded
Feb  7 19:18:09 daemon kernel: [    0.913470] Key type asymmetric registered
Feb  7 19:18:09 daemon kernel: [    0.913943] Asymmetric key parser 'x509' registered
Feb  7 19:18:09 daemon kernel: [    0.914497] Block layer SCSI generic (bsg) driver version 0.4 loaded (major 247)
Feb  7 19:18:09 daemon kernel: [    0.915351] io scheduler noop registered
Feb  7 19:18:09 daemon kernel: [    0.915789] io scheduler deadline registered
Feb  7 19:18:09 daemon kernel: [    0.916297] io scheduler cfq registered (default)
Feb  7 19:18:09 daemon kernel: [    0.916831] io scheduler mq-deadline registered
Feb  7 19:18:09 daemon kernel: [    0.917413] shpchp: Standard Hot Plug PCI Controller Driver version: 0.4
Feb  7 19:18:09 daemon kernel: [    0.918280] Serial: 8250/16550 driver, 4 ports, IRQ sharing enabled
Feb  7 19:18:09 daemon kernel: [    0.942941] 00:03: ttyS0 at I/O 0x3f8 (irq = 4, base_baud = 115200) is a 16550A
Feb  7 19:18:09 daemon kernel: [    0.944032] Linux agpgart interface v0.103
Feb  7 19:18:09 daemon kernel: [    0.944590] AMD IOMMUv2 driver by Joerg Roedel <jroedel@suse.de>
Feb  7 19:18:09 daemon kernel: [    0.945262] AMD IOMMUv2 functionality not available on this system
Feb  7 19:18:09 daemon kernel: [    0.946025] i8042: PNP: PS/2 Controller [PNP0303:KBD,PNP0f13:MOU] at 0x60,0x64 irq 1,12
Feb  7 19:18:09 daemon kernel: [    0.947481] serio: i8042 KBD port at 0x60,0x64 irq 1
Feb  7 19:18:09 daemon kernel: [    0.948038] serio: i8042 AUX port at 0x60,0x64 irq 12
Feb  7 19:18:09 daemon kernel: [    0.948683] mousedev: PS/2 mouse device common for all mice
Feb  7 19:18:09 daemon kernel: [    0.949492] input: AT Translated Set 2 keyboard as /devices/platform/i8042/serio0/input/input0
Feb  7 19:18:09 daemon kernel: [    0.950653] rtc_cmos 00:00: RTC can wake from S4
Feb  7 19:18:09 daemon kernel: [    0.951484] rtc_cmos 00:00: registered as rtc0
Feb  7 19:18:09 daemon kernel: [    0.952022] rtc_cmos 00:00: alarms up to one day, y3k, 114 bytes nvram, hpet irqs
Feb  7 19:18:09 daemon kernel: [    0.952889] ledtrig-cpu: registered to indicate activity on CPUs
Feb  7 19:18:09 daemon kernel: [    0.953736] NET: Registered protocol family 10
Feb  7 19:18:09 daemon kernel: [    0.958407] Segment Routing with IPv6
Feb  7 19:18:09 daemon kernel: [    0.958848] mip6: Mobile IPv6
Feb  7 19:18:09 daemon kernel: [    0.959192] NET: Registered protocol family 17
Feb  7 19:18:09 daemon kernel: [    0.959706] mpls_gso: MPLS GSO support
Feb  7 19:18:09 daemon kernel: [    0.960179] mce: Using 10 MCE banks
Feb  7 19:18:09 daemon kernel: [    0.960599] sched_clock: Marking stable (879957807, 80619306)->(972542193, -11965080)
Feb  7 19:18:09 daemon kernel: [    0.961537] registered taskstats version 1
Feb  7 19:18:09 daemon kernel: [    0.962005] Loading compiled-in X.509 certificates
Feb  7 19:18:09 daemon kernel: [    0.984581] Loaded X.509 cert 'Debian Secure Boot CA: 6ccece7e4c6c0d1f6149f3dd27dfcc5cbb419ea1'
Feb  7 19:18:09 daemon kernel: [    0.985560] Loaded X.509 cert 'Debian Secure Boot Signer 2021 - linux: 4b6ef5abca669825178e052c84667ccbc0531f8c'
Feb  7 19:18:09 daemon kernel: [    0.986647] zswap: loaded using pool lzo/zbud
Feb  7 19:18:09 daemon kernel: [    0.987128] AppArmor: AppArmor sha1 policy hashing enabled
Feb  7 19:18:09 daemon kernel: [    0.987970] rtc_cmos 00:00: setting system clock to 2022-02-07 17:18:07 UTC (1644254287)
Feb  7 19:18:09 daemon kernel: [    0.990316] Freeing unused kernel image memory: 1596K
Feb  7 19:18:09 daemon kernel: [    1.000392] Write protecting the kernel read-only data: 16384k
Feb  7 19:18:09 daemon kernel: [    1.001440] Freeing unused kernel image memory: 2028K
Feb  7 19:18:09 daemon kernel: [    1.002136] Freeing unused kernel image memory: 764K
Feb  7 19:18:09 daemon kernel: [    1.008876] x86/mm: Checked W+X mappings: passed, no W+X pages found.
Feb  7 19:18:09 daemon kernel: [    1.009582] Run /init as init process
Feb  7 19:18:09 daemon kernel: [    1.056312] PCI Interrupt Link [GSIG] enabled at IRQ 22
Feb  7 19:18:09 daemon kernel: [    1.057877] lpc_ich 0000:00:1f.0: I/O space for GPIO uninitialized
Feb  7 19:18:09 daemon kernel: [    1.061367] PCI Interrupt Link [GSIA] enabled at IRQ 16
Feb  7 19:18:09 daemon kernel: [    1.062071] i801_smbus 0000:00:1f.3: SMBus using PCI interrupt
Feb  7 19:18:09 daemon kernel: [    1.071404] cryptd: max_cpu_qlen set to 1000
Feb  7 19:18:09 daemon kernel: [    1.076279] PCI Interrupt Link [GSIH] enabled at IRQ 23
Feb  7 19:18:09 daemon kernel: [    1.078813] input: VirtualPS/2 VMware VMMouse as /devices/platform/i8042/serio1/input/input3
Feb  7 19:18:09 daemon kernel: [    1.079928] input: VirtualPS/2 VMware VMMouse as /devices/platform/i8042/serio1/input/input2
Feb  7 19:18:09 daemon kernel: [    1.081929] PCI Interrupt Link [GSIE] enabled at IRQ 20
Feb  7 19:18:09 daemon kernel: [    1.092313] SCSI subsystem initialized
Feb  7 19:18:09 daemon kernel: [    1.093270] AVX2 version of gcm_enc/dec engaged.
Feb  7 19:18:09 daemon kernel: [    1.093798] AES CTR mode by8 optimization enabled
Feb  7 19:18:09 daemon kernel: [    1.126746] scsi host0: Virtio SCSI HBA
Feb  7 19:18:09 daemon kernel: [    1.129418] scsi 0:0:0:0: Direct-Access     QEMU     QEMU HARDDISK    2.5+ PQ: 0 ANSI: 5
Feb  7 19:18:09 daemon kernel: [    1.132644] scsi host1: Virtio SCSI HBA
Feb  7 19:18:09 daemon kernel: [    1.137132] scsi 1:0:1:2: Direct-Access     QEMU     QEMU HARDDISK    2.5+ PQ: 0 ANSI: 5
Feb  7 19:18:09 daemon kernel: [    1.146005] libata version 3.00 loaded.
Feb  7 19:18:09 daemon kernel: [    1.151097] ahci 0000:00:1f.2: version 3.0
Feb  7 19:18:09 daemon kernel: [    1.151818] ahci 0000:00:1f.2: AHCI 0001.0000 32 slots 6 ports 1.5 Gbps 0x3f impl SATA mode
Feb  7 19:18:09 daemon kernel: [    1.152814] ahci 0000:00:1f.2: flags: 64bit ncq only 
Feb  7 19:18:09 daemon kernel: [    1.168524] scsi host2: ahci
Feb  7 19:18:09 daemon kernel: [    1.173777] scsi host3: ahci
Feb  7 19:18:09 daemon kernel: [    1.179123] scsi host4: ahci
Feb  7 19:18:09 daemon kernel: [    1.183291] scsi host5: ahci
Feb  7 19:18:09 daemon kernel: [    1.191059] scsi host6: ahci
Feb  7 19:18:09 daemon kernel: [    1.198080] sd 0:0:0:0: Power-on or device reset occurred
Feb  7 19:18:09 daemon kernel: [    1.198824] sd 1:0:1:2: Power-on or device reset occurred
Feb  7 19:18:09 daemon kernel: [    1.199885] sd 1:0:1:2: [sdb] 1056768 512-byte logical blocks: (541 MB/516 MiB)
Feb  7 19:18:09 daemon kernel: [    1.204732] sd 1:0:1:2: [sdb] Write Protect is off
Feb  7 19:18:09 daemon kernel: [    1.205318] sd 1:0:1:2: [sdb] Mode Sense: 63 00 00 08
Feb  7 19:18:09 daemon kernel: [    1.205352] scsi host7: ahci
Feb  7 19:18:09 daemon kernel: [    1.205792] ata1: SATA max UDMA/133 abar m4096@0xfebd4000 port 0xfebd4100 irq 32
Feb  7 19:18:09 daemon kernel: [    1.206677] ata2: SATA max UDMA/133 abar m4096@0xfebd4000 port 0xfebd4180 irq 32
Feb  7 19:18:09 daemon kernel: [    1.207556] ata3: SATA max UDMA/133 abar m4096@0xfebd4000 port 0xfebd4200 irq 32
Feb  7 19:18:09 daemon kernel: [    1.208435] ata4: SATA max UDMA/133 abar m4096@0xfebd4000 port 0xfebd4280 irq 32
Feb  7 19:18:09 daemon kernel: [    1.209325] ata5: SATA max UDMA/133 abar m4096@0xfebd4000 port 0xfebd4300 irq 32
Feb  7 19:18:09 daemon kernel: [    1.210205] ata6: SATA max UDMA/133 abar m4096@0xfebd4000 port 0xfebd4380 irq 32
Feb  7 19:18:09 daemon kernel: [    1.211325] sd 0:0:0:0: [sda] 51208192 512-byte logical blocks: (26.2 GB/24.4 GiB)
Feb  7 19:18:09 daemon kernel: [    1.212278] sd 1:0:1:2: [sdb] Write cache: enabled, read cache: enabled, doesn't support DPO or FUA
Feb  7 19:18:09 daemon kernel: [    1.213416] sd 0:0:0:0: [sda] Write Protect is off
Feb  7 19:18:09 daemon kernel: [    1.213991] sd 0:0:0:0: [sda] Mode Sense: 63 00 00 08
Feb  7 19:18:09 daemon kernel: [    1.214230] sd 0:0:0:0: [sda] Write cache: enabled, read cache: enabled, doesn't support DPO or FUA
Feb  7 19:18:09 daemon kernel: [    1.219374] sd 1:0:1:2: [sdb] Attached SCSI disk
Feb  7 19:18:09 daemon kernel: [    1.219948] sd 0:0:0:0: [sda] Attached SCSI disk
Feb  7 19:18:09 daemon kernel: [    1.522923] ata1: SATA link down (SStatus 0 SControl 300)
Feb  7 19:18:09 daemon kernel: [    1.526796] ata2: SATA link down (SStatus 0 SControl 300)
Feb  7 19:18:09 daemon kernel: [    1.527555] ata3: SATA link down (SStatus 0 SControl 300)
Feb  7 19:18:09 daemon kernel: [    1.530914] ata6: SATA link down (SStatus 0 SControl 300)
Feb  7 19:18:09 daemon kernel: [    1.531672] ata5: SATA link down (SStatus 0 SControl 300)
Feb  7 19:18:09 daemon kernel: [    1.532452] ata4: SATA link down (SStatus 0 SControl 300)
Feb  7 19:18:09 daemon kernel: [    1.624188] EXT4-fs (sda): mounted filesystem with ordered data mode. Opts: (null)
Feb  7 19:18:09 daemon kernel: [    2.091434] EXT4-fs (sda): re-mounted. Opts: errors=remount-ro
Feb  7 19:18:09 daemon kernel: [    2.204084] loop: module loaded
Feb  7 19:18:09 daemon kernel: [    2.230200] squashfs: version 4.0 (2009/01/31) Phillip Lougher
Feb  7 19:18:09 daemon kernel: [    2.320191] input: Power Button as /devices/LNXSYSTM:00/LNXPWRBN:00/input/input4
Feb  7 19:18:09 daemon kernel: [    2.337610] ACPI: Power Button [PWRF]
Feb  7 19:18:09 daemon kernel: [    2.374222] iTCO_vendor_support: vendor-support=0
Feb  7 19:18:09 daemon kernel: [    2.375937] iTCO_wdt: Intel TCO WatchDog Timer Driver v1.11
Feb  7 19:18:09 daemon kernel: [    2.379625] iTCO_wdt: Found a ICH9 TCO device (Version=2, TCOBASE=0x0660)
Feb  7 19:18:09 daemon kernel: [    2.387671] sd 0:0:0:0: Attached scsi generic sg0 type 0
Feb  7 19:18:09 daemon kernel: [    2.388381] iTCO_wdt: initialized. heartbeat=30 sec (nowayout=0)
Feb  7 19:18:09 daemon kernel: [    2.399021] input: PC Speaker as /devices/platform/pcspkr/input/input5
Feb  7 19:18:09 daemon kernel: [    2.419300] sd 1:0:1:2: Attached scsi generic sg1 type 0
Feb  7 19:18:09 daemon kernel: [    2.543745] audit: type=1400 audit(1644254289.052:2): apparmor="STATUS" operation="profile_load" profile="unconfined" name="/usr/lib/snapd/snap-confine" pid=382 comm="apparmor_parser"
Feb  7 19:18:09 daemon kernel: [    2.546071] audit: type=1400 audit(1644254289.052:3): apparmor="STATUS" operation="profile_load" profile="unconfined" name="/usr/lib/snapd/snap-confine//mount-namespace-capture-helper" pid=382 comm="apparmor_parser"
Feb  7 19:18:09 daemon kernel: [    2.586949] Decoding supported only on Scalable MCA processors.
Feb  7 19:18:09 daemon kernel: [    2.589067] audit: type=1400 audit(1644254289.100:4): apparmor="STATUS" operation="profile_load" profile="unconfined" name="nvidia_modprobe" pid=399 comm="apparmor_parser"
Feb  7 19:18:09 daemon kernel: [    2.590709] audit: type=1400 audit(1644254289.100:5): apparmor="STATUS" operation="profile_load" profile="unconfined" name="nvidia_modprobe//kmod" pid=399 comm="apparmor_parser"
Feb  7 19:18:09 daemon kernel: [    2.613422] audit: type=1400 audit(1644254289.124:6): apparmor="STATUS" operation="profile_load" profile="unconfined" name="/usr/bin/man" pid=405 comm="apparmor_parser"
Feb  7 19:18:09 daemon kernel: [    2.615260] audit: type=1400 audit(1644254289.124:7): apparmor="STATUS" operation="profile_load" profile="unconfined" name="man_filter" pid=405 comm="apparmor_parser"
Feb  7 19:18:09 daemon kernel: [    2.620667] audit: type=1400 audit(1644254289.124:8): apparmor="STATUS" operation="profile_load" profile="unconfined" name="man_groff" pid=405 comm="apparmor_parser"
Feb  7 19:18:09 daemon kernel: [    2.638568] [drm] Found bochs VGA, ID 0xb0c0.
Feb  7 19:18:09 daemon kernel: [    2.639199] [drm] Framebuffer size 16384 kB @ 0xfd000000, mmio @ 0xfebd0000.
Feb  7 19:18:09 daemon kernel: [    2.666992] audit: type=1400 audit(1644254289.152:9): apparmor="STATUS" operation="profile_load" profile="unconfined" name="/usr/sbin/haveged" pid=410 comm="apparmor_parser"
Feb  7 19:18:09 daemon kernel: [    2.670292] [TTM] Zone  kernel: Available graphics memory: 505444 kiB
Feb  7 19:18:09 daemon kernel: [    2.671070] [TTM] Initializing pool allocator
Feb  7 19:18:09 daemon kernel: [    2.671599] [TTM] Initializing DMA pool allocator
Feb  7 19:18:09 daemon kernel: [    2.770794] audit: type=1400 audit(1644254289.280:10): apparmor="STATUS" operation="profile_load" profile="unconfined" name="snap.certbot.hook.prepare-plug-plugin" pid=421 comm="apparmor_parser"
Feb  7 19:18:09 daemon kernel: [    2.833942] Adding 524284k swap on /dev/sdb.  Priority:-2 extents:1 across:524284k FS
Feb  7 19:18:09 daemon kernel: [    3.074484] fbcon: bochsdrmfb (fb0) is primary device
Feb  7 19:18:10 daemon kernel: [    3.416749] Console: switching to colour frame buffer device 128x48
Feb  7 19:18:10 daemon kernel: [    3.653844] bochs-drm 0000:00:01.0: fb0: bochsdrmfb frame buffer device
Feb  7 19:18:10 daemon kernel: [    3.657544] [drm] Initialized bochs-drm 1.0.0 20130925 for 0000:00:01.0 on minor 0
Feb  7 19:18:27 daemon kernel: [   20.616624] [UFW BLOCK] IN=eth0 OUT= MAC=f2:3c:93:50:a4:9a:00:00:0c:9f:f0:04:08:00 SRC=79.124.62.110 DST=172.104.132.106 LEN=40 TOS=0x00 PREC=0x00 TTL=247 ID=8093 PROTO=TCP SPT=43400 DPT=3390 WINDOW=1024 RES=0x00 SYN URGP=0 
Feb  7 19:18:31 daemon kernel: [   24.896273] [UFW BLOCK] IN=eth0 OUT= MAC=f2:3c:93:50:a4:9a:00:00:0c:9f:f0:04:08:00 SRC=193.3.19.156 DST=172.104.132.106 LEN=40 TOS=0x00 PREC=0x00 TTL=244 ID=23708 PROTO=TCP SPT=43949 DPT=44451 WINDOW=1024 RES=0x00 SYN URGP=0 
Feb  7 19:18:35 daemon kernel: [   28.716201] [UFW BLOCK] IN=eth0 OUT= MAC=f2:3c:93:50:a4:9a:00:00:0c:9f:f0:04:08:00 SRC=141.105.66.214 DST=172.104.132.106 LEN=40 TOS=0x00 PREC=0x00 TTL=248 ID=3627 PROTO=TCP SPT=57502 DPT=3073 WINDOW=1024 RES=0x00 SYN URGP=0 
Feb  7 19:18:35 daemon kernel: [   28.755963] [UFW BLOCK] IN=eth0 OUT= MAC=f2:3c:93:50:a4:9a:00:00:0c:9f:f0:04:08:00 SRC=141.105.66.214 DST=172.104.132.106 LEN=40 TOS=0x00 PREC=0x00 TTL=248 ID=19183 PROTO=TCP SPT=57502 DPT=9690 WINDOW=1024 RES=0x00 SYN URGP=0 
Feb  7 19:18:39 daemon kernel: [   33.406182] [UFW BLOCK] IN= OUT=eth0 SRC=172.104.132.106 DST=94.130.49.186 LEN=76 TOS=0x10 PREC=0x00 TTL=64 ID=459 DF PROTO=UDP SPT=47892 DPT=123 LEN=56 
Feb  7 19:18:39 daemon kernel: [   33.408049] [UFW BLOCK] IN= OUT=eth0 SRC=172.104.132.106 DST=131.234.220.232 LEN=76 TOS=0x10 PREC=0x00 TTL=64 ID=46365 DF PROTO=UDP SPT=34882 DPT=123 LEN=56 
Feb  7 19:18:39 daemon kernel: [   33.411670] [UFW BLOCK] IN= OUT=eth0 SRC=172.104.132.106 DST=213.209.109.44 LEN=76 TOS=0x10 PREC=0x00 TTL=64 ID=1368 DF PROTO=UDP SPT=45698 DPT=123 LEN=56 
Feb  7 19:18:39 daemon kernel: [   33.414064] [UFW BLOCK] IN= OUT=eth0 SRC=172.104.132.106 DST=172.105.65.216 LEN=76 TOS=0x10 PREC=0x00 TTL=64 ID=41621 DF PROTO=UDP SPT=36453 DPT=123 LEN=56 
Feb  7 19:18:39 daemon kernel: [   33.419988] [UFW BLOCK] IN= OUT=eth0 SRC=172.104.132.106 DST=94.23.160.14 LEN=76 TOS=0x10 PREC=0x00 TTL=64 ID=37490 DF PROTO=UDP SPT=34474 DPT=123 LEN=56 
Feb  7 19:18:39 daemon kernel: [   33.422308] [UFW BLOCK] IN= OUT=eth0 SRC=172.104.132.106 DST=188.68.53.92 LEN=76 TOS=0x10 PREC=0x00 TTL=64 ID=35225 DF PROTO=UDP SPT=42298 DPT=123 LEN=56 
Feb  7 19:18:55 daemon kernel: [   48.533848] [UFW BLOCK] IN=eth0 OUT= MAC=f2:3c:93:50:a4:9a:00:00:0c:9f:f0:04:08:00 SRC=141.105.66.214 DST=172.104.132.106 LEN=40 TOS=0x00 PREC=0x00 TTL=247 ID=44072 PROTO=TCP SPT=57502 DPT=999 WINDOW=1024 RES=0x00 SYN URGP=0 
Feb  7 19:19:01 daemon kernel: [   54.991303] [UFW BLOCK] IN=eth0 OUT= MAC=f2:3c:93:50:a4:9a:00:00:0c:9f:f0:04:08:00 SRC=164.90.187.31 DST=172.104.132.106 LEN=48 TOS=0x00 PREC=0x00 TTL=120 ID=33226 PROTO=TCP SPT=41147 DPT=22088 WINDOW=65535 RES=0x00 SYN URGP=0 
Feb  7 19:19:10 daemon kernel: [   63.630254] [UFW BLOCK] IN= OUT=eth0 SRC=172.104.132.106 DST=136.243.66.91 LEN=76 TOS=0x10 PREC=0x00 TTL=64 ID=33062 DF PROTO=UDP SPT=34783 DPT=123 LEN=56 
Feb  7 19:19:10 daemon kernel: [   63.632071] [UFW BLOCK] IN= OUT=eth0 SRC=172.104.132.106 DST=94.16.122.254 LEN=76 TOS=0x10 PREC=0x00 TTL=64 ID=40415 DF PROTO=UDP SPT=51374 DPT=123 LEN=56 
Feb  7 19:19:12 daemon kernel: [   65.815514] [UFW BLOCK] IN=eth0 OUT= MAC=f2:3c:93:50:a4:9a:00:00:0c:9f:f0:04:08:00 SRC=91.240.118.71 DST=172.104.132.106 LEN=40 TOS=0x00 PREC=0x00 TTL=245 ID=11371 PROTO=TCP SPT=53996 DPT=32046 WINDOW=1024 RES=0x00 SYN URGP=0 
Feb  7 19:19:12 daemon kernel: [   66.035592] [UFW BLOCK] IN=eth0 OUT= MAC=f2:3c:93:50:a4:9a:00:00:0c:9f:f0:04:08:00 SRC=79.124.62.86 DST=172.104.132.106 LEN=40 TOS=0x00 PREC=0x00 TTL=247 ID=13113 PROTO=TCP SPT=52556 DPT=50511 WINDOW=1024 RES=0x00 SYN URGP=0 
Feb  7 19:19:16 daemon kernel: [   69.887185] [UFW BLOCK] IN=eth0 OUT= MAC=f2:3c:93:50:a4:9a:00:00:0c:9f:f0:04:08:00 SRC=97.74.81.123 DST=172.104.132.106 LEN=40 TOS=0x00 PREC=0x00 TTL=241 ID=20566 PROTO=TCP SPT=43307 DPT=361 WINDOW=1024 RES=0x00 SYN URGP=0 
Feb  7 19:19:42 daemon kernel: [   95.886925] [UFW BLOCK] IN= OUT=eth0 SRC=172.104.132.106 DST=141.82.25.201 LEN=76 TOS=0x10 PREC=0x00 TTL=64 ID=61049 DF PROTO=UDP SPT=45982 DPT=123 LEN=56 
Feb  7 19:19:42 daemon kernel: [   95.889766] [UFW BLOCK] IN= OUT=eth0 SRC=172.104.132.106 DST=185.232.69.65 LEN=76 TOS=0x10 PREC=0x00 TTL=64 ID=34062 DF PROTO=UDP SPT=41503 DPT=123 LEN=56 
Feb  7 19:19:42 daemon kernel: [   95.891941] [UFW BLOCK] IN= OUT=eth0 SRC=172.104.132.106 DST=176.221.42.125 LEN=76 TOS=0x10 PREC=0x00 TTL=64 ID=15466 DF PROTO=UDP SPT=59932 DPT=123 LEN=56 
Feb  7 19:19:42 daemon kernel: [   95.894675] [UFW BLOCK] IN= OUT=eth0 SRC=172.104.132.106 DST=136.243.66.91 LEN=76 TOS=0x10 PREC=0x00 TTL=64 ID=33776 DF PROTO=UDP SPT=60375 DPT=123 LEN=56 
Feb  7 19:19:42 daemon kernel: [   95.898408] [UFW BLOCK] IN= OUT=eth0 SRC=172.104.132.106 DST=144.76.159.151 LEN=76 TOS=0x10 PREC=0x00 TTL=64 ID=46856 DF PROTO=UDP SPT=45705 DPT=123 LEN=56 
Feb  7 19:19:43 daemon kernel: [   97.113245] [UFW BLOCK] IN=eth0 OUT= MAC=f2:3c:93:50:a4:9a:00:00:0c:9f:f0:04:08:00 SRC=162.142.125.232 DST=172.104.132.106 LEN=44 TOS=0x00 PREC=0x00 TTL=40 ID=741 PROTO=TCP SPT=27514 DPT=5591 WINDOW=1024 RES=0x00 SYN URGP=0 
Feb  7 19:19:43 daemon kernel: [   97.430389] [UFW BLOCK] IN=eth0 OUT= MAC=f2:3c:93:50:a4:9a:00:00:0c:9f:f0:04:08:00 SRC=179.43.187.146 DST=172.104.132.106 LEN=40 TOS=0x00 PREC=0x00 TTL=247 ID=54321 PROTO=TCP SPT=59827 DPT=22 WINDOW=65535 RES=0x00 SYN URGP=0 
Feb  7 19:19:58 daemon kernel: [  111.964789] [UFW BLOCK] IN=eth0 OUT= MAC=f2:3c:93:50:a4:9a:00:00:0c:9f:f0:04:08:00 SRC=203.170.123.15 DST=172.104.132.106 LEN=40 TOS=0x00 PREC=0x00 TTL=48 ID=33370 PROTO=TCP SPT=46756 DPT=23 WINDOW=25778 RES=0x00 SYN URGP=0 
Feb  7 19:19:59 daemon kernel: [  113.403108] [UFW BLOCK] IN=eth0 OUT= MAC=f2:3c:93:50:a4:9a:00:00:0c:9f:f0:04:08:00 SRC=83.229.82.155 DST=172.104.132.106 LEN=40 TOS=0x08 PREC=0x20 TTL=246 ID=54321 PROTO=TCP SPT=36925 DPT=8094 WINDOW=65535 RES=0x00 SYN URGP=0 
Feb  7 19:20:12 daemon kernel: [  126.130201] [UFW BLOCK] IN= OUT=eth0 SRC=172.104.132.106 DST=129.70.132.34 LEN=76 TOS=0x10 PREC=0x00 TTL=64 ID=23666 DF PROTO=UDP SPT=44057 DPT=123 LEN=56 
Feb  7 19:20:13 daemon kernel: [  127.153872] [UFW BLOCK] IN=eth0 OUT= MAC=f2:3c:93:50:a4:9a:00:00:0c:9f:f0:04:08:00 SRC=193.163.125.231 DST=172.104.132.106 LEN=44 TOS=0x00 PREC=0x00 TTL=246 ID=62997 PROTO=TCP SPT=47779 DPT=20034 WINDOW=14600 RES=0x00 SYN URGP=0 
Feb  7 19:20:13 daemon kernel: [  127.269041] [UFW BLOCK] IN=eth0 OUT= MAC=f2:3c:93:50:a4:9a:00:00:0c:9f:f0:04:08:00 SRC=79.124.62.82 DST=172.104.132.106 LEN=40 TOS=0x00 PREC=0x00 TTL=247 ID=51683 PROTO=TCP SPT=52056 DPT=28312 WINDOW=1024 RES=0x00 SYN URGP=0 
Feb  7 19:20:29 daemon kernel: [  142.830364] [UFW BLOCK] IN=eth0 OUT= MAC=f2:3c:93:50:a4:9a:00:00:0c:9f:f0:04:08:00 SRC=193.3.19.167 DST=172.104.132.106 LEN=40 TOS=0x00 PREC=0x00 TTL=244 ID=44029 PROTO=TCP SPT=46948 DPT=22822 WINDOW=1024 RES=0x00 SYN URGP=0 
Feb  7 19:20:56 daemon kernel: [  170.159766] [UFW BLOCK] IN=eth0 OUT= MAC=f2:3c:93:50:a4:9a:00:00:0c:9f:f0:04:08:00 SRC=193.201.9.161 DST=172.104.132.106 LEN=40 TOS=0x00 PREC=0x00 TTL=249 ID=51740 PROTO=TCP SPT=43994 DPT=4446 WINDOW=1024 RES=0x00 SYN URGP=0 
Feb  7 19:21:18 daemon kernel: [  192.083946] [UFW BLOCK] IN=eth0 OUT= MAC=f2:3c:93:50:a4:9a:00:00:0c:9f:f0:04:08:00 SRC=185.156.73.120 DST=172.104.132.106 LEN=40 TOS=0x00 PREC=0x00 TTL=246 ID=36332 PROTO=TCP SPT=57710 DPT=4607 WINDOW=1024 RES=0x00 SYN URGP=0 
Feb  7 19:21:41 daemon kernel: [  214.530906] [UFW BLOCK] IN=eth0 OUT= MAC=f2:3c:93:50:a4:9a:00:00:0c:9f:f0:04:08:00 SRC=124.57.42.113 DST=172.104.132.106 LEN=40 TOS=0x08 PREC=0x40 TTL=38 ID=8164 PROTO=TCP SPT=28564 DPT=55555 WINDOW=15564 RES=0x00 SYN URGP=0 
Feb  7 19:21:47 daemon kernel: [  220.631932] [UFW BLOCK] IN= OUT=eth0 SRC=172.104.132.106 DST=88.99.86.9 LEN=76 TOS=0x10 PREC=0x00 TTL=64 ID=60168 DF PROTO=UDP SPT=54191 DPT=123 LEN=56 
Feb  7 19:21:47 daemon kernel: [  220.635053] [UFW BLOCK] IN= OUT=eth0 SRC=172.104.132.106 DST=37.114.40.20 LEN=76 TOS=0x10 PREC=0x00 TTL=64 ID=48396 DF PROTO=UDP SPT=57701 DPT=123 LEN=56 
Feb  7 19:21:47 daemon kernel: [  220.637697] [UFW BLOCK] IN= OUT=eth0 SRC=172.104.132.106 DST=136.243.7.20 LEN=76 TOS=0x10 PREC=0x00 TTL=64 ID=50622 DF PROTO=UDP SPT=56718 DPT=123 LEN=56 
Feb  7 19:21:47 daemon kernel: [  220.639908] [UFW BLOCK] IN= OUT=eth0 SRC=172.104.132.106 DST=193.158.22.13 LEN=76 TOS=0x10 PREC=0x00 TTL=64 ID=54932 DF PROTO=UDP SPT=35332 DPT=123 LEN=56 
Feb  7 19:21:47 daemon kernel: [  220.823883] [UFW BLOCK] IN= OUT=eth0 SRC=172.104.132.106 DST=217.91.44.17 LEN=76 TOS=0x10 PREC=0x00 TTL=64 ID=35215 DF PROTO=UDP SPT=34921 DPT=123 LEN=56 
Feb  7 19:21:52 daemon kernel: [  226.036050] [UFW BLOCK] IN=eth0 OUT= MAC=f2:3c:93:50:a4:9a:00:00:0c:9f:f0:04:08:00 SRC=45.134.26.230 DST=172.104.132.106 LEN=40 TOS=0x00 PREC=0x00 TTL=249 ID=41958 PROTO=TCP SPT=48432 DPT=64136 WINDOW=1024 RES=0x00 SYN URGP=0 
Feb  7 19:22:11 daemon kernel: [  244.562601] [UFW BLOCK] IN=eth0 OUT= MAC=f2:3c:93:50:a4:9a:00:00:0c:9f:f0:04:08:00 SRC=91.239.97.246 DST=172.104.132.106 LEN=40 TOS=0x00 PREC=0x00 TTL=244 ID=54321 PROTO=TCP SPT=49621 DPT=5050 WINDOW=65535 RES=0x00 SYN URGP=0 
Feb  7 19:22:17 daemon kernel: [  251.130426] [UFW BLOCK] IN= OUT=eth0 SRC=172.104.132.106 DST=176.9.157.155 LEN=76 TOS=0x10 PREC=0x00 TTL=64 ID=52489 DF PROTO=UDP SPT=40917 DPT=123 LEN=56 
Feb  7 19:22:29 daemon kernel: [  263.262634] [UFW BLOCK] IN=eth0 OUT= MAC=f2:3c:93:50:a4:9a:00:00:0c:9f:f0:04:08:00 SRC=45.134.26.239 DST=172.104.132.106 LEN=40 TOS=0x00 PREC=0x00 TTL=249 ID=17637 PROTO=TCP SPT=48573 DPT=13147 WINDOW=1024 RES=0x00 SYN URGP=0 
Feb  7 19:22:47 daemon kernel: [  281.435891] [UFW BLOCK] IN=eth0 OUT= MAC=f2:3c:93:50:a4:9a:00:00:0c:9f:f0:04:08:00 SRC=114.7.162.198 DST=172.104.132.106 LEN=60 TOS=0x00 PREC=0x00 TTL=50 ID=52884 DF PROTO=TCP SPT=34758 DPT=22 WINDOW=14600 RES=0x00 SYN URGP=0 
Feb  7 19:23:13 daemon kernel: [  306.913075] [UFW BLOCK] IN=eth0 OUT= MAC=f2:3c:93:50:a4:9a:00:00:0c:9f:f0:04:08:00 SRC=185.191.32.211 DST=172.104.132.106 LEN=40 TOS=0x00 PREC=0x00 TTL=245 ID=20650 PROTO=TCP SPT=55333 DPT=3306 WINDOW=1024 RES=0x00 SYN URGP=0 
Feb  7 19:23:28 daemon kernel: [  322.163267] [UFW BLOCK] IN=eth0 OUT= MAC=f2:3c:93:50:a4:9a:00:00:0c:9f:f0:04:08:00 SRC=121.4.238.42 DST=172.104.132.106 LEN=60 TOS=0x00 PREC=0x00 TTL=43 ID=39973 DF PROTO=TCP SPT=60254 DPT=6379 WINDOW=29200 RES=0x00 SYN URGP=0 
Feb  7 19:23:47 daemon kernel: [  340.815960] [UFW BLOCK] IN=eth0 OUT= MAC=f2:3c:93:50:a4:9a:00:00:0c:9f:f0:04:08:00 SRC=179.43.170.170 DST=172.104.132.106 LEN=40 TOS=0x00 PREC=0x00 TTL=246 ID=54321 PROTO=TCP SPT=39350 DPT=5555 WINDOW=65535 RES=0x00 SYN URGP=0 
Feb  7 19:24:13 daemon kernel: [  367.046828] [UFW BLOCK] IN=eth0 OUT= MAC=f2:3c:93:50:a4:9a:00:00:0c:9f:f0:04:08:00 SRC=45.155.205.48 DST=172.104.132.106 LEN=40 TOS=0x00 PREC=0x00 TTL=248 ID=37419 PROTO=TCP SPT=58488 DPT=5928 WINDOW=1024 RES=0x00 SYN URGP=0 
Feb  7 19:24:28 daemon kernel: [  382.117368] [UFW BLOCK] IN=eth0 OUT= MAC=f2:3c:93:50:a4:9a:00:00:0c:9f:f0:04:08:00 SRC=159.75.130.111 DST=172.104.132.106 LEN=60 TOS=0x00 PREC=0x00 TTL=43 ID=36486 DF PROTO=TCP SPT=46382 DPT=22 WINDOW=29200 RES=0x00 SYN URGP=0 
Feb  7 19:24:51 daemon kernel: [  404.575371] [UFW BLOCK] IN=eth0 OUT= MAC=f2:3c:93:50:a4:9a:00:00:0c:9f:f0:04:08:00 SRC=79.124.62.34 DST=172.104.132.106 LEN=40 TOS=0x00 PREC=0x00 TTL=247 ID=58012 PROTO=TCP SPT=43397 DPT=65289 WINDOW=1024 RES=0x00 SYN URGP=0 
Feb  7 19:24:52 daemon kernel: [  406.056548] [UFW BLOCK] IN= OUT=eth0 SRC=172.104.132.106 DST=199.5.26.46 LEN=60 TOS=0x00 PREC=0x00 TTL=64 ID=17947 DF PROTO=TCP SPT=34252 DPT=43 WINDOW=64240 RES=0x00 SYN URGP=0 
Feb  7 19:24:53 daemon kernel: [  407.072455] [UFW BLOCK] IN= OUT=eth0 SRC=172.104.132.106 DST=199.5.26.46 LEN=60 TOS=0x00 PREC=0x00 TTL=64 ID=17948 DF PROTO=TCP SPT=34252 DPT=43 WINDOW=64240 RES=0x00 SYN URGP=0 
Feb  7 19:24:55 daemon kernel: [  409.088463] [UFW BLOCK] IN= OUT=eth0 SRC=172.104.132.106 DST=199.5.26.46 LEN=60 TOS=0x00 PREC=0x00 TTL=64 ID=17949 DF PROTO=TCP SPT=34252 DPT=43 WINDOW=64240 RES=0x00 SYN URGP=0 
Feb  7 19:24:56 daemon kernel: [  409.631397] [UFW BLOCK] IN= OUT=eth0 SRC=172.104.132.106 DST=193.30.121.7 LEN=76 TOS=0x10 PREC=0x00 TTL=64 ID=9330 DF PROTO=UDP SPT=42053 DPT=123 LEN=56 
Feb  7 19:24:56 daemon kernel: [  409.634331] [UFW BLOCK] IN= OUT=eth0 SRC=172.104.132.106 DST=157.90.3.240 LEN=76 TOS=0x10 PREC=0x00 TTL=64 ID=13927 DF PROTO=UDP SPT=35466 DPT=123 LEN=56 
Feb  7 19:24:56 daemon kernel: [  409.636871] [UFW BLOCK] IN= OUT=eth0 SRC=172.104.132.106 DST=116.202.100.11 LEN=76 TOS=0x10 PREC=0x00 TTL=64 ID=28513 DF PROTO=UDP SPT=60347 DPT=123 LEN=56 
Feb  7 19:24:56 daemon kernel: [  409.639447] [UFW BLOCK] IN= OUT=eth0 SRC=172.104.132.106 DST=144.76.76.107 LEN=76 TOS=0x10 PREC=0x00 TTL=64 ID=11115 DF PROTO=UDP SPT=42141 DPT=123 LEN=56 
Feb  7 19:24:56 daemon kernel: [  409.674301] [UFW BLOCK] IN= OUT=eth0 SRC=172.104.132.106 DST=85.10.240.253 LEN=76 TOS=0x10 PREC=0x00 TTL=64 ID=21173 DF PROTO=UDP SPT=59116 DPT=123 LEN=56 
Feb  7 19:24:56 daemon kernel: [  409.675900] [UFW BLOCK] IN= OUT=eth0 SRC=172.104.132.106 DST=116.202.14.29 LEN=76 TOS=0x10 PREC=0x00 TTL=64 ID=57158 DF PROTO=UDP SPT=34239 DPT=123 LEN=56 
Feb  7 19:24:56 daemon kernel: [  409.679315] [UFW BLOCK] IN= OUT=eth0 SRC=172.104.132.106 DST=78.46.102.180 LEN=76 TOS=0x10 PREC=0x00 TTL=64 ID=22820 DF PROTO=UDP SPT=40019 DPT=123 LEN=56 
Feb  7 19:25:11 daemon kernel: [  424.911923] [UFW BLOCK] IN=eth0 OUT= MAC=f2:3c:93:50:a4:9a:00:00:0c:9f:f0:04:08:00 SRC=45.146.166.116 DST=172.104.132.106 LEN=40 TOS=0x00 PREC=0x00 TTL=248 ID=53801 PROTO=TCP SPT=48638 DPT=34729 WINDOW=1024 RES=0x00 SYN URGP=0 
Feb  7 19:25:12 daemon kernel: [  426.077372] [UFW BLOCK] IN= OUT=eth0 SRC=172.104.132.106 DST=199.212.0.46 LEN=60 TOS=0x00 PREC=0x00 TTL=64 ID=33576 DF PROTO=TCP SPT=60458 DPT=43 WINDOW=64240 RES=0x00 SYN URGP=0 
Feb  7 19:25:25 daemon kernel: [  438.844968] [UFW BLOCK] IN=eth0 OUT= MAC=f2:3c:93:50:a4:9a:00:00:0c:9f:f0:04:08:00 SRC=141.105.66.214 DST=172.104.132.106 LEN=40 TOS=0x00 PREC=0x00 TTL=248 ID=64767 PROTO=TCP SPT=57502 DPT=9305 WINDOW=1024 RES=0x00 SYN URGP=0 
Feb  7 19:25:25 daemon kernel: [  438.934893] [UFW BLOCK] IN=eth0 OUT= MAC=f2:3c:93:50:a4:9a:00:00:0c:9f:f0:04:08:00 SRC=165.22.55.238 DST=172.104.132.106 LEN=60 TOS=0x00 PREC=0x00 TTL=49 ID=46612 DF PROTO=TCP SPT=54902 DPT=22 WINDOW=64240 RES=0x00 SYN URGP=0 
Feb  7 19:25:26 daemon kernel: [  439.944846] [UFW BLOCK] IN=eth0 OUT= MAC=f2:3c:93:50:a4:9a:00:00:0c:9f:f0:04:08:00 SRC=165.22.55.238 DST=172.104.132.106 LEN=60 TOS=0x00 PREC=0x00 TTL=49 ID=46613 DF PROTO=TCP SPT=54902 DPT=22 WINDOW=64240 RES=0x00 SYN URGP=0 
Feb  7 19:25:28 daemon kernel: [  441.960831] [UFW BLOCK] IN=eth0 OUT= MAC=f2:3c:93:50:a4:9a:00:00:0c:9f:f0:04:08:00 SRC=165.22.55.238 DST=172.104.132.106 LEN=60 TOS=0x00 PREC=0x00 TTL=49 ID=46614 DF PROTO=TCP SPT=54902 DPT=22 WINDOW=64240 RES=0x00 SYN URGP=0 
Feb  7 19:25:31 daemon kernel: [  444.722144] [UFW BLOCK] IN=eth0 OUT= MAC=f2:3c:93:50:a4:9a:00:00:0c:9f:f0:04:08:00 SRC=104.140.188.18 DST=172.104.132.106 LEN=44 TOS=0x00 PREC=0x00 TTL=245 ID=54577 PROTO=TCP SPT=61918 DPT=7547 WINDOW=1024 RES=0x00 SYN URGP=0 
Feb  7 19:25:32 daemon kernel: [  445.992791] [UFW BLOCK] IN=eth0 OUT= MAC=f2:3c:93:50:a4:9a:00:00:0c:9f:f0:04:08:00 SRC=165.22.55.238 DST=172.104.132.106 LEN=60 TOS=0x00 PREC=0x00 TTL=49 ID=46615 DF PROTO=TCP SPT=54902 DPT=22 WINDOW=64240 RES=0x00 SYN URGP=0 
Feb  7 19:25:47 daemon kernel: [  460.570969] [UFW BLOCK] IN=eth0 OUT= MAC=f2:3c:93:50:a4:9a:00:00:0c:9f:f0:04:08:00 SRC=162.142.125.91 DST=172.104.132.106 LEN=44 TOS=0x00 PREC=0x00 TTL=40 ID=51611 PROTO=TCP SPT=33604 DPT=10324 WINDOW=1024 RES=0x00 SYN URGP=0 
Feb  7 19:25:47 daemon kernel: [  460.827712] [UFW BLOCK] IN=eth0 OUT= MAC=f2:3c:93:50:a4:9a:00:00:0c:9f:f0:04:08:00 SRC=45.155.205.46 DST=172.104.132.106 LEN=40 TOS=0x00 PREC=0x00 TTL=249 ID=59814 PROTO=TCP SPT=58466 DPT=5761 WINDOW=1024 RES=0x00 SYN URGP=0 
Feb  7 19:25:53 daemon kernel: [  467.472876] [UFW BLOCK] IN=eth0 OUT= MAC=f2:3c:93:50:a4:9a:00:00:0c:9f:f0:04:08:00 SRC=45.146.166.121 DST=172.104.132.106 LEN=40 TOS=0x00 PREC=0x00 TTL=248 ID=64107 PROTO=TCP SPT=48784 DPT=43396 WINDOW=1024 RES=0x00 SYN URGP=0 
Feb  7 19:26:28 daemon kernel: [  502.277601] [UFW BLOCK] IN=eth0 OUT= MAC=f2:3c:93:50:a4:9a:00:00:0c:9f:f0:04:08:00 SRC=216.131.111.131 DST=172.104.132.106 LEN=40 TOS=0x00 PREC=0x00 TTL=247 ID=45478 PROTO=TCP SPT=61002 DPT=6969 WINDOW=1024 RES=0x00 SYN URGP=0 
Feb  7 19:26:33 daemon kernel: [  506.674278] [UFW BLOCK] IN=eth0 OUT= MAC=f2:3c:93:50:a4:9a:00:00:0c:9f:f0:04:08:00 SRC=45.146.166.124 DST=172.104.132.106 LEN=40 TOS=0x00 PREC=0x00 TTL=248 ID=55229 PROTO=TCP SPT=48809 DPT=42101 WINDOW=1024 RES=0x00 SYN URGP=0 
Feb  7 19:26:39 daemon kernel: [  512.693591] [UFW BLOCK] IN=eth0 OUT= MAC=f2:3c:93:50:a4:9a:00:00:0c:9f:f0:04:08:00 SRC=91.240.118.17 DST=172.104.132.106 LEN=40 TOS=0x00 PREC=0x00 TTL=246 ID=52980 PROTO=TCP SPT=53111 DPT=1797 WINDOW=1024 RES=0x00 SYN URGP=0 
Feb  7 19:26:42 daemon kernel: [  516.176378] [UFW BLOCK] IN=eth0 OUT= MAC=f2:3c:93:50:a4:9a:00:00:0c:9f:f0:04:08:00 SRC=167.248.133.132 DST=172.104.132.106 LEN=44 TOS=0x00 PREC=0x00 TTL=38 ID=22596 PROTO=TCP SPT=12622 DPT=1723 WINDOW=1024 RES=0x00 SYN URGP=0 
Feb  7 19:27:08 daemon kernel: [  541.541420] [UFW BLOCK] IN=eth0 OUT= MAC=f2:3c:93:50:a4:9a:00:00:0c:9f:f0:04:08:00 SRC=92.255.85.135 DST=172.104.132.106 LEN=60 TOS=0x00 PREC=0x00 TTL=57 ID=29710 DF PROTO=TCP SPT=27402 DPT=22 WINDOW=42340 RES=0x00 SYN URGP=0 
Feb  7 19:27:15 daemon kernel: [  548.588983] [UFW BLOCK] IN=eth0 OUT= MAC=f2:3c:93:50:a4:9a:00:00:0c:9f:f0:04:08:00 SRC=141.105.66.214 DST=172.104.132.106 LEN=40 TOS=0x00 PREC=0x00 TTL=247 ID=51440 PROTO=TCP SPT=57502 DPT=1027 WINDOW=1024 RES=0x00 SYN URGP=0 
Feb  7 19:27:37 daemon kernel: [  571.254793] [UFW BLOCK] IN=eth0 OUT= MAC=f2:3c:93:50:a4:9a:00:00:0c:9f:f0:04:08:00 SRC=199.188.207.76 DST=172.104.132.106 LEN=40 TOS=0x00 PREC=0x00 TTL=56 ID=54554 PROTO=TCP SPT=10675 DPT=23 WINDOW=15267 RES=0x00 SYN URGP=0 
Feb  7 19:27:55 daemon kernel: [  589.332059] [UFW BLOCK] IN=eth0 OUT= MAC=f2:3c:93:50:a4:9a:00:00:0c:9f:f0:04:08:00 SRC=45.134.26.237 DST=172.104.132.106 LEN=40 TOS=0x00 PREC=0x00 TTL=248 ID=13884 PROTO=TCP SPT=48835 DPT=3757 WINDOW=1024 RES=0x00 SYN URGP=0 
Feb  7 19:28:20 daemon kernel: [  614.240434] [UFW BLOCK] IN= OUT=eth0 SRC=172.104.132.106 DST=139.162.228.231 LEN=60 TOS=0x00 PREC=0x00 TTL=64 ID=13631 DF PROTO=TCP SPT=36146 DPT=43 WINDOW=64240 RES=0x00 SYN URGP=0 
Feb  7 19:28:21 daemon kernel: [  615.264436] [UFW BLOCK] IN= OUT=eth0 SRC=172.104.132.106 DST=139.162.228.231 LEN=60 TOS=0x00 PREC=0x00 TTL=64 ID=13632 DF PROTO=TCP SPT=36146 DPT=43 WINDOW=64240 RES=0x00 SYN URGP=0 
Feb  7 19:28:23 daemon kernel: [  617.280473] [UFW BLOCK] IN= OUT=eth0 SRC=172.104.132.106 DST=139.162.228.231 LEN=60 TOS=0x00 PREC=0x00 TTL=64 ID=13633 DF PROTO=TCP SPT=36146 DPT=43 WINDOW=64240 RES=0x00 SYN URGP=0 
Feb  7 19:28:24 daemon kernel: [  617.700376] [UFW BLOCK] IN=eth0 OUT= MAC=f2:3c:93:50:a4:9a:00:00:0c:9f:f0:04:08:00 SRC=106.12.146.208 DST=172.104.132.106 LEN=60 TOS=0x08 PREC=0x60 TTL=46 ID=1365 DF PROTO=TCP SPT=37858 DPT=6379 WINDOW=29200 RES=0x00 SYN URGP=0 
Feb  7 19:28:26 daemon kernel: [  620.218891] [UFW BLOCK] IN=eth0 OUT= MAC=f2:3c:93:50:a4:9a:00:00:0c:9f:f0:04:08:00 SRC=185.156.73.107 DST=172.104.132.106 LEN=40 TOS=0x00 PREC=0x00 TTL=246 ID=34335 PROTO=TCP SPT=57709 DPT=3874 WINDOW=1024 RES=0x00 SYN URGP=0 
Feb  7 19:28:27 daemon kernel: [  621.472466] [UFW BLOCK] IN= OUT=eth0 SRC=172.104.132.106 DST=139.162.228.231 LEN=60 TOS=0x00 PREC=0x00 TTL=64 ID=13634 DF PROTO=TCP SPT=36146 DPT=43 WINDOW=64240 RES=0x00 SYN URGP=0 
Feb  7 19:28:31 daemon kernel: [  624.487305] [UFW BLOCK] IN=eth0 OUT= MAC=f2:3c:93:50:a4:9a:00:00:0c:9f:f0:04:08:00 SRC=79.124.62.78 DST=172.104.132.106 LEN=40 TOS=0x00 PREC=0x00 TTL=247 ID=30217 PROTO=TCP SPT=52191 DPT=20114 WINDOW=1024 RES=0x00 SYN URGP=0 
Feb  7 19:28:35 daemon kernel: [  629.149441] [UFW BLOCK] IN=eth0 OUT= MAC=f2:3c:93:50:a4:9a:00:00:0c:9f:f0:04:08:00 SRC=141.105.66.214 DST=172.104.132.106 LEN=40 TOS=0x00 PREC=0x00 TTL=247 ID=18167 PROTO=TCP SPT=57502 DPT=4500 WINDOW=1024 RES=0x00 SYN URGP=0 
Feb  7 19:28:36 daemon kernel: [  629.664447] [UFW BLOCK] IN= OUT=eth0 SRC=172.104.132.106 DST=139.162.228.231 LEN=60 TOS=0x00 PREC=0x00 TTL=64 ID=13635 DF PROTO=TCP SPT=36146 DPT=43 WINDOW=64240 RES=0x00 SYN URGP=0 
Feb  7 19:28:38 daemon kernel: [  632.216867] [UFW BLOCK] IN=eth0 OUT= MAC=f2:3c:93:50:a4:9a:00:00:0c:9f:f0:04:08:00 SRC=31.209.38.156 DST=172.104.132.106 LEN=60 TOS=0x08 PREC=0x20 TTL=241 ID=9949 DF PROTO=TCP SPT=57746 DPT=22 WINDOW=64240 RES=0x00 SYN URGP=0 
Feb  7 19:28:38 daemon kernel: [  632.430719] [UFW BLOCK] IN=eth0 OUT= MAC=f2:3c:93:50:a4:9a:00:00:0c:9f:f0:04:08:00 SRC=195.54.161.73 DST=172.104.132.106 LEN=40 TOS=0x00 PREC=0x00 TTL=248 ID=7545 PROTO=TCP SPT=48586 DPT=53781 WINDOW=1024 RES=0x00 SYN URGP=0 
Feb  7 19:28:39 daemon kernel: [  633.224258] [UFW BLOCK] IN=eth0 OUT= MAC=f2:3c:93:50:a4:9a:00:00:0c:9f:f0:04:08:00 SRC=31.209.38.156 DST=172.104.132.106 LEN=60 TOS=0x08 PREC=0x20 TTL=241 ID=9950 DF PROTO=TCP SPT=57746 DPT=22 WINDOW=64240 RES=0x00 SYN URGP=0 
Feb  7 19:28:41 daemon kernel: [  635.241307] [UFW BLOCK] IN=eth0 OUT= MAC=f2:3c:93:50:a4:9a:00:00:0c:9f:f0:04:08:00 SRC=31.209.38.156 DST=172.104.132.106 LEN=60 TOS=0x08 PREC=0x20 TTL=241 ID=9951 DF PROTO=TCP SPT=57746 DPT=22 WINDOW=64240 RES=0x00 SYN URGP=0 
Feb  7 19:28:42 daemon kernel: [  635.986364] [UFW BLOCK] IN=eth0 OUT= MAC=f2:3c:93:50:a4:9a:00:00:0c:9f:f0:04:08:00 SRC=183.136.225.42 DST=172.104.132.106 LEN=44 TOS=0x00 PREC=0x00 TTL=111 ID=45192 PROTO=TCP SPT=31916 DPT=4444 WINDOW=29200 RES=0x00 SYN URGP=0 
Feb  7 19:28:44 daemon kernel: [  637.754132] [UFW BLOCK] IN=eth0 OUT= MAC=f2:3c:93:50:a4:9a:00:00:0c:9f:f0:04:08:00 SRC=89.248.163.140 DST=172.104.132.106 LEN=40 TOS=0x00 PREC=0x00 TTL=245 ID=54321 PROTO=TCP SPT=57744 DPT=11678 WINDOW=65535 RES=0x00 SYN URGP=0 
Feb  7 19:28:45 daemon kernel: [  639.465006] [UFW BLOCK] IN=eth0 OUT= MAC=f2:3c:93:50:a4:9a:00:00:0c:9f:f0:04:08:00 SRC=31.209.38.156 DST=172.104.132.106 LEN=60 TOS=0x08 PREC=0x20 TTL=241 ID=9952 DF PROTO=TCP SPT=57746 DPT=22 WINDOW=64240 RES=0x00 SYN URGP=0 
Feb  7 19:29:11 daemon kernel: [  664.530172] [UFW BLOCK] IN=eth0 OUT= MAC=f2:3c:93:50:a4:9a:00:00:0c:9f:f0:04:08:00 SRC=45.145.66.165 DST=172.104.132.106 LEN=40 TOS=0x00 PREC=0x00 TTL=246 ID=2754 PROTO=TCP SPT=44995 DPT=1333 WINDOW=1024 RES=0x00 SYN URGP=0 
Feb  7 19:29:30 daemon kernel: [  684.480319] [UFW BLOCK] IN=eth0 OUT= MAC=f2:3c:93:50:a4:9a:00:00:0c:9f:f0:04:08:00 SRC=185.173.35.41 DST=172.104.132.106 LEN=44 TOS=0x00 PREC=0x00 TTL=238 ID=30822 PROTO=TCP SPT=64545 DPT=5908 WINDOW=1024 RES=0x00 SYN URGP=0 
Feb  7 19:29:50 daemon kernel: [  704.348939] [UFW BLOCK] IN=eth0 OUT= MAC=f2:3c:93:50:a4:9a:00:00:0c:9f:f0:04:08:00 SRC=45.155.205.39 DST=172.104.132.106 LEN=40 TOS=0x00 PREC=0x00 TTL=248 ID=13933 PROTO=TCP SPT=58304 DPT=5096 WINDOW=1024 RES=0x00 SYN URGP=0 
Feb  7 19:29:58 daemon kernel: [  712.395050] conntrack: generic helper won't handle protocol 47. Please consider loading the specific helper module.
Feb  7 19:30:08 daemon kernel: [  722.013479] [UFW BLOCK] IN=eth0 OUT= MAC=f2:3c:93:50:a4:9a:00:00:0c:9f:f0:04:08:00 SRC=45.146.166.112 DST=172.104.132.106 LEN=40 TOS=0x00 PREC=0x00 TTL=249 ID=34594 PROTO=TCP SPT=48599 DPT=38109 WINDOW=1024 RES=0x00 SYN URGP=0 
Feb  7 19:30:12 daemon kernel: [  726.381256] [UFW BLOCK] IN= OUT=eth0 SRC=172.104.132.106 DST=213.209.109.44 LEN=76 TOS=0x10 PREC=0x00 TTL=64 ID=4041 DF PROTO=UDP SPT=33489 DPT=123 LEN=56 
Feb  7 19:30:12 daemon kernel: [  726.382971] [UFW BLOCK] IN= OUT=eth0 SRC=172.104.132.106 DST=195.50.171.101 LEN=76 TOS=0x10 PREC=0x00 TTL=64 ID=29745 DF PROTO=UDP SPT=54562 DPT=123 LEN=56 
Feb  7 19:30:12 daemon kernel: [  726.386468] [UFW BLOCK] IN= OUT=eth0 SRC=172.104.132.106 DST=144.76.76.107 LEN=76 TOS=0x10 PREC=0x00 TTL=64 ID=48973 DF PROTO=UDP SPT=36458 DPT=123 LEN=56 
Feb  7 19:30:12 daemon kernel: [  726.388743] [UFW BLOCK] IN= OUT=eth0 SRC=172.104.132.106 DST=116.203.52.212 LEN=76 TOS=0x10 PREC=0x00 TTL=64 ID=1837 DF PROTO=UDP SPT=56746 DPT=123 LEN=56 
Feb  7 19:30:12 daemon kernel: [  726.391638] [UFW BLOCK] IN= OUT=eth0 SRC=172.104.132.106 DST=200.192.232.8 LEN=76 TOS=0x10 PREC=0x00 TTL=64 ID=22895 DF PROTO=UDP SPT=56705 DPT=123 LEN=56 
Feb  7 19:30:12 daemon kernel: [  726.393972] [UFW BLOCK] IN= OUT=eth0 SRC=172.104.132.106 DST=185.168.228.58 LEN=76 TOS=0x10 PREC=0x00 TTL=64 ID=55830 DF PROTO=UDP SPT=47295 DPT=123 LEN=56 
Feb  7 19:30:12 daemon kernel: [  726.396263] [UFW BLOCK] IN= OUT=eth0 SRC=172.104.132.106 DST=185.117.82.66 LEN=76 TOS=0x10 PREC=0x00 TTL=64 ID=42439 DF PROTO=UDP SPT=49588 DPT=123 LEN=56 
Feb  7 19:30:12 daemon kernel: [  726.398702] [UFW BLOCK] IN= OUT=eth0 SRC=172.104.132.106 DST=194.104.0.153 LEN=76 TOS=0x10 PREC=0x00 TTL=64 ID=48414 DF PROTO=UDP SPT=60296 DPT=123 LEN=56 
Feb  7 19:30:12 daemon kernel: [  726.401784] [UFW BLOCK] IN= OUT=eth0 SRC=172.104.132.106 DST=194.36.144.87 LEN=76 TOS=0x10 PREC=0x00 TTL=64 ID=45514 DF PROTO=UDP SPT=41395 DPT=123 LEN=56 
Feb  7 19:30:12 daemon kernel: [  726.403929] [UFW BLOCK] IN= OUT=eth0 SRC=172.104.132.106 DST=78.46.92.194 LEN=76 TOS=0x10 PREC=0x00 TTL=64 ID=4689 DF PROTO=UDP SPT=50581 DPT=123 LEN=56 
Feb  7 19:30:28 daemon kernel: [  741.820024] [UFW BLOCK] IN=eth0 OUT= MAC=f2:3c:93:50:a4:9a:00:00:0c:9f:f0:04:08:00 SRC=141.105.66.214 DST=172.104.132.106 LEN=40 TOS=0x00 PREC=0x00 TTL=248 ID=16463 PROTO=TCP SPT=57502 DPT=8009 WINDOW=1024 RES=0x00 SYN URGP=0 
Feb  7 19:30:43 daemon kernel: [  756.630194] [UFW BLOCK] IN= OUT=eth0 SRC=172.104.132.106 DST=185.11.138.90 LEN=76 TOS=0x10 PREC=0x00 TTL=64 ID=2650 DF PROTO=UDP SPT=47975 DPT=123 LEN=56 
Feb  7 19:31:02 daemon kernel: [  775.487091] [UFW BLOCK] IN=eth0 OUT= MAC=f2:3c:93:50:a4:9a:00:00:0c:9f:f0:04:08:00 SRC=45.155.205.39 DST=172.104.132.106 LEN=40 TOS=0x00 PREC=0x00 TTL=249 ID=378 PROTO=TCP SPT=58304 DPT=5121 WINDOW=1024 RES=0x00 SYN URGP=0 
Feb  7 19:31:05 daemon kernel: [  778.555843] [UFW BLOCK] IN=eth0 OUT= MAC=f2:3c:93:50:a4:9a:00:00:0c:9f:f0:04:08:00 SRC=141.105.66.214 DST=172.104.132.106 LEN=40 TOS=0x00 PREC=0x00 TTL=248 ID=52778 PROTO=TCP SPT=57502 DPT=8021 WINDOW=1024 RES=0x00 SYN URGP=0 
Feb  7 19:31:37 daemon kernel: [  810.499178] [UFW BLOCK] IN=eth0 OUT= MAC=f2:3c:93:50:a4:9a:00:00:0c:9f:f0:04:08:00 SRC=45.155.205.44 DST=172.104.132.106 LEN=40 TOS=0x00 PREC=0x00 TTL=248 ID=59161 PROTO=TCP SPT=58404 DPT=5596 WINDOW=1024 RES=0x00 SYN URGP=0 
Feb  7 19:31:50 daemon kernel: [  824.138522] [UFW BLOCK] IN=eth0 OUT= MAC=f2:3c:93:50:a4:9a:00:00:0c:9f:f0:04:08:00 SRC=185.56.80.46 DST=172.104.132.106 LEN=40 TOS=0x00 PREC=0x00 TTL=248 ID=54321 PROTO=TCP SPT=19967 DPT=8089 WINDOW=65535 RES=0x00 SYN URGP=0 
Feb  7 19:32:06 daemon kernel: [  839.793054] [UFW BLOCK] IN=eth0 OUT= MAC=f2:3c:93:50:a4:9a:00:00:0c:9f:f0:04:08:00 SRC=141.98.10.25 DST=172.104.132.106 LEN=40 TOS=0x00 PREC=0x00 TTL=244 ID=54321 PROTO=TCP SPT=35311 DPT=5555 WINDOW=65535 RES=0x00 SYN URGP=0 
Feb  7 19:32:24 daemon kernel: [  857.782096] [UFW BLOCK] IN=eth0 OUT= MAC=f2:3c:93:50:a4:9a:00:00:0c:9f:f0:04:08:00 SRC=34.86.35.17 DST=172.104.132.106 LEN=44 TOS=0x00 PREC=0x00 TTL=250 ID=47833 PROTO=TCP SPT=54069 DPT=23 WINDOW=1024 RES=0x00 SYN URGP=0 
Feb  7 19:32:44 daemon kernel: [  878.208327] [UFW BLOCK] IN=eth0 OUT= MAC=f2:3c:93:50:a4:9a:00:00:0c:9f:f0:04:08:00 SRC=78.128.113.250 DST=172.104.132.106 LEN=40 TOS=0x00 PREC=0x00 TTL=247 ID=24865 PROTO=TCP SPT=44009 DPT=1555 WINDOW=1024 RES=0x00 SYN URGP=0 
Feb  7 19:33:19 daemon kernel: [  912.715355] [UFW BLOCK] IN=eth0 OUT= MAC=f2:3c:93:50:a4:9a:00:00:0c:9f:f0:04:08:00 SRC=193.3.19.119 DST=172.104.132.106 LEN=40 TOS=0x00 PREC=0x00 TTL=246 ID=364 PROTO=TCP SPT=43901 DPT=44414 WINDOW=1024 RES=0x00 SYN URGP=0 
Feb  7 19:34:00 daemon kernel: [  953.975655] [UFW BLOCK] IN=eth0 OUT= MAC=f2:3c:93:50:a4:9a:00:00:0c:9f:f0:04:08:00 SRC=79.124.62.78 DST=172.104.132.106 LEN=40 TOS=0x00 PREC=0x00 TTL=247 ID=23687 PROTO=TCP SPT=52191 DPT=9584 WINDOW=1024 RES=0x00 SYN URGP=0 
Feb  7 19:34:05 daemon kernel: [  958.666932] [UFW BLOCK] IN=eth0 OUT= MAC=f2:3c:93:50:a4:9a:00:00:0c:9f:f0:04:08:00 SRC=192.241.212.178 DST=172.104.132.106 LEN=88 TOS=0x00 PREC=0x00 TTL=242 ID=54321 PROTO=UDP SPT=49288 DPT=161 LEN=68 
Feb  7 19:34:17 daemon kernel: [  970.863714] [UFW BLOCK] IN=eth0 OUT= MAC=f2:3c:93:50:a4:9a:00:00:0c:9f:f0:04:08:00 SRC=141.105.66.214 DST=172.104.132.106 LEN=40 TOS=0x00 PREC=0x00 TTL=248 ID=7260 PROTO=TCP SPT=57502 DPT=38012 WINDOW=1024 RES=0x00 SYN URGP=0 
Feb  7 19:34:27 daemon kernel: [  980.778395] [UFW BLOCK] IN=eth0 OUT= MAC=f2:3c:93:50:a4:9a:00:00:0c:9f:f0:04:08:00 SRC=79.124.62.130 DST=172.104.132.106 LEN=40 TOS=0x00 PREC=0x00 TTL=247 ID=18468 PROTO=TCP SPT=52168 DPT=15713 WINDOW=1024 RES=0x00 SYN URGP=0 
Feb  7 19:34:57 daemon kernel: [ 1010.572883] [UFW BLOCK] IN=eth0 OUT= MAC=f2:3c:93:50:a4:9a:00:00:0c:9f:f0:04:08:00 SRC=45.134.26.230 DST=172.104.132.106 LEN=40 TOS=0x00 PREC=0x00 TTL=249 ID=38693 PROTO=TCP SPT=48432 DPT=5932 WINDOW=1024 RES=0x00 SYN URGP=0 
Feb  7 19:35:07 daemon kernel: [ 1021.035903] [UFW BLOCK] IN=eth0 OUT= MAC=f2:3c:93:50:a4:9a:00:00:0c:9f:f0:04:08:00 SRC=89.248.165.145 DST=172.104.132.106 LEN=40 TOS=0x00 PREC=0x00 TTL=245 ID=41077 PROTO=TCP SPT=59777 DPT=13390 WINDOW=1024 RES=0x00 SYN URGP=0 
Feb  7 19:35:26 daemon kernel: [ 1039.744690] [UFW BLOCK] IN=eth0 OUT= MAC=f2:3c:93:50:a4:9a:00:00:0c:9f:f0:04:08:00 SRC=45.145.66.165 DST=172.104.132.106 LEN=40 TOS=0x00 PREC=0x00 TTL=246 ID=57878 PROTO=TCP SPT=44995 DPT=4843 WINDOW=1024 RES=0x00 SYN URGP=0 
