Jan 25 12:24:16 localhost kernel: [    0.000000] Linux version 4.19.0-18-amd64 (debian-kernel@lists.debian.org) (gcc version 8.3.0 (Debian 8.3.0-6)) #1 SMP Debian 4.19.208-1 (2021-09-29)
Jan 25 12:24:16 localhost kernel: [    0.000000] Command line: BOOT_IMAGE=/boot/vmlinuz-4.19.0-18-amd64 root=/dev/sda ro console=ttyS0,19200n8 net.ifnames=0
Jan 25 12:24:16 localhost kernel: [    0.000000] x86/fpu: Supporting XSAVE feature 0x001: 'x87 floating point registers'
Jan 25 12:24:16 localhost kernel: [    0.000000] x86/fpu: Supporting XSAVE feature 0x002: 'SSE registers'
Jan 25 12:24:16 localhost kernel: [    0.000000] x86/fpu: Supporting XSAVE feature 0x004: 'AVX registers'
Jan 25 12:24:16 localhost kernel: [    0.000000] x86/fpu: xstate_offset[2]:  576, xstate_sizes[2]:  256
Jan 25 12:24:16 localhost kernel: [    0.000000] x86/fpu: Enabled xstate features 0x7, context size is 832 bytes, using 'compacted' format.
Jan 25 12:24:16 localhost kernel: [    0.000000] BIOS-provided physical RAM map:
Jan 25 12:24:16 localhost kernel: [    0.000000] BIOS-e820: [mem 0x0000000000000000-0x000000000009fbff] usable
Jan 25 12:24:16 localhost kernel: [    0.000000] BIOS-e820: [mem 0x000000000009fc00-0x000000000009ffff] reserved
Jan 25 12:24:16 localhost kernel: [    0.000000] BIOS-e820: [mem 0x00000000000f0000-0x00000000000fffff] reserved
Jan 25 12:24:16 localhost kernel: [    0.000000] BIOS-e820: [mem 0x0000000000100000-0x000000007ffdbfff] usable
Jan 25 12:24:16 localhost kernel: [    0.000000] BIOS-e820: [mem 0x000000007ffdc000-0x000000007fffffff] reserved
Jan 25 12:24:16 localhost kernel: [    0.000000] BIOS-e820: [mem 0x00000000b0000000-0x00000000bfffffff] reserved
Jan 25 12:24:16 localhost kernel: [    0.000000] BIOS-e820: [mem 0x00000000fed1c000-0x00000000fed1ffff] reserved
Jan 25 12:24:16 localhost kernel: [    0.000000] BIOS-e820: [mem 0x00000000feffc000-0x00000000feffffff] reserved
Jan 25 12:24:16 localhost kernel: [    0.000000] BIOS-e820: [mem 0x00000000fffc0000-0x00000000ffffffff] reserved
Jan 25 12:24:16 localhost kernel: [    0.000000] NX (Execute Disable) protection: active
Jan 25 12:24:16 localhost kernel: [    0.000000] SMBIOS 2.8 present.
Jan 25 12:24:16 localhost kernel: [    0.000000] DMI: QEMU Standard PC (Q35 + ICH9, 2009), BIOS rel-1.12.1-0-ga5cab58e9a3f-prebuilt.qemu.org 04/01/2014
Jan 25 12:24:16 localhost kernel: [    0.000000] Hypervisor detected: KVM
Jan 25 12:24:16 localhost kernel: [    0.000000] kvm-clock: Using msrs 4b564d01 and 4b564d00
Jan 25 12:24:16 localhost kernel: [    0.000000] kvm-clock: cpu 0, msr 6b5ec001, primary cpu clock
Jan 25 12:24:16 localhost kernel: [    0.000000] kvm-clock: using sched offset of 6714634772 cycles
Jan 25 12:24:16 localhost kernel: [    0.000003] clocksource: kvm-clock: mask: 0xffffffffffffffff max_cycles: 0x1cd42e4dffb, max_idle_ns: 881590591483 ns
Jan 25 12:24:16 localhost kernel: [    0.000005] tsc: Detected 2199.998 MHz processor
Jan 25 12:24:16 localhost kernel: [    0.001628] last_pfn = 0x7ffdc max_arch_pfn = 0x400000000
Jan 25 12:24:16 localhost kernel: [    0.001687] x86/PAT: Configuration [0-7]: WB  WC  UC- UC  WB  WP  UC- WT  
Jan 25 12:24:16 localhost kernel: [    0.004544] found SMP MP-table at [mem 0x000f5af0-0x000f5aff]
Jan 25 12:24:16 localhost kernel: [    0.004733] Using GB pages for direct mapping
Jan 25 12:24:16 localhost kernel: [    0.004917] RAMDISK: [mem 0x34f6d000-0x367adfff]
Jan 25 12:24:16 localhost kernel: [    0.004929] ACPI: Early table checksum verification disabled
Jan 25 12:24:16 localhost kernel: [    0.004976] ACPI: RSDP 0x00000000000F5920 000014 (v00 BOCHS )
Jan 25 12:24:16 localhost kernel: [    0.004982] ACPI: RSDT 0x000000007FFE20F4 000034 (v01 BOCHS  BXPCRSDT 00000001 BXPC 00000001)
Jan 25 12:24:16 localhost kernel: [    0.004988] ACPI: FACP 0x000000007FFE1F14 0000F4 (v03 BOCHS  BXPCFACP 00000001 BXPC 00000001)
Jan 25 12:24:16 localhost kernel: [    0.004994] ACPI: DSDT 0x000000007FFE0040 001ED4 (v01 BOCHS  BXPCDSDT 00000001 BXPC 00000001)
Jan 25 12:24:16 localhost kernel: [    0.004998] ACPI: FACS 0x000000007FFE0000 000040
Jan 25 12:24:16 localhost kernel: [    0.005000] ACPI: APIC 0x000000007FFE2008 000078 (v01 BOCHS  BXPCAPIC 00000001 BXPC 00000001)
Jan 25 12:24:16 localhost kernel: [    0.005003] ACPI: HPET 0x000000007FFE2080 000038 (v01 BOCHS  BXPCHPET 00000001 BXPC 00000001)
Jan 25 12:24:16 localhost kernel: [    0.005006] ACPI: MCFG 0x000000007FFE20B8 00003C (v01 BOCHS  BXPCMCFG 00000001 BXPC 00000001)
Jan 25 12:24:16 localhost kernel: [    0.005009] ACPI: Reserving FACP table memory at [mem 0x7ffe1f14-0x7ffe2007]
Jan 25 12:24:16 localhost kernel: [    0.005010] ACPI: Reserving DSDT table memory at [mem 0x7ffe0040-0x7ffe1f13]
Jan 25 12:24:16 localhost kernel: [    0.005011] ACPI: Reserving FACS table memory at [mem 0x7ffe0000-0x7ffe003f]
Jan 25 12:24:16 localhost kernel: [    0.005012] ACPI: Reserving APIC table memory at [mem 0x7ffe2008-0x7ffe207f]
Jan 25 12:24:16 localhost kernel: [    0.005014] ACPI: Reserving HPET table memory at [mem 0x7ffe2080-0x7ffe20b7]
Jan 25 12:24:16 localhost kernel: [    0.005015] ACPI: Reserving MCFG table memory at [mem 0x7ffe20b8-0x7ffe20f3]
Jan 25 12:24:16 localhost kernel: [    0.005434] No NUMA configuration found
Jan 25 12:24:16 localhost kernel: [    0.005436] Faking a node at [mem 0x0000000000000000-0x000000007ffdbfff]
Jan 25 12:24:16 localhost kernel: [    0.005441] NODE_DATA(0) allocated [mem 0x7ffd7000-0x7ffdbfff]
Jan 25 12:24:16 localhost kernel: [    0.005609] Zone ranges:
Jan 25 12:24:16 localhost kernel: [    0.005610]   DMA      [mem 0x0000000000001000-0x0000000000ffffff]
Jan 25 12:24:16 localhost kernel: [    0.005612]   DMA32    [mem 0x0000000001000000-0x000000007ffdbfff]
Jan 25 12:24:16 localhost kernel: [    0.005613]   Normal   empty
Jan 25 12:24:16 localhost kernel: [    0.005614]   Device   empty
Jan 25 12:24:16 localhost kernel: [    0.005615] Movable zone start for each node
Jan 25 12:24:16 localhost kernel: [    0.005616] Early memory node ranges
Jan 25 12:24:16 localhost kernel: [    0.005617]   node   0: [mem 0x0000000000001000-0x000000000009efff]
Jan 25 12:24:16 localhost kernel: [    0.005618]   node   0: [mem 0x0000000000100000-0x000000007ffdbfff]
Jan 25 12:24:16 localhost kernel: [    0.005980] Zeroed struct page in unavailable ranges: 134 pages
Jan 25 12:24:16 localhost kernel: [    0.005981] Initmem setup node 0 [mem 0x0000000000001000-0x000000007ffdbfff]
Jan 25 12:24:16 localhost kernel: [    0.018023] ACPI: PM-Timer IO Port: 0x608
Jan 25 12:24:16 localhost kernel: [    0.018042] ACPI: LAPIC_NMI (acpi_id[0xff] dfl dfl lint[0x1])
Jan 25 12:24:16 localhost kernel: [    0.018085] IOAPIC[0]: apic_id 0, version 17, address 0xfec00000, GSI 0-23
Jan 25 12:24:16 localhost kernel: [    0.018089] ACPI: INT_SRC_OVR (bus 0 bus_irq 0 global_irq 2 dfl dfl)
Jan 25 12:24:16 localhost kernel: [    0.018092] ACPI: INT_SRC_OVR (bus 0 bus_irq 5 global_irq 5 high level)
Jan 25 12:24:16 localhost kernel: [    0.018093] ACPI: INT_SRC_OVR (bus 0 bus_irq 9 global_irq 9 high level)
Jan 25 12:24:16 localhost kernel: [    0.018096] ACPI: INT_SRC_OVR (bus 0 bus_irq 10 global_irq 10 high level)
Jan 25 12:24:16 localhost kernel: [    0.018097] ACPI: INT_SRC_OVR (bus 0 bus_irq 11 global_irq 11 high level)
Jan 25 12:24:16 localhost kernel: [    0.018105] Using ACPI (MADT) for SMP configuration information
Jan 25 12:24:16 localhost kernel: [    0.018107] ACPI: HPET id: 0x8086a201 base: 0xfed00000
Jan 25 12:24:16 localhost kernel: [    0.018113] TSC deadline timer available
Jan 25 12:24:16 localhost kernel: [    0.018119] smpboot: Allowing 1 CPUs, 0 hotplug CPUs
Jan 25 12:24:16 localhost kernel: [    0.018142] PM: Registered nosave memory: [mem 0x00000000-0x00000fff]
Jan 25 12:24:16 localhost kernel: [    0.018144] PM: Registered nosave memory: [mem 0x0009f000-0x0009ffff]
Jan 25 12:24:16 localhost kernel: [    0.018145] PM: Registered nosave memory: [mem 0x000a0000-0x000effff]
Jan 25 12:24:16 localhost kernel: [    0.018146] PM: Registered nosave memory: [mem 0x000f0000-0x000fffff]
Jan 25 12:24:16 localhost kernel: [    0.018148] [mem 0xc0000000-0xfed1bfff] available for PCI devices
Jan 25 12:24:16 localhost kernel: [    0.018149] Booting paravirtualized kernel on KVM
Jan 25 12:24:16 localhost kernel: [    0.018152] clocksource: refined-jiffies: mask: 0xffffffff max_cycles: 0xffffffff, max_idle_ns: 7645519600211568 ns
Jan 25 12:24:16 localhost kernel: [    0.135217] random: get_random_bytes called from start_kernel+0x93/0x52a with crng_init=0
Jan 25 12:24:16 localhost kernel: [    0.135227] setup_percpu: NR_CPUS:512 nr_cpumask_bits:512 nr_cpu_ids:1 nr_node_ids:1
Jan 25 12:24:16 localhost kernel: [    0.135513] percpu: Embedded 45 pages/cpu s144536 r8192 d31592 u2097152
Jan 25 12:24:16 localhost kernel: [    0.135541] KVM setup async PF for cpu 0
Jan 25 12:24:16 localhost kernel: [    0.135547] kvm-stealtime: cpu 0, msr 7da161c0
Jan 25 12:24:16 localhost kernel: [    0.135554] Built 1 zonelists, mobility grouping on.  Total pages: 515941
Jan 25 12:24:16 localhost kernel: [    0.135555] Policy zone: DMA32
Jan 25 12:24:16 localhost kernel: [    0.135557] Kernel command line: BOOT_IMAGE=/boot/vmlinuz-4.19.0-18-amd64 root=/dev/sda ro console=ttyS0,19200n8 net.ifnames=0
Jan 25 12:24:16 localhost kernel: [    0.140051] Memory: 2013832K/2096616K available (10252K kernel code, 1242K rwdata, 3332K rodata, 1596K init, 2260K bss, 82784K reserved, 0K cma-reserved)
Jan 25 12:24:16 localhost kernel: [    0.140447] SLUB: HWalign=64, Order=0-3, MinObjects=0, CPUs=1, Nodes=1
Jan 25 12:24:16 localhost kernel: [    0.140454] ftrace: allocating 32002 entries in 126 pages
Jan 25 12:24:16 localhost kernel: [    0.153326] rcu: Hierarchical RCU implementation.
Jan 25 12:24:16 localhost kernel: [    0.153330] rcu: 	RCU restricting CPUs from NR_CPUS=512 to nr_cpu_ids=1.
Jan 25 12:24:16 localhost kernel: [    0.153331] rcu: Adjusting geometry for rcu_fanout_leaf=16, nr_cpu_ids=1
Jan 25 12:24:16 localhost kernel: [    0.155991] NR_IRQS: 33024, nr_irqs: 256, preallocated irqs: 16
Jan 25 12:24:16 localhost kernel: [    0.172777] Console: colour VGA+ 80x25
Jan 25 12:24:16 localhost kernel: [    0.261968] console [ttyS0] enabled
Jan 25 12:24:16 localhost kernel: [    0.262531] ACPI: Core revision 20180810
Jan 25 12:24:16 localhost kernel: [    0.263397] clocksource: hpet: mask: 0xffffffff max_cycles: 0xffffffff, max_idle_ns: 19112604467 ns
Jan 25 12:24:16 localhost kernel: [    0.264822] APIC: Switch to symmetric I/O mode setup
Jan 25 12:24:16 localhost kernel: [    0.265778] x2apic enabled
Jan 25 12:24:16 localhost kernel: [    0.266392] Switched APIC routing to physical x2apic.
Jan 25 12:24:16 localhost kernel: [    0.267157] KVM setup pv IPIs
Jan 25 12:24:16 localhost kernel: [    0.269748] ..TIMER: vector=0x30 apic1=0 pin1=2 apic2=-1 pin2=-1
Jan 25 12:24:16 localhost kernel: [    0.270723] clocksource: tsc-early: mask: 0xffffffffffffffff max_cycles: 0x1fb63109b96, max_idle_ns: 440795265316 ns
Jan 25 12:24:16 localhost kernel: [    0.272251] Calibrating delay loop (skipped) preset value.. 4399.99 BogoMIPS (lpj=8799992)
Jan 25 12:24:16 localhost kernel: [    0.276246] pid_max: default: 32768 minimum: 301
Jan 25 12:24:16 localhost kernel: [    0.276991] Security Framework initialized
Jan 25 12:24:16 localhost kernel: [    0.277632] Yama: disabled by default; enable with sysctl kernel.yama.*
Jan 25 12:24:16 localhost kernel: [    0.278604] AppArmor: AppArmor initialized
Jan 25 12:24:16 localhost kernel: [    0.280340] Dentry cache hash table entries: 262144 (order: 9, 2097152 bytes)
Jan 25 12:24:16 localhost kernel: [    0.281644] Inode-cache hash table entries: 131072 (order: 8, 1048576 bytes)
Jan 25 12:24:16 localhost kernel: [    0.282667] Mount-cache hash table entries: 4096 (order: 3, 32768 bytes)
Jan 25 12:24:16 localhost kernel: [    0.283665] Mountpoint-cache hash table entries: 4096 (order: 3, 32768 bytes)
Jan 25 12:24:16 localhost kernel: [    0.284552] Last level iTLB entries: 4KB 512, 2MB 255, 4MB 127
Jan 25 12:24:16 localhost kernel: [    0.285466] Last level dTLB entries: 4KB 512, 2MB 255, 4MB 127, 1GB 0
Jan 25 12:24:16 localhost kernel: [    0.286403] Spectre V1 : Mitigation: usercopy/swapgs barriers and __user pointer sanitization
Jan 25 12:24:16 localhost kernel: [    0.287620] Spectre V2 : Mitigation: Full AMD retpoline
Jan 25 12:24:16 localhost kernel: [    0.288244] Spectre V2 : Spectre v2 / SpectreRSB mitigation: Filling RSB on context switch
Jan 25 12:24:16 localhost kernel: [    0.289499] Spectre V2 : mitigation: Enabling conditional Indirect Branch Prediction Barrier
Jan 25 12:24:16 localhost kernel: [    0.290701] Speculative Store Bypass: Mitigation: Speculative Store Bypass disabled via prctl and seccomp
Jan 25 12:24:16 localhost kernel: [    0.296725] Freeing SMP alternatives memory: 24K
Jan 25 12:24:16 localhost kernel: [    0.299149] smpboot: CPU0: AMD EPYC 7601 32-Core Processor (family: 0x17, model: 0x1, stepping: 0x2)
Jan 25 12:24:16 localhost kernel: [    0.300241] Performance Events: Fam17h core perfctr, AMD PMU driver.
Jan 25 12:24:16 localhost kernel: [    0.300241] ... version:                0
Jan 25 12:24:16 localhost kernel: [    0.300241] ... bit width:              48
Jan 25 12:24:16 localhost kernel: [    0.300241] ... generic registers:      6
Jan 25 12:24:16 localhost kernel: [    0.300249] ... value mask:             0000ffffffffffff
Jan 25 12:24:16 localhost kernel: [    0.301095] ... max period:             00007fffffffffff
Jan 25 12:24:16 localhost kernel: [    0.301929] ... fixed-purpose events:   0
Jan 25 12:24:16 localhost kernel: [    0.302538] ... event mask:             000000000000003f
Jan 25 12:24:16 localhost kernel: [    0.303417] rcu: Hierarchical SRCU implementation.
Jan 25 12:24:16 localhost kernel: [    0.304547] random: crng done (trusting CPU's manufacturer)
Jan 25 12:24:16 localhost kernel: [    0.305453] smp: Bringing up secondary CPUs ...
Jan 25 12:24:16 localhost kernel: [    0.306146] smp: Brought up 1 node, 1 CPU
Jan 25 12:24:16 localhost kernel: [    0.306818] smpboot: Max logical packages: 1
Jan 25 12:24:16 localhost kernel: [    0.307462] smpboot: Total of 1 processors activated (4399.99 BogoMIPS)
Jan 25 12:24:16 localhost kernel: [    0.308469] devtmpfs: initialized
Jan 25 12:24:16 localhost kernel: [    0.309037] x86/mm: Memory block size: 128MB
Jan 25 12:24:16 localhost kernel: [    0.309975] clocksource: jiffies: mask: 0xffffffff max_cycles: 0xffffffff, max_idle_ns: 7645041785100000 ns
Jan 25 12:24:16 localhost kernel: [    0.311473] futex hash table entries: 256 (order: 2, 16384 bytes)
Jan 25 12:24:16 localhost kernel: [    0.312294] pinctrl core: initialized pinctrl subsystem
Jan 25 12:24:16 localhost kernel: [    0.313255] NET: Registered protocol family 16
Jan 25 12:24:16 localhost kernel: [    0.314010] audit: initializing netlink subsys (disabled)
Jan 25 12:24:16 localhost kernel: [    0.314911] cpuidle: using governor ladder
Jan 25 12:24:16 localhost kernel: [    0.315513] cpuidle: using governor menu
Jan 25 12:24:16 localhost kernel: [    0.316614] KVM setup pv remote TLB flush
Jan 25 12:24:16 localhost kernel: [    0.317200] ACPI: bus type PCI registered
Jan 25 12:24:16 localhost kernel: [    0.317784] acpiphp: ACPI Hot Plug PCI Controller Driver version: 0.5
Jan 25 12:24:16 localhost kernel: [    0.318825] PCI: MMCONFIG for domain 0000 [bus 00-ff] at [mem 0xb0000000-0xbfffffff] (base 0xb0000000)
Jan 25 12:24:16 localhost kernel: [    0.320229] PCI: MMCONFIG at [mem 0xb0000000-0xbfffffff] reserved in E820
Jan 25 12:24:16 localhost kernel: [    0.320256] audit: type=2000 audit(1643113452.498:1): state=initialized audit_enabled=0 res=1
Jan 25 12:24:16 localhost kernel: [    0.321576] PCI: Using configuration type 1 for base access
Jan 25 12:24:16 localhost kernel: [    0.323204] HugeTLB registered 1.00 GiB page size, pre-allocated 0 pages
Jan 25 12:24:16 localhost kernel: [    0.324251] HugeTLB registered 2.00 MiB page size, pre-allocated 0 pages
Jan 25 12:24:16 localhost kernel: [    0.325444] ACPI: Added _OSI(Module Device)
Jan 25 12:24:16 localhost kernel: [    0.326058] ACPI: Added _OSI(Processor Device)
Jan 25 12:24:16 localhost kernel: [    0.326693] ACPI: Added _OSI(3.0 _SCP Extensions)
Jan 25 12:24:16 localhost kernel: [    0.327397] ACPI: Added _OSI(Processor Aggregator Device)
Jan 25 12:24:16 localhost kernel: [    0.328175] ACPI: Added _OSI(Linux-Dell-Video)
Jan 25 12:24:16 localhost kernel: [    0.328256] ACPI: Added _OSI(Linux-Lenovo-NV-HDMI-Audio)
Jan 25 12:24:16 localhost kernel: [    0.330039] ACPI: 1 ACPI AML tables successfully acquired and loaded
Jan 25 12:24:16 localhost kernel: [    0.332448] ACPI: Interpreter enabled
Jan 25 12:24:16 localhost kernel: [    0.333040] ACPI: (supports S0 S3 S4 S5)
Jan 25 12:24:16 localhost kernel: [    0.333638] ACPI: Using IOAPIC for interrupt routing
Jan 25 12:24:16 localhost kernel: [    0.334469] PCI: Using host bridge windows from ACPI; if necessary, use "pci=nocrs" and report a bug
Jan 25 12:24:16 localhost kernel: [    0.335942] ACPI: Enabled 1 GPEs in block 00 to 3F
Jan 25 12:24:16 localhost kernel: [    0.338043] ACPI: PCI Root Bridge [PCI0] (domain 0000 [bus 00-ff])
Jan 25 12:24:16 localhost kernel: [    0.339003] acpi PNP0A08:00: _OSC: OS supports [ExtendedConfig ASPM ClockPM Segments MSI]
Jan 25 12:24:16 localhost kernel: [    0.340296] acpi PNP0A08:00: _OSC: platform does not support [LTR]
Jan 25 12:24:16 localhost kernel: [    0.341307] acpi PNP0A08:00: _OSC: OS now controls [PCIeHotplug SHPCHotplug PME AER PCIeCapability]
Jan 25 12:24:16 localhost kernel: [    0.342811] PCI host bridge to bus 0000:00
Jan 25 12:24:16 localhost kernel: [    0.343454] pci_bus 0000:00: root bus resource [io  0x0000-0x0cf7 window]
Jan 25 12:24:16 localhost kernel: [    0.344248] pci_bus 0000:00: root bus resource [io  0x0d00-0xffff window]
Jan 25 12:24:16 localhost kernel: [    0.345267] pci_bus 0000:00: root bus resource [mem 0x000a0000-0x000bffff window]
Jan 25 12:24:16 localhost kernel: [    0.346377] pci_bus 0000:00: root bus resource [mem 0x80000000-0xafffffff window]
Jan 25 12:24:16 localhost kernel: [    0.347446] pci_bus 0000:00: root bus resource [mem 0xc0000000-0xfebfffff window]
Jan 25 12:24:16 localhost kernel: [    0.348264] pci_bus 0000:00: root bus resource [mem 0x100000000-0x8ffffffff window]
Jan 25 12:24:16 localhost kernel: [    0.349473] pci_bus 0000:00: root bus resource [bus 00-ff]
Jan 25 12:24:16 localhost kernel: [    0.395072] pci 0000:00:1f.0: quirk: [io  0x0600-0x067f] claimed by ICH6 ACPI/GPIO/TCO
Jan 25 12:24:16 localhost kernel: [    0.409023] ACPI: PCI Interrupt Link [LNKA] (IRQs 5 *10 11)
Jan 25 12:24:16 localhost kernel: [    0.409970] ACPI: PCI Interrupt Link [LNKB] (IRQs 5 *10 11)
Jan 25 12:24:16 localhost kernel: [    0.410910] ACPI: PCI Interrupt Link [LNKC] (IRQs 5 10 *11)
Jan 25 12:24:16 localhost kernel: [    0.411836] ACPI: PCI Interrupt Link [LNKD] (IRQs 5 10 *11)
Jan 25 12:24:16 localhost kernel: [    0.412322] ACPI: PCI Interrupt Link [LNKE] (IRQs 5 *10 11)
Jan 25 12:24:16 localhost kernel: [    0.413571] ACPI: PCI Interrupt Link [LNKF] (IRQs 5 *10 11)
Jan 25 12:24:16 localhost kernel: [    0.414476] ACPI: PCI Interrupt Link [LNKG] (IRQs 5 10 *11)
Jan 25 12:24:16 localhost kernel: [    0.415390] ACPI: PCI Interrupt Link [LNKH] (IRQs 5 10 *11)
Jan 25 12:24:16 localhost kernel: [    0.416279] ACPI: PCI Interrupt Link [GSIA] (IRQs *16)
Jan 25 12:24:16 localhost kernel: [    0.417049] ACPI: PCI Interrupt Link [GSIB] (IRQs *17)
Jan 25 12:24:16 localhost kernel: [    0.417796] ACPI: PCI Interrupt Link [GSIC] (IRQs *18)
Jan 25 12:24:16 localhost kernel: [    0.418519] ACPI: PCI Interrupt Link [GSID] (IRQs *19)
Jan 25 12:24:16 localhost kernel: [    0.419240] ACPI: PCI Interrupt Link [GSIE] (IRQs *20)
Jan 25 12:24:16 localhost kernel: [    0.419962] ACPI: PCI Interrupt Link [GSIF] (IRQs *21)
Jan 25 12:24:16 localhost kernel: [    0.420256] ACPI: PCI Interrupt Link [GSIG] (IRQs *22)
Jan 25 12:24:16 localhost kernel: [    0.421031] ACPI: PCI Interrupt Link [GSIH] (IRQs *23)
Jan 25 12:24:16 localhost kernel: [    0.421964] pci 0000:00:01.0: vgaarb: setting as boot VGA device
Jan 25 12:24:16 localhost kernel: [    0.422868] pci 0000:00:01.0: vgaarb: VGA device added: decodes=io+mem,owns=io+mem,locks=none
Jan 25 12:24:16 localhost kernel: [    0.424160] pci 0000:00:01.0: vgaarb: bridge control possible
Jan 25 12:24:16 localhost kernel: [    0.424247] vgaarb: loaded
Jan 25 12:24:16 localhost kernel: [    0.424698] pps_core: LinuxPPS API ver. 1 registered
Jan 25 12:24:16 localhost kernel: [    0.425417] pps_core: Software ver. 5.3.6 - Copyright 2005-2007 Rodolfo Giometti <giometti@linux.it>
Jan 25 12:24:16 localhost kernel: [    0.426683] PTP clock support registered
Jan 25 12:24:16 localhost kernel: [    0.427261] EDAC MC: Ver: 3.0.0
Jan 25 12:24:16 localhost kernel: [    0.427884] PCI: Using ACPI for IRQ routing
Jan 25 12:24:16 localhost kernel: [    0.474144] hpet0: at MMIO 0xfed00000, IRQs 2, 8, 0
Jan 25 12:24:16 localhost kernel: [    0.474891] hpet0: 3 comparators, 64-bit 100.000000 MHz counter
Jan 25 12:24:16 localhost kernel: [    0.478323] clocksource: Switched to clocksource kvm-clock
Jan 25 12:24:16 localhost kernel: [    0.486525] VFS: Disk quotas dquot_6.6.0
Jan 25 12:24:16 localhost kernel: [    0.487154] VFS: Dquot-cache hash table entries: 512 (order 0, 4096 bytes)
Jan 25 12:24:16 localhost kernel: [    0.488340] AppArmor: AppArmor Filesystem Enabled
Jan 25 12:24:16 localhost kernel: [    0.489082] pnp: PnP ACPI init
Jan 25 12:24:16 localhost kernel: [    0.489983] pnp: PnP ACPI: found 4 devices
Jan 25 12:24:16 localhost kernel: [    0.496186] clocksource: acpi_pm: mask: 0xffffff max_cycles: 0xffffff, max_idle_ns: 2085701024 ns
Jan 25 12:24:16 localhost kernel: [    0.497579] NET: Registered protocol family 2
Jan 25 12:24:16 localhost kernel: [    0.498306] IP idents hash table entries: 32768 (order: 6, 262144 bytes)
Jan 25 12:24:16 localhost kernel: [    0.499650] tcp_listen_portaddr_hash hash table entries: 1024 (order: 2, 16384 bytes)
Jan 25 12:24:16 localhost kernel: [    0.500847] TCP established hash table entries: 16384 (order: 5, 131072 bytes)
Jan 25 12:24:16 localhost kernel: [    0.501957] TCP bind hash table entries: 16384 (order: 6, 262144 bytes)
Jan 25 12:24:16 localhost kernel: [    0.503014] TCP: Hash tables configured (established 16384 bind 16384)
Jan 25 12:24:16 localhost kernel: [    0.503970] UDP hash table entries: 1024 (order: 3, 32768 bytes)
Jan 25 12:24:16 localhost kernel: [    0.504920] UDP-Lite hash table entries: 1024 (order: 3, 32768 bytes)
Jan 25 12:24:16 localhost kernel: [    0.505942] NET: Registered protocol family 1
Jan 25 12:24:16 localhost kernel: [    0.506607] NET: Registered protocol family 44
Jan 25 12:24:16 localhost kernel: [    0.507295] pci 0000:00:01.0: Video device with shadowed ROM at [mem 0x000c0000-0x000dffff]
Jan 25 12:24:16 localhost kernel: [    0.508632] Unpacking initramfs...
Jan 25 12:24:16 localhost kernel: [    0.938958] Freeing initrd memory: 24836K
Jan 25 12:24:16 localhost kernel: [    0.939699] clocksource: tsc: mask: 0xffffffffffffffff max_cycles: 0x1fb63109b96, max_idle_ns: 440795265316 ns
Jan 25 12:24:16 localhost kernel: [    0.941663] Initialise system trusted keyrings
Jan 25 12:24:16 localhost kernel: [    0.942316] Key type blacklist registered
Jan 25 12:24:16 localhost kernel: [    0.942923] workingset: timestamp_bits=40 max_order=19 bucket_order=0
Jan 25 12:24:16 localhost kernel: [    0.944903] zbud: loaded
Jan 25 12:24:16 localhost kernel: [    1.075688] Key type asymmetric registered
Jan 25 12:24:16 localhost kernel: [    1.076346] Asymmetric key parser 'x509' registered
Jan 25 12:24:16 localhost kernel: [    1.077057] Block layer SCSI generic (bsg) driver version 0.4 loaded (major 247)
Jan 25 12:24:16 localhost kernel: [    1.078220] io scheduler noop registered
Jan 25 12:24:16 localhost kernel: [    1.078791] io scheduler deadline registered
Jan 25 12:24:16 localhost kernel: [    1.079466] io scheduler cfq registered (default)
Jan 25 12:24:16 localhost kernel: [    1.080151] io scheduler mq-deadline registered
Jan 25 12:24:16 localhost kernel: [    1.080916] shpchp: Standard Hot Plug PCI Controller Driver version: 0.4
Jan 25 12:24:16 localhost kernel: [    1.082004] Serial: 8250/16550 driver, 4 ports, IRQ sharing enabled
Jan 25 12:24:16 localhost kernel: [    1.106672] 00:03: ttyS0 at I/O 0x3f8 (irq = 4, base_baud = 115200) is a 16550A
Jan 25 12:24:16 localhost kernel: [    1.108151] Linux agpgart interface v0.103
Jan 25 12:24:16 localhost kernel: [    1.108826] AMD IOMMUv2 driver by Joerg Roedel <jroedel@suse.de>
Jan 25 12:24:16 localhost kernel: [    1.109688] AMD IOMMUv2 functionality not available on this system
Jan 25 12:24:16 localhost kernel: [    1.110700] i8042: PNP: PS/2 Controller [PNP0303:KBD,PNP0f13:MOU] at 0x60,0x64 irq 1,12
Jan 25 12:24:16 localhost kernel: [    1.112543] serio: i8042 KBD port at 0x60,0x64 irq 1
Jan 25 12:24:16 localhost kernel: [    1.113258] serio: i8042 AUX port at 0x60,0x64 irq 12
Jan 25 12:24:16 localhost kernel: [    1.114082] mousedev: PS/2 mouse device common for all mice
Jan 25 12:24:16 localhost kernel: [    1.115138] input: AT Translated Set 2 keyboard as /devices/platform/i8042/serio0/input/input0
Jan 25 12:24:16 localhost kernel: [    1.116629] rtc_cmos 00:00: RTC can wake from S4
Jan 25 12:24:16 localhost kernel: [    1.117746] rtc_cmos 00:00: registered as rtc0
Jan 25 12:24:16 localhost kernel: [    1.118429] rtc_cmos 00:00: alarms up to one day, y3k, 114 bytes nvram, hpet irqs
Jan 25 12:24:16 localhost kernel: [    1.119497] ledtrig-cpu: registered to indicate activity on CPUs
Jan 25 12:24:16 localhost kernel: [    1.120602] NET: Registered protocol family 10
Jan 25 12:24:16 localhost kernel: [    1.126379] Segment Routing with IPv6
Jan 25 12:24:16 localhost kernel: [    1.126964] mip6: Mobile IPv6
Jan 25 12:24:16 localhost kernel: [    1.127407] NET: Registered protocol family 17
Jan 25 12:24:16 localhost kernel: [    1.128080] mpls_gso: MPLS GSO support
Jan 25 12:24:16 localhost kernel: [    1.128791] mce: Using 10 MCE banks
Jan 25 12:24:16 localhost kernel: [    1.129317] sched_clock: Marking stable (1016609945, 112097686)->(1142339459, -13631828)
Jan 25 12:24:16 localhost kernel: [    1.130557] registered taskstats version 1
Jan 25 12:24:16 localhost kernel: [    1.131139] Loading compiled-in X.509 certificates
Jan 25 12:24:16 localhost kernel: [    1.161907] Loaded X.509 cert 'Debian Secure Boot CA: 6ccece7e4c6c0d1f6149f3dd27dfcc5cbb419ea1'
Jan 25 12:24:16 localhost kernel: [    1.163189] Loaded X.509 cert 'Debian Secure Boot Signer 2021 - linux: 4b6ef5abca669825178e052c84667ccbc0531f8c'
Jan 25 12:24:16 localhost kernel: [    1.164718] zswap: loaded using pool lzo/zbud
Jan 25 12:24:16 localhost kernel: [    1.165389] AppArmor: AppArmor sha1 policy hashing enabled
Jan 25 12:24:16 localhost kernel: [    1.166494] rtc_cmos 00:00: setting system clock to 2022-01-25 12:24:12 UTC (1643113452)
Jan 25 12:24:16 localhost kernel: [    1.169453] Freeing unused kernel image memory: 1596K
Jan 25 12:24:16 localhost kernel: [    1.180274] Write protecting the kernel read-only data: 16384k
Jan 25 12:24:16 localhost kernel: [    1.181543] Freeing unused kernel image memory: 2028K
Jan 25 12:24:16 localhost kernel: [    1.182377] Freeing unused kernel image memory: 764K
Jan 25 12:24:16 localhost kernel: [    1.191712] x86/mm: Checked W+X mappings: passed, no W+X pages found.
Jan 25 12:24:16 localhost kernel: [    1.192650] Run /init as init process
Jan 25 12:24:16 localhost kernel: [    1.255364] PCI Interrupt Link [GSIG] enabled at IRQ 22
Jan 25 12:24:16 localhost kernel: [    1.259692] lpc_ich 0000:00:1f.0: I/O space for GPIO uninitialized
Jan 25 12:24:16 localhost kernel: [    1.268600] PCI Interrupt Link [GSIA] enabled at IRQ 16
Jan 25 12:24:16 localhost kernel: [    1.269462] i801_smbus 0000:00:1f.3: SMBus using PCI interrupt
Jan 25 12:24:16 localhost kernel: [    1.281437] cryptd: max_cpu_qlen set to 1000
Jan 25 12:24:16 localhost kernel: [    1.289491] PCI Interrupt Link [GSIH] enabled at IRQ 23
Jan 25 12:24:16 localhost kernel: [    1.295329] SCSI subsystem initialized
Jan 25 12:24:16 localhost kernel: [    1.306276] input: VirtualPS/2 VMware VMMouse as /devices/platform/i8042/serio1/input/input3
Jan 25 12:24:16 localhost kernel: [    1.307763] input: VirtualPS/2 VMware VMMouse as /devices/platform/i8042/serio1/input/input2
Jan 25 12:24:16 localhost kernel: [    1.317811] PCI Interrupt Link [GSIE] enabled at IRQ 20
Jan 25 12:24:16 localhost kernel: [    1.322979] AVX2 version of gcm_enc/dec engaged.
Jan 25 12:24:16 localhost kernel: [    1.323710] AES CTR mode by8 optimization enabled
Jan 25 12:24:16 localhost kernel: [    1.347481] scsi host0: Virtio SCSI HBA
Jan 25 12:24:16 localhost kernel: [    1.349275] scsi 0:0:0:0: Direct-Access     QEMU     QEMU HARDDISK    2.5+ PQ: 0 ANSI: 5
Jan 25 12:24:16 localhost kernel: [    1.355951] scsi host1: Virtio SCSI HBA
Jan 25 12:24:16 localhost kernel: [    1.359334] scsi 1:0:1:2: Direct-Access     QEMU     QEMU HARDDISK    2.5+ PQ: 0 ANSI: 5
Jan 25 12:24:16 localhost kernel: [    1.367550] ahci 0000:00:1f.2: AHCI 0001.0000 32 slots 6 ports 1.5 Gbps 0x3f impl SATA mode
Jan 25 12:24:16 localhost kernel: [    1.368915] ahci 0000:00:1f.2: flags: 64bit ncq only 
Jan 25 12:24:16 localhost kernel: [    1.390855] scsi host2: ahci
Jan 25 12:24:16 localhost kernel: [    1.398937] scsi host3: ahci
Jan 25 12:24:16 localhost kernel: [    1.403104] scsi host4: ahci
Jan 25 12:24:16 localhost kernel: [    1.412335] scsi host5: ahci
Jan 25 12:24:16 localhost kernel: [    1.416664] scsi host6: ahci
Jan 25 12:24:16 localhost kernel: [    1.421721] scsi host7: ahci
Jan 25 12:24:16 localhost kernel: [    1.422289] ata1: SATA max UDMA/133 abar m4096@0xfebd4000 port 0xfebd4100 irq 32
Jan 25 12:24:16 localhost kernel: [    1.423412] ata2: SATA max UDMA/133 abar m4096@0xfebd4000 port 0xfebd4180 irq 32
Jan 25 12:24:16 localhost kernel: [    1.424596] ata3: SATA max UDMA/133 abar m4096@0xfebd4000 port 0xfebd4200 irq 32
Jan 25 12:24:16 localhost kernel: [    1.425720] ata4: SATA max UDMA/133 abar m4096@0xfebd4000 port 0xfebd4280 irq 32
Jan 25 12:24:16 localhost kernel: [    1.426848] ata5: SATA max UDMA/133 abar m4096@0xfebd4000 port 0xfebd4300 irq 32
Jan 25 12:24:16 localhost kernel: [    1.427984] ata6: SATA max UDMA/133 abar m4096@0xfebd4000 port 0xfebd4380 irq 32
Jan 25 12:24:16 localhost kernel: [    1.469202] sd 0:0:0:0: Power-on or device reset occurred
Jan 25 12:24:16 localhost kernel: [    1.470252] sd 1:0:1:2: Power-on or device reset occurred
Jan 25 12:24:16 localhost kernel: [    1.471234] sd 0:0:0:0: [sda] 103809024 512-byte logical blocks: (53.2 GB/49.5 GiB)
Jan 25 12:24:16 localhost kernel: [    1.472518] sd 1:0:1:2: [sdb] 1048576 512-byte logical blocks: (537 MB/512 MiB)
Jan 25 12:24:16 localhost kernel: [    1.473679] sd 1:0:1:2: [sdb] Write Protect is off
Jan 25 12:24:16 localhost kernel: [    1.474727] sd 1:0:1:2: [sdb] Write cache: enabled, read cache: enabled, doesn't support DPO or FUA
Jan 25 12:24:16 localhost rsyslogd: imuxsock: Acquired UNIX socket '/run/systemd/journal/syslog' (fd 3) from systemd.  [v8.1901.0]
Jan 25 12:24:16 localhost rsyslogd:  [origin software="rsyslogd" swVersion="8.1901.0" x-pid="447" x-info="https://www.rsyslog.com"] start
Jan 25 12:24:16 localhost kernel: [    1.476302] sd 0:0:0:0: [sda] Write Protect is off
Jan 25 12:24:16 localhost kernel: [    1.478438] sd 0:0:0:0: [sda] Write cache: enabled, read cache: enabled, doesn't support DPO or FUA
Jan 25 12:24:16 localhost kernel: [    1.482477] sd 1:0:1:2: [sdb] Attached SCSI disk
Jan 25 12:24:16 localhost kernel: [    1.483307] sd 0:0:0:0: [sda] Attached SCSI disk
Jan 25 12:24:16 localhost kernel: [    1.743002] ata1: SATA link down (SStatus 0 SControl 300)
Jan 25 12:24:16 localhost kernel: [    1.746817] ata3: SATA link down (SStatus 0 SControl 300)
Jan 25 12:24:16 localhost kernel: [    1.747768] ata2: SATA link down (SStatus 0 SControl 300)
Jan 25 12:24:16 localhost kernel: [    1.750808] ata4: SATA link down (SStatus 0 SControl 300)
Jan 25 12:24:16 localhost kernel: [    1.751777] ata5: SATA link down (SStatus 0 SControl 300)
Jan 25 12:24:16 localhost kernel: [    1.755215] ata6: SATA link down (SStatus 0 SControl 300)
Jan 25 12:24:16 localhost kernel: [    1.861630] EXT4-fs (sda): mounted filesystem with ordered data mode. Opts: (null)
Jan 25 12:24:16 localhost kernel: [    2.314954] EXT4-fs (sda): re-mounted. Opts: errors=remount-ro
Jan 25 12:24:16 localhost kernel: [    2.625295] input: Power Button as /devices/LNXSYSTM:00/LNXPWRBN:00/input/input4
Jan 25 12:24:16 localhost kernel: [    2.644327] ACPI: Power Button [PWRF]
Jan 25 12:24:16 localhost kernel: [    2.680995] iTCO_vendor_support: vendor-support=0
Jan 25 12:24:16 localhost kernel: [    2.683266] iTCO_wdt: Intel TCO WatchDog Timer Driver v1.11
Jan 25 12:24:16 localhost kernel: [    2.689774] iTCO_wdt: Found a ICH9 TCO device (Version=2, TCOBASE=0x0660)
Jan 25 12:24:16 localhost kernel: [    2.696624] sd 0:0:0:0: Attached scsi generic sg0 type 0
Jan 25 12:24:16 localhost kernel: [    2.709932] iTCO_wdt: initialized. heartbeat=30 sec (nowayout=0)
Jan 25 12:24:16 localhost kernel: [    2.728326] sd 1:0:1:2: Attached scsi generic sg1 type 0
Jan 25 12:24:16 localhost kernel: [    2.729772] input: PC Speaker as /devices/platform/pcspkr/input/input5
Jan 25 12:24:16 localhost kernel: [    2.883429] Decoding supported only on Scalable MCA processors.
Jan 25 12:24:16 localhost kernel: [    2.984685] [drm] Found bochs VGA, ID 0xb0c0.
Jan 25 12:24:16 localhost kernel: [    2.985395] [drm] Framebuffer size 16384 kB @ 0xfd000000, mmio @ 0xfebd0000.
Jan 25 12:24:16 localhost kernel: [    3.006506] [TTM] Zone  kernel: Available graphics memory: 1021540 kiB
Jan 25 12:24:16 localhost kernel: [    3.006507] [TTM] Initializing pool allocator
Jan 25 12:24:16 localhost kernel: [    3.006511] [TTM] Initializing DMA pool allocator
Jan 25 12:24:16 localhost kernel: [    3.121280] audit: type=1400 audit(1643113454.452:2): apparmor="STATUS" operation="profile_load" profile="unconfined" name="nvidia_modprobe" pid=290 comm="apparmor_parser"
Jan 25 12:24:16 localhost kernel: [    3.125446] audit: type=1400 audit(1643113454.456:3): apparmor="STATUS" operation="profile_load" profile="unconfined" name="nvidia_modprobe//kmod" pid=290 comm="apparmor_parser"
Jan 25 12:24:16 localhost kernel: [    3.130590] Adding 524284k swap on /dev/sdb.  Priority:-2 extents:1 across:524284k FS
Jan 25 12:24:16 localhost kernel: [    3.144748] fbcon: bochsdrmfb (fb0) is primary device
Jan 25 12:24:16 localhost kernel: [    3.328293] Console: switching to colour frame buffer device 128x48
Jan 25 12:24:16 localhost kernel: [    3.421816] audit: type=1400 audit(1643113454.752:4): apparmor="STATUS" operation="profile_load" profile="unconfined" name="/usr/bin/man" pid=333 comm="apparmor_parser"
Jan 25 12:24:16 localhost kernel: [    3.422119] audit: type=1400 audit(1643113454.752:5): apparmor="STATUS" operation="profile_load" profile="unconfined" name="man_filter" pid=333 comm="apparmor_parser"
Jan 25 12:24:16 localhost kernel: [    3.424041] audit: type=1400 audit(1643113454.752:6): apparmor="STATUS" operation="profile_load" profile="unconfined" name="man_groff" pid=333 comm="apparmor_parser"
Jan 25 12:24:16 localhost kernel: [    3.452277] bochs-drm 0000:00:01.0: fb0: bochsdrmfb frame buffer device
Jan 25 12:24:16 localhost kernel: [    3.456724] [drm] Initialized bochs-drm 1.0.0 20130925 for 0000:00:01.0 on minor 0
Jan 25 12:24:16 localhost kernel: [    3.570802] audit: type=1400 audit(1643113454.900:7): apparmor="STATUS" operation="profile_load" profile="unconfined" name="/usr/sbin/haveged" pid=336 comm="apparmor_parser"
Jan 25 12:24:17 localhost ec2: 
Jan 25 12:24:17 localhost ec2: #############################################################
Jan 25 12:24:17 localhost ec2: -----BEGIN SSH HOST KEY FINGERPRINTS-----
Jan 25 12:24:17 localhost ec2: 1024 SHA256:XKgFsM8lmZdkI4v+5kZfficCU/naf0afY60yGF1UeSk root@localhost (DSA)
Jan 25 12:24:17 localhost ec2: 256 SHA256:Wzby5WlGXUzE/6om1jCGBgXr5YTPO0lCW68ex4w8lsE root@localhost (ECDSA)
Jan 25 12:24:17 localhost ec2: 256 SHA256:dVxhSwhdYq9FCDQn7Z3qQAe0m6i6IfJxFQ20KdZ/QZQ root@localhost (ED25519)
Jan 25 12:24:17 localhost ec2: 2048 SHA256:wj83hPttTVgaHpI44c8wJjU79xBB8PMUjLiXIAHeAHw root@localhost (RSA)
Jan 25 12:24:17 localhost ec2: -----END SSH HOST KEY FINGERPRINTS-----
Jan 25 12:24:17 localhost ec2: #############################################################
Jan 25 12:55:29 localhost kernel: [ 1877.544754] psmouse serio1: VMMouse at isa0060/serio1/input0 lost sync at byte 1
Jan 25 12:55:29 localhost kernel: [ 1877.554082] psmouse serio1: VMMouse at isa0060/serio1/input0 - driver resynced.
Jan 25 12:55:29 localhost kernel: [ 1877.556723] psmouse serio1: VMMouse at isa0060/serio1/input0 lost sync at byte 1
Jan 25 12:55:30 localhost kernel: [ 1877.938809] psmouse serio1: VMMouse at isa0060/serio1/input0 - driver resynced.
Jan 25 12:55:58 localhost kernel: [ 1906.180202] psmouse serio1: VMMouse at isa0060/serio1/input0 lost synchronization, throwing 1 bytes away.
Jan 26 14:39:14 daemon rsyslogd: imuxsock: Acquired UNIX socket '/run/systemd/journal/syslog' (fd 3) from systemd.  [v8.1901.0]
Jan 26 14:39:14 daemon rsyslogd:  [origin software="rsyslogd" swVersion="8.1901.0" x-pid="365" x-info="https://www.rsyslog.com"] start
Jan 26 14:39:14 daemon kernel: [    0.000000] Linux version 4.19.0-18-amd64 (debian-kernel@lists.debian.org) (gcc version 8.3.0 (Debian 8.3.0-6)) #1 SMP Debian 4.19.208-1 (2021-09-29)
Jan 26 14:39:14 daemon kernel: [    0.000000] Command line: BOOT_IMAGE=/boot/vmlinuz-4.19.0-18-amd64 root=/dev/sda ro console=ttyS0,19200n8 net.ifnames=0
Jan 26 14:39:14 daemon kernel: [    0.000000] x86/fpu: Supporting XSAVE feature 0x001: 'x87 floating point registers'
Jan 26 14:39:14 daemon kernel: [    0.000000] x86/fpu: Supporting XSAVE feature 0x002: 'SSE registers'
Jan 26 14:39:14 daemon kernel: [    0.000000] x86/fpu: Supporting XSAVE feature 0x004: 'AVX registers'
Jan 26 14:39:14 daemon kernel: [    0.000000] x86/fpu: xstate_offset[2]:  576, xstate_sizes[2]:  256
Jan 26 14:39:14 daemon kernel: [    0.000000] x86/fpu: Enabled xstate features 0x7, context size is 832 bytes, using 'compacted' format.
Jan 26 14:39:14 daemon kernel: [    0.000000] BIOS-provided physical RAM map:
Jan 26 14:39:14 daemon kernel: [    0.000000] BIOS-e820: [mem 0x0000000000000000-0x000000000009fbff] usable
Jan 26 14:39:14 daemon kernel: [    0.000000] BIOS-e820: [mem 0x000000000009fc00-0x000000000009ffff] reserved
Jan 26 14:39:14 daemon kernel: [    0.000000] BIOS-e820: [mem 0x00000000000f0000-0x00000000000fffff] reserved
Jan 26 14:39:14 daemon kernel: [    0.000000] BIOS-e820: [mem 0x0000000000100000-0x000000007ffdbfff] usable
Jan 26 14:39:14 daemon kernel: [    0.000000] BIOS-e820: [mem 0x000000007ffdc000-0x000000007fffffff] reserved
Jan 26 14:39:14 daemon kernel: [    0.000000] BIOS-e820: [mem 0x00000000b0000000-0x00000000bfffffff] reserved
Jan 26 14:39:14 daemon kernel: [    0.000000] BIOS-e820: [mem 0x00000000fed1c000-0x00000000fed1ffff] reserved
Jan 26 14:39:14 daemon kernel: [    0.000000] BIOS-e820: [mem 0x00000000feffc000-0x00000000feffffff] reserved
Jan 26 14:39:14 daemon kernel: [    0.000000] BIOS-e820: [mem 0x00000000fffc0000-0x00000000ffffffff] reserved
Jan 26 14:39:14 daemon kernel: [    0.000000] NX (Execute Disable) protection: active
Jan 26 14:39:14 daemon kernel: [    0.000000] SMBIOS 2.8 present.
Jan 26 14:39:14 daemon kernel: [    0.000000] DMI: QEMU Standard PC (Q35 + ICH9, 2009), BIOS rel-1.12.1-0-ga5cab58e9a3f-prebuilt.qemu.org 04/01/2014
Jan 26 14:39:14 daemon kernel: [    0.000000] Hypervisor detected: KVM
Jan 26 14:39:14 daemon kernel: [    0.000000] kvm-clock: Using msrs 4b564d01 and 4b564d00
Jan 26 14:39:14 daemon kernel: [    0.000000] kvm-clock: cpu 0, msr 4f7ec001, primary cpu clock
Jan 26 14:39:14 daemon kernel: [    0.000000] kvm-clock: using sched offset of 7650186570 cycles
Jan 26 14:39:14 daemon kernel: [    0.000002] clocksource: kvm-clock: mask: 0xffffffffffffffff max_cycles: 0x1cd42e4dffb, max_idle_ns: 881590591483 ns
Jan 26 14:39:14 daemon kernel: [    0.000005] tsc: Detected 2199.998 MHz processor
Jan 26 14:39:14 daemon kernel: [    0.001601] last_pfn = 0x7ffdc max_arch_pfn = 0x400000000
Jan 26 14:39:14 daemon kernel: [    0.001659] x86/PAT: Configuration [0-7]: WB  WC  UC- UC  WB  WP  UC- WT  
Jan 26 14:39:14 daemon kernel: [    0.004474] found SMP MP-table at [mem 0x000f5af0-0x000f5aff]
Jan 26 14:39:14 daemon kernel: [    0.004624] Using GB pages for direct mapping
Jan 26 14:39:14 daemon kernel: [    0.004744] RAMDISK: [mem 0x34f6d000-0x367adfff]
Jan 26 14:39:14 daemon kernel: [    0.004750] ACPI: Early table checksum verification disabled
Jan 26 14:39:14 daemon kernel: [    0.004795] ACPI: RSDP 0x00000000000F5920 000014 (v00 BOCHS )
Jan 26 14:39:14 daemon kernel: [    0.004802] ACPI: RSDT 0x000000007FFE20F4 000034 (v01 BOCHS  BXPCRSDT 00000001 BXPC 00000001)
Jan 26 14:39:14 daemon kernel: [    0.004807] ACPI: FACP 0x000000007FFE1F14 0000F4 (v03 BOCHS  BXPCFACP 00000001 BXPC 00000001)
Jan 26 14:39:14 daemon kernel: [    0.004813] ACPI: DSDT 0x000000007FFE0040 001ED4 (v01 BOCHS  BXPCDSDT 00000001 BXPC 00000001)
Jan 26 14:39:14 daemon kernel: [    0.004816] ACPI: FACS 0x000000007FFE0000 000040
Jan 26 14:39:14 daemon kernel: [    0.004818] ACPI: APIC 0x000000007FFE2008 000078 (v01 BOCHS  BXPCAPIC 00000001 BXPC 00000001)
Jan 26 14:39:14 daemon kernel: [    0.004821] ACPI: HPET 0x000000007FFE2080 000038 (v01 BOCHS  BXPCHPET 00000001 BXPC 00000001)
Jan 26 14:39:14 daemon kernel: [    0.004824] ACPI: MCFG 0x000000007FFE20B8 00003C (v01 BOCHS  BXPCMCFG 00000001 BXPC 00000001)
Jan 26 14:39:14 daemon kernel: [    0.004826] ACPI: Reserving FACP table memory at [mem 0x7ffe1f14-0x7ffe2007]
Jan 26 14:39:14 daemon kernel: [    0.004828] ACPI: Reserving DSDT table memory at [mem 0x7ffe0040-0x7ffe1f13]
Jan 26 14:39:14 daemon kernel: [    0.004829] ACPI: Reserving FACS table memory at [mem 0x7ffe0000-0x7ffe003f]
Jan 26 14:39:14 daemon kernel: [    0.004830] ACPI: Reserving APIC table memory at [mem 0x7ffe2008-0x7ffe207f]
Jan 26 14:39:14 daemon kernel: [    0.004831] ACPI: Reserving HPET table memory at [mem 0x7ffe2080-0x7ffe20b7]
Jan 26 14:39:14 daemon kernel: [    0.004832] ACPI: Reserving MCFG table memory at [mem 0x7ffe20b8-0x7ffe20f3]
Jan 26 14:39:14 daemon kernel: [    0.005165] No NUMA configuration found
Jan 26 14:39:14 daemon kernel: [    0.005166] Faking a node at [mem 0x0000000000000000-0x000000007ffdbfff]
Jan 26 14:39:14 daemon kernel: [    0.005171] NODE_DATA(0) allocated [mem 0x7ffd7000-0x7ffdbfff]
Jan 26 14:39:14 daemon kernel: [    0.005405] Zone ranges:
Jan 26 14:39:14 daemon kernel: [    0.005406]   DMA      [mem 0x0000000000001000-0x0000000000ffffff]
Jan 26 14:39:14 daemon kernel: [    0.005408]   DMA32    [mem 0x0000000001000000-0x000000007ffdbfff]
Jan 26 14:39:14 daemon kernel: [    0.005409]   Normal   empty
Jan 26 14:39:14 daemon kernel: [    0.005410]   Device   empty
Jan 26 14:39:14 daemon kernel: [    0.005411] Movable zone start for each node
Jan 26 14:39:14 daemon kernel: [    0.005412] Early memory node ranges
Jan 26 14:39:14 daemon kernel: [    0.005413]   node   0: [mem 0x0000000000001000-0x000000000009efff]
Jan 26 14:39:14 daemon kernel: [    0.005414]   node   0: [mem 0x0000000000100000-0x000000007ffdbfff]
Jan 26 14:39:14 daemon kernel: [    0.005913] Zeroed struct page in unavailable ranges: 134 pages
Jan 26 14:39:14 daemon kernel: [    0.005915] Initmem setup node 0 [mem 0x0000000000001000-0x000000007ffdbfff]
Jan 26 14:39:14 daemon kernel: [    0.017759] ACPI: PM-Timer IO Port: 0x608
Jan 26 14:39:14 daemon kernel: [    0.017774] ACPI: LAPIC_NMI (acpi_id[0xff] dfl dfl lint[0x1])
Jan 26 14:39:14 daemon kernel: [    0.017807] IOAPIC[0]: apic_id 0, version 17, address 0xfec00000, GSI 0-23
Jan 26 14:39:14 daemon kernel: [    0.017810] ACPI: INT_SRC_OVR (bus 0 bus_irq 0 global_irq 2 dfl dfl)
Jan 26 14:39:14 daemon kernel: [    0.017811] ACPI: INT_SRC_OVR (bus 0 bus_irq 5 global_irq 5 high level)
Jan 26 14:39:14 daemon kernel: [    0.017813] ACPI: INT_SRC_OVR (bus 0 bus_irq 9 global_irq 9 high level)
Jan 26 14:39:14 daemon kernel: [    0.017814] ACPI: INT_SRC_OVR (bus 0 bus_irq 10 global_irq 10 high level)
Jan 26 14:39:14 daemon kernel: [    0.017815] ACPI: INT_SRC_OVR (bus 0 bus_irq 11 global_irq 11 high level)
Jan 26 14:39:14 daemon kernel: [    0.017820] Using ACPI (MADT) for SMP configuration information
Jan 26 14:39:14 daemon kernel: [    0.017822] ACPI: HPET id: 0x8086a201 base: 0xfed00000
Jan 26 14:39:14 daemon kernel: [    0.017827] TSC deadline timer available
Jan 26 14:39:14 daemon kernel: [    0.017831] smpboot: Allowing 1 CPUs, 0 hotplug CPUs
Jan 26 14:39:14 daemon kernel: [    0.017854] PM: Registered nosave memory: [mem 0x00000000-0x00000fff]
Jan 26 14:39:14 daemon kernel: [    0.017856] PM: Registered nosave memory: [mem 0x0009f000-0x0009ffff]
Jan 26 14:39:14 daemon kernel: [    0.017857] PM: Registered nosave memory: [mem 0x000a0000-0x000effff]
Jan 26 14:39:14 daemon kernel: [    0.017858] PM: Registered nosave memory: [mem 0x000f0000-0x000fffff]
Jan 26 14:39:14 daemon kernel: [    0.017861] [mem 0xc0000000-0xfed1bfff] available for PCI devices
Jan 26 14:39:14 daemon kernel: [    0.017862] Booting paravirtualized kernel on KVM
Jan 26 14:39:14 daemon kernel: [    0.017865] clocksource: refined-jiffies: mask: 0xffffffff max_cycles: 0xffffffff, max_idle_ns: 7645519600211568 ns
Jan 26 14:39:14 daemon kernel: [    0.132060] random: get_random_bytes called from start_kernel+0x93/0x52a with crng_init=0
Jan 26 14:39:14 daemon kernel: [    0.132071] setup_percpu: NR_CPUS:512 nr_cpumask_bits:512 nr_cpu_ids:1 nr_node_ids:1
Jan 26 14:39:14 daemon kernel: [    0.132456] percpu: Embedded 45 pages/cpu s144536 r8192 d31592 u2097152
Jan 26 14:39:14 daemon kernel: [    0.132484] KVM setup async PF for cpu 0
Jan 26 14:39:14 daemon kernel: [    0.132490] kvm-stealtime: cpu 0, msr 7da161c0
Jan 26 14:39:14 daemon kernel: [    0.132497] Built 1 zonelists, mobility grouping on.  Total pages: 515941
Jan 26 14:39:14 daemon kernel: [    0.132498] Policy zone: DMA32
Jan 26 14:39:14 daemon kernel: [    0.132501] Kernel command line: BOOT_IMAGE=/boot/vmlinuz-4.19.0-18-amd64 root=/dev/sda ro console=ttyS0,19200n8 net.ifnames=0
Jan 26 14:39:14 daemon kernel: [    0.137359] Memory: 2013832K/2096616K available (10252K kernel code, 1242K rwdata, 3332K rodata, 1596K init, 2260K bss, 82784K reserved, 0K cma-reserved)
Jan 26 14:39:14 daemon kernel: [    0.137868] SLUB: HWalign=64, Order=0-3, MinObjects=0, CPUs=1, Nodes=1
Jan 26 14:39:14 daemon kernel: [    0.137875] ftrace: allocating 32002 entries in 126 pages
Jan 26 14:39:14 daemon kernel: [    0.150627] rcu: Hierarchical RCU implementation.
Jan 26 14:39:14 daemon kernel: [    0.150630] rcu: 	RCU restricting CPUs from NR_CPUS=512 to nr_cpu_ids=1.
Jan 26 14:39:14 daemon kernel: [    0.150632] rcu: Adjusting geometry for rcu_fanout_leaf=16, nr_cpu_ids=1
Jan 26 14:39:14 daemon kernel: [    0.153313] NR_IRQS: 33024, nr_irqs: 256, preallocated irqs: 16
Jan 26 14:39:14 daemon kernel: [    0.169821] Console: colour VGA+ 80x25
Jan 26 14:39:14 daemon kernel: [    0.251591] console [ttyS0] enabled
Jan 26 14:39:14 daemon kernel: [    0.252074] ACPI: Core revision 20180810
Jan 26 14:39:14 daemon kernel: [    0.252840] clocksource: hpet: mask: 0xffffffff max_cycles: 0xffffffff, max_idle_ns: 19112604467 ns
Jan 26 14:39:14 daemon kernel: [    0.254111] APIC: Switch to symmetric I/O mode setup
Jan 26 14:39:14 daemon kernel: [    0.254930] x2apic enabled
Jan 26 14:39:14 daemon kernel: [    0.255465] Switched APIC routing to physical x2apic.
Jan 26 14:39:14 daemon kernel: [    0.256119] KVM setup pv IPIs
Jan 26 14:39:14 daemon kernel: [    0.258051] ..TIMER: vector=0x30 apic1=0 pin1=2 apic2=-1 pin2=-1
Jan 26 14:39:14 daemon kernel: [    0.258927] clocksource: tsc-early: mask: 0xffffffffffffffff max_cycles: 0x1fb63109b96, max_idle_ns: 440795265316 ns
Jan 26 14:39:14 daemon kernel: [    0.260358] Calibrating delay loop (skipped) preset value.. 4399.99 BogoMIPS (lpj=8799992)
Jan 26 14:39:14 daemon kernel: [    0.261472] pid_max: default: 32768 minimum: 301
Jan 26 14:39:14 daemon kernel: [    0.264374] Security Framework initialized
Jan 26 14:39:14 daemon kernel: [    0.264904] Yama: disabled by default; enable with sysctl kernel.yama.*
Jan 26 14:39:14 daemon kernel: [    0.265755] AppArmor: AppArmor initialized
Jan 26 14:39:14 daemon kernel: [    0.266717] Dentry cache hash table entries: 262144 (order: 9, 2097152 bytes)
Jan 26 14:39:14 daemon kernel: [    0.267962] Inode-cache hash table entries: 131072 (order: 8, 1048576 bytes)
Jan 26 14:39:14 daemon kernel: [    0.268370] Mount-cache hash table entries: 4096 (order: 3, 32768 bytes)
Jan 26 14:39:14 daemon kernel: [    0.269244] Mountpoint-cache hash table entries: 4096 (order: 3, 32768 bytes)
Jan 26 14:39:14 daemon kernel: [    0.270437] Last level iTLB entries: 4KB 512, 2MB 255, 4MB 127
Jan 26 14:39:14 daemon kernel: [    0.271180] Last level dTLB entries: 4KB 512, 2MB 255, 4MB 127, 1GB 0
Jan 26 14:39:14 daemon kernel: [    0.272354] Spectre V1 : Mitigation: usercopy/swapgs barriers and __user pointer sanitization
Jan 26 14:39:14 daemon kernel: [    0.273417] Spectre V2 : Mitigation: Full AMD retpoline
Jan 26 14:39:14 daemon kernel: [    0.274077] Spectre V2 : Spectre v2 / SpectreRSB mitigation: Filling RSB on context switch
Jan 26 14:39:14 daemon kernel: [    0.275122] Spectre V2 : mitigation: Enabling conditional Indirect Branch Prediction Barrier
Jan 26 14:39:14 daemon kernel: [    0.276352] Speculative Store Bypass: Mitigation: Speculative Store Bypass disabled via prctl and seccomp
Jan 26 14:39:14 daemon kernel: [    0.281601] Freeing SMP alternatives memory: 24K
Jan 26 14:39:14 daemon kernel: [    0.283913] smpboot: CPU0: AMD EPYC 7601 32-Core Processor (family: 0x17, model: 0x1, stepping: 0x2)
Jan 26 14:39:14 daemon kernel: [    0.284348] Performance Events: Fam17h core perfctr, AMD PMU driver.
Jan 26 14:39:14 daemon kernel: [    0.284348] ... version:                0
Jan 26 14:39:14 daemon kernel: [    0.284348] ... bit width:              48
Jan 26 14:39:14 daemon kernel: [    0.284348] ... generic registers:      6
Jan 26 14:39:14 daemon kernel: [    0.284348] ... value mask:             0000ffffffffffff
Jan 26 14:39:14 daemon kernel: [    0.284355] ... max period:             00007fffffffffff
Jan 26 14:39:14 daemon kernel: [    0.285028] ... fixed-purpose events:   0
Jan 26 14:39:14 daemon kernel: [    0.285552] ... event mask:             000000000000003f
Jan 26 14:39:14 daemon kernel: [    0.286272] rcu: Hierarchical SRCU implementation.
Jan 26 14:39:14 daemon kernel: [    0.287264] random: crng done (trusting CPU's manufacturer)
Jan 26 14:39:14 daemon kernel: [    0.288042] smp: Bringing up secondary CPUs ...
Jan 26 14:39:14 daemon kernel: [    0.288356] smp: Brought up 1 node, 1 CPU
Jan 26 14:39:14 daemon kernel: [    0.288868] smpboot: Max logical packages: 1
Jan 26 14:39:14 daemon kernel: [    0.289409] smpboot: Total of 1 processors activated (4399.99 BogoMIPS)
Jan 26 14:39:14 daemon kernel: [    0.290444] devtmpfs: initialized
Jan 26 14:39:14 daemon kernel: [    0.290935] x86/mm: Memory block size: 128MB
Jan 26 14:39:14 daemon kernel: [    0.291760] clocksource: jiffies: mask: 0xffffffff max_cycles: 0xffffffff, max_idle_ns: 7645041785100000 ns
Jan 26 14:39:14 daemon kernel: [    0.292361] futex hash table entries: 256 (order: 2, 16384 bytes)
Jan 26 14:39:14 daemon kernel: [    0.293198] pinctrl core: initialized pinctrl subsystem
Jan 26 14:39:14 daemon kernel: [    0.294144] NET: Registered protocol family 16
Jan 26 14:39:14 daemon kernel: [    0.294838] audit: initializing netlink subsys (disabled)
Jan 26 14:39:14 daemon kernel: [    0.295676] cpuidle: using governor ladder
Jan 26 14:39:14 daemon kernel: [    0.296226] cpuidle: using governor menu
Jan 26 14:39:14 daemon kernel: [    0.296811] audit: type=2000 audit(1643200751.742:1): state=initialized audit_enabled=0 res=1
Jan 26 14:39:14 daemon kernel: [    0.298080] KVM setup pv remote TLB flush
Jan 26 14:39:14 daemon kernel: [    0.298666] ACPI: bus type PCI registered
Jan 26 14:39:14 daemon kernel: [    0.299251] acpiphp: ACPI Hot Plug PCI Controller Driver version: 0.5
Jan 26 14:39:14 daemon kernel: [    0.300291] PCI: MMCONFIG for domain 0000 [bus 00-ff] at [mem 0xb0000000-0xbfffffff] (base 0xb0000000)
Jan 26 14:39:14 daemon kernel: [    0.300358] PCI: MMCONFIG at [mem 0xb0000000-0xbfffffff] reserved in E820
Jan 26 14:39:14 daemon kernel: [    0.301359] PCI: Using configuration type 1 for base access
Jan 26 14:39:14 daemon kernel: [    0.302947] HugeTLB registered 1.00 GiB page size, pre-allocated 0 pages
Jan 26 14:39:14 daemon kernel: [    0.303913] HugeTLB registered 2.00 MiB page size, pre-allocated 0 pages
Jan 26 14:39:14 daemon kernel: [    0.304551] ACPI: Added _OSI(Module Device)
Jan 26 14:39:14 daemon kernel: [    0.305193] ACPI: Added _OSI(Processor Device)
Jan 26 14:39:14 daemon kernel: [    0.305853] ACPI: Added _OSI(3.0 _SCP Extensions)
Jan 26 14:39:14 daemon kernel: [    0.306524] ACPI: Added _OSI(Processor Aggregator Device)
Jan 26 14:39:14 daemon kernel: [    0.307293] ACPI: Added _OSI(Linux-Dell-Video)
Jan 26 14:39:14 daemon kernel: [    0.307929] ACPI: Added _OSI(Linux-Lenovo-NV-HDMI-Audio)
Jan 26 14:39:14 daemon kernel: [    0.309407] ACPI: 1 ACPI AML tables successfully acquired and loaded
Jan 26 14:39:14 daemon kernel: [    0.311654] ACPI: Interpreter enabled
Jan 26 14:39:14 daemon kernel: [    0.312238] ACPI: (supports S0 S3 S4 S5)
Jan 26 14:39:14 daemon kernel: [    0.312373] ACPI: Using IOAPIC for interrupt routing
Jan 26 14:39:14 daemon kernel: [    0.313110] PCI: Using host bridge windows from ACPI; if necessary, use "pci=nocrs" and report a bug
Jan 26 14:39:14 daemon kernel: [    0.314486] ACPI: Enabled 1 GPEs in block 00 to 3F
Jan 26 14:39:14 daemon kernel: [    0.316877] ACPI: PCI Root Bridge [PCI0] (domain 0000 [bus 00-ff])
Jan 26 14:39:14 daemon kernel: [    0.317770] acpi PNP0A08:00: _OSC: OS supports [ExtendedConfig ASPM ClockPM Segments MSI]
Jan 26 14:39:14 daemon kernel: [    0.319003] acpi PNP0A08:00: _OSC: platform does not support [LTR]
Jan 26 14:39:14 daemon kernel: [    0.319950] acpi PNP0A08:00: _OSC: OS now controls [PCIeHotplug SHPCHotplug PME AER PCIeCapability]
Jan 26 14:39:14 daemon kernel: [    0.320480] PCI host bridge to bus 0000:00
Jan 26 14:39:14 daemon kernel: [    0.321093] pci_bus 0000:00: root bus resource [io  0x0000-0x0cf7 window]
Jan 26 14:39:14 daemon kernel: [    0.322063] pci_bus 0000:00: root bus resource [io  0x0d00-0xffff window]
Jan 26 14:39:14 daemon kernel: [    0.323025] pci_bus 0000:00: root bus resource [mem 0x000a0000-0x000bffff window]
Jan 26 14:39:14 daemon kernel: [    0.324081] pci_bus 0000:00: root bus resource [mem 0x80000000-0xafffffff window]
Jan 26 14:39:14 daemon kernel: [    0.324356] pci_bus 0000:00: root bus resource [mem 0xc0000000-0xfebfffff window]
Jan 26 14:39:14 daemon kernel: [    0.325409] pci_bus 0000:00: root bus resource [mem 0x100000000-0x8ffffffff window]
Jan 26 14:39:14 daemon kernel: [    0.326487] pci_bus 0000:00: root bus resource [bus 00-ff]
Jan 26 14:39:14 daemon kernel: [    0.369676] pci 0000:00:1f.0: quirk: [io  0x0600-0x067f] claimed by ICH6 ACPI/GPIO/TCO
Jan 26 14:39:14 daemon kernel: [    0.383625] ACPI: PCI Interrupt Link [LNKA] (IRQs 5 *10 11)
Jan 26 14:39:14 daemon kernel: [    0.384433] ACPI: PCI Interrupt Link [LNKB] (IRQs 5 *10 11)
Jan 26 14:39:14 daemon kernel: [    0.385281] ACPI: PCI Interrupt Link [LNKC] (IRQs 5 10 *11)
Jan 26 14:39:14 daemon kernel: [    0.386127] ACPI: PCI Interrupt Link [LNKD] (IRQs 5 10 *11)
Jan 26 14:39:14 daemon kernel: [    0.386983] ACPI: PCI Interrupt Link [LNKE] (IRQs 5 *10 11)
Jan 26 14:39:14 daemon kernel: [    0.387822] ACPI: PCI Interrupt Link [LNKF] (IRQs 5 *10 11)
Jan 26 14:39:14 daemon kernel: [    0.388422] ACPI: PCI Interrupt Link [LNKG] (IRQs 5 10 *11)
Jan 26 14:39:14 daemon kernel: [    0.389261] ACPI: PCI Interrupt Link [LNKH] (IRQs 5 10 *11)
Jan 26 14:39:14 daemon kernel: [    0.390062] ACPI: PCI Interrupt Link [GSIA] (IRQs *16)
Jan 26 14:39:14 daemon kernel: [    0.390790] ACPI: PCI Interrupt Link [GSIB] (IRQs *17)
Jan 26 14:39:14 daemon kernel: [    0.391516] ACPI: PCI Interrupt Link [GSIC] (IRQs *18)
Jan 26 14:39:14 daemon kernel: [    0.392239] ACPI: PCI Interrupt Link [GSID] (IRQs *19)
Jan 26 14:39:14 daemon kernel: [    0.392364] ACPI: PCI Interrupt Link [GSIE] (IRQs *20)
Jan 26 14:39:14 daemon kernel: [    0.393147] ACPI: PCI Interrupt Link [GSIF] (IRQs *21)
Jan 26 14:39:14 daemon kernel: [    0.393872] ACPI: PCI Interrupt Link [GSIG] (IRQs *22)
Jan 26 14:39:14 daemon kernel: [    0.394598] ACPI: PCI Interrupt Link [GSIH] (IRQs *23)
Jan 26 14:39:14 daemon kernel: [    0.395507] pci 0000:00:01.0: vgaarb: setting as boot VGA device
Jan 26 14:39:14 daemon kernel: [    0.396348] pci 0000:00:01.0: vgaarb: VGA device added: decodes=io+mem,owns=io+mem,locks=none
Jan 26 14:39:14 daemon kernel: [    0.396356] pci 0000:00:01.0: vgaarb: bridge control possible
Jan 26 14:39:14 daemon kernel: [    0.397161] vgaarb: loaded
Jan 26 14:39:14 daemon kernel: [    0.397602] pps_core: LinuxPPS API ver. 1 registered
Jan 26 14:39:14 daemon kernel: [    0.398300] pps_core: Software ver. 5.3.6 - Copyright 2005-2007 Rodolfo Giometti <giometti@linux.it>
Jan 26 14:39:14 daemon kernel: [    0.399576] PTP clock support registered
Jan 26 14:39:14 daemon kernel: [    0.400145] EDAC MC: Ver: 3.0.0
Jan 26 14:39:14 daemon kernel: [    0.400541] PCI: Using ACPI for IRQ routing
Jan 26 14:39:14 daemon kernel: [    0.445319] hpet0: at MMIO 0xfed00000, IRQs 2, 8, 0
Jan 26 14:39:14 daemon kernel: [    0.446007] hpet0: 3 comparators, 64-bit 100.000000 MHz counter
Jan 26 14:39:14 daemon kernel: [    0.449396] clocksource: Switched to clocksource kvm-clock
Jan 26 14:39:14 daemon kernel: [    0.458226] VFS: Disk quotas dquot_6.6.0
Jan 26 14:39:14 daemon kernel: [    0.458829] VFS: Dquot-cache hash table entries: 512 (order 0, 4096 bytes)
Jan 26 14:39:14 daemon kernel: [    0.459913] AppArmor: AppArmor Filesystem Enabled
Jan 26 14:39:14 daemon kernel: [    0.460678] pnp: PnP ACPI init
Jan 26 14:39:14 daemon kernel: [    0.461508] pnp: PnP ACPI: found 4 devices
Jan 26 14:39:14 daemon kernel: [    0.467544] clocksource: acpi_pm: mask: 0xffffff max_cycles: 0xffffff, max_idle_ns: 2085701024 ns
Jan 26 14:39:14 daemon kernel: [    0.468848] NET: Registered protocol family 2
Jan 26 14:39:14 daemon kernel: [    0.469523] IP idents hash table entries: 32768 (order: 6, 262144 bytes)
Jan 26 14:39:14 daemon kernel: [    0.470778] tcp_listen_portaddr_hash hash table entries: 1024 (order: 2, 16384 bytes)
Jan 26 14:39:14 daemon kernel: [    0.471859] TCP established hash table entries: 16384 (order: 5, 131072 bytes)
Jan 26 14:39:14 daemon kernel: [    0.472920] TCP bind hash table entries: 16384 (order: 6, 262144 bytes)
Jan 26 14:39:14 daemon kernel: [    0.473950] TCP: Hash tables configured (established 16384 bind 16384)
Jan 26 14:39:14 daemon kernel: [    0.474890] UDP hash table entries: 1024 (order: 3, 32768 bytes)
Jan 26 14:39:14 daemon kernel: [    0.475764] UDP-Lite hash table entries: 1024 (order: 3, 32768 bytes)
Jan 26 14:39:14 daemon kernel: [    0.476751] NET: Registered protocol family 1
Jan 26 14:39:14 daemon kernel: [    0.477367] NET: Registered protocol family 44
Jan 26 14:39:14 daemon kernel: [    0.478034] pci 0000:00:01.0: Video device with shadowed ROM at [mem 0x000c0000-0x000dffff]
Jan 26 14:39:14 daemon kernel: [    0.479307] Unpacking initramfs...
Jan 26 14:39:14 daemon kernel: [    0.889043] Freeing initrd memory: 24836K
Jan 26 14:39:14 daemon kernel: [    0.889712] clocksource: tsc: mask: 0xffffffffffffffff max_cycles: 0x1fb63109b96, max_idle_ns: 440795265316 ns
Jan 26 14:39:14 daemon kernel: [    0.891590] Initialise system trusted keyrings
Jan 26 14:39:14 daemon kernel: [    0.892253] Key type blacklist registered
Jan 26 14:39:14 daemon kernel: [    0.892962] workingset: timestamp_bits=40 max_order=19 bucket_order=0
Jan 26 14:39:14 daemon kernel: [    0.895042] zbud: loaded
Jan 26 14:39:14 daemon kernel: [    1.021881] Key type asymmetric registered
Jan 26 14:39:14 daemon kernel: [    1.022559] Asymmetric key parser 'x509' registered
Jan 26 14:39:14 daemon kernel: [    1.023312] Block layer SCSI generic (bsg) driver version 0.4 loaded (major 247)
Jan 26 14:39:14 daemon kernel: [    1.024454] io scheduler noop registered
Jan 26 14:39:14 daemon kernel: [    1.025060] io scheduler deadline registered
Jan 26 14:39:14 daemon kernel: [    1.025740] io scheduler cfq registered (default)
Jan 26 14:39:14 daemon kernel: [    1.026442] io scheduler mq-deadline registered
Jan 26 14:39:14 daemon kernel: [    1.027223] shpchp: Standard Hot Plug PCI Controller Driver version: 0.4
Jan 26 14:39:14 daemon kernel: [    1.028415] Serial: 8250/16550 driver, 4 ports, IRQ sharing enabled
Jan 26 14:39:14 daemon kernel: [    1.052742] 00:03: ttyS0 at I/O 0x3f8 (irq = 4, base_baud = 115200) is a 16550A
Jan 26 14:39:14 daemon kernel: [    1.054182] Linux agpgart interface v0.103
Jan 26 14:39:14 daemon kernel: [    1.054892] AMD IOMMUv2 driver by Joerg Roedel <jroedel@suse.de>
Jan 26 14:39:14 daemon kernel: [    1.055817] AMD IOMMUv2 functionality not available on this system
Jan 26 14:39:14 daemon kernel: [    1.056892] i8042: PNP: PS/2 Controller [PNP0303:KBD,PNP0f13:MOU] at 0x60,0x64 irq 1,12
Jan 26 14:39:14 daemon kernel: [    1.058827] serio: i8042 KBD port at 0x60,0x64 irq 1
Jan 26 14:39:14 daemon kernel: [    1.059587] serio: i8042 AUX port at 0x60,0x64 irq 12
Jan 26 14:39:14 daemon kernel: [    1.060481] mousedev: PS/2 mouse device common for all mice
Jan 26 14:39:14 daemon kernel: [    1.061595] input: AT Translated Set 2 keyboard as /devices/platform/i8042/serio0/input/input0
Jan 26 14:39:14 daemon kernel: [    1.063164] rtc_cmos 00:00: RTC can wake from S4
Jan 26 14:39:14 daemon kernel: [    1.064248] rtc_cmos 00:00: registered as rtc0
Jan 26 14:39:14 daemon kernel: [    1.064976] rtc_cmos 00:00: alarms up to one day, y3k, 114 bytes nvram, hpet irqs
Jan 26 14:39:14 daemon kernel: [    1.066144] ledtrig-cpu: registered to indicate activity on CPUs
Jan 26 14:39:14 daemon kernel: [    1.067294] NET: Registered protocol family 10
Jan 26 14:39:14 daemon kernel: [    1.073119] Segment Routing with IPv6
Jan 26 14:39:14 daemon kernel: [    1.073753] mip6: Mobile IPv6
Jan 26 14:39:14 daemon kernel: [    1.074224] NET: Registered protocol family 17
Jan 26 14:39:14 daemon kernel: [    1.074929] mpls_gso: MPLS GSO support
Jan 26 14:39:14 daemon kernel: [    1.075594] mce: Using 10 MCE banks
Jan 26 14:39:14 daemon kernel: [    1.076147] sched_clock: Marking stable (969501916, 102856697)->(1089694540, -17335927)
Jan 26 14:39:14 daemon kernel: [    1.077496] registered taskstats version 1
Jan 26 14:39:14 daemon kernel: [    1.078138] Loading compiled-in X.509 certificates
Jan 26 14:39:14 daemon kernel: [    1.108805] Loaded X.509 cert 'Debian Secure Boot CA: 6ccece7e4c6c0d1f6149f3dd27dfcc5cbb419ea1'
Jan 26 14:39:14 daemon kernel: [    1.110137] Loaded X.509 cert 'Debian Secure Boot Signer 2021 - linux: 4b6ef5abca669825178e052c84667ccbc0531f8c'
Jan 26 14:39:14 daemon kernel: [    1.111701] zswap: loaded using pool lzo/zbud
Jan 26 14:39:14 daemon kernel: [    1.112431] AppArmor: AppArmor sha1 policy hashing enabled
Jan 26 14:39:14 daemon kernel: [    1.113599] rtc_cmos 00:00: setting system clock to 2022-01-26 12:39:11 UTC (1643200751)
Jan 26 14:39:14 daemon kernel: [    1.116812] Freeing unused kernel image memory: 1596K
Jan 26 14:39:14 daemon kernel: [    1.124368] Write protecting the kernel read-only data: 16384k
Jan 26 14:39:14 daemon kernel: [    1.125598] Freeing unused kernel image memory: 2028K
Jan 26 14:39:14 daemon kernel: [    1.126432] Freeing unused kernel image memory: 764K
Jan 26 14:39:14 daemon kernel: [    1.135625] x86/mm: Checked W+X mappings: passed, no W+X pages found.
Jan 26 14:39:14 daemon kernel: [    1.136607] Run /init as init process
Jan 26 14:39:14 daemon kernel: [    1.199531] lpc_ich 0000:00:1f.0: I/O space for GPIO uninitialized
Jan 26 14:39:14 daemon kernel: [    1.208585] PCI Interrupt Link [GSIA] enabled at IRQ 16
Jan 26 14:39:14 daemon kernel: [    1.209526] i801_smbus 0000:00:1f.3: SMBus using PCI interrupt
Jan 26 14:39:14 daemon kernel: [    1.220476] cryptd: max_cpu_qlen set to 1000
Jan 26 14:39:14 daemon kernel: [    1.224171] PCI Interrupt Link [GSIG] enabled at IRQ 22
Jan 26 14:39:14 daemon kernel: [    1.233806] PCI Interrupt Link [GSIH] enabled at IRQ 23
Jan 26 14:39:14 daemon kernel: [    1.239688] SCSI subsystem initialized
Jan 26 14:39:14 daemon kernel: [    1.242880] input: VirtualPS/2 VMware VMMouse as /devices/platform/i8042/serio1/input/input3
Jan 26 14:39:14 daemon kernel: [    1.244454] input: VirtualPS/2 VMware VMMouse as /devices/platform/i8042/serio1/input/input2
Jan 26 14:39:14 daemon kernel: [    1.258544] PCI Interrupt Link [GSIE] enabled at IRQ 20
Jan 26 14:39:14 daemon kernel: [    1.262863] AVX2 version of gcm_enc/dec engaged.
Jan 26 14:39:14 daemon kernel: [    1.263605] AES CTR mode by8 optimization enabled
Jan 26 14:39:14 daemon kernel: [    1.300606] scsi host0: Virtio SCSI HBA
Jan 26 14:39:14 daemon kernel: [    1.302458] scsi 0:0:0:0: Direct-Access     QEMU     QEMU HARDDISK    2.5+ PQ: 0 ANSI: 5
Jan 26 14:39:14 daemon kernel: [    1.306136] scsi host1: Virtio SCSI HBA
Jan 26 14:39:14 daemon kernel: [    1.313310] scsi 1:0:1:2: Direct-Access     QEMU     QEMU HARDDISK    2.5+ PQ: 0 ANSI: 5
Jan 26 14:39:14 daemon kernel: [    1.323244] ahci 0000:00:1f.2: AHCI 0001.0000 32 slots 6 ports 1.5 Gbps 0x3f impl SATA mode
Jan 26 14:39:14 daemon kernel: [    1.324527] ahci 0000:00:1f.2: flags: 64bit ncq only 
Jan 26 14:39:14 daemon kernel: [    1.344444] scsi host2: ahci
Jan 26 14:39:14 daemon kernel: [    1.349067] scsi host3: ahci
Jan 26 14:39:14 daemon kernel: [    1.356059] scsi host4: ahci
Jan 26 14:39:14 daemon kernel: [    1.360512] scsi host5: ahci
Jan 26 14:39:14 daemon kernel: [    1.367775] scsi host6: ahci
Jan 26 14:39:14 daemon kernel: [    1.376217] scsi host7: ahci
Jan 26 14:39:14 daemon kernel: [    1.376907] ata1: SATA max UDMA/133 abar m4096@0xfebd4000 port 0xfebd4100 irq 32
Jan 26 14:39:14 daemon kernel: [    1.377971] ata2: SATA max UDMA/133 abar m4096@0xfebd4000 port 0xfebd4180 irq 32
Jan 26 14:39:14 daemon kernel: [    1.379026] ata3: SATA max UDMA/133 abar m4096@0xfebd4000 port 0xfebd4200 irq 32
Jan 26 14:39:14 daemon kernel: [    1.380110] ata4: SATA max UDMA/133 abar m4096@0xfebd4000 port 0xfebd4280 irq 32
Jan 26 14:39:14 daemon kernel: [    1.381184] ata5: SATA max UDMA/133 abar m4096@0xfebd4000 port 0xfebd4300 irq 32
Jan 26 14:39:14 daemon kernel: [    1.382244] ata6: SATA max UDMA/133 abar m4096@0xfebd4000 port 0xfebd4380 irq 32
Jan 26 14:39:14 daemon kernel: [    1.434995] sd 0:0:0:0: Power-on or device reset occurred
Jan 26 14:39:14 daemon kernel: [    1.436060] sd 1:0:1:2: Power-on or device reset occurred
Jan 26 14:39:14 daemon kernel: [    1.436969] sd 0:0:0:0: [sda] 103809024 512-byte logical blocks: (53.2 GB/49.5 GiB)
Jan 26 14:39:14 daemon kernel: [    1.438247] sd 0:0:0:0: [sda] Write Protect is off
Jan 26 14:39:14 daemon kernel: [    1.438968] sd 1:0:1:2: [sdb] 1048576 512-byte logical blocks: (537 MB/512 MiB)
Jan 26 14:39:14 daemon kernel: [    1.440075] sd 1:0:1:2: [sdb] Write Protect is off
Jan 26 14:39:14 daemon kernel: [    1.440940] sd 1:0:1:2: [sdb] Write cache: enabled, read cache: enabled, doesn't support DPO or FUA
Jan 26 14:39:14 daemon kernel: [    1.442244] sd 0:0:0:0: [sda] Write cache: enabled, read cache: enabled, doesn't support DPO or FUA
Jan 26 14:39:14 daemon kernel: [    1.451449] sd 1:0:1:2: [sdb] Attached SCSI disk
Jan 26 14:39:14 daemon kernel: [    1.452780] sd 0:0:0:0: [sda] Attached SCSI disk
Jan 26 14:39:14 daemon kernel: [    1.699527] ata2: SATA link down (SStatus 0 SControl 300)
Jan 26 14:39:14 daemon kernel: [    1.700624] ata1: SATA link down (SStatus 0 SControl 300)
Jan 26 14:39:14 daemon kernel: [    1.702991] ata3: SATA link down (SStatus 0 SControl 300)
Jan 26 14:39:14 daemon kernel: [    1.706985] ata5: SATA link down (SStatus 0 SControl 300)
Jan 26 14:39:14 daemon kernel: [    1.707899] ata4: SATA link down (SStatus 0 SControl 300)
Jan 26 14:39:14 daemon kernel: [    1.711791] ata6: SATA link down (SStatus 0 SControl 300)
Jan 26 14:39:14 daemon kernel: [    1.872036] EXT4-fs (sda): mounted filesystem with ordered data mode. Opts: (null)
Jan 26 14:39:14 daemon kernel: [    2.660450] EXT4-fs (sda): re-mounted. Opts: errors=remount-ro
Jan 26 14:39:14 daemon kernel: [    2.919892] audit: type=1400 audit(1643200753.300:2): apparmor="STATUS" operation="profile_load" profile="unconfined" name="nvidia_modprobe" pid=271 comm="apparmor_parser"
Jan 26 14:39:14 daemon kernel: [    2.922391] audit: type=1400 audit(1643200753.300:3): apparmor="STATUS" operation="profile_load" profile="unconfined" name="nvidia_modprobe//kmod" pid=271 comm="apparmor_parser"
Jan 26 14:39:14 daemon kernel: [    2.939423] audit: type=1400 audit(1643200753.320:4): apparmor="STATUS" operation="profile_load" profile="unconfined" name="/usr/bin/man" pid=287 comm="apparmor_parser"
Jan 26 14:39:14 daemon kernel: [    2.946853] audit: type=1400 audit(1643200753.320:5): apparmor="STATUS" operation="profile_load" profile="unconfined" name="man_filter" pid=287 comm="apparmor_parser"
Jan 26 14:39:14 daemon kernel: [    2.969558] audit: type=1400 audit(1643200753.320:6): apparmor="STATUS" operation="profile_load" profile="unconfined" name="man_groff" pid=287 comm="apparmor_parser"
Jan 26 14:39:14 daemon kernel: [    2.972668] audit: type=1400 audit(1643200753.336:7): apparmor="STATUS" operation="profile_load" profile="unconfined" name="/usr/sbin/haveged" pid=288 comm="apparmor_parser"
Jan 26 14:39:14 daemon kernel: [    3.012071] input: Power Button as /devices/LNXSYSTM:00/LNXPWRBN:00/input/input4
Jan 26 14:39:14 daemon kernel: [    3.013381] ACPI: Power Button [PWRF]
Jan 26 14:39:14 daemon kernel: [    3.030826] iTCO_vendor_support: vendor-support=0
Jan 26 14:39:14 daemon kernel: [    3.050112] iTCO_wdt: Intel TCO WatchDog Timer Driver v1.11
Jan 26 14:39:14 daemon kernel: [    3.050994] iTCO_wdt: Found a ICH9 TCO device (Version=2, TCOBASE=0x0660)
Jan 26 14:39:14 daemon kernel: [    3.063911] sd 0:0:0:0: Attached scsi generic sg0 type 0
Jan 26 14:39:14 daemon kernel: [    3.071958] sd 1:0:1:2: Attached scsi generic sg1 type 0
Jan 26 14:39:14 daemon kernel: [    3.074642] iTCO_wdt: initialized. heartbeat=30 sec (nowayout=0)
Jan 26 14:39:14 daemon kernel: [    3.088985] input: PC Speaker as /devices/platform/pcspkr/input/input5
Jan 26 14:39:14 daemon kernel: [    3.229575] Decoding supported only on Scalable MCA processors.
Jan 26 14:39:14 daemon kernel: [    3.324769] [drm] Found bochs VGA, ID 0xb0c0.
Jan 26 14:39:14 daemon kernel: [    3.325393] [drm] Framebuffer size 16384 kB @ 0xfd000000, mmio @ 0xfebd0000.
Jan 26 14:39:14 daemon kernel: [    3.326927] [TTM] Zone  kernel: Available graphics memory: 1021540 kiB
Jan 26 14:39:14 daemon kernel: [    3.327973] [TTM] Initializing pool allocator
Jan 26 14:39:14 daemon kernel: [    3.340635] [TTM] Initializing DMA pool allocator
Jan 26 14:39:14 daemon kernel: [    3.434906] Adding 524284k swap on /dev/sdb.  Priority:-2 extents:1 across:524284k FS
Jan 26 14:39:14 daemon kernel: [    3.455621] fbcon: bochsdrmfb (fb0) is primary device
Jan 26 14:39:14 daemon kernel: [    3.612669] Console: switching to colour frame buffer device 128x48
Jan 26 14:39:14 daemon kernel: [    3.757258] bochs-drm 0000:00:01.0: fb0: bochsdrmfb frame buffer device
Jan 26 14:39:14 daemon kernel: [    3.761647] [drm] Initialized bochs-drm 1.0.0 20130925 for 0000:00:01.0 on minor 0
Jan 26 15:52:58 daemon rsyslogd:  [origin software="rsyslogd" swVersion="8.1901.0" x-pid="365" x-info="https://www.rsyslog.com"] exiting on signal 15.
Jan 26 15:52:58 daemon rsyslogd: imuxsock: Acquired UNIX socket '/run/systemd/journal/syslog' (fd 3) from systemd.  [v8.1901.0]
Jan 26 15:52:58 daemon rsyslogd:  [origin software="rsyslogd" swVersion="8.1901.0" x-pid="12785" x-info="https://www.rsyslog.com"] start
Jan 26 17:26:11 daemon rsyslogd:  [origin software="rsyslogd" swVersion="8.1901.0" x-pid="12785" x-info="https://www.rsyslog.com"] exiting on signal 15.
Jan 26 17:26:11 daemon rsyslogd: imuxsock: Acquired UNIX socket '/run/systemd/journal/syslog' (fd 3) from systemd.  [v8.1901.0]
Jan 26 17:26:11 daemon rsyslogd:  [origin software="rsyslogd" swVersion="8.1901.0" x-pid="13958" x-info="https://www.rsyslog.com"] start
Jan 26 17:36:59 daemon rsyslogd:  [origin software="rsyslogd" swVersion="8.1901.0" x-pid="13958" x-info="https://www.rsyslog.com"] exiting on signal 15.
Jan 26 17:36:59 daemon rsyslogd: imuxsock: Acquired UNIX socket '/run/systemd/journal/syslog' (fd 3) from systemd.  [v8.1901.0]
Jan 26 17:36:59 daemon rsyslogd:  [origin software="rsyslogd" swVersion="8.1901.0" x-pid="15211" x-info="https://www.rsyslog.com"] start
Jan 26 22:13:56 daemon kernel: [27285.008376] loop: module loaded
Jan 26 22:13:56 daemon kernel: [27285.045592] squashfs: version 4.0 (2009/01/31) Phillip Lougher
Jan 26 22:13:57 daemon kernel: [27285.877646] audit: type=1400 audit(1643228037.479:8): apparmor="STATUS" operation="profile_load" profile="unconfined" name="/usr/lib/snapd/snap-confine" pid=12913 comm="apparmor_parser"
Jan 26 22:13:57 daemon kernel: [27285.880895] audit: type=1400 audit(1643228037.479:9): apparmor="STATUS" operation="profile_load" profile="unconfined" name="/usr/lib/snapd/snap-confine//mount-namespace-capture-helper" pid=12913 comm="apparmor_parser"
Jan 26 22:14:09 daemon kernel: [27298.090647] audit: type=1400 audit(1643228049.691:10): apparmor="STATUS" operation="profile_load" profile="unconfined" name="/snap/core/12603/usr/lib/snapd/snap-confine" pid=13159 comm="apparmor_parser"
Jan 26 22:14:09 daemon kernel: [27298.094890] audit: type=1400 audit(1643228049.695:11): apparmor="STATUS" operation="profile_load" profile="unconfined" name="/snap/core/12603/usr/lib/snapd/snap-confine//mount-namespace-capture-helper" pid=13159 comm="apparmor_parser"
Jan 26 22:14:09 daemon kernel: [27298.109707] audit: type=1400 audit(1643228049.711:12): apparmor="STATUS" operation="profile_load" profile="unconfined" name="snap-update-ns.core" pid=13161 comm="apparmor_parser"
Jan 26 22:14:09 daemon kernel: [27298.113769] audit: type=1400 audit(1643228049.715:13): apparmor="STATUS" operation="profile_load" profile="unconfined" name="snap.core.hook.configure" pid=13162 comm="apparmor_parser"
Jan 26 22:14:11 daemon kernel: [27300.352707] audit: type=1400 audit(1643228051.951:14): apparmor="STATUS" operation="profile_replace" info="same as current profile, skipping" profile="unconfined" name="/snap/core/12603/usr/lib/snapd/snap-confine" pid=13232 comm="apparmor_parser"
Jan 26 22:14:11 daemon kernel: [27300.356297] audit: type=1400 audit(1643228051.959:15): apparmor="STATUS" operation="profile_replace" info="same as current profile, skipping" profile="unconfined" name="/snap/core/12603/usr/lib/snapd/snap-confine//mount-namespace-capture-helper" pid=13232 comm="apparmor_parser"
Jan 26 22:14:11 daemon kernel: [27300.380932] audit: type=1400 audit(1643228051.979:16): apparmor="STATUS" operation="profile_replace" profile="unconfined" name="snap-update-ns.core" pid=13234 comm="apparmor_parser"
Jan 26 22:14:12 daemon kernel: [27300.476080] audit: type=1400 audit(1643228052.075:17): apparmor="STATUS" operation="profile_replace" profile="unconfined" name="snap.core.hook.configure" pid=13235 comm="apparmor_parser"
Jan 26 22:14:47 daemon kernel: [27335.443970] audit: type=1400 audit(1643228087.043:18): apparmor="STATUS" operation="profile_load" profile="unconfined" name="snap-update-ns.certbot" pid=13494 comm="apparmor_parser"
Jan 26 22:14:47 daemon kernel: [27335.448060] audit: type=1400 audit(1643228087.047:19): apparmor="STATUS" operation="profile_load" profile="unconfined" name="snap.certbot.certbot" pid=13495 comm="apparmor_parser"
Jan 26 22:14:47 daemon kernel: [27335.452592] audit: type=1400 audit(1643228087.055:20): apparmor="STATUS" operation="profile_load" profile="unconfined" name="snap.certbot.hook.configure" pid=13496 comm="apparmor_parser"
Jan 26 22:14:47 daemon kernel: [27335.457384] audit: type=1400 audit(1643228087.059:21): apparmor="STATUS" operation="profile_load" profile="unconfined" name="snap.certbot.hook.prepare-plug-plugin" pid=13497 comm="apparmor_parser"
Jan 26 22:14:47 daemon kernel: [27335.462251] audit: type=1400 audit(1643228087.063:22): apparmor="STATUS" operation="profile_load" profile="unconfined" name="snap.certbot.renew" pid=13498 comm="apparmor_parser"
Jan 27 00:00:33 daemon rsyslogd:  [origin software="rsyslogd" swVersion="8.1901.0" x-pid="15211" x-info="https://www.rsyslog.com"] rsyslogd was HUPed
Jan 27 00:09:49 daemon rsyslogd: imuxsock: Acquired UNIX socket '/run/systemd/journal/syslog' (fd 3) from systemd.  [v8.1901.0]
Jan 27 00:09:49 daemon rsyslogd:  [origin software="rsyslogd" swVersion="8.1901.0" x-pid="395" x-info="https://www.rsyslog.com"] start
Jan 27 00:09:49 daemon kernel: [    0.000000] Linux version 4.19.0-18-amd64 (debian-kernel@lists.debian.org) (gcc version 8.3.0 (Debian 8.3.0-6)) #1 SMP Debian 4.19.208-1 (2021-09-29)
Jan 27 00:09:49 daemon kernel: [    0.000000] Command line: BOOT_IMAGE=/boot/vmlinuz-4.19.0-18-amd64 root=/dev/sda ro console=ttyS0,19200n8 net.ifnames=0
Jan 27 00:09:49 daemon kernel: [    0.000000] x86/fpu: Supporting XSAVE feature 0x001: 'x87 floating point registers'
Jan 27 00:09:49 daemon kernel: [    0.000000] x86/fpu: Supporting XSAVE feature 0x002: 'SSE registers'
Jan 27 00:09:49 daemon kernel: [    0.000000] x86/fpu: Supporting XSAVE feature 0x004: 'AVX registers'
Jan 27 00:09:49 daemon kernel: [    0.000000] x86/fpu: xstate_offset[2]:  576, xstate_sizes[2]:  256
Jan 27 00:09:49 daemon kernel: [    0.000000] x86/fpu: Enabled xstate features 0x7, context size is 832 bytes, using 'compacted' format.
Jan 27 00:09:49 daemon kernel: [    0.000000] BIOS-provided physical RAM map:
Jan 27 00:09:49 daemon kernel: [    0.000000] BIOS-e820: [mem 0x0000000000000000-0x000000000009fbff] usable
Jan 27 00:09:49 daemon kernel: [    0.000000] BIOS-e820: [mem 0x000000000009fc00-0x000000000009ffff] reserved
Jan 27 00:09:49 daemon kernel: [    0.000000] BIOS-e820: [mem 0x00000000000f0000-0x00000000000fffff] reserved
Jan 27 00:09:49 daemon kernel: [    0.000000] BIOS-e820: [mem 0x0000000000100000-0x000000007ffdbfff] usable
Jan 27 00:09:49 daemon kernel: [    0.000000] BIOS-e820: [mem 0x000000007ffdc000-0x000000007fffffff] reserved
Jan 27 00:09:49 daemon kernel: [    0.000000] BIOS-e820: [mem 0x00000000b0000000-0x00000000bfffffff] reserved
Jan 27 00:09:49 daemon kernel: [    0.000000] BIOS-e820: [mem 0x00000000fed1c000-0x00000000fed1ffff] reserved
Jan 27 00:09:49 daemon kernel: [    0.000000] BIOS-e820: [mem 0x00000000feffc000-0x00000000feffffff] reserved
Jan 27 00:09:49 daemon kernel: [    0.000000] BIOS-e820: [mem 0x00000000fffc0000-0x00000000ffffffff] reserved
Jan 27 00:09:49 daemon kernel: [    0.000000] NX (Execute Disable) protection: active
Jan 27 00:09:49 daemon kernel: [    0.000000] SMBIOS 2.8 present.
Jan 27 00:09:49 daemon kernel: [    0.000000] DMI: QEMU Standard PC (Q35 + ICH9, 2009), BIOS rel-1.12.1-0-ga5cab58e9a3f-prebuilt.qemu.org 04/01/2014
Jan 27 00:09:49 daemon kernel: [    0.000000] Hypervisor detected: KVM
Jan 27 00:09:49 daemon kernel: [    0.000000] kvm-clock: Using msrs 4b564d01 and 4b564d00
Jan 27 00:09:49 daemon kernel: [    0.000000] kvm-clock: cpu 0, msr 247ec001, primary cpu clock
Jan 27 00:09:49 daemon kernel: [    0.000000] kvm-clock: using sched offset of 6827639742 cycles
Jan 27 00:09:49 daemon kernel: [    0.000002] clocksource: kvm-clock: mask: 0xffffffffffffffff max_cycles: 0x1cd42e4dffb, max_idle_ns: 881590591483 ns
Jan 27 00:09:49 daemon kernel: [    0.000005] tsc: Detected 2199.998 MHz processor
Jan 27 00:09:49 daemon kernel: [    0.001601] last_pfn = 0x7ffdc max_arch_pfn = 0x400000000
Jan 27 00:09:49 daemon kernel: [    0.001658] x86/PAT: Configuration [0-7]: WB  WC  UC- UC  WB  WP  UC- WT  
Jan 27 00:09:49 daemon kernel: [    0.004467] found SMP MP-table at [mem 0x000f5af0-0x000f5aff]
Jan 27 00:09:49 daemon kernel: [    0.004645] Using GB pages for direct mapping
Jan 27 00:09:49 daemon kernel: [    0.004733] RAMDISK: [mem 0x34f6d000-0x367adfff]
Jan 27 00:09:49 daemon kernel: [    0.004739] ACPI: Early table checksum verification disabled
Jan 27 00:09:49 daemon kernel: [    0.004784] ACPI: RSDP 0x00000000000F5920 000014 (v00 BOCHS )
Jan 27 00:09:49 daemon kernel: [    0.004792] ACPI: RSDT 0x000000007FFE20F4 000034 (v01 BOCHS  BXPCRSDT 00000001 BXPC 00000001)
Jan 27 00:09:49 daemon kernel: [    0.004799] ACPI: FACP 0x000000007FFE1F14 0000F4 (v03 BOCHS  BXPCFACP 00000001 BXPC 00000001)
Jan 27 00:09:49 daemon kernel: [    0.004804] ACPI: DSDT 0x000000007FFE0040 001ED4 (v01 BOCHS  BXPCDSDT 00000001 BXPC 00000001)
Jan 27 00:09:49 daemon kernel: [    0.004807] ACPI: FACS 0x000000007FFE0000 000040
Jan 27 00:09:49 daemon kernel: [    0.004810] ACPI: APIC 0x000000007FFE2008 000078 (v01 BOCHS  BXPCAPIC 00000001 BXPC 00000001)
Jan 27 00:09:49 daemon kernel: [    0.004813] ACPI: HPET 0x000000007FFE2080 000038 (v01 BOCHS  BXPCHPET 00000001 BXPC 00000001)
Jan 27 00:09:49 daemon kernel: [    0.004815] ACPI: MCFG 0x000000007FFE20B8 00003C (v01 BOCHS  BXPCMCFG 00000001 BXPC 00000001)
Jan 27 00:09:49 daemon kernel: [    0.004818] ACPI: Reserving FACP table memory at [mem 0x7ffe1f14-0x7ffe2007]
Jan 27 00:09:49 daemon kernel: [    0.004820] ACPI: Reserving DSDT table memory at [mem 0x7ffe0040-0x7ffe1f13]
Jan 27 00:09:49 daemon kernel: [    0.004821] ACPI: Reserving FACS table memory at [mem 0x7ffe0000-0x7ffe003f]
Jan 27 00:09:49 daemon kernel: [    0.004823] ACPI: Reserving APIC table memory at [mem 0x7ffe2008-0x7ffe207f]
Jan 27 00:09:49 daemon kernel: [    0.004824] ACPI: Reserving HPET table memory at [mem 0x7ffe2080-0x7ffe20b7]
Jan 27 00:09:49 daemon kernel: [    0.004825] ACPI: Reserving MCFG table memory at [mem 0x7ffe20b8-0x7ffe20f3]
Jan 27 00:09:49 daemon kernel: [    0.005228] No NUMA configuration found
Jan 27 00:09:49 daemon kernel: [    0.005229] Faking a node at [mem 0x0000000000000000-0x000000007ffdbfff]
Jan 27 00:09:49 daemon kernel: [    0.005234] NODE_DATA(0) allocated [mem 0x7ffd7000-0x7ffdbfff]
Jan 27 00:09:49 daemon kernel: [    0.005469] Zone ranges:
Jan 27 00:09:49 daemon kernel: [    0.005471]   DMA      [mem 0x0000000000001000-0x0000000000ffffff]
Jan 27 00:09:49 daemon kernel: [    0.005473]   DMA32    [mem 0x0000000001000000-0x000000007ffdbfff]
Jan 27 00:09:49 daemon kernel: [    0.005474]   Normal   empty
Jan 27 00:09:49 daemon kernel: [    0.005475]   Device   empty
Jan 27 00:09:49 daemon kernel: [    0.005476] Movable zone start for each node
Jan 27 00:09:49 daemon kernel: [    0.005477] Early memory node ranges
Jan 27 00:09:49 daemon kernel: [    0.005478]   node   0: [mem 0x0000000000001000-0x000000000009efff]
Jan 27 00:09:49 daemon kernel: [    0.005479]   node   0: [mem 0x0000000000100000-0x000000007ffdbfff]
Jan 27 00:09:49 daemon kernel: [    0.005881] Zeroed struct page in unavailable ranges: 134 pages
Jan 27 00:09:49 daemon kernel: [    0.005882] Initmem setup node 0 [mem 0x0000000000001000-0x000000007ffdbfff]
Jan 27 00:09:49 daemon kernel: [    0.018164] ACPI: PM-Timer IO Port: 0x608
Jan 27 00:09:49 daemon kernel: [    0.018182] ACPI: LAPIC_NMI (acpi_id[0xff] dfl dfl lint[0x1])
Jan 27 00:09:49 daemon kernel: [    0.018210] IOAPIC[0]: apic_id 0, version 17, address 0xfec00000, GSI 0-23
Jan 27 00:09:49 daemon kernel: [    0.018213] ACPI: INT_SRC_OVR (bus 0 bus_irq 0 global_irq 2 dfl dfl)
Jan 27 00:09:49 daemon kernel: [    0.018215] ACPI: INT_SRC_OVR (bus 0 bus_irq 5 global_irq 5 high level)
Jan 27 00:09:49 daemon kernel: [    0.018216] ACPI: INT_SRC_OVR (bus 0 bus_irq 9 global_irq 9 high level)
Jan 27 00:09:49 daemon kernel: [    0.018218] ACPI: INT_SRC_OVR (bus 0 bus_irq 10 global_irq 10 high level)
Jan 27 00:09:49 daemon kernel: [    0.018219] ACPI: INT_SRC_OVR (bus 0 bus_irq 11 global_irq 11 high level)
Jan 27 00:09:49 daemon kernel: [    0.018224] Using ACPI (MADT) for SMP configuration information
Jan 27 00:09:49 daemon kernel: [    0.018226] ACPI: HPET id: 0x8086a201 base: 0xfed00000
Jan 27 00:09:49 daemon kernel: [    0.018231] TSC deadline timer available
Jan 27 00:09:49 daemon kernel: [    0.018235] smpboot: Allowing 1 CPUs, 0 hotplug CPUs
Jan 27 00:09:49 daemon kernel: [    0.018259] PM: Registered nosave memory: [mem 0x00000000-0x00000fff]
Jan 27 00:09:49 daemon kernel: [    0.018260] PM: Registered nosave memory: [mem 0x0009f000-0x0009ffff]
Jan 27 00:09:49 daemon kernel: [    0.018262] PM: Registered nosave memory: [mem 0x000a0000-0x000effff]
Jan 27 00:09:49 daemon kernel: [    0.018263] PM: Registered nosave memory: [mem 0x000f0000-0x000fffff]
Jan 27 00:09:49 daemon kernel: [    0.018265] [mem 0xc0000000-0xfed1bfff] available for PCI devices
Jan 27 00:09:49 daemon kernel: [    0.018266] Booting paravirtualized kernel on KVM
Jan 27 00:09:49 daemon kernel: [    0.018269] clocksource: refined-jiffies: mask: 0xffffffff max_cycles: 0xffffffff, max_idle_ns: 7645519600211568 ns
Jan 27 00:09:49 daemon kernel: [    0.134875] random: get_random_bytes called from start_kernel+0x93/0x52a with crng_init=0
Jan 27 00:09:49 daemon kernel: [    0.134886] setup_percpu: NR_CPUS:512 nr_cpumask_bits:512 nr_cpu_ids:1 nr_node_ids:1
Jan 27 00:09:49 daemon kernel: [    0.135243] percpu: Embedded 45 pages/cpu s144536 r8192 d31592 u2097152
Jan 27 00:09:49 daemon kernel: [    0.135272] KVM setup async PF for cpu 0
Jan 27 00:09:49 daemon kernel: [    0.135278] kvm-stealtime: cpu 0, msr 7da161c0
Jan 27 00:09:49 daemon kernel: [    0.135285] Built 1 zonelists, mobility grouping on.  Total pages: 515941
Jan 27 00:09:49 daemon kernel: [    0.135286] Policy zone: DMA32
Jan 27 00:09:49 daemon kernel: [    0.135289] Kernel command line: BOOT_IMAGE=/boot/vmlinuz-4.19.0-18-amd64 root=/dev/sda ro console=ttyS0,19200n8 net.ifnames=0
Jan 27 00:09:49 daemon kernel: [    0.141595] Memory: 2013832K/2096616K available (10252K kernel code, 1242K rwdata, 3332K rodata, 1596K init, 2260K bss, 82784K reserved, 0K cma-reserved)
Jan 27 00:09:49 daemon kernel: [    0.142066] SLUB: HWalign=64, Order=0-3, MinObjects=0, CPUs=1, Nodes=1
Jan 27 00:09:49 daemon kernel: [    0.142074] ftrace: allocating 32002 entries in 126 pages
Jan 27 00:09:49 daemon kernel: [    0.154868] rcu: Hierarchical RCU implementation.
Jan 27 00:09:49 daemon kernel: [    0.154871] rcu: 	RCU restricting CPUs from NR_CPUS=512 to nr_cpu_ids=1.
Jan 27 00:09:49 daemon kernel: [    0.154872] rcu: Adjusting geometry for rcu_fanout_leaf=16, nr_cpu_ids=1
Jan 27 00:09:49 daemon kernel: [    0.157541] NR_IRQS: 33024, nr_irqs: 256, preallocated irqs: 16
Jan 27 00:09:49 daemon kernel: [    0.174673] Console: colour VGA+ 80x25
Jan 27 00:09:49 daemon kernel: [    0.268911] console [ttyS0] enabled
Jan 27 00:09:49 daemon kernel: [    0.269491] ACPI: Core revision 20180810
Jan 27 00:09:49 daemon kernel: [    0.270397] clocksource: hpet: mask: 0xffffffff max_cycles: 0xffffffff, max_idle_ns: 19112604467 ns
Jan 27 00:09:49 daemon kernel: [    0.271847] APIC: Switch to symmetric I/O mode setup
Jan 27 00:09:49 daemon kernel: [    0.272783] x2apic enabled
Jan 27 00:09:49 daemon kernel: [    0.273428] Switched APIC routing to physical x2apic.
Jan 27 00:09:49 daemon kernel: [    0.274257] KVM setup pv IPIs
Jan 27 00:09:49 daemon kernel: [    0.276625] ..TIMER: vector=0x30 apic1=0 pin1=2 apic2=-1 pin2=-1
Jan 27 00:09:49 daemon kernel: [    0.277652] clocksource: tsc-early: mask: 0xffffffffffffffff max_cycles: 0x1fb63109b96, max_idle_ns: 440795265316 ns
Jan 27 00:09:49 daemon kernel: [    0.279360] Calibrating delay loop (skipped) preset value.. 4399.99 BogoMIPS (lpj=8799992)
Jan 27 00:09:49 daemon kernel: [    0.283355] pid_max: default: 32768 minimum: 301
Jan 27 00:09:49 daemon kernel: [    0.284114] Security Framework initialized
Jan 27 00:09:49 daemon kernel: [    0.284740] Yama: disabled by default; enable with sysctl kernel.yama.*
Jan 27 00:09:49 daemon kernel: [    0.285765] AppArmor: AppArmor initialized
Jan 27 00:09:49 daemon kernel: [    0.287467] Dentry cache hash table entries: 262144 (order: 9, 2097152 bytes)
Jan 27 00:09:49 daemon kernel: [    0.288883] Inode-cache hash table entries: 131072 (order: 8, 1048576 bytes)
Jan 27 00:09:49 daemon kernel: [    0.289977] Mount-cache hash table entries: 4096 (order: 3, 32768 bytes)
Jan 27 00:09:49 daemon kernel: [    0.291033] Mountpoint-cache hash table entries: 4096 (order: 3, 32768 bytes)
Jan 27 00:09:49 daemon kernel: [    0.291679] Last level iTLB entries: 4KB 512, 2MB 255, 4MB 127
Jan 27 00:09:49 daemon kernel: [    0.292678] Last level dTLB entries: 4KB 512, 2MB 255, 4MB 127, 1GB 0
Jan 27 00:09:49 daemon kernel: [    0.293675] Spectre V1 : Mitigation: usercopy/swapgs barriers and __user pointer sanitization
Jan 27 00:09:49 daemon kernel: [    0.295354] Spectre V2 : Mitigation: Full AMD retpoline
Jan 27 00:09:49 daemon kernel: [    0.296166] Spectre V2 : Spectre v2 / SpectreRSB mitigation: Filling RSB on context switch
Jan 27 00:09:49 daemon kernel: [    0.297442] Spectre V2 : mitigation: Enabling conditional Indirect Branch Prediction Barrier
Jan 27 00:09:49 daemon kernel: [    0.299353] Speculative Store Bypass: Mitigation: Speculative Store Bypass disabled via prctl and seccomp
Jan 27 00:09:49 daemon kernel: [    0.305105] Freeing SMP alternatives memory: 24K
Jan 27 00:09:49 daemon kernel: [    0.307476] smpboot: CPU0: AMD EPYC 7601 32-Core Processor (family: 0x17, model: 0x1, stepping: 0x2)
Jan 27 00:09:49 daemon kernel: [    0.308882] Performance Events: Fam17h core perfctr, AMD PMU driver.
Jan 27 00:09:49 daemon kernel: [    0.309815] ... version:                0
Jan 27 00:09:49 daemon kernel: [    0.310394] ... bit width:              48
Jan 27 00:09:49 daemon kernel: [    0.310984] ... generic registers:      6
Jan 27 00:09:49 daemon kernel: [    0.311357] ... value mask:             0000ffffffffffff
Jan 27 00:09:49 daemon kernel: [    0.312134] ... max period:             00007fffffffffff
Jan 27 00:09:49 daemon kernel: [    0.312907] ... fixed-purpose events:   0
Jan 27 00:09:49 daemon kernel: [    0.313516] ... event mask:             000000000000003f
Jan 27 00:09:49 daemon kernel: [    0.314343] rcu: Hierarchical SRCU implementation.
Jan 27 00:09:49 daemon kernel: [    0.315443] random: crng done (trusting CPU's manufacturer)
Jan 27 00:09:49 daemon kernel: [    0.316326] smp: Bringing up secondary CPUs ...
Jan 27 00:09:49 daemon kernel: [    0.316998] smp: Brought up 1 node, 1 CPU
Jan 27 00:09:49 daemon kernel: [    0.317581] smpboot: Max logical packages: 1
Jan 27 00:09:49 daemon kernel: [    0.318221] smpboot: Total of 1 processors activated (4399.99 BogoMIPS)
Jan 27 00:09:49 daemon kernel: [    0.319517] devtmpfs: initialized
Jan 27 00:09:49 daemon kernel: [    0.320085] x86/mm: Memory block size: 128MB
Jan 27 00:09:49 daemon kernel: [    0.321038] clocksource: jiffies: mask: 0xffffffff max_cycles: 0xffffffff, max_idle_ns: 7645041785100000 ns
Jan 27 00:09:49 daemon kernel: [    0.322525] futex hash table entries: 256 (order: 2, 16384 bytes)
Jan 27 00:09:49 daemon kernel: [    0.323393] pinctrl core: initialized pinctrl subsystem
Jan 27 00:09:49 daemon kernel: [    0.324297] NET: Registered protocol family 16
Jan 27 00:09:49 daemon kernel: [    0.325014] audit: initializing netlink subsys (disabled)
Jan 27 00:09:49 daemon kernel: [    0.325894] cpuidle: using governor ladder
Jan 27 00:09:49 daemon kernel: [    0.326575] cpuidle: using governor menu
Jan 27 00:09:49 daemon kernel: [    0.327778] KVM setup pv remote TLB flush
Jan 27 00:09:49 daemon kernel: [    0.328450] ACPI: bus type PCI registered
Jan 27 00:09:49 daemon kernel: [    0.329109] acpiphp: ACPI Hot Plug PCI Controller Driver version: 0.5
Jan 27 00:09:49 daemon kernel: [    0.330256] PCI: MMCONFIG for domain 0000 [bus 00-ff] at [mem 0xb0000000-0xbfffffff] (base 0xb0000000)
Jan 27 00:09:49 daemon kernel: [    0.331364] audit: type=2000 audit(1643234986.225:1): state=initialized audit_enabled=0 res=1
Jan 27 00:09:49 daemon kernel: [    0.332751] PCI: MMCONFIG at [mem 0xb0000000-0xbfffffff] reserved in E820
Jan 27 00:09:49 daemon kernel: [    0.333846] PCI: Using configuration type 1 for base access
Jan 27 00:09:49 daemon kernel: [    0.335484] HugeTLB registered 1.00 GiB page size, pre-allocated 0 pages
Jan 27 00:09:49 daemon kernel: [    0.336512] HugeTLB registered 2.00 MiB page size, pre-allocated 0 pages
Jan 27 00:09:49 daemon kernel: [    0.337716] ACPI: Added _OSI(Module Device)
Jan 27 00:09:49 daemon kernel: [    0.338365] ACPI: Added _OSI(Processor Device)
Jan 27 00:09:49 daemon kernel: [    0.339045] ACPI: Added _OSI(3.0 _SCP Extensions)
Jan 27 00:09:49 daemon kernel: [    0.339358] ACPI: Added _OSI(Processor Aggregator Device)
Jan 27 00:09:49 daemon kernel: [    0.340191] ACPI: Added _OSI(Linux-Dell-Video)
Jan 27 00:09:49 daemon kernel: [    0.340872] ACPI: Added _OSI(Linux-Lenovo-NV-HDMI-Audio)
Jan 27 00:09:49 daemon kernel: [    0.342695] ACPI: 1 ACPI AML tables successfully acquired and loaded
Jan 27 00:09:49 daemon kernel: [    0.345148] ACPI: Interpreter enabled
Jan 27 00:09:49 daemon kernel: [    0.345748] ACPI: (supports S0 S3 S4 S5)
Jan 27 00:09:49 daemon kernel: [    0.346353] ACPI: Using IOAPIC for interrupt routing
Jan 27 00:09:49 daemon kernel: [    0.347138] PCI: Using host bridge windows from ACPI; if necessary, use "pci=nocrs" and report a bug
Jan 27 00:09:49 daemon kernel: [    0.347444] ACPI: Enabled 1 GPEs in block 00 to 3F
Jan 27 00:09:49 daemon kernel: [    0.349914] ACPI: PCI Root Bridge [PCI0] (domain 0000 [bus 00-ff])
Jan 27 00:09:49 daemon kernel: [    0.350948] acpi PNP0A08:00: _OSC: OS supports [ExtendedConfig ASPM ClockPM Segments MSI]
Jan 27 00:09:49 daemon kernel: [    0.351437] acpi PNP0A08:00: _OSC: platform does not support [LTR]
Jan 27 00:09:49 daemon kernel: [    0.352438] acpi PNP0A08:00: _OSC: OS now controls [PCIeHotplug SHPCHotplug PME AER PCIeCapability]
Jan 27 00:09:49 daemon kernel: [    0.353933] PCI host bridge to bus 0000:00
Jan 27 00:09:49 daemon kernel: [    0.354562] pci_bus 0000:00: root bus resource [io  0x0000-0x0cf7 window]
Jan 27 00:09:49 daemon kernel: [    0.355356] pci_bus 0000:00: root bus resource [io  0x0d00-0xffff window]
Jan 27 00:09:49 daemon kernel: [    0.356383] pci_bus 0000:00: root bus resource [mem 0x000a0000-0x000bffff window]
Jan 27 00:09:49 daemon kernel: [    0.357526] pci_bus 0000:00: root bus resource [mem 0x80000000-0xafffffff window]
Jan 27 00:09:49 daemon kernel: [    0.358684] pci_bus 0000:00: root bus resource [mem 0xc0000000-0xfebfffff window]
Jan 27 00:09:49 daemon kernel: [    0.359357] pci_bus 0000:00: root bus resource [mem 0x100000000-0x8ffffffff window]
Jan 27 00:09:49 daemon kernel: [    0.360536] pci_bus 0000:00: root bus resource [bus 00-ff]
Jan 27 00:09:49 daemon kernel: [    0.402362] pci 0000:00:1f.0: quirk: [io  0x0600-0x067f] claimed by ICH6 ACPI/GPIO/TCO
Jan 27 00:09:49 daemon kernel: [    0.415762] ACPI: PCI Interrupt Link [LNKA] (IRQs 5 *10 11)
Jan 27 00:09:49 daemon kernel: [    0.416651] ACPI: PCI Interrupt Link [LNKB] (IRQs 5 *10 11)
Jan 27 00:09:49 daemon kernel: [    0.418840] ACPI: PCI Interrupt Link [LNKC] (IRQs 5 10 *11)
Jan 27 00:09:49 daemon kernel: [    0.419426] ACPI: PCI Interrupt Link [LNKD] (IRQs 5 10 *11)
Jan 27 00:09:49 daemon kernel: [    0.420283] ACPI: PCI Interrupt Link [LNKE] (IRQs 5 *10 11)
Jan 27 00:09:49 daemon kernel: [    0.421133] ACPI: PCI Interrupt Link [LNKF] (IRQs 5 *10 11)
Jan 27 00:09:49 daemon kernel: [    0.421970] ACPI: PCI Interrupt Link [LNKG] (IRQs 5 10 *11)
Jan 27 00:09:49 daemon kernel: [    0.422797] ACPI: PCI Interrupt Link [LNKH] (IRQs 5 10 *11)
Jan 27 00:09:49 daemon kernel: [    0.423385] ACPI: PCI Interrupt Link [GSIA] (IRQs *16)
Jan 27 00:09:49 daemon kernel: [    0.424134] ACPI: PCI Interrupt Link [GSIB] (IRQs *17)
Jan 27 00:09:49 daemon kernel: [    0.424938] ACPI: PCI Interrupt Link [GSIC] (IRQs *18)
Jan 27 00:09:49 daemon kernel: [    0.425838] ACPI: PCI Interrupt Link [GSID] (IRQs *19)
Jan 27 00:09:49 daemon kernel: [    0.426619] ACPI: PCI Interrupt Link [GSIE] (IRQs *20)
Jan 27 00:09:49 daemon kernel: [    0.427367] ACPI: PCI Interrupt Link [GSIF] (IRQs *21)
Jan 27 00:09:49 daemon kernel: [    0.428160] ACPI: PCI Interrupt Link [GSIG] (IRQs *22)
Jan 27 00:09:49 daemon kernel: [    0.429163] ACPI: PCI Interrupt Link [GSIH] (IRQs *23)
Jan 27 00:09:49 daemon kernel: [    0.430290] pci 0000:00:01.0: vgaarb: setting as boot VGA device
Jan 27 00:09:49 daemon kernel: [    0.431195] pci 0000:00:01.0: vgaarb: VGA device added: decodes=io+mem,owns=io+mem,locks=none
Jan 27 00:09:49 daemon kernel: [    0.431357] pci 0000:00:01.0: vgaarb: bridge control possible
Jan 27 00:09:49 daemon kernel: [    0.432174] vgaarb: loaded
Jan 27 00:09:49 daemon kernel: [    0.432615] pps_core: LinuxPPS API ver. 1 registered
Jan 27 00:09:49 daemon kernel: [    0.433345] pps_core: Software ver. 5.3.6 - Copyright 2005-2007 Rodolfo Giometti <giometti@linux.it>
Jan 27 00:09:49 daemon kernel: [    0.434620] PTP clock support registered
Jan 27 00:09:49 daemon kernel: [    0.435190] EDAC MC: Ver: 3.0.0
Jan 27 00:09:49 daemon kernel: [    0.435556] PCI: Using ACPI for IRQ routing
Jan 27 00:09:49 daemon kernel: [    0.484124] hpet0: at MMIO 0xfed00000, IRQs 2, 8, 0
Jan 27 00:09:49 daemon kernel: [    0.484929] hpet0: 3 comparators, 64-bit 100.000000 MHz counter
Jan 27 00:09:49 daemon kernel: [    0.492405] clocksource: Switched to clocksource kvm-clock
Jan 27 00:09:49 daemon kernel: [    0.501576] VFS: Disk quotas dquot_6.6.0
Jan 27 00:09:49 daemon kernel: [    0.502264] VFS: Dquot-cache hash table entries: 512 (order 0, 4096 bytes)
Jan 27 00:09:49 daemon kernel: [    0.503420] AppArmor: AppArmor Filesystem Enabled
Jan 27 00:09:49 daemon kernel: [    0.504118] pnp: PnP ACPI init
Jan 27 00:09:49 daemon kernel: [    0.504935] pnp: PnP ACPI: found 4 devices
Jan 27 00:09:49 daemon kernel: [    0.511143] clocksource: acpi_pm: mask: 0xffffff max_cycles: 0xffffff, max_idle_ns: 2085701024 ns
Jan 27 00:09:49 daemon kernel: [    0.512477] NET: Registered protocol family 2
Jan 27 00:09:49 daemon kernel: [    0.513157] IP idents hash table entries: 32768 (order: 6, 262144 bytes)
Jan 27 00:09:49 daemon kernel: [    0.514470] tcp_listen_portaddr_hash hash table entries: 1024 (order: 2, 16384 bytes)
Jan 27 00:09:49 daemon kernel: [    0.515785] TCP established hash table entries: 16384 (order: 5, 131072 bytes)
Jan 27 00:09:49 daemon kernel: [    0.517035] TCP bind hash table entries: 16384 (order: 6, 262144 bytes)
Jan 27 00:09:49 daemon kernel: [    0.518233] TCP: Hash tables configured (established 16384 bind 16384)
Jan 27 00:09:49 daemon kernel: [    0.519252] UDP hash table entries: 1024 (order: 3, 32768 bytes)
Jan 27 00:09:49 daemon kernel: [    0.520224] UDP-Lite hash table entries: 1024 (order: 3, 32768 bytes)
Jan 27 00:09:49 daemon kernel: [    0.521251] NET: Registered protocol family 1
Jan 27 00:09:49 daemon kernel: [    0.521920] NET: Registered protocol family 44
Jan 27 00:09:49 daemon kernel: [    0.522626] pci 0000:00:01.0: Video device with shadowed ROM at [mem 0x000c0000-0x000dffff]
Jan 27 00:09:49 daemon kernel: [    0.524026] Unpacking initramfs...
Jan 27 00:09:49 daemon kernel: [    0.935676] Freeing initrd memory: 24836K
