Jan 28 00:00:15 daemon rsyslogd:  [origin software="rsyslogd" swVersion="8.1901.0" x-pid="398" x-info="https://www.rsyslog.com"] rsyslogd was HUPed
Jan 28 00:00:15 daemon systemd[1]: logrotate.service: Main process exited, code=exited, status=1/FAILURE
Jan 28 00:00:15 daemon systemd[1]: logrotate.service: Failed with result 'exit-code'.
Jan 28 00:00:15 daemon systemd[1]: Failed to start Rotate log files.
Jan 28 00:00:15 daemon systemd[1]: man-db.service: Succeeded.
Jan 28 00:00:15 daemon systemd[1]: Started Daily man-db regeneration.
Jan 28 00:05:01 daemon CRON[3703]: (root) CMD (command -v debian-sa1 > /dev/null && debian-sa1 1 1)
Jan 28 00:05:27 daemon dbus-daemon[396]: [system] Activating via systemd: service name='org.freedesktop.PackageKit' unit='packagekit.service' requested by ':1.246' (uid=0 pid=3853 comm="/usr/bin/gdbus call --system --dest org.freedeskto")
Jan 28 00:05:27 daemon systemd[1]: Starting PackageKit Daemon...
Jan 28 00:05:27 daemon PackageKit: daemon start
Jan 28 00:05:27 daemon dbus-daemon[396]: [system] Successfully activated service 'org.freedesktop.PackageKit'
Jan 28 00:05:27 daemon systemd[1]: Started PackageKit Daemon.
Jan 28 00:09:01 daemon systemd[1]: Starting Clean php session files...
Jan 28 00:09:01 daemon CRON[3883]: (root) CMD (  [ -x /usr/lib/php/sessionclean ] && if [ ! -d /run/systemd/system ]; then /usr/lib/php/sessionclean; fi)
Jan 28 00:09:01 daemon systemd[1]: phpsessionclean.service: Succeeded.
Jan 28 00:09:01 daemon systemd[1]: Started Clean php session files.
Jan 28 00:10:33 daemon PackageKit: daemon quit
Jan 28 00:10:33 daemon systemd[1]: packagekit.service: Main process exited, code=killed, status=15/TERM
Jan 28 00:10:33 daemon systemd[1]: packagekit.service: Succeeded.
Jan 28 00:15:01 daemon CRON[3967]: (root) CMD (command -v debian-sa1 > /dev/null && debian-sa1 1 1)
Jan 28 00:17:01 daemon CRON[3970]: (root) CMD (   cd / && run-parts --report /etc/cron.hourly)
Jan 28 00:25:01 daemon CRON[3997]: (root) CMD (command -v debian-sa1 > /dev/null && debian-sa1 1 1)
Jan 28 00:34:27 daemon systemd[1]: Stopping The Apache HTTP Server...
Jan 28 00:34:27 daemon systemd[1]: apache2.service: Succeeded.
Jan 28 00:34:27 daemon systemd[1]: Stopped The Apache HTTP Server.
Jan 28 00:34:27 daemon systemd[1]: Starting The Apache HTTP Server...
Jan 28 00:34:28 daemon systemd[1]: Started The Apache HTTP Server.
Jan 28 00:35:01 daemon CRON[4044]: (root) CMD (command -v debian-sa1 > /dev/null && debian-sa1 1 1)
Jan 28 00:39:01 daemon systemd[1]: Starting Clean php session files...
Jan 28 00:39:01 daemon CRON[4059]: (root) CMD (  [ -x /usr/lib/php/sessionclean ] && if [ ! -d /run/systemd/system ]; then /usr/lib/php/sessionclean; fi)
Jan 28 00:39:01 daemon systemd[1]: phpsessionclean.service: Succeeded.
Jan 28 00:39:01 daemon systemd[1]: Started Clean php session files.
Jan 28 00:41:45 daemon systemd[1]: Stopping The Apache HTTP Server...
Jan 28 00:41:45 daemon systemd[1]: apache2.service: Succeeded.
Jan 28 00:41:45 daemon systemd[1]: Stopped The Apache HTTP Server.
Jan 28 00:41:45 daemon systemd[1]: Starting The Apache HTTP Server...
Jan 28 00:41:46 daemon systemd[1]: Started The Apache HTTP Server.
Jan 28 00:45:01 daemon CRON[4188]: (root) CMD (command -v debian-sa1 > /dev/null && debian-sa1 1 1)
Jan 28 00:55:01 daemon CRON[4201]: (root) CMD (command -v debian-sa1 > /dev/null && debian-sa1 1 1)
Jan 28 01:02:32 daemon systemd[1]: unattended-upgrades.service: Succeeded.
Jan 28 01:02:32 daemon systemd[1]: Stopped Unattended Upgrades Shutdown.
Jan 28 01:02:32 daemon systemd[1]: Stopped target Multi-User System.
Jan 28 01:02:32 daemon systemd[1]: postfix.service: Succeeded.
Jan 28 01:02:32 daemon systemd[1]: Stopped Postfix Mail Transport Agent.
Jan 28 01:02:32 daemon systemd[1]: Stopped target Timers.
Jan 28 01:02:32 daemon systemd[1]: Stopping Postfix Mail Transport Agent (instance -)...
Jan 28 01:02:32 daemon systemd[1]: Stopping LSB: Longview Monitoring Agent...
Jan 28 01:02:32 daemon systemd[1]: Stopped target Login Prompts.
Jan 28 01:02:32 daemon systemd[1]: Stopping Getty on tty1...
Jan 28 01:02:32 daemon systemd[1]: Stopping Serial Getty on ttyS0...
Jan 28 01:02:32 daemon systemd[1]: Stopping Fail2Ban Service...
Jan 28 01:02:32 daemon systemd[1]: snap.certbot.renew.timer: Succeeded.
Jan 28 01:02:32 daemon systemd[1]: Stopped Timer renew for snap application certbot.renew.
Jan 28 01:02:32 daemon systemd[1]: Stopping Session c1 of user root.
Jan 28 01:02:32 daemon systemd[1]: systemd-tmpfiles-clean.timer: Succeeded.
Jan 28 01:02:32 daemon systemd[1]: Stopped Daily Cleanup of Temporary Directories.
Jan 28 01:02:32 daemon systemd[1]: logrotate.timer: Succeeded.
Jan 28 01:02:32 daemon systemd[1]: Stopped Daily rotation of log files.
Jan 28 01:02:32 daemon systemd[1]: snapd.seeded.service: Succeeded.
Jan 28 01:02:32 daemon systemd[1]: Stopped Wait until snapd is fully seeded.
Jan 28 01:02:32 daemon snapd[403]: main.go:155: Exiting on terminated signal.
Jan 28 01:02:32 daemon systemd[1]: Stopping Snappy daemon...
Jan 28 01:02:32 daemon systemd[1]: man-db.timer: Succeeded.
Jan 28 01:02:32 daemon systemd[1]: Stopped Daily man-db regeneration.
Jan 28 01:02:32 daemon systemd[1]: Stopping OpenBSD Secure Shell server...
Jan 28 01:02:32 daemon systemd[1]: sysstat.service: Succeeded.
Jan 28 01:02:32 daemon systemd[1]: Stopped Resets System Activity Data Collector.
Jan 28 01:02:32 daemon systemd[1]: Stopping LSB: Start and stop OSSEC HIDS...
Jan 28 01:02:32 daemon systemd[1]: Stopping MariaDB 10.3.31 database server...
Jan 28 01:02:32 daemon systemd[1]: Stopping Regular background program processing daemon...
Jan 28 01:02:32 daemon systemd[1]: Stopping Authorization Manager...
Jan 28 01:02:32 daemon systemd[1]: Stopping The Apache HTTP Server...
Jan 28 01:03:00 daemon systemd-fsck[233]: linode-root: clean, 71141/3041280 files, 1102141/12976128 blocks
Jan 28 01:03:00 daemon systemd[1]: Started udev Coldplug all Devices.
Jan 28 01:03:00 daemon systemd[1]: Starting Helper to synchronize boot up for ifupdown...
Jan 28 01:03:00 daemon systemd[1]: Starting Flush Journal to Persistent Storage...
Jan 28 01:03:00 daemon systemd[1]: Started Create System Users.
Jan 28 01:03:00 daemon systemd[1]: Started Load/Save Random Seed.
Jan 28 01:03:00 daemon systemd[1]: Starting Create Static Device Nodes in /dev...
Jan 28 01:03:00 daemon systemd-tmpfiles[265]: [/usr/lib/tmpfiles.d/fail2ban-tmpfiles.conf:1] Line references path below legacy directory /var/run/, updating /var/run/fail2ban → /run/fail2ban; please update the tmpfiles.d/ drop-in file accordingly.
Jan 28 01:03:00 daemon systemd[1]: Started Flush Journal to Persistent Storage.
Jan 28 01:03:00 daemon systemd[1]: Started Create Static Device Nodes in /dev.
Jan 28 01:03:00 daemon systemd[1]: Starting udev Kernel Device Manager...
Jan 28 01:03:00 daemon systemd[1]: Started Set the console keyboard layout.
Jan 28 01:03:00 daemon systemd[1]: Reached target Local File Systems (Pre).
Jan 28 01:03:00 daemon systemd[1]: Mounting Mount unit for core20, revision 1328...
Jan 28 01:03:00 daemon systemd[1]: Mounting Mount unit for core20, revision 1270...
Jan 28 01:03:00 daemon systemd[1]: Mounting Mount unit for certbot, revision 1670...
Jan 28 01:03:00 daemon systemd-udevd[266]: Network interface NamePolicy= disabled on kernel command line, ignoring.
Jan 28 01:03:00 daemon systemd[1]: Mounting Mount unit for core, revision 12603...
Jan 28 01:03:00 daemon systemd[1]: Started udev Kernel Device Manager.
Jan 28 01:03:00 daemon systemd[1]: Mounted Mount unit for core20, revision 1328.
Jan 28 01:03:00 daemon systemd[1]: Mounted Mount unit for core20, revision 1270.
Jan 28 01:03:00 daemon systemd[1]: Mounted Mount unit for certbot, revision 1670.
Jan 28 01:03:00 daemon systemd[1]: Mounted Mount unit for core, revision 12603.
Jan 28 01:03:00 daemon systemd[1]: Reached target Local File Systems.
Jan 28 01:03:00 daemon systemd[1]: Starting Set console font and keymap...
Jan 28 01:03:00 daemon systemd[1]: Condition check resulted in Commit a transient machine-id on disk being skipped.
Jan 28 01:03:00 daemon systemd[1]: Starting Load AppArmor profiles...
Jan 28 01:03:00 daemon systemd-udevd[283]: Using default interface naming scheme 'v240'.
Jan 28 01:03:00 daemon systemd[1]: Starting Create Volatile Files and Directories...
Jan 28 01:03:00 daemon systemd[1]: Started Set console font and keymap.
Jan 28 01:03:00 daemon systemd-tmpfiles[299]: [/usr/lib/tmpfiles.d/fail2ban-tmpfiles.conf:1] Line references path below legacy directory /var/run/, updating /var/run/fail2ban → /run/fail2ban; please update the tmpfiles.d/ drop-in file accordingly.
Jan 28 01:03:00 daemon apparmor.systemd[295]: Restarting AppArmor
Jan 28 01:03:00 daemon apparmor.systemd[295]: Reloading AppArmor profiles
Jan 28 01:03:00 daemon systemd[1]: Found device /dev/ttyS0.
Jan 28 01:03:00 daemon systemd[1]: Started Create Volatile Files and Directories.
Jan 28 01:03:00 daemon systemd[1]: Found device QEMU_HARDDISK.
Jan 28 01:03:00 daemon systemd[1]: Activating swap /dev/sdb...
Jan 28 01:03:00 daemon systemd[1]: Starting Network Time Synchronization...
Jan 28 01:03:00 daemon systemd[1]: Starting Update UTMP about System Boot/Shutdown...
Jan 28 01:03:00 daemon systemd[1]: Activated swap /dev/sdb.
Jan 28 01:03:00 daemon systemd[1]: Started Load AppArmor profiles.
Jan 28 01:03:00 daemon systemd[1]: Found device Virtio network device.
Jan 28 01:03:00 daemon systemd[1]: Started ifup for eth0.
Jan 28 01:03:00 daemon systemd[1]: Started Entropy daemon using the HAVEGE algorithm.
Jan 28 01:03:00 daemon systemd[1]: Reached target Swap.
Jan 28 01:03:00 daemon systemd[1]: Started Network Time Synchronization.
Jan 28 01:03:00 daemon systemd[1]: Started Update UTMP about System Boot/Shutdown.
Jan 28 01:03:00 daemon systemd[1]: Reached target System Initialization.
Jan 28 01:03:00 daemon systemd[1]: Started Daily Cleanup of Temporary Directories.
Jan 28 01:03:00 daemon systemd[1]: Starting Socket activation for snappy daemon.
Jan 28 01:03:00 daemon systemd[1]: Listening on D-Bus System Message Bus Socket.
Jan 28 01:03:00 daemon systemd[1]: Reached target System Time Synchronized.
Jan 28 01:03:00 daemon systemd[1]: Started Clean PHP session files every 30 mins.
Jan 28 01:03:00 daemon systemd[1]: Started Daily rotation of log files.
Jan 28 01:03:00 daemon systemd[1]: Started Daily apt download activities.
Jan 28 01:03:00 daemon systemd[1]: Started Timer renew for snap application certbot.renew.
Jan 28 01:03:00 daemon systemd[1]: Started Daily apt upgrade and clean activities.
Jan 28 01:03:00 daemon systemd[1]: Started Daily man-db regeneration.
Jan 28 01:03:00 daemon systemd[1]: Reached target Timers.
Jan 28 01:03:00 daemon systemd[1]: Listening on Socket activation for snappy daemon.
Jan 28 01:03:00 daemon systemd[1]: Reached target Sockets.
Jan 28 01:03:00 daemon systemd[1]: Reached target Basic System.
Jan 28 01:03:00 daemon systemd[1]: Starting Login Service...
Jan 28 01:03:00 daemon systemd[1]: Started D-Bus System Message Bus.
Jan 28 01:03:00 daemon systemd[1]: Starting System Logging Service...
Jan 28 01:03:00 daemon systemd[1]: Condition check resulted in getty on tty2-tty6 if dbus and logind are not available being skipped.
Jan 28 01:03:00 daemon systemd[1]: Started Regular background program processing daemon.
Jan 28 01:03:00 daemon rsyslogd: imuxsock: Acquired UNIX socket '/run/systemd/journal/syslog' (fd 3) from systemd.  [v8.1901.0]
Jan 28 01:03:00 daemon rsyslogd:  [origin software="rsyslogd" swVersion="8.1901.0" x-pid="389" x-info="https://www.rsyslog.com"] start
Jan 28 01:03:00 daemon cron[391]: (CRON) INFO (pidfile fd = 3)
Jan 28 01:03:00 daemon kernel: [    0.000000] Linux version 4.19.0-18-amd64 (debian-kernel@lists.debian.org) (gcc version 8.3.0 (Debian 8.3.0-6)) #1 SMP Debian 4.19.208-1 (2021-09-29)
Jan 28 01:03:00 daemon kernel: [    0.000000] Command line: BOOT_IMAGE=/boot/vmlinuz-4.19.0-18-amd64 root=/dev/sda ro console=ttyS0,19200n8 net.ifnames=0
Jan 28 01:03:00 daemon kernel: [    0.000000] x86/fpu: Supporting XSAVE feature 0x001: 'x87 floating point registers'
Jan 28 01:03:00 daemon kernel: [    0.000000] x86/fpu: Supporting XSAVE feature 0x002: 'SSE registers'
Jan 28 01:03:00 daemon kernel: [    0.000000] x86/fpu: Supporting XSAVE feature 0x004: 'AVX registers'
Jan 28 01:03:00 daemon kernel: [    0.000000] x86/fpu: xstate_offset[2]:  576, xstate_sizes[2]:  256
Jan 28 01:03:00 daemon kernel: [    0.000000] x86/fpu: Enabled xstate features 0x7, context size is 832 bytes, using 'compacted' format.
Jan 28 01:03:00 daemon kernel: [    0.000000] BIOS-provided physical RAM map:
Jan 28 01:03:00 daemon kernel: [    0.000000] BIOS-e820: [mem 0x0000000000000000-0x000000000009fbff] usable
Jan 28 01:03:00 daemon kernel: [    0.000000] BIOS-e820: [mem 0x000000000009fc00-0x000000000009ffff] reserved
Jan 28 01:03:00 daemon kernel: [    0.000000] BIOS-e820: [mem 0x00000000000f0000-0x00000000000fffff] reserved
Jan 28 01:03:00 daemon kernel: [    0.000000] BIOS-e820: [mem 0x0000000000100000-0x000000007ffdbfff] usable
Jan 28 01:03:00 daemon kernel: [    0.000000] BIOS-e820: [mem 0x000000007ffdc000-0x000000007fffffff] reserved
Jan 28 01:03:00 daemon kernel: [    0.000000] BIOS-e820: [mem 0x00000000b0000000-0x00000000bfffffff] reserved
Jan 28 01:03:00 daemon kernel: [    0.000000] BIOS-e820: [mem 0x00000000fed1c000-0x00000000fed1ffff] reserved
Jan 28 01:03:00 daemon kernel: [    0.000000] BIOS-e820: [mem 0x00000000feffc000-0x00000000feffffff] reserved
Jan 28 01:03:00 daemon kernel: [    0.000000] BIOS-e820: [mem 0x00000000fffc0000-0x00000000ffffffff] reserved
Jan 28 01:03:00 daemon kernel: [    0.000000] NX (Execute Disable) protection: active
Jan 28 01:03:00 daemon kernel: [    0.000000] SMBIOS 2.8 present.
Jan 28 01:03:00 daemon kernel: [    0.000000] DMI: QEMU Standard PC (Q35 + ICH9, 2009), BIOS rel-1.12.1-0-ga5cab58e9a3f-prebuilt.qemu.org 04/01/2014
Jan 28 01:03:00 daemon kernel: [    0.000000] Hypervisor detected: KVM
Jan 28 01:03:00 daemon kernel: [    0.000000] kvm-clock: Using msrs 4b564d01 and 4b564d00
Jan 28 01:03:00 daemon kernel: [    0.000001] kvm-clock: cpu 0, msr 6cfec001, primary cpu clock
Jan 28 01:03:00 daemon kernel: [    0.000001] kvm-clock: using sched offset of 7367452074 cycles
Jan 28 01:03:00 daemon kernel: [    0.000005] clocksource: kvm-clock: mask: 0xffffffffffffffff max_cycles: 0x1cd42e4dffb, max_idle_ns: 881590591483 ns
Jan 28 01:03:00 daemon kernel: [    0.000010] tsc: Detected 2199.998 MHz processor
Jan 28 01:03:00 daemon kernel: [    0.002266] e820: update [mem 0x00000000-0x00000fff] usable ==> reserved
Jan 28 01:03:00 daemon kernel: [    0.002271] e820: remove [mem 0x000a0000-0x000fffff] usable
Jan 28 01:03:00 daemon kernel: [    0.002281] last_pfn = 0x7ffdc max_arch_pfn = 0x400000000
Jan 28 01:03:00 daemon kernel: [    0.002354] MTRR default type: write-back
Jan 28 01:03:00 daemon kernel: [    0.002355] MTRR fixed ranges enabled:
Jan 28 01:03:00 daemon kernel: [    0.002357]   00000-9FFFF write-back
Jan 28 01:03:00 daemon kernel: [    0.002359]   A0000-BFFFF uncachable
Jan 28 01:03:00 daemon kernel: [    0.002360]   C0000-FFFFF write-protect
Jan 28 01:03:00 daemon kernel: [    0.002361] MTRR variable ranges enabled:
Jan 28 01:03:00 daemon kernel: [    0.002364]   0 base 00C0000000 mask FFC0000000 uncachable
Jan 28 01:03:00 daemon kernel: [    0.002365]   1 disabled
Jan 28 01:03:00 daemon kernel: [    0.002366]   2 disabled
Jan 28 01:03:00 daemon kernel: [    0.002367]   3 disabled
Jan 28 01:03:00 daemon kernel: [    0.002368]   4 disabled
Jan 28 01:03:00 daemon kernel: [    0.002369]   5 disabled
Jan 28 01:03:00 daemon kernel: [    0.002369]   6 disabled
Jan 28 01:03:00 daemon kernel: [    0.002370]   7 disabled
Jan 28 01:03:00 daemon kernel: [    0.002399] x86/PAT: Configuration [0-7]: WB  WC  UC- UC  WB  WP  UC- WT  
Jan 28 01:03:00 daemon kernel: [    0.006325] found SMP MP-table at [mem 0x000f5af0-0x000f5aff]
Jan 28 01:03:00 daemon kernel: [    0.006739] Using GB pages for direct mapping
Jan 28 01:03:00 daemon kernel: [    0.006947] RAMDISK: [mem 0x34f6d000-0x367adfff]
Jan 28 01:03:00 daemon kernel: [    0.006962] ACPI: Early table checksum verification disabled
Jan 28 01:03:00 daemon kernel: [    0.007016] ACPI: RSDP 0x00000000000F5920 000014 (v00 BOCHS )
Jan 28 01:03:00 daemon kernel: [    0.007025] ACPI: RSDT 0x000000007FFE20F4 000034 (v01 BOCHS  BXPCRSDT 00000001 BXPC 00000001)
Jan 28 01:03:00 daemon kernel: [    0.007033] ACPI: FACP 0x000000007FFE1F14 0000F4 (v03 BOCHS  BXPCFACP 00000001 BXPC 00000001)
Jan 28 01:03:00 daemon kernel: [    0.007040] ACPI: DSDT 0x000000007FFE0040 001ED4 (v01 BOCHS  BXPCDSDT 00000001 BXPC 00000001)
Jan 28 01:03:00 daemon kernel: [    0.007043] ACPI: FACS 0x000000007FFE0000 000040
Jan 28 01:03:00 daemon kernel: [    0.007046] ACPI: APIC 0x000000007FFE2008 000078 (v01 BOCHS  BXPCAPIC 00000001 BXPC 00000001)
Jan 28 01:03:00 daemon kernel: [    0.007049] ACPI: HPET 0x000000007FFE2080 000038 (v01 BOCHS  BXPCHPET 00000001 BXPC 00000001)
Jan 28 01:03:00 daemon kernel: [    0.007052] ACPI: MCFG 0x000000007FFE20B8 00003C (v01 BOCHS  BXPCMCFG 00000001 BXPC 00000001)
Jan 28 01:03:00 daemon kernel: [    0.007055] ACPI: Reserving FACP table memory at [mem 0x7ffe1f14-0x7ffe2007]
Jan 28 01:03:00 daemon kernel: [    0.007057] ACPI: Reserving DSDT table memory at [mem 0x7ffe0040-0x7ffe1f13]
Jan 28 01:03:00 daemon kernel: [    0.007058] ACPI: Reserving FACS table memory at [mem 0x7ffe0000-0x7ffe003f]
Jan 28 01:03:00 daemon kernel: [    0.007059] ACPI: Reserving APIC table memory at [mem 0x7ffe2008-0x7ffe207f]
Jan 28 01:03:00 daemon kernel: [    0.007061] ACPI: Reserving HPET table memory at [mem 0x7ffe2080-0x7ffe20b7]
Jan 28 01:03:00 daemon kernel: [    0.007062] ACPI: Reserving MCFG table memory at [mem 0x7ffe20b8-0x7ffe20f3]
Jan 28 01:03:00 daemon kernel: [    0.007097] ACPI: Local APIC address 0xfee00000
Jan 28 01:03:00 daemon kernel: [    0.007497] No NUMA configuration found
Jan 28 01:03:00 daemon kernel: [    0.007499] Faking a node at [mem 0x0000000000000000-0x000000007ffdbfff]
Jan 28 01:03:00 daemon kernel: [    0.007504] NODE_DATA(0) allocated [mem 0x7ffd7000-0x7ffdbfff]
Jan 28 01:03:00 daemon kernel: [    0.009471] Zone ranges:
Jan 28 01:03:00 daemon kernel: [    0.009478]   DMA      [mem 0x0000000000001000-0x0000000000ffffff]
Jan 28 01:03:00 daemon kernel: [    0.009483]   DMA32    [mem 0x0000000001000000-0x000000007ffdbfff]
Jan 28 01:03:00 daemon kernel: [    0.009486]   Normal   empty
Jan 28 01:03:00 daemon kernel: [    0.009489]   Device   empty
Jan 28 01:03:00 daemon kernel: [    0.009491] Movable zone start for each node
Jan 28 01:03:00 daemon kernel: [    0.009493] Early memory node ranges
Jan 28 01:03:00 daemon kernel: [    0.009495]   node   0: [mem 0x0000000000001000-0x000000000009efff]
Jan 28 01:03:00 daemon kernel: [    0.009497]   node   0: [mem 0x0000000000100000-0x000000007ffdbfff]
Jan 28 01:03:00 daemon kernel: [    0.010291] Zeroed struct page in unavailable ranges: 134 pages
Jan 28 01:03:00 daemon kernel: [    0.010297] Initmem setup node 0 [mem 0x0000000000001000-0x000000007ffdbfff]
Jan 28 01:03:00 daemon kernel: [    0.010305] On node 0 totalpages: 524154
Jan 28 01:03:00 daemon kernel: [    0.010308]   DMA zone: 64 pages used for memmap
Jan 28 01:03:00 daemon kernel: [    0.010309]   DMA zone: 21 pages reserved
Jan 28 01:03:00 daemon kernel: [    0.010311]   DMA zone: 3998 pages, LIFO batch:0
Jan 28 01:03:00 daemon kernel: [    0.010507]   DMA32 zone: 8128 pages used for memmap
Jan 28 01:03:00 daemon kernel: [    0.010509]   DMA32 zone: 520156 pages, LIFO batch:63
Jan 28 01:03:00 daemon kernel: [    0.034228] ACPI: PM-Timer IO Port: 0x608
Jan 28 01:03:00 daemon kernel: [    0.034236] ACPI: Local APIC address 0xfee00000
Jan 28 01:03:00 daemon kernel: [    0.034254] ACPI: LAPIC_NMI (acpi_id[0xff] dfl dfl lint[0x1])
Jan 28 01:03:00 daemon kernel: [    0.034306] IOAPIC[0]: apic_id 0, version 17, address 0xfec00000, GSI 0-23
Jan 28 01:03:00 daemon kernel: [    0.034312] ACPI: INT_SRC_OVR (bus 0 bus_irq 0 global_irq 2 dfl dfl)
Jan 28 01:03:00 daemon kernel: [    0.034315] ACPI: INT_SRC_OVR (bus 0 bus_irq 5 global_irq 5 high level)
Jan 28 01:03:00 daemon kernel: [    0.034318] ACPI: INT_SRC_OVR (bus 0 bus_irq 9 global_irq 9 high level)
Jan 28 01:03:00 daemon kernel: [    0.034320] ACPI: INT_SRC_OVR (bus 0 bus_irq 10 global_irq 10 high level)
Jan 28 01:03:00 daemon kernel: [    0.034322] ACPI: INT_SRC_OVR (bus 0 bus_irq 11 global_irq 11 high level)
Jan 28 01:03:00 daemon kernel: [    0.034324] ACPI: IRQ0 used by override.
Jan 28 01:03:00 daemon kernel: [    0.034325] ACPI: IRQ5 used by override.
Jan 28 01:03:00 daemon kernel: [    0.034327] ACPI: IRQ9 used by override.
Jan 28 01:03:00 daemon kernel: [    0.034328] ACPI: IRQ10 used by override.
Jan 28 01:03:00 daemon kernel: [    0.034328] ACPI: IRQ11 used by override.
Jan 28 01:03:00 daemon kernel: [    0.034331] Using ACPI (MADT) for SMP configuration information
Jan 28 01:03:00 daemon kernel: [    0.034335] ACPI: HPET id: 0x8086a201 base: 0xfed00000
Jan 28 01:03:00 daemon kernel: [    0.034342] TSC deadline timer available
Jan 28 01:03:00 daemon kernel: [    0.034348] smpboot: Allowing 1 CPUs, 0 hotplug CPUs
Jan 28 01:03:00 daemon kernel: [    0.034386] PM: Registered nosave memory: [mem 0x00000000-0x00000fff]
Jan 28 01:03:00 daemon kernel: [    0.034389] PM: Registered nosave memory: [mem 0x0009f000-0x0009ffff]
Jan 28 01:03:00 daemon kernel: [    0.034391] PM: Registered nosave memory: [mem 0x000a0000-0x000effff]
Jan 28 01:03:00 daemon kernel: [    0.034392] PM: Registered nosave memory: [mem 0x000f0000-0x000fffff]
Jan 28 01:03:00 daemon kernel: [    0.034397] [mem 0xc0000000-0xfed1bfff] available for PCI devices
Jan 28 01:03:00 daemon kernel: [    0.034399] Booting paravirtualized kernel on KVM
Jan 28 01:03:00 daemon kernel: [    0.034405] clocksource: refined-jiffies: mask: 0xffffffff max_cycles: 0xffffffff, max_idle_ns: 7645519600211568 ns
Jan 28 01:03:00 daemon kernel: [    0.243602] random: get_random_bytes called from start_kernel+0x93/0x52a with crng_init=0
Jan 28 01:03:00 daemon kernel: [    0.243618] setup_percpu: NR_CPUS:512 nr_cpumask_bits:512 nr_cpu_ids:1 nr_node_ids:1
Jan 28 01:03:00 daemon kernel: [    0.244340] percpu: Embedded 45 pages/cpu s144536 r8192 d31592 u2097152
Jan 28 01:03:00 daemon kernel: [    0.244352] pcpu-alloc: s144536 r8192 d31592 u2097152 alloc=1*2097152
Jan 28 01:03:00 daemon kernel: [    0.244353] pcpu-alloc: [0] 0 
Jan 28 01:03:00 daemon kernel: [    0.244387] KVM setup async PF for cpu 0
Jan 28 01:03:00 daemon kernel: [    0.244397] kvm-stealtime: cpu 0, msr 7da161c0
Jan 28 01:03:00 daemon kernel: [    0.244410] Built 1 zonelists, mobility grouping on.  Total pages: 515941
Jan 28 01:03:00 daemon kernel: [    0.244412] Policy zone: DMA32
Jan 28 01:03:00 daemon kernel: [    0.244416] Kernel command line: BOOT_IMAGE=/boot/vmlinuz-4.19.0-18-amd64 root=/dev/sda ro console=ttyS0,19200n8 net.ifnames=0
Jan 28 01:03:00 daemon kernel: [    0.244550] Calgary: detecting Calgary via BIOS EBDA area
Jan 28 01:03:00 daemon kernel: [    0.244552] Calgary: Unable to locate Rio Grande table in EBDA - bailing!
Jan 28 01:03:00 daemon kernel: [    0.253114] Memory: 2013832K/2096616K available (10252K kernel code, 1242K rwdata, 3332K rodata, 1596K init, 2260K bss, 82784K reserved, 0K cma-reserved)
Jan 28 01:03:00 daemon kernel: [    0.253931] SLUB: HWalign=64, Order=0-3, MinObjects=0, CPUs=1, Nodes=1
Jan 28 01:03:00 daemon kernel: [    0.253949] ftrace: allocating 32002 entries in 126 pages
Jan 28 01:03:00 daemon kernel: [    0.274898] rcu: Hierarchical RCU implementation.
Jan 28 01:03:00 daemon kernel: [    0.274904] rcu: 	RCU restricting CPUs from NR_CPUS=512 to nr_cpu_ids=1.
Jan 28 01:03:00 daemon kernel: [    0.274908] rcu: Adjusting geometry for rcu_fanout_leaf=16, nr_cpu_ids=1
Jan 28 01:03:00 daemon kernel: [    0.279842] NR_IRQS: 33024, nr_irqs: 256, preallocated irqs: 16
Jan 28 01:03:00 daemon kernel: [    0.301875] Console: colour VGA+ 80x25
Jan 28 01:03:00 daemon kernel: [    0.413527] console [ttyS0] enabled
Jan 28 01:03:00 daemon kernel: [    0.414179] ACPI: Core revision 20180810
Jan 28 01:03:00 daemon kernel: [    0.415183] clocksource: hpet: mask: 0xffffffff max_cycles: 0xffffffff, max_idle_ns: 19112604467 ns
Jan 28 01:03:00 daemon kernel: [    0.416926] hpet clockevent registered
Jan 28 01:03:00 daemon kernel: [    0.416968] APIC: Switch to symmetric I/O mode setup
Jan 28 01:03:00 daemon kernel: [    0.418020] x2apic enabled
Jan 28 01:03:00 daemon kernel: [    0.418695] Switched APIC routing to physical x2apic.
Jan 28 01:03:00 daemon kernel: [    0.419561] KVM setup pv IPIs
Jan 28 01:03:00 daemon kernel: [    0.422101] ..TIMER: vector=0x30 apic1=0 pin1=2 apic2=-1 pin2=-1
Jan 28 01:03:00 daemon kernel: [    0.423177] clocksource: tsc-early: mask: 0xffffffffffffffff max_cycles: 0x1fb63109b96, max_idle_ns: 440795265316 ns
Jan 28 01:03:00 daemon kernel: [    0.425066] Calibrating delay loop (skipped) preset value.. 4399.99 BogoMIPS (lpj=8799992)
Jan 28 01:03:00 daemon kernel: [    0.426508] pid_max: default: 32768 minimum: 301
Jan 28 01:03:00 daemon kernel: [    0.427359] Security Framework initialized
Jan 28 01:03:00 daemon kernel: [    0.428064] Yama: disabled by default; enable with sysctl kernel.yama.*
Jan 28 01:03:00 daemon kernel: [    0.429102] AppArmor: AppArmor initialized
Jan 28 01:03:00 daemon kernel: [    0.432127] Dentry cache hash table entries: 262144 (order: 9, 2097152 bytes)
Jan 28 01:03:00 daemon kernel: [    0.434975] Inode-cache hash table entries: 131072 (order: 8, 1048576 bytes)
Jan 28 01:03:00 daemon kernel: [    0.436274] Mount-cache hash table entries: 4096 (order: 3, 32768 bytes)
Jan 28 01:03:00 daemon kernel: [    0.437065] Mountpoint-cache hash table entries: 4096 (order: 3, 32768 bytes)
Jan 28 01:03:00 daemon kernel: [    0.438661] Last level iTLB entries: 4KB 512, 2MB 255, 4MB 127
Jan 28 01:03:00 daemon kernel: [    0.439687] Last level dTLB entries: 4KB 512, 2MB 255, 4MB 127, 1GB 0
Jan 28 01:03:00 daemon kernel: [    0.441059] Spectre V1 : Mitigation: usercopy/swapgs barriers and __user pointer sanitization
Jan 28 01:03:00 daemon kernel: [    0.442472] Spectre V2 : Mitigation: Full AMD retpoline
Jan 28 01:03:00 daemon kernel: [    0.443371] Spectre V2 : Spectre v2 / SpectreRSB mitigation: Filling RSB on context switch
Jan 28 01:03:00 daemon kernel: [    0.445065] Spectre V2 : mitigation: Enabling conditional Indirect Branch Prediction Barrier
Jan 28 01:03:00 daemon kernel: [    0.446466] Speculative Store Bypass: Mitigation: Speculative Store Bypass disabled via prctl and seccomp
Jan 28 01:03:00 daemon kernel: [    0.453268] Freeing SMP alternatives memory: 24K
Jan 28 01:03:00 daemon kernel: [    0.456389] smpboot: CPU0: AMD EPYC 7601 32-Core Processor (family: 0x17, model: 0x1, stepping: 0x2)
Jan 28 01:03:00 daemon kernel: [    0.457051] Performance Events: Fam17h core perfctr, AMD PMU driver.
Jan 28 01:03:00 daemon kernel: [    0.457051] ... version:                0
Jan 28 01:03:00 daemon kernel: [    0.457051] ... bit width:              48
Jan 28 01:03:00 daemon kernel: [    0.457062] ... generic registers:      6
Jan 28 01:03:00 daemon kernel: [    0.457737] ... value mask:             0000ffffffffffff
Jan 28 01:03:00 daemon kernel: [    0.458636] ... max period:             00007fffffffffff
Jan 28 01:03:00 daemon kernel: [    0.459515] ... fixed-purpose events:   0
Jan 28 01:03:00 daemon kernel: [    0.460215] ... event mask:             000000000000003f
Jan 28 01:03:00 daemon kernel: [    0.461194] rcu: Hierarchical SRCU implementation.
Jan 28 01:03:00 daemon kernel: [    0.462598] random: crng done (trusting CPU's manufacturer)
Jan 28 01:03:00 daemon kernel: [    0.463655] smp: Bringing up secondary CPUs ...
Jan 28 01:03:00 daemon kernel: [    0.464434] smp: Brought up 1 node, 1 CPU
Jan 28 01:03:00 daemon kernel: [    0.465067] smpboot: Max logical packages: 1
Jan 28 01:03:00 daemon kernel: [    0.465798] smpboot: Total of 1 processors activated (4399.99 BogoMIPS)
Jan 28 01:03:00 daemon kernel: [    0.467314] devtmpfs: initialized
Jan 28 01:03:00 daemon kernel: [    0.467965] x86/mm: Memory block size: 128MB
Jan 28 01:03:00 daemon kernel: [    0.469064] clocksource: jiffies: mask: 0xffffffff max_cycles: 0xffffffff, max_idle_ns: 7645041785100000 ns
Jan 28 01:03:00 daemon kernel: [    0.470579] futex hash table entries: 256 (order: 2, 16384 bytes)
Jan 28 01:03:00 daemon kernel: [    0.471683] pinctrl core: initialized pinctrl subsystem
Jan 28 01:03:00 daemon kernel: [    0.472834] NET: Registered protocol family 16
Jan 28 01:03:00 daemon kernel: [    0.473198] audit: initializing netlink subsys (disabled)
Jan 28 01:03:00 daemon kernel: [    0.474280] cpuidle: using governor ladder
Jan 28 01:03:00 daemon kernel: [    0.474972] cpuidle: using governor menu
Jan 28 01:03:00 daemon kernel: [    0.476220] KVM setup pv remote TLB flush
Jan 28 01:03:00 daemon kernel: [    0.476911] ACPI: bus type PCI registered
Jan 28 01:03:00 daemon kernel: [    0.477068] acpiphp: ACPI Hot Plug PCI Controller Driver version: 0.5
Jan 28 01:03:00 daemon kernel: [    0.478178] audit: type=2000 audit(1643324576.242:1): state=initialized audit_enabled=0 res=1
Jan 28 01:03:00 daemon kernel: [    0.479747] PCI: MMCONFIG for domain 0000 [bus 00-ff] at [mem 0xb0000000-0xbfffffff] (base 0xb0000000)
Jan 28 01:03:00 daemon kernel: [    0.481060] PCI: MMCONFIG at [mem 0xb0000000-0xbfffffff] reserved in E820
Jan 28 01:03:00 daemon kernel: [    0.482233] PCI: Using configuration type 1 for base access
Jan 28 01:03:00 daemon kernel: [    0.484144] HugeTLB registered 1.00 GiB page size, pre-allocated 0 pages
Jan 28 01:03:00 daemon kernel: [    0.485074] HugeTLB registered 2.00 MiB page size, pre-allocated 0 pages
Jan 28 01:03:00 daemon kernel: [    0.486553] ACPI: Added _OSI(Module Device)
Jan 28 01:03:00 daemon kernel: [    0.487264] ACPI: Added _OSI(Processor Device)
Jan 28 01:03:00 daemon kernel: [    0.488011] ACPI: Added _OSI(3.0 _SCP Extensions)
Jan 28 01:03:00 daemon kernel: [    0.488811] ACPI: Added _OSI(Processor Aggregator Device)
Jan 28 01:03:00 daemon kernel: [    0.489086] ACPI: Added _OSI(Linux-Dell-Video)
Jan 28 01:03:00 daemon kernel: [    0.489845] ACPI: Added _OSI(Linux-Lenovo-NV-HDMI-Audio)
Jan 28 01:03:00 daemon kernel: [    0.491841] ACPI: 1 ACPI AML tables successfully acquired and loaded
Jan 28 01:03:00 daemon kernel: [    0.494777] ACPI: Interpreter enabled
Jan 28 01:03:00 daemon kernel: [    0.495393] ACPI: (supports S0 S3 S4 S5)
Jan 28 01:03:00 daemon kernel: [    0.496012] ACPI: Using IOAPIC for interrupt routing
Jan 28 01:03:00 daemon kernel: [    0.496829] PCI: Using host bridge windows from ACPI; if necessary, use "pci=nocrs" and report a bug
Jan 28 01:03:00 daemon kernel: [    0.497192] ACPI: Enabled 1 GPEs in block 00 to 3F
Jan 28 01:03:00 daemon kernel: [    0.499843] ACPI: PCI Root Bridge [PCI0] (domain 0000 [bus 00-ff])
Jan 28 01:03:00 daemon kernel: [    0.500802] acpi PNP0A08:00: _OSC: OS supports [ExtendedConfig ASPM ClockPM Segments MSI]
Jan 28 01:03:00 daemon kernel: [    0.501157] acpi PNP0A08:00: _OSC: platform does not support [LTR]
Jan 28 01:03:00 daemon kernel: [    0.502157] acpi PNP0A08:00: _OSC: OS now controls [PCIeHotplug SHPCHotplug PME AER PCIeCapability]
Jan 28 01:03:00 daemon kernel: [    0.503715] PCI host bridge to bus 0000:00
Jan 28 01:03:00 daemon kernel: [    0.504346] pci_bus 0000:00: root bus resource [io  0x0000-0x0cf7 window]
Jan 28 01:03:00 daemon kernel: [    0.505065] pci_bus 0000:00: root bus resource [io  0x0d00-0xffff window]
Jan 28 01:03:00 daemon kernel: [    0.506036] pci_bus 0000:00: root bus resource [mem 0x000a0000-0x000bffff window]
Jan 28 01:03:00 daemon kernel: [    0.507139] pci_bus 0000:00: root bus resource [mem 0x80000000-0xafffffff window]
Jan 28 01:03:00 daemon kernel: [    0.508193] pci_bus 0000:00: root bus resource [mem 0xc0000000-0xfebfffff window]
Jan 28 01:03:00 daemon kernel: [    0.509059] pci_bus 0000:00: root bus resource [mem 0x100000000-0x8ffffffff window]
Jan 28 01:03:00 daemon kernel: [    0.510182] pci_bus 0000:00: root bus resource [bus 00-ff]
Jan 28 01:03:00 daemon kernel: [    0.511073] pci 0000:00:00.0: [8086:29c0] type 00 class 0x060000
Jan 28 01:03:00 daemon kernel: [    0.511521] pci 0000:00:01.0: [1234:1111] type 00 class 0x030000
Jan 28 01:03:00 daemon kernel: [    0.513775] pci 0000:00:01.0: reg 0x10: [mem 0xfd000000-0xfdffffff pref]
Jan 28 01:03:00 daemon kernel: [    0.516649] pci 0000:00:01.0: reg 0x18: [mem 0xfebd0000-0xfebd0fff]
Jan 28 01:03:00 daemon kernel: [    0.522726] pci 0000:00:01.0: reg 0x30: [mem 0xfebc0000-0xfebcffff pref]
Jan 28 01:03:00 daemon kernel: [    0.523004] pci 0000:00:02.0: [1af4:1004] type 00 class 0x010000
Jan 28 01:03:00 daemon kernel: [    0.524798] pci 0000:00:02.0: reg 0x10: [io  0xc000-0xc03f]
Jan 28 01:03:00 daemon kernel: [    0.525812] pci 0000:00:02.0: reg 0x14: [mem 0xfebd1000-0xfebd1fff]
Jan 28 01:03:00 daemon kernel: [    0.529986] pci 0000:00:02.0: reg 0x20: [mem 0xfe000000-0xfe003fff 64bit pref]
Jan 28 01:03:00 daemon kernel: [    0.533498] pci 0000:00:03.0: [1af4:1004] type 00 class 0x010000
Jan 28 01:03:00 daemon kernel: [    0.535173] pci 0000:00:03.0: reg 0x10: [io  0xc040-0xc07f]
Jan 28 01:03:00 daemon kernel: [    0.536775] pci 0000:00:03.0: reg 0x14: [mem 0xfebd2000-0xfebd2fff]
Jan 28 01:03:00 daemon kernel: [    0.540646] pci 0000:00:03.0: reg 0x20: [mem 0xfe004000-0xfe007fff 64bit pref]
Jan 28 01:03:00 daemon kernel: [    0.543565] pci 0000:00:04.0: [1af4:1000] type 00 class 0x020000
Jan 28 01:03:00 daemon kernel: [    0.545069] pci 0000:00:04.0: reg 0x10: [io  0xc080-0xc0bf]
Jan 28 01:03:00 daemon kernel: [    0.546293] pci 0000:00:04.0: reg 0x14: [mem 0xfebd3000-0xfebd3fff]
Jan 28 01:03:00 daemon kernel: [    0.549712] pci 0000:00:04.0: reg 0x20: [mem 0xfe008000-0xfe00bfff 64bit pref]
Jan 28 01:03:00 daemon kernel: [    0.550910] pci 0000:00:04.0: reg 0x30: [mem 0xfeb80000-0xfebbffff pref]
Jan 28 01:03:00 daemon kernel: [    0.551598] pci 0000:00:1f.0: [8086:2918] type 00 class 0x060100
Jan 28 01:03:00 daemon kernel: [    0.552035] pci 0000:00:1f.0: quirk: [io  0x0600-0x067f] claimed by ICH6 ACPI/GPIO/TCO
Jan 28 01:03:00 daemon kernel: [    0.553338] pci 0000:00:1f.2: [8086:2922] type 00 class 0x010601
Jan 28 01:03:00 daemon kernel: [    0.557992] pci 0000:00:1f.2: reg 0x20: [io  0xc100-0xc11f]
Jan 28 01:03:00 daemon kernel: [    0.558920] pci 0000:00:1f.2: reg 0x24: [mem 0xfebd4000-0xfebd4fff]
Jan 28 01:03:00 daemon kernel: [    0.560212] pci 0000:00:1f.3: [8086:2930] type 00 class 0x0c0500
Jan 28 01:03:00 daemon kernel: [    0.562398] pci 0000:00:1f.3: reg 0x20: [io  0x0700-0x073f]
Jan 28 01:03:00 daemon kernel: [    0.568532] ACPI: PCI Interrupt Link [LNKA] (IRQs 5 *10 11)
Jan 28 01:03:00 daemon kernel: [    0.569160] ACPI: PCI Interrupt Link [LNKB] (IRQs 5 *10 11)
Jan 28 01:03:00 daemon kernel: [    0.570206] ACPI: PCI Interrupt Link [LNKC] (IRQs 5 10 *11)
Jan 28 01:03:00 daemon kernel: [    0.571274] ACPI: PCI Interrupt Link [LNKD] (IRQs 5 10 *11)
Jan 28 01:03:00 daemon kernel: [    0.572301] ACPI: PCI Interrupt Link [LNKE] (IRQs 5 *10 11)
Jan 28 01:03:00 daemon kernel: [    0.573174] ACPI: PCI Interrupt Link [LNKF] (IRQs 5 *10 11)
Jan 28 01:03:00 daemon kernel: [    0.574316] ACPI: PCI Interrupt Link [LNKG] (IRQs 5 10 *11)
Jan 28 01:03:00 daemon kernel: [    0.575229] ACPI: PCI Interrupt Link [LNKH] (IRQs 5 10 *11)
Jan 28 01:03:00 daemon kernel: [    0.576140] ACPI: PCI Interrupt Link [GSIA] (IRQs *16)
Jan 28 01:03:00 daemon kernel: [    0.576942] ACPI: PCI Interrupt Link [GSIB] (IRQs *17)
Jan 28 01:03:00 daemon kernel: [    0.577086] ACPI: PCI Interrupt Link [GSIC] (IRQs *18)
Jan 28 01:03:00 daemon kernel: [    0.578113] ACPI: PCI Interrupt Link [GSID] (IRQs *19)
Jan 28 01:03:00 daemon kernel: [    0.579120] ACPI: PCI Interrupt Link [GSIE] (IRQs *20)
Jan 28 01:03:00 daemon kernel: [    0.580053] ACPI: PCI Interrupt Link [GSIF] (IRQs *21)
Jan 28 01:03:00 daemon kernel: [    0.580821] ACPI: PCI Interrupt Link [GSIG] (IRQs *22)
Jan 28 01:03:00 daemon kernel: [    0.581079] ACPI: PCI Interrupt Link [GSIH] (IRQs *23)
Jan 28 01:03:00 daemon kernel: [    0.582199] pci 0000:00:01.0: vgaarb: setting as boot VGA device
Jan 28 01:03:00 daemon kernel: [    0.583137] pci 0000:00:01.0: vgaarb: VGA device added: decodes=io+mem,owns=io+mem,locks=none
Jan 28 01:03:00 daemon kernel: [    0.584419] pci 0000:00:01.0: vgaarb: bridge control possible
Jan 28 01:03:00 daemon kernel: [    0.585065] vgaarb: loaded
Jan 28 01:03:00 daemon kernel: [    0.585621] pps_core: LinuxPPS API ver. 1 registered
Jan 28 01:03:00 daemon kernel: [    0.586379] pps_core: Software ver. 5.3.6 - Copyright 2005-2007 Rodolfo Giometti <giometti@linux.it>
Jan 28 01:03:00 daemon kernel: [    0.587797] PTP clock support registered
Jan 28 01:03:00 daemon kernel: [    0.588410] EDAC MC: Ver: 3.0.0
Jan 28 01:03:00 daemon kernel: [    0.589215] PCI: Using ACPI for IRQ routing
Jan 28 01:03:00 daemon kernel: [    0.639541] PCI: pci_cache_line_size set to 64 bytes
Jan 28 01:03:00 daemon kernel: [    0.639669] e820: reserve RAM buffer [mem 0x0009fc00-0x0009ffff]
Jan 28 01:03:00 daemon kernel: [    0.639673] e820: reserve RAM buffer [mem 0x7ffdc000-0x7fffffff]
Jan 28 01:03:00 daemon kernel: [    0.640043] hpet0: at MMIO 0xfed00000, IRQs 2, 8, 0
Jan 28 01:03:00 daemon kernel: [    0.640821] hpet0: 3 comparators, 64-bit 100.000000 MHz counter
Jan 28 01:03:00 daemon kernel: [    0.645104] clocksource: Switched to clocksource kvm-clock
Jan 28 01:03:00 daemon kernel: [    0.662389] VFS: Disk quotas dquot_6.6.0
Jan 28 01:03:00 daemon kernel: [    0.663059] VFS: Dquot-cache hash table entries: 512 (order 0, 4096 bytes)
Jan 28 01:03:00 daemon kernel: [    0.664300] AppArmor: AppArmor Filesystem Enabled
Jan 28 01:03:00 daemon kernel: [    0.665096] pnp: PnP ACPI init
Jan 28 01:03:00 daemon kernel: [    0.665654] pnp 00:00: Plug and Play ACPI device, IDs PNP0b00 (active)
Jan 28 01:03:00 daemon kernel: [    0.665696] pnp 00:01: Plug and Play ACPI device, IDs PNP0303 (active)
Jan 28 01:03:00 daemon kernel: [    0.665722] pnp 00:02: Plug and Play ACPI device, IDs PNP0f13 (active)
Jan 28 01:03:00 daemon kernel: [    0.665800] pnp 00:03: Plug and Play ACPI device, IDs PNP0501 (active)
Jan 28 01:03:00 daemon kernel: [    0.666070] pnp: PnP ACPI: found 4 devices
Jan 28 01:03:00 daemon kernel: [    0.672541] clocksource: acpi_pm: mask: 0xffffff max_cycles: 0xffffff, max_idle_ns: 2085701024 ns
Jan 28 01:03:00 daemon kernel: [    0.674098] pci_bus 0000:00: resource 4 [io  0x0000-0x0cf7 window]
Jan 28 01:03:00 daemon kernel: [    0.674100] pci_bus 0000:00: resource 5 [io  0x0d00-0xffff window]
Jan 28 01:03:00 daemon kernel: [    0.674101] pci_bus 0000:00: resource 6 [mem 0x000a0000-0x000bffff window]
Jan 28 01:03:00 daemon kernel: [    0.674102] pci_bus 0000:00: resource 7 [mem 0x80000000-0xafffffff window]
Jan 28 01:03:00 daemon kernel: [    0.674104] pci_bus 0000:00: resource 8 [mem 0xc0000000-0xfebfffff window]
Jan 28 01:03:00 daemon kernel: [    0.674105] pci_bus 0000:00: resource 9 [mem 0x100000000-0x8ffffffff window]
Jan 28 01:03:00 daemon kernel: [    0.674195] NET: Registered protocol family 2
Jan 28 01:03:00 daemon kernel: [    0.675062] IP idents hash table entries: 32768 (order: 6, 262144 bytes)
Jan 28 01:03:00 daemon kernel: [    0.676490] tcp_listen_portaddr_hash hash table entries: 1024 (order: 2, 16384 bytes)
Jan 28 01:03:00 daemon kernel: [    0.677719] TCP established hash table entries: 16384 (order: 5, 131072 bytes)
Jan 28 01:03:00 daemon kernel: [    0.678814] TCP bind hash table entries: 16384 (order: 6, 262144 bytes)
Jan 28 01:03:00 daemon kernel: [    0.679880] TCP: Hash tables configured (established 16384 bind 16384)
Jan 28 01:03:00 daemon kernel: [    0.680917] UDP hash table entries: 1024 (order: 3, 32768 bytes)
Jan 28 01:03:00 daemon kernel: [    0.681965] UDP-Lite hash table entries: 1024 (order: 3, 32768 bytes)
Jan 28 01:03:00 daemon kernel: [    0.683196] NET: Registered protocol family 1
Jan 28 01:03:00 daemon kernel: [    0.683999] NET: Registered protocol family 44
Jan 28 01:03:00 daemon kernel: [    0.684737] pci 0000:00:01.0: Video device with shadowed ROM at [mem 0x000c0000-0x000dffff]
Jan 28 01:03:00 daemon kernel: [    0.686240] PCI: CLS 0 bytes, default 64
Jan 28 01:03:00 daemon kernel: [    0.686336] Unpacking initramfs...
Jan 28 01:03:00 daemon kernel: [    1.252687] Freeing initrd memory: 24836K
Jan 28 01:03:00 daemon kernel: [    1.253514] clocksource: tsc: mask: 0xffffffffffffffff max_cycles: 0x1fb63109b96, max_idle_ns: 440795265316 ns
Jan 28 01:03:00 daemon kernel: [    1.256071] Initialise system trusted keyrings
Jan 28 01:03:00 daemon kernel: [    1.256879] Key type blacklist registered
Jan 28 01:03:00 daemon kernel: [    1.257634] workingset: timestamp_bits=40 max_order=19 bucket_order=0
Jan 28 01:03:00 daemon kernel: [    1.260021] zbud: loaded
Jan 28 01:03:00 daemon kernel: [    1.411317] Key type asymmetric registered
Jan 28 01:03:00 daemon kernel: [    1.411992] Asymmetric key parser 'x509' registered
Jan 28 01:03:00 daemon kernel: [    1.412851] Block layer SCSI generic (bsg) driver version 0.4 loaded (major 247)
Jan 28 01:03:00 daemon kernel: [    1.414192] io scheduler noop registered
Jan 28 01:03:00 daemon kernel: [    1.414824] io scheduler deadline registered
Jan 28 01:03:00 daemon kernel: [    1.415554] io scheduler cfq registered (default)
Jan 28 01:03:00 daemon kernel: [    1.416381] io scheduler mq-deadline registered
Jan 28 01:03:00 daemon kernel: [    1.417379] shpchp: Standard Hot Plug PCI Controller Driver version: 0.4
Jan 28 01:03:00 daemon kernel: [    1.418616] Serial: 8250/16550 driver, 4 ports, IRQ sharing enabled
Jan 28 01:03:00 daemon kernel: [    1.444985] 00:03: ttyS0 at I/O 0x3f8 (irq = 4, base_baud = 115200) is a 16550A
Jan 28 01:03:00 daemon kernel: [    1.446864] Linux agpgart interface v0.103
Jan 28 01:03:00 daemon kernel: [    1.447619] AMD IOMMUv2 driver by Joerg Roedel <jroedel@suse.de>
Jan 28 01:03:00 daemon kernel: [    1.448552] AMD IOMMUv2 functionality not available on this system
Jan 28 01:03:00 daemon kernel: [    1.449755] i8042: PNP: PS/2 Controller [PNP0303:KBD,PNP0f13:MOU] at 0x60,0x64 irq 1,12
Jan 28 01:03:00 daemon kernel: [    1.451733] serio: i8042 KBD port at 0x60,0x64 irq 1
Jan 28 01:03:00 daemon kernel: [    1.452543] serio: i8042 AUX port at 0x60,0x64 irq 12
Jan 28 01:03:00 daemon kernel: [    1.453506] mousedev: PS/2 mouse device common for all mice
Jan 28 01:03:00 daemon kernel: [    1.454828] input: AT Translated Set 2 keyboard as /devices/platform/i8042/serio0/input/input0
Jan 28 01:03:00 daemon kernel: [    1.456605] rtc_cmos 00:00: RTC can wake from S4
Jan 28 01:03:00 daemon kernel: [    1.457918] rtc_cmos 00:00: registered as rtc0
Jan 28 01:03:00 daemon kernel: [    1.458693] rtc_cmos 00:00: alarms up to one day, y3k, 114 bytes nvram, hpet irqs
Jan 28 01:03:00 daemon kernel: [    1.459915] ledtrig-cpu: registered to indicate activity on CPUs
Jan 28 01:03:00 daemon kernel: [    1.461287] NET: Registered protocol family 10
Jan 28 01:03:00 daemon kernel: [    1.469842] Segment Routing with IPv6
Jan 28 01:03:00 daemon kernel: [    1.470478] mip6: Mobile IPv6
Jan 28 01:03:00 daemon kernel: [    1.470938] NET: Registered protocol family 17
Jan 28 01:03:00 daemon kernel: [    1.471690] mpls_gso: MPLS GSO support
Jan 28 01:03:00 daemon kernel: [    1.472497] mce: Using 10 MCE banks
Jan 28 01:03:00 daemon kernel: [    1.473188] sched_clock: Marking stable (1336191028, 136872051)->(1490532105, -17469026)
Jan 28 01:03:00 daemon kernel: [    1.474687] registered taskstats version 1
Jan 28 01:03:00 daemon kernel: [    1.475402] Loading compiled-in X.509 certificates
Jan 28 01:03:00 daemon kernel: [    1.512114] Loaded X.509 cert 'Debian Secure Boot CA: 6ccece7e4c6c0d1f6149f3dd27dfcc5cbb419ea1'
Jan 28 01:03:00 daemon kernel: [    1.514197] Loaded X.509 cert 'Debian Secure Boot Signer 2021 - linux: 4b6ef5abca669825178e052c84667ccbc0531f8c'
Jan 28 01:03:00 daemon kernel: [    1.516291] zswap: loaded using pool lzo/zbud
Jan 28 01:03:00 daemon kernel: [    1.517302] AppArmor: AppArmor sha1 policy hashing enabled
Jan 28 01:03:00 daemon kernel: [    1.518688] rtc_cmos 00:00: setting system clock to 2022-01-27 23:02:56 UTC (1643324576)
Jan 28 01:03:00 daemon kernel: [    1.522540] Freeing unused kernel image memory: 1596K
Jan 28 01:03:00 daemon kernel: [    1.533124] Write protecting the kernel read-only data: 16384k
Jan 28 01:03:00 daemon kernel: [    1.534603] Freeing unused kernel image memory: 2028K
Jan 28 01:03:00 daemon kernel: [    1.535541] Freeing unused kernel image memory: 764K
Jan 28 01:03:00 daemon kernel: [    1.548808] x86/mm: Checked W+X mappings: passed, no W+X pages found.
Jan 28 01:03:00 daemon kernel: [    1.549803] Run /init as init process
Jan 28 01:03:00 daemon kernel: [    1.652496] PCI Interrupt Link [GSIG] enabled at IRQ 22
Jan 28 01:03:00 daemon kernel: [    1.657548] lpc_ich 0000:00:1f.0: I/O space for GPIO uninitialized
Jan 28 01:03:00 daemon kernel: [    1.668619] PCI Interrupt Link [GSIA] enabled at IRQ 16
Jan 28 01:03:00 daemon kernel: [    1.669656] i801_smbus 0000:00:1f.3: SMBus using PCI interrupt
Jan 28 01:03:00 daemon kernel: [    1.685242] input: VirtualPS/2 VMware VMMouse as /devices/platform/i8042/serio1/input/input3
Jan 28 01:03:00 daemon kernel: [    1.686912] input: VirtualPS/2 VMware VMMouse as /devices/platform/i8042/serio1/input/input2
Jan 28 01:03:00 daemon kernel: [    1.696867] SCSI subsystem initialized
Jan 28 01:03:00 daemon kernel: [    1.708418] cryptd: max_cpu_qlen set to 1000
Jan 28 01:03:00 daemon kernel: [    1.714630] PCI Interrupt Link [GSIH] enabled at IRQ 23
Jan 28 01:03:00 daemon kernel: [    1.738903] PCI Interrupt Link [GSIE] enabled at IRQ 20
Jan 28 01:03:00 daemon kernel: [    1.745722] AVX2 version of gcm_enc/dec engaged.
Jan 28 01:03:00 daemon kernel: [    1.746462] AES CTR mode by8 optimization enabled
Jan 28 01:03:00 daemon kernel: [    1.770783] scsi host0: Virtio SCSI HBA
Jan 28 01:03:00 daemon kernel: [    1.773612] scsi 0:0:0:0: Direct-Access     QEMU     QEMU HARDDISK    2.5+ PQ: 0 ANSI: 5
Jan 28 01:03:00 daemon kernel: [    1.803822] scsi host1: Virtio SCSI HBA
Jan 28 01:03:00 daemon kernel: [    1.808125] libata version 3.00 loaded.
Jan 28 01:03:00 daemon kernel: [    1.814381] scsi 1:0:1:2: Direct-Access     QEMU     QEMU HARDDISK    2.5+ PQ: 0 ANSI: 5
Jan 28 01:03:00 daemon kernel: [    1.826885] ahci 0000:00:1f.2: version 3.0
Jan 28 01:03:00 daemon kernel: [    1.828089] ahci 0000:00:1f.2: AHCI 0001.0000 32 slots 6 ports 1.5 Gbps 0x3f impl SATA mode
Jan 28 01:03:00 daemon kernel: [    1.829471] ahci 0000:00:1f.2: flags: 64bit ncq only 
Jan 28 01:03:00 daemon kernel: [    1.850786] scsi host2: ahci
Jan 28 01:03:00 daemon kernel: [    1.857367] scsi host3: ahci
Jan 28 01:03:00 daemon kernel: [    1.862065] scsi host4: ahci
Jan 28 01:03:00 daemon kernel: [    1.869647] scsi host5: ahci
Jan 28 01:03:00 daemon kernel: [    1.874063] scsi host6: ahci
Jan 28 01:03:00 daemon kernel: [    1.881581] scsi host7: ahci
Jan 28 01:03:00 daemon kernel: [    1.882228] ata1: SATA max UDMA/133 abar m4096@0xfebd4000 port 0xfebd4100 irq 32
Jan 28 01:03:00 daemon kernel: [    1.883368] ata2: SATA max UDMA/133 abar m4096@0xfebd4000 port 0xfebd4180 irq 32
Jan 28 01:03:00 daemon kernel: [    1.884494] ata3: SATA max UDMA/133 abar m4096@0xfebd4000 port 0xfebd4200 irq 32
Jan 28 01:03:00 daemon kernel: [    1.885704] ata4: SATA max UDMA/133 abar m4096@0xfebd4000 port 0xfebd4280 irq 32
Jan 28 01:03:00 daemon kernel: [    1.886917] ata5: SATA max UDMA/133 abar m4096@0xfebd4000 port 0xfebd4300 irq 32
Jan 28 01:03:00 daemon kernel: [    1.888106] ata6: SATA max UDMA/133 abar m4096@0xfebd4000 port 0xfebd4380 irq 32
Jan 28 01:03:00 daemon kernel: [    1.998816] sd 0:0:0:0: Power-on or device reset occurred
Jan 28 01:03:00 daemon kernel: [    2.001008] sd 0:0:0:0: [sda] 103809024 512-byte logical blocks: (53.2 GB/49.5 GiB)
Jan 28 01:03:00 daemon kernel: [    2.002677] sd 0:0:0:0: [sda] Write Protect is off
Jan 28 01:03:00 daemon kernel: [    2.003472] sd 0:0:0:0: [sda] Mode Sense: 63 00 00 08
Jan 28 01:03:00 daemon kernel: [    2.004122] sd 0:0:0:0: [sda] Write cache: enabled, read cache: enabled, doesn't support DPO or FUA
Jan 28 01:03:00 daemon kernel: [    2.014576] sd 1:0:1:2: Power-on or device reset occurred
Jan 28 01:03:00 daemon kernel: [    2.015892] sd 1:0:1:2: [sdb] 1048576 512-byte logical blocks: (537 MB/512 MiB)
Jan 28 01:03:00 daemon kernel: [    2.017250] sd 1:0:1:2: [sdb] Write Protect is off
Jan 28 01:03:00 daemon kernel: [    2.018093] sd 1:0:1:2: [sdb] Mode Sense: 63 00 00 08
Jan 28 01:03:00 daemon kernel: [    2.018380] sd 1:0:1:2: [sdb] Write cache: enabled, read cache: enabled, doesn't support DPO or FUA
Jan 28 01:03:00 daemon kernel: [    2.021783] sd 0:0:0:0: [sda] Attached SCSI disk
Jan 28 01:03:00 daemon kernel: [    2.024595] sd 1:0:1:2: [sdb] Attached SCSI disk
Jan 28 01:03:00 daemon kernel: [    2.204420] ata1: SATA link down (SStatus 0 SControl 300)
Jan 28 01:03:00 daemon kernel: [    2.205645] ata2: SATA link down (SStatus 0 SControl 300)
Jan 28 01:03:00 daemon kernel: [    2.208252] ata4: SATA link down (SStatus 0 SControl 300)
Jan 28 01:03:00 daemon kernel: [    2.209467] ata3: SATA link down (SStatus 0 SControl 300)
Jan 28 01:03:00 daemon kernel: [    2.212542] ata5: SATA link down (SStatus 0 SControl 300)
Jan 28 01:03:00 daemon kernel: [    2.220914] ata6: SATA link down (SStatus 0 SControl 300)
Jan 28 01:03:00 daemon kernel: [    2.364138] EXT4-fs (sda): mounted filesystem with ordered data mode. Opts: (null)
Jan 28 01:03:00 daemon kernel: [    3.308936] EXT4-fs (sda): re-mounted. Opts: errors=remount-ro
Jan 28 01:03:00 daemon kernel: [    3.522218] loop: module loaded
Jan 28 01:03:00 daemon kernel: [    3.599538] squashfs: version 4.0 (2009/01/31) Phillip Lougher
Jan 28 01:03:00 daemon kernel: [    3.672274] input: Power Button as /devices/LNXSYSTM:00/LNXPWRBN:00/input/input4
Jan 28 01:03:00 daemon kernel: [    3.709817] ACPI: Power Button [PWRF]
Jan 28 01:03:00 daemon kernel: [    3.738764] iTCO_vendor_support: vendor-support=0
Jan 28 01:03:00 daemon kernel: [    3.742630] iTCO_wdt: Intel TCO WatchDog Timer Driver v1.11
Jan 28 01:03:00 daemon kernel: [    3.743728] iTCO_wdt: Found a ICH9 TCO device (Version=2, TCOBASE=0x0660)
Jan 28 01:03:00 daemon kernel: [    3.789615] input: PC Speaker as /devices/platform/pcspkr/input/input5
Jan 28 01:03:00 daemon kernel: [    3.792035] iTCO_wdt: initialized. heartbeat=30 sec (nowayout=0)
Jan 28 01:03:00 daemon kernel: [    3.801294] sd 0:0:0:0: Attached scsi generic sg0 type 0
Jan 28 01:03:00 daemon kernel: [    3.813468] sd 1:0:1:2: Attached scsi generic sg1 type 0
Jan 28 01:03:00 daemon kernel: [    4.045815] Decoding supported only on Scalable MCA processors.
Jan 28 01:03:00 daemon kernel: [    4.117496] [drm] Found bochs VGA, ID 0xb0c0.
Jan 28 01:03:00 daemon kernel: [    4.118378] [drm] Framebuffer size 16384 kB @ 0xfd000000, mmio @ 0xfebd0000.
Jan 28 01:03:00 daemon kernel: [    4.145044] [TTM] Zone  kernel: Available graphics memory: 1021540 kiB
Jan 28 01:03:00 daemon kernel: [    4.146647] [TTM] Initializing pool allocator
Jan 28 01:03:00 daemon kernel: [    4.153909] audit: type=1400 audit(1643324579.132:2): apparmor="STATUS" operation="profile_load" profile="unconfined" name="/usr/lib/snapd/snap-confine" pid=337 comm="apparmor_parser"
Jan 28 01:03:00 daemon kernel: [    4.163506] audit: type=1400 audit(1643324579.132:3): apparmor="STATUS" operation="profile_load" profile="unconfined" name="/usr/lib/snapd/snap-confine//mount-namespace-capture-helper" pid=337 comm="apparmor_parser"
Jan 28 01:03:00 daemon kernel: [    4.168547] [TTM] Initializing DMA pool allocator
Jan 28 01:03:00 daemon kernel: [    4.279102] audit: type=1400 audit(1643324579.244:4): apparmor="STATUS" operation="profile_load" profile="unconfined" name="nvidia_modprobe" pid=342 comm="apparmor_parser"
Jan 28 01:03:00 daemon kernel: [    4.279393] audit: type=1400 audit(1643324579.244:5): apparmor="STATUS" operation="profile_load" profile="unconfined" name="nvidia_modprobe//kmod" pid=342 comm="apparmor_parser"
Jan 28 01:03:00 daemon kernel: [    4.286420] audit: type=1400 audit(1643324579.264:6): apparmor="STATUS" operation="profile_load" profile="unconfined" name="/usr/bin/man" pid=345 comm="apparmor_parser"
Jan 28 01:03:00 daemon kernel: [    4.286424] audit: type=1400 audit(1643324579.264:7): apparmor="STATUS" operation="profile_load" profile="unconfined" name="man_filter" pid=345 comm="apparmor_parser"
Jan 28 01:03:00 daemon kernel: [    4.286427] audit: type=1400 audit(1643324579.264:8): apparmor="STATUS" operation="profile_load" profile="unconfined" name="man_groff" pid=345 comm="apparmor_parser"
Jan 28 01:03:00 daemon kernel: [    4.294354] audit: type=1400 audit(1643324579.272:9): apparmor="STATUS" operation="profile_load" profile="unconfined" name="/usr/sbin/haveged" pid=346 comm="apparmor_parser"
Jan 28 01:03:00 daemon kernel: [    4.323933] audit: type=1400 audit(1643324579.300:10): apparmor="STATUS" operation="profile_load" profile="unconfined" name="snap.certbot.hook.prepare-plug-plugin" pid=349 comm="apparmor_parser"
Jan 28 01:03:00 daemon kernel: [    4.393033] Adding 524284k swap on /dev/sdb.  Priority:-2 extents:1 across:524284k FS
Jan 28 01:03:00 daemon kernel: [    4.444286] fbcon: bochsdrmfb (fb0) is primary device
Jan 28 01:03:00 daemon kernel: [    4.602719] Console: switching to colour frame buffer device 128x48
Jan 28 01:03:00 daemon kernel: [    4.737133] bochs-drm 0000:00:01.0: fb0: bochsdrmfb frame buffer device
Jan 28 01:03:00 daemon kernel: [    4.741752] [drm] Initialized bochs-drm 1.0.0 20130925 for 0000:00:01.0 on minor 0
Jan 28 01:03:00 daemon systemd[1]: Starting Snappy daemon...
Jan 28 01:03:00 daemon cron[391]: (CRON) INFO (Running @reboot jobs)
Jan 28 01:03:00 daemon systemd[1]: Starting Resets System Activity Data Collector...
Jan 28 01:03:00 daemon systemd[1]: Started System Logging Service.
Jan 28 01:03:00 daemon systemd[1]: Started Resets System Activity Data Collector.
Jan 28 01:03:00 daemon systemd[1]: Started Login Service.
Jan 28 01:03:00 daemon snapd[399]: AppArmor status: apparmor is enabled but some kernel features are missing: dbus, network
Jan 28 01:03:00 daemon sh[367]: eth0=eth0
Jan 28 01:03:00 daemon systemd[1]: Started Helper to synchronize boot up for ifupdown.
Jan 28 01:03:00 daemon systemd[1]: Starting Raise network interfaces...
Jan 28 01:03:00 daemon haveged[368]: haveged: ver: 1.9.1; arch: x86; vend: ; build: (gcc 8.3.0 ITV); collect: 128K
Jan 28 01:03:00 daemon haveged[368]: haveged: cpu: (VC); data: 64K (V); inst: 64K (V); idx: 39/40; sz: 52825/52825
Jan 28 01:03:00 daemon haveged[368]: haveged: tot tests(BA8): A:1/1 B:1/1 continuous tests(B):  last entropy estimate 7.99851
Jan 28 01:03:00 daemon haveged[368]: haveged: fills: 0, generated: 0
Jan 28 01:03:00 daemon systemd[1]: Started Raise network interfaces.
Jan 28 01:03:00 daemon systemd[1]: Reached target Network.
Jan 28 01:03:00 daemon systemd[1]: Starting Permit User Sessions...
Jan 28 01:03:00 daemon systemd[1]: Reached target Network is Online.
Jan 28 01:03:01 daemon systemd[1]: Starting LSB: Start and stop OSSEC HIDS...
Jan 28 01:03:01 daemon systemd[1]: Starting LSB: Longview Monitoring Agent...
Jan 28 01:03:01 daemon systemd[1]: Starting Postfix Mail Transport Agent (instance -)...
Jan 28 01:03:01 daemon systemd[1]: Started Unattended Upgrades Shutdown.
Jan 28 01:03:01 daemon ossec[471]: Starting OSSEC HIDS v3.6.0...
Jan 28 01:03:01 daemon systemd[1]: Starting Fail2Ban Service...
Jan 28 01:03:01 daemon systemd[1]: Starting OpenBSD Secure Shell server...
Jan 28 01:03:01 daemon systemd[1]: Condition check resulted in fast remote file copy program daemon being skipped.
Jan 28 01:03:01 daemon systemd[1]: Starting MariaDB 10.3.31 database server...
Jan 28 01:03:01 daemon systemd[1]: Starting The Apache HTTP Server...
Jan 28 01:03:01 daemon systemd[1]: Started Permit User Sessions.
Jan 28 01:03:01 daemon systemd[1]: Started Fail2Ban Service.
Jan 28 01:03:01 daemon systemd[1]: Started Serial Getty on ttyS0.
Jan 28 01:03:01 daemon systemd[1]: Started Getty on tty1.
Jan 28 01:03:01 daemon systemd[1]: Reached target Login Prompts.
Jan 28 01:03:01 daemon systemd[1]: Started OpenBSD Secure Shell server.
Jan 28 01:03:02 daemon mysqld[564]: 2022-01-28  1:03:02 0 [Note] /usr/sbin/mysqld (mysqld 10.3.31-MariaDB-0+deb10u1) starting as process 564 ...
Jan 28 01:03:03 daemon systemd[1]: Started MariaDB 10.3.31 database server.
Jan 28 01:03:03 daemon /etc/mysql/debian-start[658]: Upgrading MySQL tables if necessary.
Jan 28 01:03:03 daemon /etc/mysql/debian-start[661]: /usr/bin/mysql_upgrade: the '--basedir' option is always ignored
Jan 28 01:03:03 daemon /etc/mysql/debian-start[661]: Looking for 'mysql' as: /usr/bin/mysql
Jan 28 01:03:03 daemon /etc/mysql/debian-start[661]: Looking for 'mysqlcheck' as: /usr/bin/mysqlcheck
Jan 28 01:03:03 daemon /etc/mysql/debian-start[661]: This installation of MySQL is already upgraded to 10.3.31-MariaDB, use --force if you still need to run mysql_upgrade
Jan 28 01:03:03 daemon /etc/mysql/debian-start[678]: Checking for insecure root accounts.
Jan 28 01:03:03 daemon longview[473]: Starting Longview Agent: longview.
Jan 28 01:03:03 daemon systemd[1]: Started LSB: Longview Monitoring Agent.
Jan 28 01:03:03 daemon /etc/mysql/debian-start[688]: Triggering myisam-recover for all MyISAM tables and aria-recover for all Aria tables
Jan 28 01:03:03 daemon fail2ban-server[494]: Server ready
Jan 28 01:03:04 daemon systemd[1]: Started The Apache HTTP Server.
Jan 28 01:03:04 daemon ossec[471]: Started ossec-maild...
Jan 28 01:03:04 daemon ossec[471]: Started ossec-execd...
Jan 28 01:03:04 daemon ossec[471]: Started ossec-analysisd...
Jan 28 01:03:04 daemon ossec[471]: Started ossec-logcollector...
Jan 28 01:03:04 daemon ossec[471]: Started ossec-remoted...
Jan 28 01:03:05 daemon snapd[399]: AppArmor status: apparmor is enabled but some kernel features are missing: dbus, network
Jan 28 01:03:05 daemon postfix/postfix-script[852]: warning: symlink leaves directory: /etc/postfix/./makedefs.out
Jan 28 01:03:05 daemon snapd[399]: daemon.go:246: started snapd/2.54.2 (series 16; classic; devmode) debian/10 (amd64) linux/4.19.0-18-amd64.
Jan 28 01:03:05 daemon systemd[1]: tmp-sanity\x2dmountpoint\x2d805304247.mount: Succeeded.
Jan 28 01:03:05 daemon snapd[399]: daemon.go:339: adjusting startup timeout by 45s (pessimistic estimate of 30s plus 5s per snap)
Jan 28 01:03:05 daemon postfix/postfix-script[921]: starting the Postfix mail system
Jan 28 01:03:05 daemon postfix/master[932]: daemon started -- version 3.4.14, configuration /etc/postfix
Jan 28 01:03:05 daemon systemd[1]: Started Postfix Mail Transport Agent (instance -).
Jan 28 01:03:05 daemon systemd[1]: Starting Postfix Mail Transport Agent...
Jan 28 01:03:06 daemon systemd[1]: Started Postfix Mail Transport Agent.
Jan 28 01:03:06 daemon postfix/pickup[937]: 1F37C3D5CD: uid=0 from=<daemon@synaptic4u.co.za>
Jan 28 01:03:06 daemon postfix/cleanup[951]: 1F37C3D5CD: message-id=<20220127230306.1F37C3D5CD@daemon.synaptic4u.co.za>
Jan 28 01:03:06 daemon postfix/qmgr[938]: 1F37C3D5CD: from=<daemon@synaptic4u.co.za>, size=423, nrcpt=1 (queue active)
Jan 28 01:03:06 daemon postfix/pickup[937]: 2D0713CF2A: uid=0 from=<daemon@synaptic4u.co.za>
Jan 28 01:03:06 daemon postfix/cleanup[951]: 2D0713CF2A: message-id=<20220127230306.2D0713CF2A@daemon.synaptic4u.co.za>
Jan 28 01:03:06 daemon postfix/qmgr[938]: 2D0713CF2A: from=<daemon@synaptic4u.co.za>, size=436, nrcpt=1 (queue active)
Jan 28 01:03:06 daemon systemd[1]: Started Snappy daemon.
Jan 28 01:03:06 daemon dbus-daemon[386]: [system] Activating via systemd: service name='org.freedesktop.timedate1' unit='dbus-org.freedesktop.timedate1.service' requested by ':1.22' (uid=0 pid=399 comm="/usr/lib/snapd/snapd ")
Jan 28 01:03:06 daemon systemd[1]: Starting Wait until snapd is fully seeded...
Jan 28 01:03:06 daemon systemd[1]: Starting Time & Date Service...
Jan 28 01:03:06 daemon dbus-daemon[386]: [system] Successfully activated service 'org.freedesktop.timedate1'
Jan 28 01:03:06 daemon systemd[1]: Started Time & Date Service.
Jan 28 01:03:07 daemon systemd[1]: Reloading.
Jan 28 01:03:07 daemon ossec[471]: Started ossec-syscheckd...
Jan 28 01:03:07 daemon ossec[471]: Started ossec-monitord...
Jan 28 01:03:08 daemon systemd[1]: /lib/systemd/system/fail2ban.service:12: PIDFile= references path below legacy directory /var/run/, updating /var/run/fail2ban/fail2ban.pid → /run/fail2ban/fail2ban.pid; please update the unit file accordingly.
Jan 28 01:03:08 daemon systemd[1]: getty@tty1.service: Current command vanished from the unit file, execution of the command list won't be resumed.
Jan 28 01:03:08 daemon systemd[1]: serial-getty@ttyS0.service: Current command vanished from the unit file, execution of the command list won't be resumed.
Jan 28 01:03:08 daemon postfix/smtp[968]: 1F37C3D5CD: to=<admin@synaptic4u.co.za>, relay=mail.synaptic4u.co.za[154.0.175.57]:465, delay=34, delays=32/0.29/0.98/0.92, dsn=2.0.0, status=sent (250 OK id=1nDDnE-001015-T9)
Jan 28 01:03:08 daemon postfix/qmgr[938]: 1F37C3D5CD: removed
Jan 28 01:03:08 daemon postfix/smtp[985]: 2D0713CF2A: to=<admin@synaptic4u.co.za>, relay=mail.synaptic4u.co.za[154.0.175.57]:465, delay=4.5, delays=2/0.36/1.3/0.87, dsn=2.0.0, status=sent (250 OK id=1nDDnF-001016-6m)
Jan 28 01:03:08 daemon postfix/qmgr[938]: 2D0713CF2A: removed
Jan 28 01:03:08 daemon systemd[1]: Started Wait until snapd is fully seeded.
Jan 28 01:03:09 daemon dbus-daemon[386]: [system] Activating via systemd: service name='org.freedesktop.PackageKit' unit='packagekit.service' requested by ':1.39' (uid=0 pid=1605 comm="/usr/bin/gdbus call --system --dest org.freedeskto")
Jan 28 01:03:09 daemon systemd[1]: Starting PackageKit Daemon...
Jan 28 01:03:09 daemon PackageKit: daemon start
Jan 28 01:03:09 daemon dbus-daemon[386]: [system] Activating via systemd: service name='org.freedesktop.PolicyKit1' unit='polkit.service' requested by ':1.40' (uid=0 pid=1608 comm="/usr/lib/packagekit/packagekitd ")
Jan 28 01:03:09 daemon systemd[1]: Starting Authorization Manager...
Jan 28 01:03:09 daemon polkitd[1612]: started daemon version 0.105 using authority implementation `local' version `0.105'
Jan 28 01:03:09 daemon dbus-daemon[386]: [system] Successfully activated service 'org.freedesktop.PolicyKit1'
Jan 28 01:03:09 daemon systemd[1]: Started Authorization Manager.
Jan 28 01:03:09 daemon dbus-daemon[386]: [system] Successfully activated service 'org.freedesktop.PackageKit'
Jan 28 01:03:09 daemon systemd[1]: Started PackageKit Daemon.
Jan 28 01:03:09 daemon ossec[471]: Completed.
Jan 28 01:03:09 daemon systemd[1]: Started LSB: Start and stop OSSEC HIDS.
Jan 28 01:03:09 daemon systemd[1]: Reached target Multi-User System.
Jan 28 01:03:10 daemon systemd[1]: Starting Update UTMP about System Runlevel Changes...
Jan 28 01:03:10 daemon systemd[1]: systemd-update-utmp-runlevel.service: Succeeded.
Jan 28 01:03:10 daemon systemd[1]: Started Update UTMP about System Runlevel Changes.
Jan 28 01:03:10 daemon systemd[1]: Startup finished in 2.437s (kernel) + 12.495s (userspace) = 14.932s.
Jan 28 01:03:28 daemon systemd[1]: systemd-fsckd.service: Succeeded.
Jan 28 01:03:31 daemon systemd-timesyncd[359]: Synchronized to time server for the first time [2a01:238:43f2:8900:dd04:e3a0:ee11:a73d]:123 (2.debian.pool.ntp.org).
Jan 28 01:03:40 daemon systemd[1]: systemd-timedated.service: Succeeded.
Jan 28 01:05:01 daemon CRON[1641]: (root) CMD (command -v debian-sa1 > /dev/null && debian-sa1 1 1)
Jan 28 01:08:10 daemon dbus-daemon[386]: [system] Activating via systemd: service name='org.freedesktop.timedate1' unit='dbus-org.freedesktop.timedate1.service' requested by ':1.22' (uid=0 pid=399 comm="/usr/lib/snapd/snapd ")
Jan 28 01:08:10 daemon systemd[1]: Starting Time & Date Service...
Jan 28 01:08:10 daemon dbus-daemon[386]: [system] Successfully activated service 'org.freedesktop.timedate1'
Jan 28 01:08:10 daemon systemd[1]: Started Time & Date Service.
Jan 28 01:08:10 daemon snapd[399]: storehelpers.go:721: cannot refresh: snap has no updates available: "certbot", "core", "core20"
Jan 28 01:08:10 daemon snapd[399]: autorefresh.go:536: auto-refresh: all snaps are up-to-date
Jan 28 01:08:16 daemon PackageKit: daemon quit
Jan 28 01:08:16 daemon systemd[1]: packagekit.service: Main process exited, code=killed, status=15/TERM
Jan 28 01:08:16 daemon systemd[1]: packagekit.service: Succeeded.
Jan 28 01:08:40 daemon systemd[1]: systemd-timedated.service: Succeeded.
Jan 28 01:09:01 daemon systemd[1]: Starting Clean php session files...
Jan 28 01:09:01 daemon CRON[1673]: (root) CMD (  [ -x /usr/lib/php/sessionclean ] && if [ ! -d /run/systemd/system ]; then /usr/lib/php/sessionclean; fi)
Jan 28 01:09:01 daemon systemd[1]: phpsessionclean.service: Succeeded.
Jan 28 01:09:01 daemon systemd[1]: Started Clean php session files.
Jan 28 01:14:36 daemon systemd[1]: Stopping The Apache HTTP Server...
Jan 28 01:14:38 daemon systemd[1]: apache2.service: Succeeded.
Jan 28 01:14:38 daemon systemd[1]: Stopped The Apache HTTP Server.
Jan 28 01:14:38 daemon systemd[1]: Starting The Apache HTTP Server...
Jan 28 01:14:39 daemon systemd[1]: Started The Apache HTTP Server.
Jan 28 01:15:01 daemon CRON[1794]: (root) CMD (command -v debian-sa1 > /dev/null && debian-sa1 1 1)
Jan 28 01:17:01 daemon CRON[1798]: (root) CMD (   cd / && run-parts --report /etc/cron.hourly)
Jan 28 01:18:07 daemon systemd[1]: Starting Cleanup of Temporary Directories...
Jan 28 01:18:07 daemon systemd-tmpfiles[1850]: [/usr/lib/tmpfiles.d/fail2ban-tmpfiles.conf:1] Line references path below legacy directory /var/run/, updating /var/run/fail2ban → /run/fail2ban; please update the tmpfiles.d/ drop-in file accordingly.
Jan 28 01:18:07 daemon systemd[1]: systemd-tmpfiles-clean.service: Succeeded.
Jan 28 01:18:07 daemon systemd[1]: Started Cleanup of Temporary Directories.
Jan 28 01:25:01 daemon CRON[2172]: (root) CMD (command -v debian-sa1 > /dev/null && debian-sa1 1 1)
Jan 28 01:34:17 daemon systemd[1]: Created slice User Slice of UID 0.
Jan 28 01:34:17 daemon systemd[1]: Starting User Runtime Directory /run/user/0...
Jan 28 01:34:17 daemon systemd[1]: Started User Runtime Directory /run/user/0.
Jan 28 01:34:17 daemon systemd[1]: Starting User Manager for UID 0...
Jan 28 01:34:17 daemon systemd[2184]: Listening on GnuPG cryptographic agent (ssh-agent emulation).
Jan 28 01:34:17 daemon systemd[2184]: Listening on GnuPG cryptographic agent and passphrase cache (restricted).
Jan 28 01:34:17 daemon systemd[2184]: Listening on GnuPG cryptographic agent and passphrase cache (access for web browsers).
Jan 28 01:34:17 daemon systemd[2184]: Reached target Timers.
Jan 28 01:34:17 daemon systemd[2184]: Listening on GnuPG cryptographic agent and passphrase cache.
Jan 28 01:34:17 daemon systemd[2184]: Reached target Paths.
Jan 28 01:34:17 daemon systemd[2184]: Listening on GnuPG network certificate management daemon.
Jan 28 01:34:17 daemon systemd[2184]: Reached target Sockets.
Jan 28 01:34:17 daemon systemd[2184]: Reached target Basic System.
Jan 28 01:34:17 daemon systemd[1]: Started User Manager for UID 0.
Jan 28 01:34:17 daemon systemd[1]: Started Session c1 of user root.
Jan 28 01:34:17 daemon systemd[2184]: Reached target Default.
Jan 28 01:34:17 daemon systemd[2184]: Startup finished in 52ms.
Jan 28 01:35:01 daemon CRON[2197]: (root) CMD (command -v debian-sa1 > /dev/null && debian-sa1 1 1)
Jan 28 01:39:01 daemon systemd[1]: Starting Clean php session files...
Jan 28 01:39:01 daemon CRON[2222]: (root) CMD (  [ -x /usr/lib/php/sessionclean ] && if [ ! -d /run/systemd/system ]; then /usr/lib/php/sessionclean; fi)
Jan 28 01:39:01 daemon systemd[1]: phpsessionclean.service: Succeeded.
Jan 28 01:39:01 daemon systemd[1]: Started Clean php session files.
Jan 28 01:45:01 daemon CRON[2308]: (root) CMD (command -v debian-sa1 > /dev/null && debian-sa1 1 1)
Jan 28 01:55:01 daemon CRON[2390]: (root) CMD (command -v debian-sa1 > /dev/null && debian-sa1 1 1)
Jan 28 02:04:02 daemon systemd[1]: session-c1.scope: Succeeded.
Jan 28 02:04:13 daemon systemd[1]: Stopping User Manager for UID 0...
Jan 28 02:04:13 daemon systemd[2184]: Stopped target Default.
Jan 28 02:04:13 daemon systemd[2184]: Stopped target Basic System.
Jan 28 02:04:13 daemon systemd[2184]: Stopped target Sockets.
Jan 28 02:04:13 daemon systemd[2184]: gpg-agent-browser.socket: Succeeded.
Jan 28 02:04:13 daemon systemd[2184]: Closed GnuPG cryptographic agent and passphrase cache (access for web browsers).
Jan 28 02:04:13 daemon systemd[2184]: gpg-agent-extra.socket: Succeeded.
Jan 28 02:04:13 daemon systemd[2184]: Closed GnuPG cryptographic agent and passphrase cache (restricted).
Jan 28 02:04:13 daemon systemd[2184]: gpg-agent-ssh.socket: Succeeded.
Jan 28 02:04:13 daemon systemd[2184]: Closed GnuPG cryptographic agent (ssh-agent emulation).
Jan 28 02:04:13 daemon systemd[2184]: Stopped target Timers.
Jan 28 02:04:13 daemon systemd[2184]: gpg-agent.socket: Succeeded.
Jan 28 02:04:13 daemon systemd[2184]: Closed GnuPG cryptographic agent and passphrase cache.
Jan 28 02:04:13 daemon systemd[2184]: dirmngr.socket: Succeeded.
Jan 28 02:04:13 daemon systemd[2184]: Closed GnuPG network certificate management daemon.
Jan 28 02:04:13 daemon systemd[2184]: Stopped target Paths.
Jan 28 02:04:13 daemon systemd[2184]: Reached target Shutdown.
Jan 28 02:04:13 daemon systemd[2184]: systemd-exit.service: Succeeded.
Jan 28 02:04:13 daemon systemd[2184]: Started Exit the Session.
Jan 28 02:04:13 daemon systemd[2184]: Reached target Exit the Session.
Jan 28 02:04:13 daemon systemd[1]: user@0.service: Succeeded.
Jan 28 02:04:13 daemon systemd[1]: Stopped User Manager for UID 0.
Jan 28 02:04:13 daemon systemd[1]: Stopping User Runtime Directory /run/user/0...
Jan 28 02:04:13 daemon systemd[1]: run-user-0.mount: Succeeded.
Jan 28 02:04:13 daemon systemd[1]: user-runtime-dir@0.service: Succeeded.
Jan 28 02:04:13 daemon systemd[1]: Stopped User Runtime Directory /run/user/0.
Jan 28 02:04:13 daemon systemd[1]: Removed slice User Slice of UID 0.
Jan 28 02:05:01 daemon CRON[2415]: (root) CMD (command -v debian-sa1 > /dev/null && debian-sa1 1 1)
Jan 28 02:09:01 daemon systemd[1]: Starting Clean php session files...
Jan 28 02:09:01 daemon CRON[2425]: (root) CMD (  [ -x /usr/lib/php/sessionclean ] && if [ ! -d /run/systemd/system ]; then /usr/lib/php/sessionclean; fi)
Jan 28 02:09:02 daemon systemd[1]: phpsessionclean.service: Succeeded.
Jan 28 02:09:02 daemon systemd[1]: Started Clean php session files.
Jan 28 02:15:01 daemon CRON[2503]: (root) CMD (command -v debian-sa1 > /dev/null && debian-sa1 1 1)
Jan 28 02:17:01 daemon CRON[2508]: (root) CMD (   cd / && run-parts --report /etc/cron.hourly)
Jan 28 02:25:01 daemon CRON[2513]: (root) CMD (command -v debian-sa1 > /dev/null && debian-sa1 1 1)
Jan 28 02:27:13 daemon postfix/smtpd[2517]: connect from unknown[64.62.197.122]
Jan 28 02:27:14 daemon postfix/smtpd[2517]: lost connection after CONNECT from unknown[64.62.197.122]
Jan 28 02:27:14 daemon postfix/smtpd[2517]: disconnect from unknown[64.62.197.122] commands=0/0
Jan 28 02:27:53 daemon systemd[1]: unattended-upgrades.service: Succeeded.
Jan 28 02:27:53 daemon systemd[1]: Stopped Unattended Upgrades Shutdown.
Jan 28 02:27:53 daemon systemd[1]: Stopped target Multi-User System.
Jan 28 02:27:53 daemon systemd[1]: Stopping MariaDB 10.3.31 database server...
Jan 28 02:27:53 daemon systemd[1]: sysstat.service: Succeeded.
Jan 28 02:27:53 daemon systemd[1]: Stopped Resets System Activity Data Collector.
Jan 28 02:27:53 daemon systemd[1]: Stopped target Timers.
Jan 28 02:27:53 daemon systemd[1]: Stopping Regular background program processing daemon...
Jan 28 02:27:53 daemon systemd[1]: logrotate.timer: Succeeded.
Jan 28 02:27:53 daemon systemd[1]: Stopped Daily rotation of log files.
Jan 28 02:27:53 daemon systemd[1]: phpsessionclean.timer: Succeeded.
Jan 28 02:27:53 daemon systemd[1]: Stopped Clean PHP session files every 30 mins.
Jan 28 02:27:53 daemon systemd[1]: man-db.timer: Succeeded.
Jan 28 02:27:53 daemon systemd[1]: Stopped Daily man-db regeneration.
Jan 28 02:27:53 daemon systemd[1]: apt-daily-upgrade.timer: Succeeded.
Jan 28 02:27:53 daemon systemd[1]: Stopped Daily apt upgrade and clean activities.
Jan 28 02:27:53 daemon systemd[1]: apt-daily.timer: Succeeded.
Jan 28 02:27:53 daemon systemd[1]: Stopped Daily apt download activities.
Jan 28 02:27:53 daemon systemd[1]: Stopped target Login Prompts.
Jan 28 02:27:53 daemon systemd[1]: Stopping Serial Getty on ttyS0...
Jan 28 15:12:35 daemon kernel: [    0.000000] Linux version 4.19.0-18-amd64 (debian-kernel@lists.debian.org) (gcc version 8.3.0 (Debian 8.3.0-6)) #1 SMP Debian 4.19.208-1 (2021-09-29)
Jan 28 15:12:35 daemon systemd[1]: Starting Flush Journal to Persistent Storage...
Jan 28 15:12:35 daemon systemd-fsck[239]: linode-root: clean, 71165/3041280 files, 1102301/12976128 blocks
Jan 28 15:12:35 daemon systemd-tmpfiles[263]: [/usr/lib/tmpfiles.d/fail2ban-tmpfiles.conf:1] Line references path below legacy directory /var/run/, updating /var/run/fail2ban → /run/fail2ban; please update the tmpfiles.d/ drop-in file accordingly.
Jan 28 15:12:35 daemon systemd[1]: Started Create Static Device Nodes in /dev.
Jan 28 15:12:35 daemon systemd[1]: Starting udev Kernel Device Manager...
Jan 28 15:12:35 daemon systemd[1]: Started Set the console keyboard layout.
Jan 28 15:12:35 daemon systemd[1]: Reached target Local File Systems (Pre).
Jan 28 15:12:35 daemon systemd[1]: Mounting Mount unit for core, revision 12603...
Jan 28 15:12:35 daemon systemd[1]: Mounting Mount unit for core20, revision 1270...
Jan 28 15:12:35 daemon systemd-udevd[266]: Network interface NamePolicy= disabled on kernel command line, ignoring.
Jan 28 15:12:35 daemon systemd[1]: Mounting Mount unit for core20, revision 1328...
Jan 28 15:12:35 daemon systemd[1]: Mounting Mount unit for certbot, revision 1670...
Jan 28 15:12:35 daemon systemd[1]: Started Flush Journal to Persistent Storage.
Jan 28 15:12:35 daemon systemd[1]: Started udev Kernel Device Manager.
Jan 28 15:12:35 daemon systemd[1]: Mounted Mount unit for core20, revision 1270.
Jan 28 15:12:35 daemon systemd[1]: Mounted Mount unit for core, revision 12603.
Jan 28 15:12:35 daemon systemd[1]: Mounted Mount unit for core20, revision 1328.
Jan 28 15:12:35 daemon systemd[1]: Mounted Mount unit for certbot, revision 1670.
Jan 28 15:12:35 daemon systemd[1]: Reached target Local File Systems.
Jan 28 15:12:35 daemon systemd[1]: Starting Load AppArmor profiles...
Jan 28 15:12:35 daemon systemd[1]: Starting Set console font and keymap...
Jan 28 15:12:35 daemon systemd[1]: Condition check resulted in Commit a transient machine-id on disk being skipped.
Jan 28 15:12:35 daemon systemd[1]: Starting Create Volatile Files and Directories...
Jan 28 15:12:35 daemon systemd[1]: Started Set console font and keymap.
Jan 28 15:12:35 daemon systemd-udevd[290]: Using default interface naming scheme 'v240'.
Jan 28 15:12:35 daemon systemd-tmpfiles[298]: [/usr/lib/tmpfiles.d/fail2ban-tmpfiles.conf:1] Line references path below legacy directory /var/run/, updating /var/run/fail2ban → /run/fail2ban; please update the tmpfiles.d/ drop-in file accordingly.
Jan 28 15:12:35 daemon apparmor.systemd[295]: Restarting AppArmor
Jan 28 15:12:35 daemon apparmor.systemd[295]: Reloading AppArmor profiles
Jan 28 15:12:35 daemon systemd[1]: Started Create Volatile Files and Directories.
Jan 28 15:12:35 daemon systemd[1]: Found device /dev/ttyS0.
Jan 28 15:12:35 daemon systemd[1]: Starting Network Time Synchronization...
Jan 28 15:12:35 daemon systemd[1]: Starting Update UTMP about System Boot/Shutdown...
Jan 28 15:12:35 daemon systemd[1]: Started Update UTMP about System Boot/Shutdown.
Jan 28 15:12:35 daemon systemd[1]: Started Load AppArmor profiles.
Jan 28 15:12:35 daemon systemd[1]: Found device QEMU_HARDDISK.
Jan 28 15:12:35 daemon systemd[1]: Started Network Time Synchronization.
Jan 28 15:12:35 daemon systemd[1]: Condition check resulted in Virtio network device being skipped.
Jan 28 15:12:35 daemon systemd[1]: Reached target System Time Synchronized.
Jan 28 15:12:35 daemon systemd[1]: Activating swap /dev/sdb...
Jan 28 15:12:35 daemon systemd[1]: Started Entropy daemon using the HAVEGE algorithm.
Jan 28 15:12:35 daemon systemd[1]: Started ifup for eth0.
Jan 28 15:12:35 daemon systemd[1]: Activated swap /dev/sdb.
Jan 28 15:12:35 daemon systemd[1]: Reached target Swap.
Jan 28 15:12:35 daemon sh[364]: eth0=eth0
Jan 28 15:12:35 daemon systemd[1]: Reached target System Initialization.
Jan 28 15:12:35 daemon systemd[1]: Started Daily man-db regeneration.
Jan 28 15:12:35 daemon systemd[1]: Started Daily Cleanup of Temporary Directories.
Jan 28 15:12:35 daemon systemd[1]: Started Clean PHP session files every 30 mins.
Jan 28 15:12:35 daemon systemd[1]: Started Timer renew for snap application certbot.renew.
Jan 28 15:12:35 daemon haveged[363]: haveged: ver: 1.9.1; arch: x86; vend: ; build: (gcc 8.3.0 ITV); collect: 128K
Jan 28 15:12:35 daemon systemd[1]: Started Daily apt download activities.
Jan 28 15:12:35 daemon systemd[1]: Started Daily apt upgrade and clean activities.
Jan 28 15:12:35 daemon haveged[363]: haveged: cpu: (VC); data: 64K (V); inst: 64K (V); idx: 39/40; sz: 52825/52825
Jan 28 15:12:35 daemon haveged[363]: haveged: tot tests(BA8): A:1/1 B:1/1 continuous tests(B):  last entropy estimate 8.00269
Jan 28 15:12:35 daemon haveged[363]: haveged: fills: 0, generated: 0
Jan 28 15:12:35 daemon systemd[1]: Started Daily rotation of log files.
Jan 28 15:12:35 daemon systemd[1]: Reached target Timers.
Jan 28 15:12:35 daemon systemd[1]: Starting Socket activation for snappy daemon.
Jan 28 15:12:35 daemon systemd[1]: Listening on D-Bus System Message Bus Socket.
Jan 28 15:12:35 daemon systemd[1]: Listening on Socket activation for snappy daemon.
Jan 28 15:12:35 daemon systemd[1]: Reached target Sockets.
Jan 28 15:12:35 daemon systemd[1]: Reached target Basic System.
Jan 28 15:12:35 daemon systemd[1]: Started D-Bus System Message Bus.
Jan 28 15:12:35 daemon systemd[1]: Started Regular background program processing daemon.
Jan 28 15:12:35 daemon systemd[1]: Starting System Logging Service...
Jan 28 15:12:35 daemon cron[413]: (CRON) INFO (pidfile fd = 3)
Jan 28 15:12:35 daemon systemd[1]: Starting Login Service...
Jan 28 15:12:35 daemon cron[413]: (CRON) INFO (Running @reboot jobs)
Jan 28 15:12:35 daemon systemd[1]: Condition check resulted in getty on tty2-tty6 if dbus and logind are not available being skipped.
Jan 28 15:12:35 daemon systemd[1]: Starting Resets System Activity Data Collector...
Jan 28 15:12:35 daemon rsyslogd: imuxsock: Acquired UNIX socket '/run/systemd/journal/syslog' (fd 3) from systemd.  [v8.1901.0]
Jan 28 15:12:35 daemon rsyslogd:  [origin software="rsyslogd" swVersion="8.1901.0" x-pid="414" x-info="https://www.rsyslog.com"] start
Jan 28 15:12:35 daemon systemd[1]: Starting Snappy daemon...
Jan 28 15:12:35 daemon kernel: [    0.000000] Command line: BOOT_IMAGE=/boot/vmlinuz-4.19.0-18-amd64 root=/dev/sda ro console=ttyS0,19200n8 net.ifnames=0
Jan 28 15:12:35 daemon kernel: [    0.000000] x86/fpu: Supporting XSAVE feature 0x001: 'x87 floating point registers'
Jan 28 15:12:35 daemon kernel: [    0.000000] x86/fpu: Supporting XSAVE feature 0x002: 'SSE registers'
Jan 28 15:12:35 daemon kernel: [    0.000000] x86/fpu: Supporting XSAVE feature 0x004: 'AVX registers'
Jan 28 15:12:35 daemon kernel: [    0.000000] x86/fpu: xstate_offset[2]:  576, xstate_sizes[2]:  256
Jan 28 15:12:35 daemon kernel: [    0.000000] x86/fpu: Enabled xstate features 0x7, context size is 832 bytes, using 'compacted' format.
Jan 28 15:12:35 daemon kernel: [    0.000000] BIOS-provided physical RAM map:
Jan 28 15:12:35 daemon kernel: [    0.000000] BIOS-e820: [mem 0x0000000000000000-0x000000000009fbff] usable
Jan 28 15:12:35 daemon kernel: [    0.000000] BIOS-e820: [mem 0x000000000009fc00-0x000000000009ffff] reserved
Jan 28 15:12:35 daemon kernel: [    0.000000] BIOS-e820: [mem 0x00000000000f0000-0x00000000000fffff] reserved
Jan 28 15:12:35 daemon kernel: [    0.000000] BIOS-e820: [mem 0x0000000000100000-0x000000007ffdbfff] usable
Jan 28 15:12:35 daemon kernel: [    0.000000] BIOS-e820: [mem 0x000000007ffdc000-0x000000007fffffff] reserved
Jan 28 15:12:35 daemon kernel: [    0.000000] BIOS-e820: [mem 0x00000000b0000000-0x00000000bfffffff] reserved
Jan 28 15:12:35 daemon kernel: [    0.000000] BIOS-e820: [mem 0x00000000fed1c000-0x00000000fed1ffff] reserved
Jan 28 15:12:35 daemon kernel: [    0.000000] BIOS-e820: [mem 0x00000000feffc000-0x00000000feffffff] reserved
Jan 28 15:12:35 daemon kernel: [    0.000000] BIOS-e820: [mem 0x00000000fffc0000-0x00000000ffffffff] reserved
Jan 28 15:12:35 daemon kernel: [    0.000000] NX (Execute Disable) protection: active
Jan 28 15:12:35 daemon kernel: [    0.000000] SMBIOS 2.8 present.
Jan 28 15:12:35 daemon kernel: [    0.000000] DMI: QEMU Standard PC (Q35 + ICH9, 2009), BIOS rel-1.12.1-0-ga5cab58e9a3f-prebuilt.qemu.org 04/01/2014
Jan 28 15:12:35 daemon kernel: [    0.000000] Hypervisor detected: KVM
Jan 28 15:12:35 daemon kernel: [    0.000000] kvm-clock: Using msrs 4b564d01 and 4b564d00
Jan 28 15:12:35 daemon kernel: [    0.000002] kvm-clock: cpu 0, msr 643ec001, primary cpu clock
Jan 28 15:12:35 daemon kernel: [    0.000002] kvm-clock: using sched offset of 14674363434 cycles
Jan 28 15:12:35 daemon kernel: [    0.000006] clocksource: kvm-clock: mask: 0xffffffffffffffff max_cycles: 0x1cd42e4dffb, max_idle_ns: 881590591483 ns
Jan 28 15:12:35 daemon kernel: [    0.000011] tsc: Detected 2199.998 MHz processor
Jan 28 15:12:35 daemon kernel: [    0.001895] e820: update [mem 0x00000000-0x00000fff] usable ==> reserved
Jan 28 15:12:35 daemon kernel: [    0.001900] e820: remove [mem 0x000a0000-0x000fffff] usable
Jan 28 15:12:35 daemon kernel: [    0.001907] last_pfn = 0x7ffdc max_arch_pfn = 0x400000000
Jan 28 15:12:35 daemon kernel: [    0.001978] MTRR default type: write-back
Jan 28 15:12:35 daemon kernel: [    0.001980] MTRR fixed ranges enabled:
Jan 28 15:12:35 daemon kernel: [    0.001982]   00000-9FFFF write-back
Jan 28 15:12:35 daemon kernel: [    0.001984]   A0000-BFFFF uncachable
Jan 28 15:12:35 daemon kernel: [    0.001986]   C0000-FFFFF write-protect
Jan 28 15:12:35 daemon kernel: [    0.001987] MTRR variable ranges enabled:
Jan 28 15:12:35 daemon kernel: [    0.001988]   0 base 00C0000000 mask FFC0000000 uncachable
Jan 28 15:12:35 daemon kernel: [    0.001989]   1 disabled
Jan 28 15:12:35 daemon kernel: [    0.001990]   2 disabled
Jan 28 15:12:35 daemon kernel: [    0.001991]   3 disabled
Jan 28 15:12:35 daemon kernel: [    0.001992]   4 disabled
Jan 28 15:12:35 daemon kernel: [    0.001992]   5 disabled
Jan 28 15:12:35 daemon kernel: [    0.001993]   6 disabled
Jan 28 15:12:35 daemon kernel: [    0.001993]   7 disabled
Jan 28 15:12:35 daemon kernel: [    0.002023] x86/PAT: Configuration [0-7]: WB  WC  UC- UC  WB  WP  UC- WT  
Jan 28 15:12:35 daemon kernel: [    0.005541] found SMP MP-table at [mem 0x000f5af0-0x000f5aff]
Jan 28 15:12:35 daemon kernel: [    0.005819] Using GB pages for direct mapping
Jan 28 15:12:35 daemon kernel: [    0.005974] RAMDISK: [mem 0x34f6d000-0x367adfff]
Jan 28 15:12:35 daemon kernel: [    0.005991] ACPI: Early table checksum verification disabled
Jan 28 15:12:35 daemon kernel: [    0.006054] ACPI: RSDP 0x00000000000F5920 000014 (v00 BOCHS )
Jan 28 15:12:35 daemon kernel: [    0.006067] ACPI: RSDT 0x000000007FFE20F4 000034 (v01 BOCHS  BXPCRSDT 00000001 BXPC 00000001)
Jan 28 15:12:35 daemon kernel: [    0.006076] ACPI: FACP 0x000000007FFE1F14 0000F4 (v03 BOCHS  BXPCFACP 00000001 BXPC 00000001)
Jan 28 15:12:35 daemon kernel: [    0.006084] ACPI: DSDT 0x000000007FFE0040 001ED4 (v01 BOCHS  BXPCDSDT 00000001 BXPC 00000001)
Jan 28 15:12:35 daemon kernel: [    0.006089] ACPI: FACS 0x000000007FFE0000 000040
Jan 28 15:12:35 daemon kernel: [    0.006092] ACPI: APIC 0x000000007FFE2008 000078 (v01 BOCHS  BXPCAPIC 00000001 BXPC 00000001)
Jan 28 15:12:35 daemon kernel: [    0.006097] ACPI: HPET 0x000000007FFE2080 000038 (v01 BOCHS  BXPCHPET 00000001 BXPC 00000001)
Jan 28 15:12:35 daemon kernel: [    0.006101] ACPI: MCFG 0x000000007FFE20B8 00003C (v01 BOCHS  BXPCMCFG 00000001 BXPC 00000001)
Jan 28 15:12:35 daemon kernel: [    0.006105] ACPI: Reserving FACP table memory at [mem 0x7ffe1f14-0x7ffe2007]
Jan 28 15:12:35 daemon kernel: [    0.006107] ACPI: Reserving DSDT table memory at [mem 0x7ffe0040-0x7ffe1f13]
Jan 28 15:12:35 daemon kernel: [    0.006109] ACPI: Reserving FACS table memory at [mem 0x7ffe0000-0x7ffe003f]
Jan 28 15:12:35 daemon kernel: [    0.006111] ACPI: Reserving APIC table memory at [mem 0x7ffe2008-0x7ffe207f]
Jan 28 15:12:35 daemon kernel: [    0.006113] ACPI: Reserving HPET table memory at [mem 0x7ffe2080-0x7ffe20b7]
Jan 28 15:12:35 daemon kernel: [    0.006115] ACPI: Reserving MCFG table memory at [mem 0x7ffe20b8-0x7ffe20f3]
Jan 28 15:12:35 daemon kernel: [    0.006157] ACPI: Local APIC address 0xfee00000
Jan 28 15:12:35 daemon kernel: [    0.006643] No NUMA configuration found
Jan 28 15:12:35 daemon kernel: [    0.006647] Faking a node at [mem 0x0000000000000000-0x000000007ffdbfff]
Jan 28 15:12:35 daemon kernel: [    0.006655] NODE_DATA(0) allocated [mem 0x7ffd7000-0x7ffdbfff]
Jan 28 15:12:35 daemon kernel: [    0.008407] Zone ranges:
Jan 28 15:12:35 daemon kernel: [    0.008413]   DMA      [mem 0x0000000000001000-0x0000000000ffffff]
Jan 28 15:12:35 daemon kernel: [    0.008416]   DMA32    [mem 0x0000000001000000-0x000000007ffdbfff]
Jan 28 15:12:35 daemon kernel: [    0.008418]   Normal   empty
Jan 28 15:12:35 daemon kernel: [    0.008420]   Device   empty
Jan 28 15:12:35 daemon kernel: [    0.008421] Movable zone start for each node
Jan 28 15:12:35 daemon kernel: [    0.008422] Early memory node ranges
Jan 28 15:12:35 daemon kernel: [    0.008423]   node   0: [mem 0x0000000000001000-0x000000000009efff]
Jan 28 15:12:35 daemon kernel: [    0.008425]   node   0: [mem 0x0000000000100000-0x000000007ffdbfff]
Jan 28 15:12:35 daemon kernel: [    0.010989] Zeroed struct page in unavailable ranges: 134 pages
Jan 28 15:12:35 daemon kernel: [    0.010996] Initmem setup node 0 [mem 0x0000000000001000-0x000000007ffdbfff]
Jan 28 15:12:35 daemon kernel: [    0.011004] On node 0 totalpages: 524154
Jan 28 15:12:35 daemon kernel: [    0.011006]   DMA zone: 64 pages used for memmap
Jan 28 15:12:35 daemon kernel: [    0.011007]   DMA zone: 21 pages reserved
Jan 28 15:12:35 daemon kernel: [    0.011008]   DMA zone: 3998 pages, LIFO batch:0
Jan 28 15:12:35 daemon kernel: [    0.011114]   DMA32 zone: 8128 pages used for memmap
Jan 28 15:12:35 daemon kernel: [    0.011116]   DMA32 zone: 520156 pages, LIFO batch:63
Jan 28 15:12:35 daemon kernel: [    0.025782] ACPI: PM-Timer IO Port: 0x608
Jan 28 15:12:35 daemon kernel: [    0.025791] ACPI: Local APIC address 0xfee00000
Jan 28 15:12:35 daemon kernel: [    0.025808] ACPI: LAPIC_NMI (acpi_id[0xff] dfl dfl lint[0x1])
Jan 28 15:12:35 daemon kernel: [    0.025844] IOAPIC[0]: apic_id 0, version 17, address 0xfec00000, GSI 0-23
Jan 28 15:12:35 daemon kernel: [    0.025847] ACPI: INT_SRC_OVR (bus 0 bus_irq 0 global_irq 2 dfl dfl)
Jan 28 15:12:35 daemon kernel: [    0.025850] ACPI: INT_SRC_OVR (bus 0 bus_irq 5 global_irq 5 high level)
Jan 28 15:12:35 daemon kernel: [    0.025852] ACPI: INT_SRC_OVR (bus 0 bus_irq 9 global_irq 9 high level)
Jan 28 15:12:35 daemon kernel: [    0.025854] ACPI: INT_SRC_OVR (bus 0 bus_irq 10 global_irq 10 high level)
Jan 28 15:12:35 daemon kernel: [    0.025855] ACPI: INT_SRC_OVR (bus 0 bus_irq 11 global_irq 11 high level)
Jan 28 15:12:35 daemon kernel: [    0.025857] ACPI: IRQ0 used by override.
Jan 28 15:12:35 daemon kernel: [    0.025858] ACPI: IRQ5 used by override.
Jan 28 15:12:35 daemon kernel: [    0.025859] ACPI: IRQ9 used by override.
Jan 28 15:12:35 daemon kernel: [    0.025859] ACPI: IRQ10 used by override.
Jan 28 15:12:35 daemon kernel: [    0.025860] ACPI: IRQ11 used by override.
Jan 28 15:12:35 daemon kernel: [    0.025862] Using ACPI (MADT) for SMP configuration information
Jan 28 15:12:35 daemon kernel: [    0.025864] ACPI: HPET id: 0x8086a201 base: 0xfed00000
Jan 28 15:12:35 daemon kernel: [    0.025872] TSC deadline timer available
Jan 28 15:12:35 daemon kernel: [    0.025877] smpboot: Allowing 1 CPUs, 0 hotplug CPUs
Jan 28 15:12:35 daemon kernel: [    0.025910] PM: Registered nosave memory: [mem 0x00000000-0x00000fff]
Jan 28 15:12:35 daemon kernel: [    0.025912] PM: Registered nosave memory: [mem 0x0009f000-0x0009ffff]
Jan 28 15:12:35 daemon kernel: [    0.025914] PM: Registered nosave memory: [mem 0x000a0000-0x000effff]
Jan 28 15:12:35 daemon kernel: [    0.025915] PM: Registered nosave memory: [mem 0x000f0000-0x000fffff]
Jan 28 15:12:35 daemon kernel: [    0.025919] [mem 0xc0000000-0xfed1bfff] available for PCI devices
Jan 28 15:12:35 daemon kernel: [    0.025920] Booting paravirtualized kernel on KVM
Jan 28 15:12:35 daemon kernel: [    0.025925] clocksource: refined-jiffies: mask: 0xffffffff max_cycles: 0xffffffff, max_idle_ns: 7645519600211568 ns
Jan 28 15:12:35 daemon kernel: [    0.162199] random: get_random_bytes called from start_kernel+0x93/0x52a with crng_init=0
Jan 28 15:12:35 daemon kernel: [    0.162218] setup_percpu: NR_CPUS:512 nr_cpumask_bits:512 nr_cpu_ids:1 nr_node_ids:1
Jan 28 15:12:35 daemon kernel: [    0.165955] percpu: Embedded 45 pages/cpu s144536 r8192 d31592 u2097152
Jan 28 15:12:35 daemon kernel: [    0.165972] pcpu-alloc: s144536 r8192 d31592 u2097152 alloc=1*2097152
Jan 28 15:12:35 daemon kernel: [    0.165974] pcpu-alloc: [0] 0 
Jan 28 15:12:35 daemon kernel: [    0.166004] KVM setup async PF for cpu 0
Jan 28 15:12:35 daemon kernel: [    0.166010] kvm-stealtime: cpu 0, msr 7da161c0
Jan 28 15:12:35 daemon kernel: [    0.166022] Built 1 zonelists, mobility grouping on.  Total pages: 515941
Jan 28 15:12:35 daemon kernel: [    0.166025] Policy zone: DMA32
Jan 28 15:12:35 daemon kernel: [    0.166029] Kernel command line: BOOT_IMAGE=/boot/vmlinuz-4.19.0-18-amd64 root=/dev/sda ro console=ttyS0,19200n8 net.ifnames=0
Jan 28 15:12:35 daemon kernel: [    0.166145] Calgary: detecting Calgary via BIOS EBDA area
Jan 28 15:12:35 daemon kernel: [    0.166147] Calgary: Unable to locate Rio Grande table in EBDA - bailing!
Jan 28 15:12:35 daemon kernel: [    0.175001] Memory: 2013832K/2096616K available (10252K kernel code, 1242K rwdata, 3332K rodata, 1596K init, 2260K bss, 82784K reserved, 0K cma-reserved)
Jan 28 15:12:35 daemon kernel: [    0.176511] SLUB: HWalign=64, Order=0-3, MinObjects=0, CPUs=1, Nodes=1
Jan 28 15:12:35 daemon kernel: [    0.176523] ftrace: allocating 32002 entries in 126 pages
Jan 28 15:12:35 daemon kernel: [    0.193494] rcu: Hierarchical RCU implementation.
Jan 28 15:12:35 daemon kernel: [    0.193501] rcu: 	RCU restricting CPUs from NR_CPUS=512 to nr_cpu_ids=1.
Jan 28 15:12:35 daemon kernel: [    0.193504] rcu: Adjusting geometry for rcu_fanout_leaf=16, nr_cpu_ids=1
Jan 28 15:12:35 daemon kernel: [    0.196561] NR_IRQS: 33024, nr_irqs: 256, preallocated irqs: 16
Jan 28 15:12:35 daemon kernel: [    0.216017] Console: colour VGA+ 80x25
Jan 28 15:12:35 daemon kernel: [    0.328475] console [ttyS0] enabled
Jan 28 15:12:35 daemon kernel: [    0.329103] ACPI: Core revision 20180810
Jan 28 15:12:35 daemon kernel: [    0.330058] clocksource: hpet: mask: 0xffffffff max_cycles: 0xffffffff, max_idle_ns: 19112604467 ns
Jan 28 15:12:35 daemon kernel: [    0.331621] hpet clockevent registered
Jan 28 15:12:35 daemon kernel: [    0.331668] APIC: Switch to symmetric I/O mode setup
Jan 28 15:12:35 daemon kernel: [    0.332675] x2apic enabled
Jan 28 15:12:35 daemon kernel: [    0.333289] Switched APIC routing to physical x2apic.
Jan 28 15:12:35 daemon kernel: [    0.334182] KVM setup pv IPIs
Jan 28 15:12:35 daemon kernel: [    0.336592] ..TIMER: vector=0x30 apic1=0 pin1=2 apic2=-1 pin2=-1
Jan 28 15:12:35 daemon kernel: [    0.337614] clocksource: tsc-early: mask: 0xffffffffffffffff max_cycles: 0x1fb63109b96, max_idle_ns: 440795265316 ns
Jan 28 15:12:35 daemon kernel: [    0.339368] Calibrating delay loop (skipped) preset value.. 4399.99 BogoMIPS (lpj=8799992)
Jan 28 15:12:35 daemon kernel: [    0.343356] pid_max: default: 32768 minimum: 301
Jan 28 15:12:35 daemon kernel: [    0.344215] Security Framework initialized
Jan 28 15:12:35 daemon kernel: [    0.344889] Yama: disabled by default; enable with sysctl kernel.yama.*
Jan 28 15:12:35 daemon kernel: [    0.346000] AppArmor: AppArmor initialized
Jan 28 15:12:35 daemon kernel: [    0.349115] Dentry cache hash table entries: 262144 (order: 9, 2097152 bytes)
Jan 28 15:12:35 daemon kernel: [    0.351386] Inode-cache hash table entries: 131072 (order: 8, 1048576 bytes)
Jan 28 15:12:35 daemon kernel: [    0.352662] Mount-cache hash table entries: 4096 (order: 3, 32768 bytes)
Jan 28 15:12:35 daemon kernel: [    0.353756] Mountpoint-cache hash table entries: 4096 (order: 3, 32768 bytes)
Jan 28 15:12:35 daemon kernel: [    0.355772] Last level iTLB entries: 4KB 512, 2MB 255, 4MB 127
Jan 28 15:12:35 daemon kernel: [    0.356719] Last level dTLB entries: 4KB 512, 2MB 255, 4MB 127, 1GB 0
Jan 28 15:12:35 daemon kernel: [    0.357765] Spectre V1 : Mitigation: usercopy/swapgs barriers and __user pointer sanitization
Jan 28 15:12:35 daemon kernel: [    0.359358] Spectre V2 : Mitigation: Full AMD retpoline
Jan 28 15:12:35 daemon kernel: [    0.360213] Spectre V2 : Spectre v2 / SpectreRSB mitigation: Filling RSB on context switch
Jan 28 15:12:35 daemon kernel: [    0.361622] Spectre V2 : mitigation: Enabling conditional Indirect Branch Prediction Barrier
Jan 28 15:12:35 daemon kernel: [    0.363354] Speculative Store Bypass: Mitigation: Speculative Store Bypass disabled via prctl and seccomp
Jan 28 15:12:35 daemon kernel: [    0.370425] Freeing SMP alternatives memory: 24K
Jan 28 15:12:35 daemon kernel: [    0.373652] smpboot: CPU0: AMD EPYC 7601 32-Core Processor (family: 0x17, model: 0x1, stepping: 0x2)
Jan 28 15:12:35 daemon kernel: [    0.375263] Performance Events: Fam17h core perfctr, AMD PMU driver.
Jan 28 15:12:35 daemon kernel: [    0.375349] ... version:                0
Jan 28 15:12:35 daemon kernel: [    0.375349] ... bit width:              48
Jan 28 15:12:35 daemon kernel: [    0.375349] ... generic registers:      6
Jan 28 15:12:35 daemon kernel: [    0.375360] ... value mask:             0000ffffffffffff
Jan 28 15:12:35 daemon kernel: [    0.376192] ... max period:             00007fffffffffff
Jan 28 15:12:35 daemon kernel: [    0.377059] ... fixed-purpose events:   0
Jan 28 15:12:35 daemon kernel: [    0.377688] ... event mask:             000000000000003f
Jan 28 15:12:35 daemon kernel: [    0.378606] rcu: Hierarchical SRCU implementation.
Jan 28 15:12:35 daemon kernel: [    0.379976] random: crng done (trusting CPU's manufacturer)
Jan 28 15:12:35 daemon kernel: [    0.380949] smp: Bringing up secondary CPUs ...
Jan 28 15:12:35 daemon kernel: [    0.381692] smp: Brought up 1 node, 1 CPU
Jan 28 15:12:35 daemon kernel: [    0.382408] smpboot: Max logical packages: 1
Jan 28 15:12:35 daemon kernel: [    0.383101] smpboot: Total of 1 processors activated (4399.99 BogoMIPS)
Jan 28 15:12:35 daemon kernel: [    0.383759] devtmpfs: initialized
Jan 28 15:12:35 daemon kernel: [    0.384404] x86/mm: Memory block size: 128MB
Jan 28 15:12:35 daemon kernel: [    0.385539] clocksource: jiffies: mask: 0xffffffff max_cycles: 0xffffffff, max_idle_ns: 7645041785100000 ns
Jan 28 15:12:35 daemon kernel: [    0.387148] futex hash table entries: 256 (order: 2, 16384 bytes)
Jan 28 15:12:35 daemon kernel: [    0.387483] pinctrl core: initialized pinctrl subsystem
Jan 28 15:12:35 daemon kernel: [    0.388506] NET: Registered protocol family 16
Jan 28 15:12:35 daemon kernel: [    0.389339] audit: initializing netlink subsys (disabled)
Jan 28 15:12:35 daemon kernel: [    0.390322] cpuidle: using governor ladder
Jan 28 15:12:35 daemon kernel: [    0.390932] cpuidle: using governor menu
Jan 28 15:12:35 daemon kernel: [    0.391860] audit: type=2000 audit(1643375550.040:1): state=initialized audit_enabled=0 res=1
Jan 28 15:12:35 daemon kernel: [    0.393191] KVM setup pv remote TLB flush
Jan 28 15:12:35 daemon kernel: [    0.393795] ACPI: bus type PCI registered
Jan 28 15:12:35 daemon kernel: [    0.394380] acpiphp: ACPI Hot Plug PCI Controller Driver version: 0.5
Jan 28 15:12:35 daemon kernel: [    0.395504] PCI: MMCONFIG for domain 0000 [bus 00-ff] at [mem 0xb0000000-0xbfffffff] (base 0xb0000000)
Jan 28 15:12:35 daemon kernel: [    0.396967] PCI: MMCONFIG at [mem 0xb0000000-0xbfffffff] reserved in E820
Jan 28 15:12:35 daemon kernel: [    0.398025] PCI: Using configuration type 1 for base access
Jan 28 15:12:35 daemon kernel: [    0.399951] HugeTLB registered 1.00 GiB page size, pre-allocated 0 pages
Jan 28 15:12:35 daemon kernel: [    0.401043] HugeTLB registered 2.00 MiB page size, pre-allocated 0 pages
Jan 28 15:12:35 daemon kernel: [    0.402480] ACPI: Added _OSI(Module Device)
Jan 28 15:12:35 daemon kernel: [    0.403190] ACPI: Added _OSI(Processor Device)
Jan 28 15:12:35 daemon kernel: [    0.403371] ACPI: Added _OSI(3.0 _SCP Extensions)
Jan 28 15:12:35 daemon kernel: [    0.404117] ACPI: Added _OSI(Processor Aggregator Device)
Jan 28 15:12:35 daemon kernel: [    0.404997] ACPI: Added _OSI(Linux-Dell-Video)
Jan 28 15:12:35 daemon kernel: [    0.405709] ACPI: Added _OSI(Linux-Lenovo-NV-HDMI-Audio)
Jan 28 15:12:35 daemon kernel: [    0.407802] ACPI: 1 ACPI AML tables successfully acquired and loaded
Jan 28 15:12:35 daemon kernel: [    0.410956] ACPI: Interpreter enabled
Jan 28 15:12:35 daemon kernel: [    0.411432] ACPI: (supports S0 S3 S4 S5)
Jan 28 15:12:35 daemon kernel: [    0.412112] ACPI: Using IOAPIC for interrupt routing
Jan 28 15:12:35 daemon kernel: [    0.413048] PCI: Using host bridge windows from ACPI; if necessary, use "pci=nocrs" and report a bug
Jan 28 15:12:35 daemon kernel: [    0.414696] ACPI: Enabled 1 GPEs in block 00 to 3F
Jan 28 15:12:35 daemon kernel: [    0.417846] ACPI: PCI Root Bridge [PCI0] (domain 0000 [bus 00-ff])
Jan 28 15:12:35 daemon kernel: [    0.418977] acpi PNP0A08:00: _OSC: OS supports [ExtendedConfig ASPM ClockPM Segments MSI]
Jan 28 15:12:35 daemon kernel: [    0.419498] acpi PNP0A08:00: _OSC: platform does not support [LTR]
Jan 28 15:12:35 daemon kernel: [    0.420618] acpi PNP0A08:00: _OSC: OS now controls [PCIeHotplug SHPCHotplug PME AER PCIeCapability]
Jan 28 15:12:35 daemon kernel: [    0.422459] PCI host bridge to bus 0000:00
Jan 28 15:12:35 daemon kernel: [    0.423370] pci_bus 0000:00: root bus resource [io  0x0000-0x0cf7 window]
Jan 28 15:12:35 daemon kernel: [    0.424757] pci_bus 0000:00: root bus resource [io  0x0d00-0xffff window]
Jan 28 15:12:35 daemon kernel: [    0.425948] pci_bus 0000:00: root bus resource [mem 0x000a0000-0x000bffff window]
Jan 28 15:12:35 daemon kernel: [    0.427286] pci_bus 0000:00: root bus resource [mem 0x80000000-0xafffffff window]
Jan 28 15:12:35 daemon kernel: [    0.427371] pci_bus 0000:00: root bus resource [mem 0xc0000000-0xfebfffff window]
Jan 28 15:12:35 daemon kernel: [    0.428994] pci_bus 0000:00: root bus resource [mem 0x100000000-0x8ffffffff window]
Jan 28 15:12:35 daemon kernel: [    0.430388] pci_bus 0000:00: root bus resource [bus 00-ff]
Jan 28 15:12:35 daemon kernel: [    0.431341] pci 0000:00:00.0: [8086:29c0] type 00 class 0x060000
Jan 28 15:12:35 daemon kernel: [    0.431869] pci 0000:00:01.0: [1234:1111] type 00 class 0x030000
Jan 28 15:12:35 daemon kernel: [    0.434929] pci 0000:00:01.0: reg 0x10: [mem 0xfd000000-0xfdffffff pref]
