Jan 25 12:24:16 localhost kernel: [    0.000000] Linux version 4.19.0-18-amd64 (debian-kernel@lists.debian.org) (gcc version 8.3.0 (Debian 8.3.0-6)) #1 SMP Debian 4.19.208-1 (2021-09-29)
Jan 25 12:24:16 localhost kernel: [    0.000000] Command line: BOOT_IMAGE=/boot/vmlinuz-4.19.0-18-amd64 root=/dev/sda ro console=ttyS0,19200n8 net.ifnames=0
Jan 25 12:24:16 localhost kernel: [    0.000000] x86/fpu: Supporting XSAVE feature 0x001: 'x87 floating point registers'
Jan 25 12:24:16 localhost kernel: [    0.000000] x86/fpu: Supporting XSAVE feature 0x002: 'SSE registers'
Jan 25 12:24:16 localhost kernel: [    0.000000] x86/fpu: Supporting XSAVE feature 0x004: 'AVX registers'
Jan 25 12:24:16 localhost kernel: [    0.000000] x86/fpu: xstate_offset[2]:  576, xstate_sizes[2]:  256
Jan 25 12:24:16 localhost kernel: [    0.000000] x86/fpu: Enabled xstate features 0x7, context size is 832 bytes, using 'compacted' format.
Jan 25 12:24:16 localhost kernel: [    0.000000] BIOS-provided physical RAM map:
Jan 25 12:24:16 localhost kernel: [    0.000000] BIOS-e820: [mem 0x0000000000000000-0x000000000009fbff] usable
Jan 25 12:24:16 localhost kernel: [    0.000000] BIOS-e820: [mem 0x000000000009fc00-0x000000000009ffff] reserved
Jan 25 12:24:16 localhost kernel: [    0.000000] BIOS-e820: [mem 0x00000000000f0000-0x00000000000fffff] reserved
Jan 25 12:24:16 localhost kernel: [    0.000000] BIOS-e820: [mem 0x0000000000100000-0x000000007ffdbfff] usable
Jan 25 12:24:16 localhost kernel: [    0.000000] BIOS-e820: [mem 0x000000007ffdc000-0x000000007fffffff] reserved
Jan 25 12:24:16 localhost kernel: [    0.000000] BIOS-e820: [mem 0x00000000b0000000-0x00000000bfffffff] reserved
Jan 25 12:24:16 localhost kernel: [    0.000000] BIOS-e820: [mem 0x00000000fed1c000-0x00000000fed1ffff] reserved
Jan 25 12:24:16 localhost kernel: [    0.000000] BIOS-e820: [mem 0x00000000feffc000-0x00000000feffffff] reserved
Jan 25 12:24:16 localhost kernel: [    0.000000] BIOS-e820: [mem 0x00000000fffc0000-0x00000000ffffffff] reserved
Jan 25 12:24:16 localhost kernel: [    0.000000] NX (Execute Disable) protection: active
Jan 25 12:24:16 localhost kernel: [    0.000000] SMBIOS 2.8 present.
Jan 25 12:24:16 localhost kernel: [    0.000000] DMI: QEMU Standard PC (Q35 + ICH9, 2009), BIOS rel-1.12.1-0-ga5cab58e9a3f-prebuilt.qemu.org 04/01/2014
Jan 25 12:24:16 localhost kernel: [    0.000000] Hypervisor detected: KVM
Jan 25 12:24:16 localhost kernel: [    0.000000] kvm-clock: Using msrs 4b564d01 and 4b564d00
Jan 25 12:24:16 localhost kernel: [    0.000000] kvm-clock: cpu 0, msr 6b5ec001, primary cpu clock
Jan 25 12:24:16 localhost kernel: [    0.000000] kvm-clock: using sched offset of 6714634772 cycles
Jan 25 12:24:16 localhost kernel: [    0.000003] clocksource: kvm-clock: mask: 0xffffffffffffffff max_cycles: 0x1cd42e4dffb, max_idle_ns: 881590591483 ns
Jan 25 12:24:16 localhost kernel: [    0.000005] tsc: Detected 2199.998 MHz processor
Jan 25 12:24:16 localhost kernel: [    0.001622] e820: update [mem 0x00000000-0x00000fff] usable ==> reserved
Jan 25 12:24:16 localhost kernel: [    0.001623] e820: remove [mem 0x000a0000-0x000fffff] usable
Jan 25 12:24:16 localhost kernel: [    0.001628] last_pfn = 0x7ffdc max_arch_pfn = 0x400000000
Jan 25 12:24:16 localhost kernel: [    0.001663] MTRR default type: write-back
Jan 25 12:24:16 localhost kernel: [    0.001664] MTRR fixed ranges enabled:
Jan 25 12:24:16 localhost kernel: [    0.001665]   00000-9FFFF write-back
Jan 25 12:24:16 localhost kernel: [    0.001666]   A0000-BFFFF uncachable
Jan 25 12:24:16 localhost kernel: [    0.001667]   C0000-FFFFF write-protect
Jan 25 12:24:16 localhost kernel: [    0.001668] MTRR variable ranges enabled:
Jan 25 12:24:16 localhost kernel: [    0.001670]   0 base 00C0000000 mask FFC0000000 uncachable
Jan 25 12:24:16 localhost kernel: [    0.001670]   1 disabled
Jan 25 12:24:16 localhost kernel: [    0.001671]   2 disabled
Jan 25 12:24:16 localhost kernel: [    0.001671]   3 disabled
Jan 25 12:24:16 localhost kernel: [    0.001672]   4 disabled
Jan 25 12:24:16 localhost kernel: [    0.001672]   5 disabled
Jan 25 12:24:16 localhost kernel: [    0.001673]   6 disabled
Jan 25 12:24:16 localhost kernel: [    0.001673]   7 disabled
Jan 25 12:24:16 localhost kernel: [    0.001687] x86/PAT: Configuration [0-7]: WB  WC  UC- UC  WB  WP  UC- WT  
Jan 25 12:24:16 localhost kernel: [    0.004544] found SMP MP-table at [mem 0x000f5af0-0x000f5aff]
Jan 25 12:24:16 localhost kernel: [    0.004733] Using GB pages for direct mapping
Jan 25 12:24:16 localhost kernel: [    0.004917] RAMDISK: [mem 0x34f6d000-0x367adfff]
Jan 25 12:24:16 localhost kernel: [    0.004929] ACPI: Early table checksum verification disabled
Jan 25 12:24:16 localhost kernel: [    0.004976] ACPI: RSDP 0x00000000000F5920 000014 (v00 BOCHS )
Jan 25 12:24:16 localhost kernel: [    0.004982] ACPI: RSDT 0x000000007FFE20F4 000034 (v01 BOCHS  BXPCRSDT 00000001 BXPC 00000001)
Jan 25 12:24:16 localhost kernel: [    0.004988] ACPI: FACP 0x000000007FFE1F14 0000F4 (v03 BOCHS  BXPCFACP 00000001 BXPC 00000001)
Jan 25 12:24:16 localhost kernel: [    0.004994] ACPI: DSDT 0x000000007FFE0040 001ED4 (v01 BOCHS  BXPCDSDT 00000001 BXPC 00000001)
Jan 25 12:24:16 localhost kernel: [    0.004998] ACPI: FACS 0x000000007FFE0000 000040
Jan 25 12:24:16 localhost kernel: [    0.005000] ACPI: APIC 0x000000007FFE2008 000078 (v01 BOCHS  BXPCAPIC 00000001 BXPC 00000001)
Jan 25 12:24:16 localhost kernel: [    0.005003] ACPI: HPET 0x000000007FFE2080 000038 (v01 BOCHS  BXPCHPET 00000001 BXPC 00000001)
Jan 25 12:24:16 localhost kernel: [    0.005006] ACPI: MCFG 0x000000007FFE20B8 00003C (v01 BOCHS  BXPCMCFG 00000001 BXPC 00000001)
Jan 25 12:24:16 localhost kernel: [    0.005009] ACPI: Reserving FACP table memory at [mem 0x7ffe1f14-0x7ffe2007]
Jan 25 12:24:16 localhost kernel: [    0.005010] ACPI: Reserving DSDT table memory at [mem 0x7ffe0040-0x7ffe1f13]
Jan 25 12:24:16 localhost kernel: [    0.005011] ACPI: Reserving FACS table memory at [mem 0x7ffe0000-0x7ffe003f]
Jan 25 12:24:16 localhost kernel: [    0.005012] ACPI: Reserving APIC table memory at [mem 0x7ffe2008-0x7ffe207f]
Jan 25 12:24:16 localhost kernel: [    0.005014] ACPI: Reserving HPET table memory at [mem 0x7ffe2080-0x7ffe20b7]
Jan 25 12:24:16 localhost kernel: [    0.005015] ACPI: Reserving MCFG table memory at [mem 0x7ffe20b8-0x7ffe20f3]
Jan 25 12:24:16 localhost kernel: [    0.005044] ACPI: Local APIC address 0xfee00000
Jan 25 12:24:16 localhost kernel: [    0.005434] No NUMA configuration found
Jan 25 12:24:16 localhost kernel: [    0.005436] Faking a node at [mem 0x0000000000000000-0x000000007ffdbfff]
Jan 25 12:24:16 localhost kernel: [    0.005441] NODE_DATA(0) allocated [mem 0x7ffd7000-0x7ffdbfff]
Jan 25 12:24:16 localhost kernel: [    0.005609] Zone ranges:
Jan 25 12:24:16 localhost kernel: [    0.005610]   DMA      [mem 0x0000000000001000-0x0000000000ffffff]
Jan 25 12:24:16 localhost kernel: [    0.005612]   DMA32    [mem 0x0000000001000000-0x000000007ffdbfff]
Jan 25 12:24:16 localhost kernel: [    0.005613]   Normal   empty
Jan 25 12:24:16 localhost kernel: [    0.005614]   Device   empty
Jan 25 12:24:16 localhost kernel: [    0.005615] Movable zone start for each node
Jan 25 12:24:16 localhost kernel: [    0.005616] Early memory node ranges
Jan 25 12:24:16 localhost kernel: [    0.005617]   node   0: [mem 0x0000000000001000-0x000000000009efff]
Jan 25 12:24:16 localhost kernel: [    0.005618]   node   0: [mem 0x0000000000100000-0x000000007ffdbfff]
Jan 25 12:24:16 localhost kernel: [    0.005980] Zeroed struct page in unavailable ranges: 134 pages
Jan 25 12:24:16 localhost kernel: [    0.005981] Initmem setup node 0 [mem 0x0000000000001000-0x000000007ffdbfff]
Jan 25 12:24:16 localhost kernel: [    0.005984] On node 0 totalpages: 524154
Jan 25 12:24:16 localhost kernel: [    0.005985]   DMA zone: 64 pages used for memmap
Jan 25 12:24:16 localhost kernel: [    0.005986]   DMA zone: 21 pages reserved
Jan 25 12:24:16 localhost kernel: [    0.005987]   DMA zone: 3998 pages, LIFO batch:0
Jan 25 12:24:16 localhost kernel: [    0.006077]   DMA32 zone: 8128 pages used for memmap
Jan 25 12:24:16 localhost kernel: [    0.006078]   DMA32 zone: 520156 pages, LIFO batch:63
Jan 25 12:24:16 localhost kernel: [    0.018023] ACPI: PM-Timer IO Port: 0x608
Jan 25 12:24:16 localhost kernel: [    0.018029] ACPI: Local APIC address 0xfee00000
Jan 25 12:24:16 localhost kernel: [    0.018042] ACPI: LAPIC_NMI (acpi_id[0xff] dfl dfl lint[0x1])
Jan 25 12:24:16 localhost kernel: [    0.018085] IOAPIC[0]: apic_id 0, version 17, address 0xfec00000, GSI 0-23
Jan 25 12:24:16 localhost kernel: [    0.018089] ACPI: INT_SRC_OVR (bus 0 bus_irq 0 global_irq 2 dfl dfl)
Jan 25 12:24:16 localhost kernel: [    0.018092] ACPI: INT_SRC_OVR (bus 0 bus_irq 5 global_irq 5 high level)
Jan 25 12:24:16 localhost kernel: [    0.018093] ACPI: INT_SRC_OVR (bus 0 bus_irq 9 global_irq 9 high level)
Jan 25 12:24:16 localhost kernel: [    0.018096] ACPI: INT_SRC_OVR (bus 0 bus_irq 10 global_irq 10 high level)
Jan 25 12:24:16 localhost kernel: [    0.018097] ACPI: INT_SRC_OVR (bus 0 bus_irq 11 global_irq 11 high level)
Jan 25 12:24:16 localhost kernel: [    0.018099] ACPI: IRQ0 used by override.
Jan 25 12:24:16 localhost kernel: [    0.018100] ACPI: IRQ5 used by override.
Jan 25 12:24:16 localhost kernel: [    0.018102] ACPI: IRQ9 used by override.
Jan 25 12:24:16 localhost kernel: [    0.018102] ACPI: IRQ10 used by override.
Jan 25 12:24:16 localhost kernel: [    0.018103] ACPI: IRQ11 used by override.
Jan 25 12:24:16 localhost kernel: [    0.018105] Using ACPI (MADT) for SMP configuration information
Jan 25 12:24:16 localhost kernel: [    0.018107] ACPI: HPET id: 0x8086a201 base: 0xfed00000
Jan 25 12:24:16 localhost kernel: [    0.018113] TSC deadline timer available
Jan 25 12:24:16 localhost kernel: [    0.018119] smpboot: Allowing 1 CPUs, 0 hotplug CPUs
Jan 25 12:24:16 localhost kernel: [    0.018142] PM: Registered nosave memory: [mem 0x00000000-0x00000fff]
Jan 25 12:24:16 localhost kernel: [    0.018144] PM: Registered nosave memory: [mem 0x0009f000-0x0009ffff]
Jan 25 12:24:16 localhost kernel: [    0.018145] PM: Registered nosave memory: [mem 0x000a0000-0x000effff]
Jan 25 12:24:16 localhost kernel: [    0.018146] PM: Registered nosave memory: [mem 0x000f0000-0x000fffff]
Jan 25 12:24:16 localhost kernel: [    0.018148] [mem 0xc0000000-0xfed1bfff] available for PCI devices
Jan 25 12:24:16 localhost kernel: [    0.018149] Booting paravirtualized kernel on KVM
Jan 25 12:24:16 localhost kernel: [    0.018152] clocksource: refined-jiffies: mask: 0xffffffff max_cycles: 0xffffffff, max_idle_ns: 7645519600211568 ns
Jan 25 12:24:16 localhost kernel: [    0.135217] random: get_random_bytes called from start_kernel+0x93/0x52a with crng_init=0
Jan 25 12:24:16 localhost kernel: [    0.135227] setup_percpu: NR_CPUS:512 nr_cpumask_bits:512 nr_cpu_ids:1 nr_node_ids:1
Jan 25 12:24:16 localhost kernel: [    0.135513] percpu: Embedded 45 pages/cpu s144536 r8192 d31592 u2097152
Jan 25 12:24:16 localhost kernel: [    0.135519] pcpu-alloc: s144536 r8192 d31592 u2097152 alloc=1*2097152
Jan 25 12:24:16 localhost kernel: [    0.135520] pcpu-alloc: [0] 0 
Jan 25 12:24:16 localhost kernel: [    0.135541] KVM setup async PF for cpu 0
Jan 25 12:24:16 localhost kernel: [    0.135547] kvm-stealtime: cpu 0, msr 7da161c0
Jan 25 12:24:16 localhost kernel: [    0.135554] Built 1 zonelists, mobility grouping on.  Total pages: 515941
Jan 25 12:24:16 localhost kernel: [    0.135555] Policy zone: DMA32
Jan 25 12:24:16 localhost kernel: [    0.135557] Kernel command line: BOOT_IMAGE=/boot/vmlinuz-4.19.0-18-amd64 root=/dev/sda ro console=ttyS0,19200n8 net.ifnames=0
Jan 25 12:24:16 localhost kernel: [    0.135628] Calgary: detecting Calgary via BIOS EBDA area
Jan 25 12:24:16 localhost kernel: [    0.135629] Calgary: Unable to locate Rio Grande table in EBDA - bailing!
Jan 25 12:24:16 localhost kernel: [    0.140051] Memory: 2013832K/2096616K available (10252K kernel code, 1242K rwdata, 3332K rodata, 1596K init, 2260K bss, 82784K reserved, 0K cma-reserved)
Jan 25 12:24:16 localhost kernel: [    0.140447] SLUB: HWalign=64, Order=0-3, MinObjects=0, CPUs=1, Nodes=1
Jan 25 12:24:16 localhost kernel: [    0.140454] ftrace: allocating 32002 entries in 126 pages
Jan 25 12:24:16 localhost kernel: [    0.153326] rcu: Hierarchical RCU implementation.
Jan 25 12:24:16 localhost kernel: [    0.153330] rcu: 	RCU restricting CPUs from NR_CPUS=512 to nr_cpu_ids=1.
Jan 25 12:24:16 localhost kernel: [    0.153331] rcu: Adjusting geometry for rcu_fanout_leaf=16, nr_cpu_ids=1
Jan 25 12:24:16 localhost kernel: [    0.155991] NR_IRQS: 33024, nr_irqs: 256, preallocated irqs: 16
Jan 25 12:24:16 localhost kernel: [    0.172777] Console: colour VGA+ 80x25
Jan 25 12:24:16 localhost kernel: [    0.261968] console [ttyS0] enabled
Jan 25 12:24:16 localhost kernel: [    0.262531] ACPI: Core revision 20180810
Jan 25 12:24:16 localhost kernel: [    0.263397] clocksource: hpet: mask: 0xffffffff max_cycles: 0xffffffff, max_idle_ns: 19112604467 ns
Jan 25 12:24:16 localhost kernel: [    0.264795] hpet clockevent registered
Jan 25 12:24:16 localhost kernel: [    0.264822] APIC: Switch to symmetric I/O mode setup
Jan 25 12:24:16 localhost kernel: [    0.265778] x2apic enabled
Jan 25 12:24:16 localhost kernel: [    0.266392] Switched APIC routing to physical x2apic.
Jan 25 12:24:16 localhost kernel: [    0.267157] KVM setup pv IPIs
Jan 25 12:24:16 localhost kernel: [    0.269748] ..TIMER: vector=0x30 apic1=0 pin1=2 apic2=-1 pin2=-1
Jan 25 12:24:16 localhost kernel: [    0.270723] clocksource: tsc-early: mask: 0xffffffffffffffff max_cycles: 0x1fb63109b96, max_idle_ns: 440795265316 ns
Jan 25 12:24:16 localhost kernel: [    0.272251] Calibrating delay loop (skipped) preset value.. 4399.99 BogoMIPS (lpj=8799992)
Jan 25 12:24:16 localhost kernel: [    0.276246] pid_max: default: 32768 minimum: 301
Jan 25 12:24:16 localhost kernel: [    0.276991] Security Framework initialized
Jan 25 12:24:16 localhost kernel: [    0.277632] Yama: disabled by default; enable with sysctl kernel.yama.*
Jan 25 12:24:16 localhost kernel: [    0.278604] AppArmor: AppArmor initialized
Jan 25 12:24:16 localhost kernel: [    0.280340] Dentry cache hash table entries: 262144 (order: 9, 2097152 bytes)
Jan 25 12:24:16 localhost kernel: [    0.281644] Inode-cache hash table entries: 131072 (order: 8, 1048576 bytes)
Jan 25 12:24:16 localhost kernel: [    0.282667] Mount-cache hash table entries: 4096 (order: 3, 32768 bytes)
Jan 25 12:24:16 localhost kernel: [    0.283665] Mountpoint-cache hash table entries: 4096 (order: 3, 32768 bytes)
Jan 25 12:24:16 localhost kernel: [    0.284552] Last level iTLB entries: 4KB 512, 2MB 255, 4MB 127
Jan 25 12:24:16 localhost kernel: [    0.285466] Last level dTLB entries: 4KB 512, 2MB 255, 4MB 127, 1GB 0
Jan 25 12:24:16 localhost kernel: [    0.286403] Spectre V1 : Mitigation: usercopy/swapgs barriers and __user pointer sanitization
Jan 25 12:24:16 localhost kernel: [    0.287620] Spectre V2 : Mitigation: Full AMD retpoline
Jan 25 12:24:16 localhost kernel: [    0.288244] Spectre V2 : Spectre v2 / SpectreRSB mitigation: Filling RSB on context switch
Jan 25 12:24:16 localhost kernel: [    0.289499] Spectre V2 : mitigation: Enabling conditional Indirect Branch Prediction Barrier
Jan 25 12:24:16 localhost kernel: [    0.290701] Speculative Store Bypass: Mitigation: Speculative Store Bypass disabled via prctl and seccomp
Jan 25 12:24:16 localhost kernel: [    0.296725] Freeing SMP alternatives memory: 24K
Jan 25 12:24:16 localhost kernel: [    0.299149] smpboot: CPU0: AMD EPYC 7601 32-Core Processor (family: 0x17, model: 0x1, stepping: 0x2)
Jan 25 12:24:16 localhost kernel: [    0.300241] Performance Events: Fam17h core perfctr, AMD PMU driver.
Jan 25 12:24:16 localhost kernel: [    0.300241] ... version:                0
Jan 25 12:24:16 localhost kernel: [    0.300241] ... bit width:              48
Jan 25 12:24:16 localhost kernel: [    0.300241] ... generic registers:      6
Jan 25 12:24:16 localhost kernel: [    0.300249] ... value mask:             0000ffffffffffff
Jan 25 12:24:16 localhost kernel: [    0.301095] ... max period:             00007fffffffffff
Jan 25 12:24:16 localhost kernel: [    0.301929] ... fixed-purpose events:   0
Jan 25 12:24:16 localhost kernel: [    0.302538] ... event mask:             000000000000003f
Jan 25 12:24:16 localhost kernel: [    0.303417] rcu: Hierarchical SRCU implementation.
Jan 25 12:24:16 localhost kernel: [    0.304547] random: crng done (trusting CPU's manufacturer)
Jan 25 12:24:16 localhost kernel: [    0.305453] smp: Bringing up secondary CPUs ...
Jan 25 12:24:16 localhost kernel: [    0.306146] smp: Brought up 1 node, 1 CPU
Jan 25 12:24:16 localhost kernel: [    0.306818] smpboot: Max logical packages: 1
Jan 25 12:24:16 localhost kernel: [    0.307462] smpboot: Total of 1 processors activated (4399.99 BogoMIPS)
Jan 25 12:24:16 localhost kernel: [    0.308469] devtmpfs: initialized
Jan 25 12:24:16 localhost kernel: [    0.309037] x86/mm: Memory block size: 128MB
Jan 25 12:24:16 localhost kernel: [    0.309975] clocksource: jiffies: mask: 0xffffffff max_cycles: 0xffffffff, max_idle_ns: 7645041785100000 ns
Jan 25 12:24:16 localhost kernel: [    0.311473] futex hash table entries: 256 (order: 2, 16384 bytes)
Jan 25 12:24:16 localhost kernel: [    0.312294] pinctrl core: initialized pinctrl subsystem
Jan 25 12:24:16 localhost kernel: [    0.313255] NET: Registered protocol family 16
Jan 25 12:24:16 localhost kernel: [    0.314010] audit: initializing netlink subsys (disabled)
Jan 25 12:24:16 localhost kernel: [    0.314911] cpuidle: using governor ladder
Jan 25 12:24:16 localhost kernel: [    0.315513] cpuidle: using governor menu
Jan 25 12:24:16 localhost kernel: [    0.316614] KVM setup pv remote TLB flush
Jan 25 12:24:16 localhost kernel: [    0.317200] ACPI: bus type PCI registered
Jan 25 12:24:16 localhost kernel: [    0.317784] acpiphp: ACPI Hot Plug PCI Controller Driver version: 0.5
Jan 25 12:24:16 localhost kernel: [    0.318825] PCI: MMCONFIG for domain 0000 [bus 00-ff] at [mem 0xb0000000-0xbfffffff] (base 0xb0000000)
Jan 25 12:24:16 localhost kernel: [    0.320229] PCI: MMCONFIG at [mem 0xb0000000-0xbfffffff] reserved in E820
Jan 25 12:24:16 localhost kernel: [    0.320256] audit: type=2000 audit(1643113452.498:1): state=initialized audit_enabled=0 res=1
Jan 25 12:24:16 localhost kernel: [    0.321576] PCI: Using configuration type 1 for base access
Jan 25 12:24:16 localhost kernel: [    0.323204] HugeTLB registered 1.00 GiB page size, pre-allocated 0 pages
Jan 25 12:24:16 localhost kernel: [    0.324251] HugeTLB registered 2.00 MiB page size, pre-allocated 0 pages
Jan 25 12:24:16 localhost kernel: [    0.325444] ACPI: Added _OSI(Module Device)
Jan 25 12:24:16 localhost kernel: [    0.326058] ACPI: Added _OSI(Processor Device)
Jan 25 12:24:16 localhost kernel: [    0.326693] ACPI: Added _OSI(3.0 _SCP Extensions)
Jan 25 12:24:16 localhost kernel: [    0.327397] ACPI: Added _OSI(Processor Aggregator Device)
Jan 25 12:24:16 localhost kernel: [    0.328175] ACPI: Added _OSI(Linux-Dell-Video)
Jan 25 12:24:16 localhost kernel: [    0.328256] ACPI: Added _OSI(Linux-Lenovo-NV-HDMI-Audio)
Jan 25 12:24:16 localhost kernel: [    0.330039] ACPI: 1 ACPI AML tables successfully acquired and loaded
Jan 25 12:24:16 localhost kernel: [    0.332448] ACPI: Interpreter enabled
Jan 25 12:24:16 localhost kernel: [    0.333040] ACPI: (supports S0 S3 S4 S5)
Jan 25 12:24:16 localhost kernel: [    0.333638] ACPI: Using IOAPIC for interrupt routing
Jan 25 12:24:16 localhost kernel: [    0.334469] PCI: Using host bridge windows from ACPI; if necessary, use "pci=nocrs" and report a bug
Jan 25 12:24:16 localhost kernel: [    0.335942] ACPI: Enabled 1 GPEs in block 00 to 3F
Jan 25 12:24:16 localhost kernel: [    0.338043] ACPI: PCI Root Bridge [PCI0] (domain 0000 [bus 00-ff])
Jan 25 12:24:16 localhost kernel: [    0.339003] acpi PNP0A08:00: _OSC: OS supports [ExtendedConfig ASPM ClockPM Segments MSI]
Jan 25 12:24:16 localhost kernel: [    0.340296] acpi PNP0A08:00: _OSC: platform does not support [LTR]
Jan 25 12:24:16 localhost kernel: [    0.341307] acpi PNP0A08:00: _OSC: OS now controls [PCIeHotplug SHPCHotplug PME AER PCIeCapability]
Jan 25 12:24:16 localhost kernel: [    0.342811] PCI host bridge to bus 0000:00
Jan 25 12:24:16 localhost kernel: [    0.343454] pci_bus 0000:00: root bus resource [io  0x0000-0x0cf7 window]
Jan 25 12:24:16 localhost kernel: [    0.344248] pci_bus 0000:00: root bus resource [io  0x0d00-0xffff window]
Jan 25 12:24:16 localhost kernel: [    0.345267] pci_bus 0000:00: root bus resource [mem 0x000a0000-0x000bffff window]
Jan 25 12:24:16 localhost kernel: [    0.346377] pci_bus 0000:00: root bus resource [mem 0x80000000-0xafffffff window]
Jan 25 12:24:16 localhost kernel: [    0.347446] pci_bus 0000:00: root bus resource [mem 0xc0000000-0xfebfffff window]
Jan 25 12:24:16 localhost kernel: [    0.348264] pci_bus 0000:00: root bus resource [mem 0x100000000-0x8ffffffff window]
Jan 25 12:24:16 localhost kernel: [    0.349473] pci_bus 0000:00: root bus resource [bus 00-ff]
Jan 25 12:24:16 localhost kernel: [    0.350345] pci 0000:00:00.0: [8086:29c0] type 00 class 0x060000
Jan 25 12:24:16 localhost kernel: [    0.350745] pci 0000:00:01.0: [1234:1111] type 00 class 0x030000
Jan 25 12:24:16 localhost kernel: [    0.352945] pci 0000:00:01.0: reg 0x10: [mem 0xfd000000-0xfdffffff pref]
Jan 25 12:24:16 localhost kernel: [    0.355576] pci 0000:00:01.0: reg 0x18: [mem 0xfebd0000-0xfebd0fff]
Jan 25 12:24:16 localhost kernel: [    0.360932] pci 0000:00:01.0: reg 0x30: [mem 0xfebc0000-0xfebcffff pref]
Jan 25 12:24:16 localhost kernel: [    0.361915] pci 0000:00:02.0: [1af4:1004] type 00 class 0x010000
Jan 25 12:24:16 localhost kernel: [    0.364038] pci 0000:00:02.0: reg 0x10: [io  0xc000-0xc03f]
Jan 25 12:24:16 localhost kernel: [    0.365198] pci 0000:00:02.0: reg 0x14: [mem 0xfebd1000-0xfebd1fff]
Jan 25 12:24:16 localhost kernel: [    0.370176] pci 0000:00:02.0: reg 0x20: [mem 0xfe000000-0xfe003fff 64bit pref]
Jan 25 12:24:16 localhost kernel: [    0.372784] pci 0000:00:03.0: [1af4:1004] type 00 class 0x010000
Jan 25 12:24:16 localhost kernel: [    0.374662] pci 0000:00:03.0: reg 0x10: [io  0xc040-0xc07f]
Jan 25 12:24:16 localhost kernel: [    0.376252] pci 0000:00:03.0: reg 0x14: [mem 0xfebd2000-0xfebd2fff]
Jan 25 12:24:16 localhost kernel: [    0.381271] pci 0000:00:03.0: reg 0x20: [mem 0xfe004000-0xfe007fff 64bit pref]
Jan 25 12:24:16 localhost kernel: [    0.384554] pci 0000:00:04.0: [1af4:1000] type 00 class 0x020000
Jan 25 12:24:16 localhost kernel: [    0.386211] pci 0000:00:04.0: reg 0x10: [io  0xc080-0xc0bf]
Jan 25 12:24:16 localhost kernel: [    0.387676] pci 0000:00:04.0: reg 0x14: [mem 0xfebd3000-0xfebd3fff]
Jan 25 12:24:16 localhost kernel: [    0.392200] pci 0000:00:04.0: reg 0x20: [mem 0xfe008000-0xfe00bfff 64bit pref]
Jan 25 12:24:16 localhost kernel: [    0.394036] pci 0000:00:04.0: reg 0x30: [mem 0xfeb80000-0xfebbffff pref]
Jan 25 12:24:16 localhost kernel: [    0.394676] pci 0000:00:1f.0: [8086:2918] type 00 class 0x060100
Jan 25 12:24:16 localhost kernel: [    0.395072] pci 0000:00:1f.0: quirk: [io  0x0600-0x067f] claimed by ICH6 ACPI/GPIO/TCO
Jan 25 12:24:16 localhost kernel: [    0.396447] pci 0000:00:1f.2: [8086:2922] type 00 class 0x010601
Jan 25 12:24:16 localhost kernel: [    0.401315] pci 0000:00:1f.2: reg 0x20: [io  0xc100-0xc11f]
Jan 25 12:24:16 localhost kernel: [    0.402417] pci 0000:00:1f.2: reg 0x24: [mem 0xfebd4000-0xfebd4fff]
Jan 25 12:24:16 localhost kernel: [    0.404552] pci 0000:00:1f.3: [8086:2930] type 00 class 0x0c0500
Jan 25 12:24:16 localhost kernel: [    0.407344] pci 0000:00:1f.3: reg 0x20: [io  0x0700-0x073f]
Jan 25 12:24:16 localhost kernel: [    0.409023] ACPI: PCI Interrupt Link [LNKA] (IRQs 5 *10 11)
Jan 25 12:24:16 localhost kernel: [    0.409970] ACPI: PCI Interrupt Link [LNKB] (IRQs 5 *10 11)
Jan 25 12:24:16 localhost kernel: [    0.410910] ACPI: PCI Interrupt Link [LNKC] (IRQs 5 10 *11)
Jan 25 12:24:16 localhost kernel: [    0.411836] ACPI: PCI Interrupt Link [LNKD] (IRQs 5 10 *11)
Jan 25 12:24:16 localhost kernel: [    0.412322] ACPI: PCI Interrupt Link [LNKE] (IRQs 5 *10 11)
Jan 25 12:24:16 localhost kernel: [    0.413571] ACPI: PCI Interrupt Link [LNKF] (IRQs 5 *10 11)
Jan 25 12:24:16 localhost kernel: [    0.414476] ACPI: PCI Interrupt Link [LNKG] (IRQs 5 10 *11)
Jan 25 12:24:16 localhost kernel: [    0.415390] ACPI: PCI Interrupt Link [LNKH] (IRQs 5 10 *11)
Jan 25 12:24:16 localhost kernel: [    0.416279] ACPI: PCI Interrupt Link [GSIA] (IRQs *16)
Jan 25 12:24:16 localhost kernel: [    0.417049] ACPI: PCI Interrupt Link [GSIB] (IRQs *17)
Jan 25 12:24:16 localhost kernel: [    0.417796] ACPI: PCI Interrupt Link [GSIC] (IRQs *18)
Jan 25 12:24:16 localhost kernel: [    0.418519] ACPI: PCI Interrupt Link [GSID] (IRQs *19)
Jan 25 12:24:16 localhost kernel: [    0.419240] ACPI: PCI Interrupt Link [GSIE] (IRQs *20)
Jan 25 12:24:16 localhost kernel: [    0.419962] ACPI: PCI Interrupt Link [GSIF] (IRQs *21)
Jan 25 12:24:16 localhost kernel: [    0.420256] ACPI: PCI Interrupt Link [GSIG] (IRQs *22)
Jan 25 12:24:16 localhost kernel: [    0.421031] ACPI: PCI Interrupt Link [GSIH] (IRQs *23)
Jan 25 12:24:16 localhost kernel: [    0.421964] pci 0000:00:01.0: vgaarb: setting as boot VGA device
Jan 25 12:24:16 localhost kernel: [    0.422868] pci 0000:00:01.0: vgaarb: VGA device added: decodes=io+mem,owns=io+mem,locks=none
Jan 25 12:24:16 localhost kernel: [    0.424160] pci 0000:00:01.0: vgaarb: bridge control possible
Jan 25 12:24:16 localhost kernel: [    0.424247] vgaarb: loaded
Jan 25 12:24:16 localhost kernel: [    0.424698] pps_core: LinuxPPS API ver. 1 registered
Jan 25 12:24:16 localhost kernel: [    0.425417] pps_core: Software ver. 5.3.6 - Copyright 2005-2007 Rodolfo Giometti <giometti@linux.it>
Jan 25 12:24:16 localhost kernel: [    0.426683] PTP clock support registered
Jan 25 12:24:16 localhost kernel: [    0.427261] EDAC MC: Ver: 3.0.0
Jan 25 12:24:16 localhost kernel: [    0.427884] PCI: Using ACPI for IRQ routing
Jan 25 12:24:16 localhost kernel: [    0.473790] PCI: pci_cache_line_size set to 64 bytes
Jan 25 12:24:16 localhost kernel: [    0.473911] e820: reserve RAM buffer [mem 0x0009fc00-0x0009ffff]
Jan 25 12:24:16 localhost kernel: [    0.473913] e820: reserve RAM buffer [mem 0x7ffdc000-0x7fffffff]
Jan 25 12:24:16 localhost kernel: [    0.474144] hpet0: at MMIO 0xfed00000, IRQs 2, 8, 0
Jan 25 12:24:16 localhost kernel: [    0.474891] hpet0: 3 comparators, 64-bit 100.000000 MHz counter
Jan 25 12:24:16 localhost kernel: [    0.478323] clocksource: Switched to clocksource kvm-clock
Jan 25 12:24:16 localhost kernel: [    0.486525] VFS: Disk quotas dquot_6.6.0
Jan 25 12:24:16 localhost kernel: [    0.487154] VFS: Dquot-cache hash table entries: 512 (order 0, 4096 bytes)
Jan 25 12:24:16 localhost kernel: [    0.488340] AppArmor: AppArmor Filesystem Enabled
Jan 25 12:24:16 localhost kernel: [    0.489082] pnp: PnP ACPI init
Jan 25 12:24:16 localhost kernel: [    0.489605] pnp 00:00: Plug and Play ACPI device, IDs PNP0b00 (active)
Jan 25 12:24:16 localhost kernel: [    0.489635] pnp 00:01: Plug and Play ACPI device, IDs PNP0303 (active)
Jan 25 12:24:16 localhost kernel: [    0.489657] pnp 00:02: Plug and Play ACPI device, IDs PNP0f13 (active)
Jan 25 12:24:16 localhost kernel: [    0.489755] pnp 00:03: Plug and Play ACPI device, IDs PNP0501 (active)
Jan 25 12:24:16 localhost kernel: [    0.489983] pnp: PnP ACPI: found 4 devices
Jan 25 12:24:16 localhost kernel: [    0.496186] clocksource: acpi_pm: mask: 0xffffff max_cycles: 0xffffff, max_idle_ns: 2085701024 ns
Jan 25 12:24:16 localhost kernel: [    0.497527] pci_bus 0000:00: resource 4 [io  0x0000-0x0cf7 window]
Jan 25 12:24:16 localhost kernel: [    0.497529] pci_bus 0000:00: resource 5 [io  0x0d00-0xffff window]
Jan 25 12:24:16 localhost kernel: [    0.497530] pci_bus 0000:00: resource 6 [mem 0x000a0000-0x000bffff window]
Jan 25 12:24:16 localhost kernel: [    0.497531] pci_bus 0000:00: resource 7 [mem 0x80000000-0xafffffff window]
Jan 25 12:24:16 localhost kernel: [    0.497532] pci_bus 0000:00: resource 8 [mem 0xc0000000-0xfebfffff window]
Jan 25 12:24:16 localhost kernel: [    0.497533] pci_bus 0000:00: resource 9 [mem 0x100000000-0x8ffffffff window]
Jan 25 12:24:16 localhost kernel: [    0.497579] NET: Registered protocol family 2
Jan 25 12:24:16 localhost kernel: [    0.498306] IP idents hash table entries: 32768 (order: 6, 262144 bytes)
Jan 25 12:24:16 localhost kernel: [    0.499650] tcp_listen_portaddr_hash hash table entries: 1024 (order: 2, 16384 bytes)
Jan 25 12:24:16 localhost kernel: [    0.500847] TCP established hash table entries: 16384 (order: 5, 131072 bytes)
Jan 25 12:24:16 localhost kernel: [    0.501957] TCP bind hash table entries: 16384 (order: 6, 262144 bytes)
Jan 25 12:24:16 localhost kernel: [    0.503014] TCP: Hash tables configured (established 16384 bind 16384)
Jan 25 12:24:16 localhost kernel: [    0.503970] UDP hash table entries: 1024 (order: 3, 32768 bytes)
Jan 25 12:24:16 localhost kernel: [    0.504920] UDP-Lite hash table entries: 1024 (order: 3, 32768 bytes)
Jan 25 12:24:16 localhost kernel: [    0.505942] NET: Registered protocol family 1
Jan 25 12:24:16 localhost kernel: [    0.506607] NET: Registered protocol family 44
Jan 25 12:24:16 localhost kernel: [    0.507295] pci 0000:00:01.0: Video device with shadowed ROM at [mem 0x000c0000-0x000dffff]
Jan 25 12:24:16 localhost kernel: [    0.508589] PCI: CLS 0 bytes, default 64
Jan 25 12:24:16 localhost kernel: [    0.508632] Unpacking initramfs...
Jan 25 12:24:16 localhost kernel: [    0.938958] Freeing initrd memory: 24836K
Jan 25 12:24:16 localhost kernel: [    0.939699] clocksource: tsc: mask: 0xffffffffffffffff max_cycles: 0x1fb63109b96, max_idle_ns: 440795265316 ns
Jan 25 12:24:16 localhost kernel: [    0.941663] Initialise system trusted keyrings
Jan 25 12:24:16 localhost kernel: [    0.942316] Key type blacklist registered
Jan 25 12:24:16 localhost kernel: [    0.942923] workingset: timestamp_bits=40 max_order=19 bucket_order=0
Jan 25 12:24:16 localhost kernel: [    0.944903] zbud: loaded
Jan 25 12:24:16 localhost kernel: [    1.075688] Key type asymmetric registered
Jan 25 12:24:16 localhost kernel: [    1.076346] Asymmetric key parser 'x509' registered
Jan 25 12:24:16 localhost kernel: [    1.077057] Block layer SCSI generic (bsg) driver version 0.4 loaded (major 247)
Jan 25 12:24:16 localhost kernel: [    1.078220] io scheduler noop registered
Jan 25 12:24:16 localhost kernel: [    1.078791] io scheduler deadline registered
Jan 25 12:24:16 localhost kernel: [    1.079466] io scheduler cfq registered (default)
Jan 25 12:24:16 localhost kernel: [    1.080151] io scheduler mq-deadline registered
Jan 25 12:24:16 localhost kernel: [    1.080916] shpchp: Standard Hot Plug PCI Controller Driver version: 0.4
Jan 25 12:24:16 localhost kernel: [    1.082004] Serial: 8250/16550 driver, 4 ports, IRQ sharing enabled
Jan 25 12:24:16 localhost kernel: [    1.106672] 00:03: ttyS0 at I/O 0x3f8 (irq = 4, base_baud = 115200) is a 16550A
Jan 25 12:24:16 localhost kernel: [    1.108151] Linux agpgart interface v0.103
Jan 25 12:24:16 localhost kernel: [    1.108826] AMD IOMMUv2 driver by Joerg Roedel <jroedel@suse.de>
Jan 25 12:24:16 localhost kernel: [    1.109688] AMD IOMMUv2 functionality not available on this system
Jan 25 12:24:16 localhost kernel: [    1.110700] i8042: PNP: PS/2 Controller [PNP0303:KBD,PNP0f13:MOU] at 0x60,0x64 irq 1,12
Jan 25 12:24:16 localhost kernel: [    1.112543] serio: i8042 KBD port at 0x60,0x64 irq 1
Jan 25 12:24:16 localhost kernel: [    1.113258] serio: i8042 AUX port at 0x60,0x64 irq 12
Jan 25 12:24:16 localhost kernel: [    1.114082] mousedev: PS/2 mouse device common for all mice
Jan 25 12:24:16 localhost kernel: [    1.115138] input: AT Translated Set 2 keyboard as /devices/platform/i8042/serio0/input/input0
Jan 25 12:24:16 localhost kernel: [    1.116629] rtc_cmos 00:00: RTC can wake from S4
Jan 25 12:24:16 localhost kernel: [    1.117746] rtc_cmos 00:00: registered as rtc0
Jan 25 12:24:16 localhost kernel: [    1.118429] rtc_cmos 00:00: alarms up to one day, y3k, 114 bytes nvram, hpet irqs
Jan 25 12:24:16 localhost kernel: [    1.119497] ledtrig-cpu: registered to indicate activity on CPUs
Jan 25 12:24:16 localhost kernel: [    1.120602] NET: Registered protocol family 10
Jan 25 12:24:16 localhost kernel: [    1.126379] Segment Routing with IPv6
Jan 25 12:24:16 localhost kernel: [    1.126964] mip6: Mobile IPv6
Jan 25 12:24:16 localhost kernel: [    1.127407] NET: Registered protocol family 17
Jan 25 12:24:16 localhost kernel: [    1.128080] mpls_gso: MPLS GSO support
Jan 25 12:24:16 localhost kernel: [    1.128791] mce: Using 10 MCE banks
Jan 25 12:24:16 localhost kernel: [    1.129317] sched_clock: Marking stable (1016609945, 112097686)->(1142339459, -13631828)
Jan 25 12:24:16 localhost kernel: [    1.130557] registered taskstats version 1
Jan 25 12:24:16 localhost kernel: [    1.131139] Loading compiled-in X.509 certificates
Jan 25 12:24:16 localhost kernel: [    1.161907] Loaded X.509 cert 'Debian Secure Boot CA: 6ccece7e4c6c0d1f6149f3dd27dfcc5cbb419ea1'
Jan 25 12:24:16 localhost kernel: [    1.163189] Loaded X.509 cert 'Debian Secure Boot Signer 2021 - linux: 4b6ef5abca669825178e052c84667ccbc0531f8c'
Jan 25 12:24:16 localhost kernel: [    1.164718] zswap: loaded using pool lzo/zbud
Jan 25 12:24:16 localhost kernel: [    1.165389] AppArmor: AppArmor sha1 policy hashing enabled
Jan 25 12:24:16 localhost kernel: [    1.166494] rtc_cmos 00:00: setting system clock to 2022-01-25 12:24:12 UTC (1643113452)
Jan 25 12:24:16 localhost kernel: [    1.169453] Freeing unused kernel image memory: 1596K
Jan 25 12:24:16 localhost kernel: [    1.180274] Write protecting the kernel read-only data: 16384k
Jan 25 12:24:16 localhost kernel: [    1.181543] Freeing unused kernel image memory: 2028K
Jan 25 12:24:16 localhost kernel: [    1.182377] Freeing unused kernel image memory: 764K
Jan 25 12:24:16 localhost kernel: [    1.191712] x86/mm: Checked W+X mappings: passed, no W+X pages found.
Jan 25 12:24:16 localhost kernel: [    1.192650] Run /init as init process
Jan 25 12:24:16 localhost kernel: [    1.255364] PCI Interrupt Link [GSIG] enabled at IRQ 22
Jan 25 12:24:16 localhost kernel: [    1.259692] lpc_ich 0000:00:1f.0: I/O space for GPIO uninitialized
Jan 25 12:24:16 localhost kernel: [    1.268600] PCI Interrupt Link [GSIA] enabled at IRQ 16
Jan 25 12:24:16 localhost kernel: [    1.269462] i801_smbus 0000:00:1f.3: SMBus using PCI interrupt
Jan 25 12:24:16 localhost kernel: [    1.281437] cryptd: max_cpu_qlen set to 1000
Jan 25 12:24:16 localhost kernel: [    1.289491] PCI Interrupt Link [GSIH] enabled at IRQ 23
Jan 25 12:24:16 localhost kernel: [    1.295329] SCSI subsystem initialized
Jan 25 12:24:16 localhost kernel: [    1.306276] input: VirtualPS/2 VMware VMMouse as /devices/platform/i8042/serio1/input/input3
Jan 25 12:24:16 localhost kernel: [    1.307763] input: VirtualPS/2 VMware VMMouse as /devices/platform/i8042/serio1/input/input2
Jan 25 12:24:16 localhost kernel: [    1.317811] PCI Interrupt Link [GSIE] enabled at IRQ 20
Jan 25 12:24:16 localhost kernel: [    1.322979] AVX2 version of gcm_enc/dec engaged.
Jan 25 12:24:16 localhost kernel: [    1.323710] AES CTR mode by8 optimization enabled
Jan 25 12:24:16 localhost kernel: [    1.347481] scsi host0: Virtio SCSI HBA
Jan 25 12:24:16 localhost kernel: [    1.349275] scsi 0:0:0:0: Direct-Access     QEMU     QEMU HARDDISK    2.5+ PQ: 0 ANSI: 5
Jan 25 12:24:16 localhost kernel: [    1.352311] libata version 3.00 loaded.
Jan 25 12:24:16 localhost kernel: [    1.355951] scsi host1: Virtio SCSI HBA
Jan 25 12:24:16 localhost kernel: [    1.359334] scsi 1:0:1:2: Direct-Access     QEMU     QEMU HARDDISK    2.5+ PQ: 0 ANSI: 5
Jan 25 12:24:16 localhost kernel: [    1.366582] ahci 0000:00:1f.2: version 3.0
Jan 25 12:24:16 localhost kernel: [    1.367550] ahci 0000:00:1f.2: AHCI 0001.0000 32 slots 6 ports 1.5 Gbps 0x3f impl SATA mode
Jan 25 12:24:16 localhost kernel: [    1.368915] ahci 0000:00:1f.2: flags: 64bit ncq only 
Jan 25 12:24:16 localhost kernel: [    1.390855] scsi host2: ahci
Jan 25 12:24:16 localhost kernel: [    1.398937] scsi host3: ahci
Jan 25 12:24:16 localhost kernel: [    1.403104] scsi host4: ahci
Jan 25 12:24:16 localhost kernel: [    1.412335] scsi host5: ahci
Jan 25 12:24:16 localhost kernel: [    1.416664] scsi host6: ahci
Jan 25 12:24:16 localhost kernel: [    1.421721] scsi host7: ahci
Jan 25 12:24:16 localhost kernel: [    1.422289] ata1: SATA max UDMA/133 abar m4096@0xfebd4000 port 0xfebd4100 irq 32
Jan 25 12:24:16 localhost kernel: [    1.423412] ata2: SATA max UDMA/133 abar m4096@0xfebd4000 port 0xfebd4180 irq 32
Jan 25 12:24:16 localhost kernel: [    1.424596] ata3: SATA max UDMA/133 abar m4096@0xfebd4000 port 0xfebd4200 irq 32
Jan 25 12:24:16 localhost kernel: [    1.425720] ata4: SATA max UDMA/133 abar m4096@0xfebd4000 port 0xfebd4280 irq 32
Jan 25 12:24:16 localhost kernel: [    1.426848] ata5: SATA max UDMA/133 abar m4096@0xfebd4000 port 0xfebd4300 irq 32
Jan 25 12:24:16 localhost kernel: [    1.427984] ata6: SATA max UDMA/133 abar m4096@0xfebd4000 port 0xfebd4380 irq 32
Jan 25 12:24:16 localhost kernel: [    1.469202] sd 0:0:0:0: Power-on or device reset occurred
Jan 25 12:24:16 localhost kernel: [    1.470252] sd 1:0:1:2: Power-on or device reset occurred
Jan 25 12:24:16 localhost kernel: [    1.471234] sd 0:0:0:0: [sda] 103809024 512-byte logical blocks: (53.2 GB/49.5 GiB)
Jan 25 12:24:16 localhost kernel: [    1.472518] sd 1:0:1:2: [sdb] 1048576 512-byte logical blocks: (537 MB/512 MiB)
Jan 25 12:24:16 localhost kernel: [    1.473679] sd 1:0:1:2: [sdb] Write Protect is off
Jan 25 12:24:16 localhost kernel: [    1.474382] sd 1:0:1:2: [sdb] Mode Sense: 63 00 00 08
Jan 25 12:24:16 localhost kernel: [    1.474727] sd 1:0:1:2: [sdb] Write cache: enabled, read cache: enabled, doesn't support DPO or FUA
Jan 25 12:24:16 localhost systemd[1]: Started Remount Root and Kernel File Systems.
Jan 25 12:24:16 localhost systemd-fsck[235]: linode-root: clean, 35099/3041280 files, 422642/12976128 blocks
Jan 25 12:24:16 localhost systemd[1]: Condition check resulted in Rebuild Hardware Database being skipped.
Jan 25 12:24:16 localhost systemd[1]: Starting Load/Save Random Seed...
Jan 25 12:24:16 localhost systemd[1]: Starting Flush Journal to Persistent Storage...
Jan 25 12:24:16 localhost systemd[1]: Starting Create System Users...
Jan 25 12:24:16 localhost systemd[1]: Starting Initial cloud-init job (pre-networking)...
Jan 25 12:24:16 localhost systemd[1]: Started udev Coldplug all Devices.
Jan 25 12:24:16 localhost systemd[1]: Started Load/Save Random Seed.
Jan 25 12:24:16 localhost systemd-sysusers[256]: Creating group systemd-coredump with gid 999.
Jan 25 12:24:16 localhost systemd-sysusers[256]: Creating user systemd-coredump (systemd Core Dumper) with uid 999 and gid 999.
Jan 25 12:24:16 localhost systemd[1]: Starting Helper to synchronize boot up for ifupdown...
Jan 25 12:24:16 localhost systemd[1]: Started Flush Journal to Persistent Storage.
Jan 25 12:24:16 localhost systemd[1]: Started Create System Users.
Jan 25 12:24:16 localhost systemd[1]: Starting Create Static Device Nodes in /dev...
Jan 25 12:24:16 localhost systemd[1]: Started Create Static Device Nodes in /dev.
Jan 25 12:24:16 localhost systemd[1]: Starting udev Kernel Device Manager...
Jan 25 12:24:16 localhost systemd[1]: Started Set the console keyboard layout.
Jan 25 12:24:16 localhost systemd[1]: Reached target Local File Systems (Pre).
Jan 25 12:24:16 localhost systemd[1]: Reached target Local File Systems.
Jan 25 12:24:16 localhost systemd[1]: Starting Load AppArmor profiles...
Jan 25 12:24:16 localhost systemd[1]: Starting Set console font and keymap...
Jan 25 12:24:16 localhost systemd-udevd[262]: Network interface NamePolicy= disabled on kernel command line, ignoring.
Jan 25 12:24:16 localhost systemd[1]: Starting Create Volatile Files and Directories...
Jan 25 12:24:16 localhost systemd[1]: Starting Commit a transient machine-id on disk...
Jan 25 12:24:16 localhost systemd[1]: Started Set console font and keymap.
Jan 25 12:24:16 localhost systemd[1]: Started udev Kernel Device Manager.
Jan 25 12:24:16 localhost systemd[1]: etc-machine\x2did.mount: Succeeded.
Jan 25 12:24:16 localhost systemd[1]: Started Commit a transient machine-id on disk.
Jan 25 12:24:16 localhost apparmor.systemd[263]: Restarting AppArmor
Jan 25 12:24:16 localhost apparmor.systemd[263]: Reloading AppArmor profiles
Jan 25 12:24:16 localhost systemd[1]: Started Create Volatile Files and Directories.
Jan 25 12:24:16 localhost systemd[1]: Starting Network Time Synchronization...
Jan 25 12:24:16 localhost systemd[1]: Starting Update UTMP about System Boot/Shutdown...
Jan 25 12:24:16 localhost systemd[1]: Started Update UTMP about System Boot/Shutdown.
Jan 25 12:24:16 localhost systemd-udevd[282]: Using default interface naming scheme 'v240'.
Jan 25 12:24:16 localhost systemd[1]: Found device /dev/ttyS0.
Jan 25 12:24:16 localhost systemd[1]: Started Network Time Synchronization.
Jan 25 12:24:16 localhost systemd[1]: Reached target System Time Synchronized.
Jan 25 12:24:16 localhost systemd[1]: Found device QEMU_HARDDISK.
Jan 25 12:24:16 localhost systemd[1]: Found device Virtio network device.
Jan 25 12:24:16 localhost systemd[1]: Activating swap /dev/sdb...
Jan 25 12:24:16 localhost systemd[1]: Activated swap /dev/sdb.
Jan 25 12:24:16 localhost systemd[1]: Reached target Swap.
Jan 25 12:24:16 localhost systemd[1]: Started Load AppArmor profiles.
Jan 25 12:24:16 localhost systemd[1]: Started Entropy daemon using the HAVEGE algorithm.
Jan 25 12:24:16 localhost systemd[1]: Started Helper to synchronize boot up for ifupdown.
Jan 25 12:24:16 localhost haveged[339]: haveged: ver: 1.9.1; arch: x86; vend: ; build: (gcc 8.3.0 ITV); collect: 128K
Jan 25 12:24:16 localhost haveged[339]: haveged: cpu: (VC); data: 64K (V); inst: 64K (V); idx: 39/40; sz: 52825/52825
Jan 25 12:24:16 localhost haveged[339]: haveged: tot tests(BA8): A:1/1 B:1/1 continuous tests(B):  last entropy estimate 7.99881
Jan 25 12:24:16 localhost haveged[339]: haveged: fills: 0, generated: 0
Jan 25 12:24:16 localhost cloud-init[257]: Cloud-init v. 20.2 running 'init-local' at Tue, 25 Jan 2022 12:24:15 +0000. Up 3.83 seconds.
Jan 25 12:24:16 localhost systemd[1]: Started Initial cloud-init job (pre-networking).
Jan 25 12:24:16 localhost systemd[1]: Reached target Network (Pre).
Jan 25 12:24:16 localhost systemd[1]: Started ifup for eth0.
Jan 25 12:24:16 localhost systemd[1]: Starting Raise network interfaces...
Jan 25 12:24:16 localhost ifup[376]: ifup: waiting for lock on /run/network/ifstate.eth0
Jan 25 12:24:16 localhost sh[375]: eth0=eth0
Jan 25 12:24:16 localhost systemd[1]: Started Raise network interfaces.
Jan 25 12:24:16 localhost systemd[1]: Reached target Network.
Jan 25 12:24:16 localhost systemd[1]: Starting Initial cloud-init job (metadata service crawler)...
Jan 25 12:24:16 localhost cloud-init[414]: Cloud-init v. 20.2 running 'init' at Tue, 25 Jan 2022 12:24:15 +0000. Up 4.39 seconds.
Jan 25 12:24:16 localhost cloud-init[414]: ci-info: +++++++++++++++++++++++++++++++++++++++Net device info+++++++++++++++++++++++++++++++++++++++
Jan 25 12:24:16 localhost cloud-init[414]: ci-info: +--------+------+------------------------------+---------------+--------+-------------------+
Jan 25 12:24:16 localhost cloud-init[414]: ci-info: | Device |  Up  |           Address            |      Mask     | Scope  |     Hw-Address    |
Jan 25 12:24:16 localhost cloud-init[414]: ci-info: +--------+------+------------------------------+---------------+--------+-------------------+
Jan 25 12:24:16 localhost cloud-init[414]: ci-info: |  eth0  | True |       172.104.132.106        | 255.255.255.0 | global | f2:3c:93:50:a4:9a |
Jan 25 12:24:16 localhost cloud-init[414]: ci-info: |  eth0  | True | fe80::f03c:93ff:fe50:a49a/64 |       .       |  link  | f2:3c:93:50:a4:9a |
Jan 25 12:24:16 localhost cloud-init[414]: ci-info: |   lo   | True |          127.0.0.1           |   255.0.0.0   |  host  |         .         |
Jan 25 12:24:16 localhost cloud-init[414]: ci-info: |   lo   | True |           ::1/128            |       .       |  host  |         .         |
Jan 25 12:24:16 localhost cloud-init[414]: ci-info: +--------+------+------------------------------+---------------+--------+-------------------+
Jan 25 12:24:16 localhost cloud-init[414]: ci-info: +++++++++++++++++++++++++++++++Route IPv4 info+++++++++++++++++++++++++++++++
Jan 25 12:24:16 localhost cloud-init[414]: ci-info: +-------+---------------+---------------+---------------+-----------+-------+
Jan 25 12:24:16 localhost cloud-init[414]: ci-info: | Route |  Destination  |    Gateway    |    Genmask    | Interface | Flags |
Jan 25 12:24:16 localhost cloud-init[414]: ci-info: +-------+---------------+---------------+---------------+-----------+-------+
Jan 25 12:24:16 localhost cloud-init[414]: ci-info: |   0   |    0.0.0.0    | 172.104.132.1 |    0.0.0.0    |    eth0   |   UG  |
Jan 25 12:24:16 localhost cloud-init[414]: ci-info: |   1   | 172.104.132.0 |    0.0.0.0    | 255.255.255.0 |    eth0   |   U   |
Jan 25 12:24:16 localhost cloud-init[414]: ci-info: +-------+---------------+---------------+---------------+-----------+-------+
Jan 25 12:24:16 localhost cloud-init[414]: ci-info: +++++++++++++++++++Route IPv6 info+++++++++++++++++++
Jan 25 12:24:16 localhost cloud-init[414]: ci-info: +-------+-------------+---------+-----------+-------+
Jan 25 12:24:16 localhost cloud-init[414]: ci-info: | Route | Destination | Gateway | Interface | Flags |
Jan 25 12:24:16 localhost cloud-init[414]: ci-info: +-------+-------------+---------+-----------+-------+
Jan 25 12:24:16 localhost cloud-init[414]: ci-info: |   1   |  fe80::/64  |    ::   |    eth0   |   U   |
Jan 25 12:24:16 localhost cloud-init[414]: ci-info: |   3   |  multicast  |    ::   |    eth0   |   U   |
Jan 25 12:24:16 localhost cloud-init[414]: ci-info: +-------+-------------+---------+-----------+-------+
Jan 25 12:24:16 localhost cloud-init[414]: Generating public/private rsa key pair.
Jan 25 12:24:16 localhost cloud-init[414]: Your identification has been saved in /etc/ssh/ssh_host_rsa_key.
Jan 25 12:24:16 localhost cloud-init[414]: Your public key has been saved in /etc/ssh/ssh_host_rsa_key.pub.
Jan 25 12:24:16 localhost cloud-init[414]: The key fingerprint is:
Jan 25 12:24:16 localhost cloud-init[414]: SHA256:wj83hPttTVgaHpI44c8wJjU79xBB8PMUjLiXIAHeAHw root@localhost
Jan 25 12:24:16 localhost cloud-init[414]: The key's randomart image is:
Jan 25 12:24:16 localhost cloud-init[414]: +---[RSA 2048]----+
Jan 25 12:24:16 localhost cloud-init[414]: | ...o....+o+.    |
Jan 25 12:24:16 localhost cloud-init[414]: |  ..Eo. *.o ..   |
Jan 25 12:24:16 localhost cloud-init[414]: |   .. .+ Bo+.    |
Jan 25 12:24:16 localhost cloud-init[414]: |     .. @.B+o .  |
Jan 25 12:24:16 localhost cloud-init[414]: |      ooSX.=.*   |
Jan 25 12:24:16 localhost cloud-init[414]: |       o oo = .  |
Jan 25 12:24:16 localhost cloud-init[414]: |        + o  o   |
Jan 25 12:24:16 localhost cloud-init[414]: |         + o. .  |
Jan 25 12:24:16 localhost cloud-init[414]: |          ...    |
Jan 25 12:24:16 localhost cloud-init[414]: +----[SHA256]-----+
Jan 25 12:24:16 localhost cloud-init[414]: Generating public/private dsa key pair.
Jan 25 12:24:16 localhost cloud-init[414]: Your identification has been saved in /etc/ssh/ssh_host_dsa_key.
Jan 25 12:24:16 localhost cloud-init[414]: Your public key has been saved in /etc/ssh/ssh_host_dsa_key.pub.
Jan 25 12:24:16 localhost cloud-init[414]: The key fingerprint is:
Jan 25 12:24:16 localhost cloud-init[414]: SHA256:XKgFsM8lmZdkI4v+5kZfficCU/naf0afY60yGF1UeSk root@localhost
Jan 25 12:24:16 localhost cloud-init[414]: The key's randomart image is:
Jan 25 12:24:16 localhost cloud-init[414]: +---[DSA 1024]----+
Jan 25 12:24:16 localhost cloud-init[414]: |    ..o +      .+|
Jan 25 12:24:16 localhost cloud-init[414]: |     o O +   E.o.|
Jan 25 12:24:16 localhost cloud-init[414]: |    o = * .. .. .|
Jan 25 12:24:16 localhost cloud-init[414]: |   . o B .o   .  |
Jan 25 12:24:16 localhost cloud-init[414]: |    . + S. o .   |
Jan 25 12:24:16 localhost cloud-init[414]: |     .. o o o   .|
Jan 25 12:24:16 localhost cloud-init[414]: |     .o. = =   .+|
Jan 25 12:24:16 localhost cloud-init[414]: |     o. . = * .+=|
Jan 25 12:24:16 localhost cloud-init[414]: |     ..    o *++.|
Jan 25 12:24:16 localhost cloud-init[414]: +----[SHA256]-----+
Jan 25 12:24:16 localhost cloud-init[414]: Generating public/private ecdsa key pair.
Jan 25 12:24:16 localhost cloud-init[414]: Your identification has been saved in /etc/ssh/ssh_host_ecdsa_key.
Jan 25 12:24:16 localhost cloud-init[414]: Your public key has been saved in /etc/ssh/ssh_host_ecdsa_key.pub.
Jan 25 12:24:16 localhost cloud-init[414]: The key fingerprint is:
Jan 25 12:24:16 localhost cloud-init[414]: SHA256:Wzby5WlGXUzE/6om1jCGBgXr5YTPO0lCW68ex4w8lsE root@localhost
Jan 25 12:24:16 localhost cloud-init[414]: The key's randomart image is:
Jan 25 12:24:16 localhost cloud-init[414]: +---[ECDSA 256]---+
Jan 25 12:24:16 localhost cloud-init[414]: |      ..       oo|
Jan 25 12:24:16 localhost cloud-init[414]: |       o.      o.|
Jan 25 12:24:16 localhost cloud-init[414]: |      +.+       +|
Jan 25 12:24:16 localhost cloud-init[414]: |     o.X .   . ..|
Jan 25 12:24:16 localhost cloud-init[414]: |      +.E.= o . .|
Jan 25 12:24:16 localhost cloud-init[414]: |       +o/+= .  .|
Jan 25 12:24:16 localhost cloud-init[414]: |       .&.=+=  . |
Jan 25 12:24:16 localhost cloud-init[414]: |       o =ooo .  |
Jan 25 12:24:16 localhost cloud-init[414]: |        .. o..   |
Jan 25 12:24:16 localhost cloud-init[414]: +----[SHA256]-----+
Jan 25 12:24:16 localhost cloud-init[414]: Generating public/private ed25519 key pair.
Jan 25 12:24:16 localhost cloud-init[414]: Your identification has been saved in /etc/ssh/ssh_host_ed25519_key.
Jan 25 12:24:16 localhost cloud-init[414]: Your public key has been saved in /etc/ssh/ssh_host_ed25519_key.pub.
Jan 25 12:24:16 localhost cloud-init[414]: The key fingerprint is:
Jan 25 12:24:16 localhost cloud-init[414]: SHA256:dVxhSwhdYq9FCDQn7Z3qQAe0m6i6IfJxFQ20KdZ/QZQ root@localhost
Jan 25 12:24:16 localhost cloud-init[414]: The key's randomart image is:
Jan 25 12:24:16 localhost cloud-init[414]: +--[ED25519 256]--+
Jan 25 12:24:16 localhost cloud-init[414]: |     .o  +X*++B. |
Jan 25 12:24:16 localhost cloud-init[414]: |     . = .EB=B . |
Jan 25 12:24:16 localhost cloud-init[414]: |    o = . +oo.+. |
Jan 25 12:24:16 localhost cloud-init[414]: |   . . o o.=ooo  |
Jan 25 12:24:16 localhost cloud-init[414]: |      . S.+...   |
Jan 25 12:24:16 localhost cloud-init[414]: |     . . .. .    |
Jan 25 12:24:16 localhost cloud-init[414]: |. o o .    o     |
Jan 25 12:24:16 localhost cloud-init[414]: | o + o      .    |
Jan 25 12:24:16 localhost cloud-init[414]: |  . o.           |
Jan 25 12:24:16 localhost cloud-init[414]: +----[SHA256]-----+
Jan 25 12:24:16 localhost cron[441]: (CRON) INFO (pidfile fd = 3)
Jan 25 12:24:16 localhost systemd[1]: Started Initial cloud-init job (metadata service crawler).
Jan 25 12:24:16 localhost cron[441]: (CRON) INFO (Running @reboot jobs)
Jan 25 12:24:16 localhost systemd[1]: Reached target Network is Online.
Jan 25 12:24:16 localhost systemd[1]: Reached target Cloud-config availability.
Jan 25 12:24:16 localhost systemd[1]: Reached target System Initialization.
Jan 25 12:24:16 localhost systemd[1]: Started Daily rotation of log files.
Jan 25 12:24:16 localhost systemd[1]: Started Daily apt download activities.
Jan 25 12:24:16 localhost systemd[1]: Started Daily Cleanup of Temporary Directories.
Jan 25 12:24:16 localhost systemd[1]: Started Daily man-db regeneration.
Jan 25 12:24:16 localhost systemd[1]: Listening on D-Bus System Message Bus Socket.
Jan 25 12:24:16 localhost systemd[1]: Reached target Sockets.
Jan 25 12:24:16 localhost systemd[1]: Reached target Basic System.
Jan 25 12:24:16 localhost systemd[1]: Starting Resets System Activity Data Collector...
Jan 25 12:24:16 localhost systemd[1]: Condition check resulted in getty on tty2-tty6 if dbus and logind are not available being skipped.
Jan 25 12:24:16 localhost systemd[1]: Started Regular background program processing daemon.
Jan 25 12:24:16 localhost systemd[1]: Starting Permit User Sessions...
Jan 25 12:24:16 localhost systemd[1]: Starting OpenBSD Secure Shell server...
Jan 25 12:24:16 localhost systemd[1]: Starting Apply the settings specified in cloud-config...
Jan 25 12:24:16 localhost systemd[1]: Started D-Bus System Message Bus.
Jan 25 12:24:16 localhost systemd[1]: Starting Login Service...
Jan 25 12:24:16 localhost systemd[1]: Started Daily apt upgrade and clean activities.
Jan 25 12:24:16 localhost systemd[1]: Reached target Timers.
Jan 25 12:24:16 localhost systemd[1]: Starting System Logging Service...
Jan 25 12:24:16 localhost systemd[1]: Started Resets System Activity Data Collector.
Jan 25 12:24:16 localhost systemd[1]: Started Permit User Sessions.
Jan 25 12:24:16 localhost systemd[1]: Started Serial Getty on ttyS0.
Jan 25 12:24:16 localhost rsyslogd: imuxsock: Acquired UNIX socket '/run/systemd/journal/syslog' (fd 3) from systemd.  [v8.1901.0]
Jan 25 12:24:16 localhost rsyslogd:  [origin software="rsyslogd" swVersion="8.1901.0" x-pid="447" x-info="https://www.rsyslog.com"] start
Jan 25 12:24:16 localhost systemd[1]: Started Getty on tty1.
Jan 25 12:24:16 localhost kernel: [    1.476302] sd 0:0:0:0: [sda] Write Protect is off
Jan 25 12:24:16 localhost kernel: [    1.477000] sd 0:0:0:0: [sda] Mode Sense: 63 00 00 08
Jan 25 12:24:16 localhost kernel: [    1.478438] sd 0:0:0:0: [sda] Write cache: enabled, read cache: enabled, doesn't support DPO or FUA
Jan 25 12:24:16 localhost kernel: [    1.482477] sd 1:0:1:2: [sdb] Attached SCSI disk
Jan 25 12:24:16 localhost kernel: [    1.483307] sd 0:0:0:0: [sda] Attached SCSI disk
Jan 25 12:24:16 localhost kernel: [    1.743002] ata1: SATA link down (SStatus 0 SControl 300)
Jan 25 12:24:16 localhost kernel: [    1.746817] ata3: SATA link down (SStatus 0 SControl 300)
Jan 25 12:24:16 localhost kernel: [    1.747768] ata2: SATA link down (SStatus 0 SControl 300)
Jan 25 12:24:16 localhost kernel: [    1.750808] ata4: SATA link down (SStatus 0 SControl 300)
Jan 25 12:24:16 localhost kernel: [    1.751777] ata5: SATA link down (SStatus 0 SControl 300)
Jan 25 12:24:16 localhost kernel: [    1.755215] ata6: SATA link down (SStatus 0 SControl 300)
Jan 25 12:24:16 localhost kernel: [    1.861630] EXT4-fs (sda): mounted filesystem with ordered data mode. Opts: (null)
Jan 25 12:24:16 localhost kernel: [    2.314954] EXT4-fs (sda): re-mounted. Opts: errors=remount-ro
Jan 25 12:24:16 localhost kernel: [    2.625295] input: Power Button as /devices/LNXSYSTM:00/LNXPWRBN:00/input/input4
Jan 25 12:24:16 localhost kernel: [    2.644327] ACPI: Power Button [PWRF]
Jan 25 12:24:16 localhost kernel: [    2.680995] iTCO_vendor_support: vendor-support=0
Jan 25 12:24:16 localhost kernel: [    2.683266] iTCO_wdt: Intel TCO WatchDog Timer Driver v1.11
Jan 25 12:24:16 localhost kernel: [    2.689774] iTCO_wdt: Found a ICH9 TCO device (Version=2, TCOBASE=0x0660)
Jan 25 12:24:16 localhost kernel: [    2.696624] sd 0:0:0:0: Attached scsi generic sg0 type 0
Jan 25 12:24:16 localhost kernel: [    2.709932] iTCO_wdt: initialized. heartbeat=30 sec (nowayout=0)
Jan 25 12:24:16 localhost kernel: [    2.728326] sd 1:0:1:2: Attached scsi generic sg1 type 0
Jan 25 12:24:16 localhost kernel: [    2.729772] input: PC Speaker as /devices/platform/pcspkr/input/input5
Jan 25 12:24:16 localhost kernel: [    2.883429] Decoding supported only on Scalable MCA processors.
Jan 25 12:24:16 localhost kernel: [    2.984685] [drm] Found bochs VGA, ID 0xb0c0.
Jan 25 12:24:16 localhost kernel: [    2.985395] [drm] Framebuffer size 16384 kB @ 0xfd000000, mmio @ 0xfebd0000.
Jan 25 12:24:16 localhost kernel: [    3.006506] [TTM] Zone  kernel: Available graphics memory: 1021540 kiB
Jan 25 12:24:16 localhost kernel: [    3.006507] [TTM] Initializing pool allocator
Jan 25 12:24:16 localhost kernel: [    3.006511] [TTM] Initializing DMA pool allocator
Jan 25 12:24:16 localhost kernel: [    3.121280] audit: type=1400 audit(1643113454.452:2): apparmor="STATUS" operation="profile_load" profile="unconfined" name="nvidia_modprobe" pid=290 comm="apparmor_parser"
Jan 25 12:24:16 localhost kernel: [    3.125446] audit: type=1400 audit(1643113454.456:3): apparmor="STATUS" operation="profile_load" profile="unconfined" name="nvidia_modprobe//kmod" pid=290 comm="apparmor_parser"
Jan 25 12:24:16 localhost kernel: [    3.130590] Adding 524284k swap on /dev/sdb.  Priority:-2 extents:1 across:524284k FS
Jan 25 12:24:16 localhost kernel: [    3.144748] fbcon: bochsdrmfb (fb0) is primary device
Jan 25 12:24:16 localhost kernel: [    3.328293] Console: switching to colour frame buffer device 128x48
Jan 25 12:24:16 localhost kernel: [    3.421816] audit: type=1400 audit(1643113454.752:4): apparmor="STATUS" operation="profile_load" profile="unconfined" name="/usr/bin/man" pid=333 comm="apparmor_parser"
Jan 25 12:24:16 localhost kernel: [    3.422119] audit: type=1400 audit(1643113454.752:5): apparmor="STATUS" operation="profile_load" profile="unconfined" name="man_filter" pid=333 comm="apparmor_parser"
Jan 25 12:24:16 localhost kernel: [    3.424041] audit: type=1400 audit(1643113454.752:6): apparmor="STATUS" operation="profile_load" profile="unconfined" name="man_groff" pid=333 comm="apparmor_parser"
Jan 25 12:24:16 localhost kernel: [    3.452277] bochs-drm 0000:00:01.0: fb0: bochsdrmfb frame buffer device
Jan 25 12:24:16 localhost kernel: [    3.456724] [drm] Initialized bochs-drm 1.0.0 20130925 for 0000:00:01.0 on minor 0
Jan 25 12:24:16 localhost kernel: [    3.570802] audit: type=1400 audit(1643113454.900:7): apparmor="STATUS" operation="profile_load" profile="unconfined" name="/usr/sbin/haveged" pid=336 comm="apparmor_parser"
Jan 25 12:24:16 localhost systemd[1]: Reached target Login Prompts.
Jan 25 12:24:16 localhost systemd[1]: Started System Logging Service.
Jan 25 12:24:16 localhost systemd[1]: Started Login Service.
Jan 25 12:24:16 localhost systemd[1]: Started OpenBSD Secure Shell server.
Jan 25 12:24:16 localhost systemd[1]: Reached target Multi-User System.
Jan 25 12:24:16 localhost systemd[1]: Starting Update UTMP about System Runlevel Changes...
Jan 25 12:24:16 localhost systemd[1]: systemd-update-utmp-runlevel.service: Succeeded.
Jan 25 12:24:16 localhost systemd[1]: Started Update UTMP about System Runlevel Changes.
Jan 25 12:24:17 localhost cloud-init[444]: Cloud-init v. 20.2 running 'modules:config' at Tue, 25 Jan 2022 12:24:16 +0000. Up 5.50 seconds.
Jan 25 12:24:17 localhost systemd[1]: Started Apply the settings specified in cloud-config.
Jan 25 12:24:17 localhost systemd[1]: Starting Execute cloud user/final scripts...
Jan 25 12:24:17 localhost ec2: 
Jan 25 12:24:17 localhost ec2: #############################################################
Jan 25 12:24:17 localhost ec2: -----BEGIN SSH HOST KEY FINGERPRINTS-----
Jan 25 12:24:17 localhost ec2: 1024 SHA256:XKgFsM8lmZdkI4v+5kZfficCU/naf0afY60yGF1UeSk root@localhost (DSA)
Jan 25 12:24:17 localhost ec2: 256 SHA256:Wzby5WlGXUzE/6om1jCGBgXr5YTPO0lCW68ex4w8lsE root@localhost (ECDSA)
Jan 25 12:24:17 localhost ec2: 256 SHA256:dVxhSwhdYq9FCDQn7Z3qQAe0m6i6IfJxFQ20KdZ/QZQ root@localhost (ED25519)
Jan 25 12:24:17 localhost ec2: 2048 SHA256:wj83hPttTVgaHpI44c8wJjU79xBB8PMUjLiXIAHeAHw root@localhost (RSA)
Jan 25 12:24:17 localhost ec2: -----END SSH HOST KEY FINGERPRINTS-----
Jan 25 12:24:17 localhost ec2: #############################################################
Jan 25 12:24:17 localhost cloud-init[465]: Cloud-init v. 20.2 running 'modules:final' at Tue, 25 Jan 2022 12:24:17 +0000. Up 6.15 seconds.
Jan 25 12:24:17 localhost cloud-init[465]: Cloud-init v. 20.2 finished at Tue, 25 Jan 2022 12:24:17 +0000. Datasource DataSourceNoCloud [seed=/var/lib/cloud/seed/nocloud][dsmode=net].  Up 6.27 seconds
Jan 25 12:24:17 localhost systemd[1]: Started Execute cloud user/final scripts.
Jan 25 12:24:17 localhost systemd[1]: Reached target Cloud-init target.
Jan 25 12:24:17 localhost systemd[1]: Startup finished in 1.841s (kernel) + 4.546s (userspace) = 6.387s.
Jan 25 12:24:43 localhost systemd[1]: systemd-fsckd.service: Succeeded.
Jan 25 12:24:45 localhost systemd-timesyncd[287]: Synchronized to time server for the first time [2a01:238:4204:fc00:4b47:ee22:4277:df4e]:123 (2.debian.pool.ntp.org).
Jan 25 12:25:02 localhost CRON[486]: (root) CMD (command -v debian-sa1 > /dev/null && debian-sa1 1 1)
Jan 25 12:35:01 localhost CRON[493]: (root) CMD (command -v debian-sa1 > /dev/null && debian-sa1 1 1)
Jan 25 12:39:57 localhost systemd[1]: Starting Cleanup of Temporary Directories...
Jan 25 12:39:57 localhost systemd[1]: systemd-tmpfiles-clean.service: Succeeded.
Jan 25 12:39:57 localhost systemd[1]: Started Cleanup of Temporary Directories.
Jan 25 12:42:03 localhost systemd[1]: Created slice User Slice of UID 0.
Jan 25 12:42:03 localhost systemd[1]: Starting User Runtime Directory /run/user/0...
Jan 25 12:42:03 localhost systemd[1]: Started User Runtime Directory /run/user/0.
Jan 25 12:42:03 localhost systemd[1]: Starting User Manager for UID 0...
Jan 25 12:42:03 localhost systemd[503]: Reached target Timers.
Jan 25 12:42:03 localhost systemd[503]: Reached target Sockets.
Jan 25 12:42:03 localhost systemd[503]: Reached target Paths.
Jan 25 12:42:03 localhost systemd[503]: Reached target Basic System.
Jan 25 12:42:03 localhost systemd[1]: Started User Manager for UID 0.
Jan 25 12:42:03 localhost systemd[1]: Started Session 3 of user root.
Jan 25 12:42:03 localhost systemd[503]: Reached target Default.
Jan 25 12:42:03 localhost systemd[503]: Startup finished in 21ms.
Jan 25 12:42:29 localhost systemd[1]: Reloading.
Jan 25 12:42:29 localhost systemd[1]: serial-getty@ttyS0.service: Current command vanished from the unit file, execution of the command list won't be resumed.
Jan 25 12:42:29 localhost systemd[1]: getty@tty1.service: Current command vanished from the unit file, execution of the command list won't be resumed.
Jan 25 12:42:29 localhost systemd[1]: Reloading.
Jan 25 12:42:29 localhost systemd[1]: Reloading.
Jan 25 12:42:29 localhost systemd[1]: Stopping OpenBSD Secure Shell server...
Jan 25 12:42:29 localhost systemd[1]: ssh.service: Succeeded.
Jan 25 12:42:29 localhost systemd[1]: Stopped OpenBSD Secure Shell server.
Jan 25 12:42:29 localhost systemd[1]: Starting OpenBSD Secure Shell server...
Jan 25 12:42:29 localhost systemd[1]: Started OpenBSD Secure Shell server.
Jan 25 12:45:01 localhost CRON[1042]: (root) CMD (command -v debian-sa1 > /dev/null && debian-sa1 1 1)
Jan 25 12:45:19 localhost systemd[1]: session-3.scope: Succeeded.
Jan 25 12:45:29 localhost systemd[1]: Stopping User Manager for UID 0...
Jan 25 12:45:29 localhost systemd[503]: Stopped target Default.
Jan 25 12:45:29 localhost systemd[503]: Stopped target Basic System.
Jan 25 12:45:29 localhost systemd[503]: Stopped target Sockets.
Jan 25 12:45:29 localhost systemd[503]: Stopped target Paths.
Jan 25 12:45:29 localhost systemd[503]: Reached target Shutdown.
Jan 25 12:45:29 localhost systemd[503]: Stopped target Timers.
Jan 25 12:45:29 localhost systemd[503]: systemd-exit.service: Succeeded.
Jan 25 12:45:29 localhost systemd[503]: Started Exit the Session.
Jan 25 12:45:29 localhost systemd[503]: Reached target Exit the Session.
Jan 25 12:45:29 localhost systemd[1]: user@0.service: Succeeded.
Jan 25 12:45:29 localhost systemd[1]: Stopped User Manager for UID 0.
Jan 25 12:45:29 localhost systemd[1]: Stopping User Runtime Directory /run/user/0...
Jan 25 12:45:29 localhost systemd[1]: run-user-0.mount: Succeeded.
Jan 25 12:45:29 localhost systemd[1]: user-runtime-dir@0.service: Succeeded.
Jan 25 12:45:29 localhost systemd[1]: Stopped User Runtime Directory /run/user/0.
Jan 25 12:45:29 localhost systemd[1]: Removed slice User Slice of UID 0.
Jan 25 12:45:55 localhost systemd[1]: Created slice User Slice of UID 1000.
Jan 25 12:45:55 localhost systemd[1]: Starting User Runtime Directory /run/user/1000...
Jan 25 12:45:55 localhost systemd[1]: Started User Runtime Directory /run/user/1000.
Jan 25 12:45:55 localhost systemd[1]: Starting User Manager for UID 1000...
Jan 25 12:45:55 localhost systemd[1050]: Reached target Timers.
Jan 25 12:45:55 localhost systemd[1050]: Reached target Sockets.
Jan 25 12:45:55 localhost systemd[1050]: Reached target Paths.
Jan 25 12:45:55 localhost systemd[1050]: Reached target Basic System.
Jan 25 12:45:55 localhost systemd[1]: Started User Manager for UID 1000.
Jan 25 12:45:55 localhost systemd[1]: Started Session 6 of user mila.
Jan 25 12:45:55 localhost systemd[1050]: Reached target Default.
Jan 25 12:45:55 localhost systemd[1050]: Startup finished in 27ms.
Jan 25 12:48:22 localhost systemd[1]: session-6.scope: Succeeded.
Jan 25 12:48:33 localhost systemd[1050]: Stopped target Default.
Jan 25 12:48:33 localhost systemd[1050]: Stopped target Basic System.
Jan 25 12:48:33 localhost systemd[1050]: Stopped target Timers.
Jan 25 12:48:33 localhost systemd[1050]: Stopped target Paths.
Jan 25 12:48:33 localhost systemd[1050]: Stopped target Sockets.
Jan 25 12:48:33 localhost systemd[1050]: Reached target Shutdown.
Jan 25 12:48:33 localhost systemd[1050]: systemd-exit.service: Succeeded.
Jan 25 12:48:33 localhost systemd[1050]: Started Exit the Session.
Jan 25 12:48:33 localhost systemd[1050]: Reached target Exit the Session.
Jan 25 12:48:33 localhost systemd[1]: Stopping User Manager for UID 1000...
Jan 25 12:48:33 localhost systemd[1]: user@1000.service: Succeeded.
Jan 25 12:48:33 localhost systemd[1]: Stopped User Manager for UID 1000.
Jan 25 12:48:33 localhost systemd[1]: Stopping User Runtime Directory /run/user/1000...
Jan 25 12:48:33 localhost systemd[1]: run-user-1000.mount: Succeeded.
Jan 25 12:48:33 localhost systemd[1]: user-runtime-dir@1000.service: Succeeded.
Jan 25 12:48:33 localhost systemd[1]: Stopped User Runtime Directory /run/user/1000.
Jan 25 12:48:33 localhost systemd[1]: Removed slice User Slice of UID 1000.
Jan 25 12:50:14 localhost systemd[1]: Created slice User Slice of UID 1000.
Jan 25 12:50:14 localhost systemd[1]: Starting User Runtime Directory /run/user/1000...
Jan 25 12:50:14 localhost systemd[1]: Started User Runtime Directory /run/user/1000.
Jan 25 12:50:14 localhost systemd[1]: Starting User Manager for UID 1000...
Jan 25 12:50:14 localhost systemd[1078]: Reached target Timers.
Jan 25 12:50:14 localhost systemd[1078]: Reached target Sockets.
Jan 25 12:50:14 localhost systemd[1078]: Reached target Paths.
Jan 25 12:50:14 localhost systemd[1078]: Reached target Basic System.
Jan 25 12:50:14 localhost systemd[1]: Started User Manager for UID 1000.
Jan 25 12:50:14 localhost systemd[1]: Started Session 8 of user mila.
Jan 25 12:50:14 localhost systemd[1078]: Reached target Default.
Jan 25 12:50:14 localhost systemd[1078]: Startup finished in 20ms.
Jan 25 12:50:16 localhost systemd[1]: session-8.scope: Succeeded.
Jan 25 12:50:26 localhost systemd[1]: Stopping User Manager for UID 1000...
Jan 25 12:50:26 localhost systemd[1078]: Stopped target Default.
Jan 25 12:50:26 localhost systemd[1078]: Stopped target Basic System.
Jan 25 12:50:26 localhost systemd[1078]: Stopped target Timers.
Jan 25 12:50:26 localhost systemd[1078]: Stopped target Sockets.
Jan 25 12:50:26 localhost systemd[1078]: Stopped target Paths.
Jan 25 12:50:26 localhost systemd[1078]: Reached target Shutdown.
Jan 25 12:50:26 localhost systemd[1078]: systemd-exit.service: Succeeded.
Jan 25 12:50:26 localhost systemd[1078]: Started Exit the Session.
Jan 25 12:50:26 localhost systemd[1078]: Reached target Exit the Session.
Jan 25 12:50:26 localhost systemd[1]: user@1000.service: Succeeded.
Jan 25 12:50:26 localhost systemd[1]: Stopped User Manager for UID 1000.
Jan 25 12:50:26 localhost systemd[1]: Stopping User Runtime Directory /run/user/1000...
Jan 25 12:50:26 localhost systemd[1]: run-user-1000.mount: Succeeded.
Jan 25 12:50:26 localhost systemd[1]: user-runtime-dir@1000.service: Succeeded.
Jan 25 12:50:26 localhost systemd[1]: Stopped User Runtime Directory /run/user/1000.
Jan 25 12:50:26 localhost systemd[1]: Removed slice User Slice of UID 1000.
Jan 25 12:51:29 localhost systemd[1]: Created slice User Slice of UID 1000.
Jan 25 12:51:29 localhost systemd[1]: Starting User Runtime Directory /run/user/1000...
Jan 25 12:51:29 localhost systemd[1]: Started User Runtime Directory /run/user/1000.
Jan 25 12:51:29 localhost systemd[1]: Starting User Manager for UID 1000...
Jan 25 12:51:30 localhost systemd[1096]: Reached target Sockets.
Jan 25 12:51:30 localhost systemd[1096]: Reached target Paths.
Jan 25 12:51:30 localhost systemd[1096]: Reached target Timers.
Jan 25 12:51:30 localhost systemd[1096]: Reached target Basic System.
Jan 25 12:51:30 localhost systemd[1]: Started User Manager for UID 1000.
Jan 25 12:51:30 localhost systemd[1]: Started Session 10 of user mila.
Jan 25 12:51:30 localhost systemd[1096]: Reached target Default.
Jan 25 12:51:30 localhost systemd[1096]: Startup finished in 23ms.
Jan 25 12:53:54 localhost systemd[1]: Stopping OpenBSD Secure Shell server...
Jan 25 12:53:54 localhost systemd[1]: ssh.service: Succeeded.
Jan 25 12:53:54 localhost systemd[1]: Stopped OpenBSD Secure Shell server.
Jan 25 12:53:54 localhost systemd[1]: Starting OpenBSD Secure Shell server...
Jan 25 12:53:55 localhost sshd[1117]: /etc/ssh/sshd_config line 68: Unsupported option KerberosGetAFSToken
Jan 25 12:53:55 localhost sshd[1118]: /etc/ssh/sshd_config line 68: Unsupported option KerberosGetAFSToken
Jan 25 12:53:55 localhost systemd[1]: Started OpenBSD Secure Shell server.
Jan 25 12:53:58 localhost systemd[1]: session-10.scope: Succeeded.
Jan 25 12:54:08 localhost systemd[1]: Stopping User Manager for UID 1000...
Jan 25 12:54:08 localhost systemd[1096]: Stopped target Default.
Jan 25 12:54:08 localhost systemd[1096]: Stopped target Basic System.
Jan 25 12:54:08 localhost systemd[1096]: Stopped target Sockets.
Jan 25 12:54:08 localhost systemd[1096]: Stopped target Paths.
Jan 25 12:54:08 localhost systemd[1096]: Reached target Shutdown.
Jan 25 12:54:08 localhost systemd[1096]: systemd-exit.service: Succeeded.
Jan 25 12:54:08 localhost systemd[1096]: Started Exit the Session.
Jan 25 12:54:08 localhost systemd[1096]: Reached target Exit the Session.
Jan 25 12:54:08 localhost systemd[1096]: Stopped target Timers.
Jan 25 12:54:08 localhost systemd[1]: user@1000.service: Succeeded.
Jan 25 12:54:08 localhost systemd[1]: Stopped User Manager for UID 1000.
Jan 25 12:54:08 localhost systemd[1]: Stopping User Runtime Directory /run/user/1000...
Jan 25 12:54:08 localhost systemd[1]: run-user-1000.mount: Succeeded.
Jan 25 12:54:08 localhost systemd[1]: user-runtime-dir@1000.service: Succeeded.
Jan 25 12:54:08 localhost systemd[1]: Stopped User Runtime Directory /run/user/1000.
Jan 25 12:54:08 localhost systemd[1]: Removed slice User Slice of UID 1000.
Jan 25 12:55:01 localhost CRON[1122]: (root) CMD (command -v debian-sa1 > /dev/null && debian-sa1 1 1)
Jan 25 12:55:23 localhost systemd[1]: serial-getty@ttyS0.service: Succeeded.
Jan 25 12:55:23 localhost systemd[1]: serial-getty@ttyS0.service: Service RestartSec=100ms expired, scheduling restart.
Jan 25 12:55:23 localhost systemd[1]: serial-getty@ttyS0.service: Scheduled restart job, restart counter is at 1.
Jan 25 12:55:23 localhost systemd[1]: Stopped Serial Getty on ttyS0.
Jan 25 12:55:23 localhost systemd[1]: Started Serial Getty on ttyS0.
Jan 25 12:55:29 localhost kernel: [ 1877.544754] psmouse serio1: VMMouse at isa0060/serio1/input0 lost sync at byte 1
Jan 25 12:55:29 localhost kernel: [ 1877.554082] psmouse serio1: VMMouse at isa0060/serio1/input0 - driver resynced.
Jan 25 12:55:29 localhost kernel: [ 1877.556723] psmouse serio1: VMMouse at isa0060/serio1/input0 lost sync at byte 1
Jan 25 12:55:30 localhost kernel: [ 1877.938809] psmouse serio1: VMMouse at isa0060/serio1/input0 - driver resynced.
Jan 25 12:55:58 localhost kernel: [ 1906.180202] psmouse serio1: VMMouse at isa0060/serio1/input0 lost synchronization, throwing 1 bytes away.
Jan 25 12:56:33 localhost systemd[1]: getty@tty1.service: Succeeded.
Jan 25 12:56:33 localhost systemd[1]: getty@tty1.service: Service has no hold-off time (RestartSec=0), scheduling restart.
Jan 25 12:56:33 localhost systemd[1]: getty@tty1.service: Scheduled restart job, restart counter is at 1.
Jan 25 12:56:33 localhost systemd[1]: Stopped Getty on tty1.
Jan 25 12:56:33 localhost systemd[1]: Started Getty on tty1.
Jan 25 12:57:18 localhost systemd[1]: serial-getty@ttyS0.service: Succeeded.
Jan 25 12:57:18 localhost systemd[1]: serial-getty@ttyS0.service: Service RestartSec=100ms expired, scheduling restart.
Jan 25 12:57:18 localhost systemd[1]: serial-getty@ttyS0.service: Scheduled restart job, restart counter is at 2.
Jan 25 12:57:18 localhost systemd[1]: Stopped Serial Getty on ttyS0.
Jan 25 12:57:18 localhost systemd[1]: Started Serial Getty on ttyS0.
Jan 25 12:57:57 localhost systemd[1]: Created slice User Slice of UID 1000.
Jan 25 12:57:57 localhost systemd[1]: Starting User Runtime Directory /run/user/1000...
Jan 25 12:57:57 localhost systemd[1]: Started User Runtime Directory /run/user/1000.
Jan 25 12:57:57 localhost systemd[1]: Starting User Manager for UID 1000...
Jan 25 12:57:57 localhost systemd[1133]: Reached target Sockets.
Jan 25 12:57:57 localhost systemd[1133]: Reached target Timers.
Jan 25 12:57:57 localhost systemd[1133]: Reached target Paths.
Jan 25 12:57:57 localhost systemd[1133]: Reached target Basic System.
Jan 25 12:57:57 localhost systemd[1]: Started User Manager for UID 1000.
Jan 25 12:57:57 localhost systemd[1]: Started Session 13 of user mila.
Jan 25 12:57:57 localhost systemd[1133]: Reached target Default.
Jan 25 12:57:57 localhost systemd[1133]: Startup finished in 22ms.
Jan 25 12:59:26 localhost systemd[1]: serial-getty@ttyS0.service: Succeeded.
Jan 25 12:59:26 localhost systemd[1]: session-13.scope: Succeeded.
Jan 25 12:59:26 localhost systemd[1]: serial-getty@ttyS0.service: Service RestartSec=100ms expired, scheduling restart.
Jan 25 12:59:26 localhost systemd[1]: serial-getty@ttyS0.service: Scheduled restart job, restart counter is at 3.
Jan 25 12:59:26 localhost systemd[1]: Stopped Serial Getty on ttyS0.
Jan 25 12:59:26 localhost systemd[1]: Started Serial Getty on ttyS0.
Jan 25 12:59:36 localhost systemd[1]: Stopping User Manager for UID 1000...
Jan 25 12:59:36 localhost systemd[1133]: Stopped target Default.
Jan 25 12:59:36 localhost systemd[1133]: Stopped target Basic System.
Jan 25 12:59:36 localhost systemd[1133]: Stopped target Sockets.
Jan 25 12:59:36 localhost systemd[1133]: Stopped target Timers.
Jan 25 12:59:36 localhost systemd[1133]: Stopped target Paths.
Jan 25 12:59:36 localhost systemd[1133]: Reached target Shutdown.
Jan 25 12:59:36 localhost systemd[1133]: systemd-exit.service: Succeeded.
Jan 25 12:59:36 localhost systemd[1133]: Started Exit the Session.
Jan 25 12:59:36 localhost systemd[1133]: Reached target Exit the Session.
Jan 25 12:59:36 localhost systemd[1]: user@1000.service: Succeeded.
Jan 25 12:59:36 localhost systemd[1]: Stopped User Manager for UID 1000.
Jan 25 12:59:36 localhost systemd[1]: Stopping User Runtime Directory /run/user/1000...
Jan 25 12:59:36 localhost systemd[1]: run-user-1000.mount: Succeeded.
Jan 25 12:59:36 localhost systemd[1]: user-runtime-dir@1000.service: Succeeded.
Jan 25 12:59:36 localhost systemd[1]: Stopped User Runtime Directory /run/user/1000.
Jan 25 12:59:36 localhost systemd[1]: Removed slice User Slice of UID 1000.
Jan 25 13:05:01 localhost CRON[1207]: (root) CMD (command -v debian-sa1 > /dev/null && debian-sa1 1 1)
Jan 25 13:15:01 localhost CRON[1210]: (root) CMD (command -v debian-sa1 > /dev/null && debian-sa1 1 1)
Jan 25 13:17:01 localhost CRON[1213]: (root) CMD (   cd / && run-parts --report /etc/cron.hourly)
Jan 25 13:18:08 localhost systemd[1]: Stopping OpenBSD Secure Shell server...
Jan 25 13:18:08 localhost systemd[1]: ssh.service: Succeeded.
Jan 25 13:18:08 localhost systemd[1]: Stopped OpenBSD Secure Shell server.
Jan 25 13:18:08 localhost systemd[1]: ssh.service: Found left-over process 1150 (sshd) in control group while starting unit. Ignoring.
Jan 25 13:18:08 localhost systemd[1]: This usually indicates unclean termination of a previous run, or service implementation deficiencies.
Jan 25 13:18:08 localhost systemd[1]: ssh.service: Found left-over process 1152 (sshd) in control group while starting unit. Ignoring.
Jan 25 13:18:08 localhost systemd[1]: This usually indicates unclean termination of a previous run, or service implementation deficiencies.
Jan 25 13:18:08 localhost systemd[1]: ssh.service: Found left-over process 1153 (bash) in control group while starting unit. Ignoring.
Jan 25 13:18:08 localhost systemd[1]: This usually indicates unclean termination of a previous run, or service implementation deficiencies.
Jan 25 13:18:08 localhost systemd[1]: ssh.service: Found left-over process 1215 (sudo) in control group while starting unit. Ignoring.
Jan 25 13:18:08 localhost systemd[1]: This usually indicates unclean termination of a previous run, or service implementation deficiencies.
Jan 25 13:18:08 localhost systemd[1]: ssh.service: Found left-over process 1216 (systemctl) in control group while starting unit. Ignoring.
Jan 25 13:18:08 localhost systemd[1]: This usually indicates unclean termination of a previous run, or service implementation deficiencies.
Jan 25 13:18:08 localhost systemd[1]: ssh.service: Found left-over process 1217 (systemctl) in control group while starting unit. Ignoring.
Jan 25 13:18:08 localhost systemd[1]: This usually indicates unclean termination of a previous run, or service implementation deficiencies.
Jan 25 13:18:08 localhost systemd[1]: Starting OpenBSD Secure Shell server...
Jan 25 13:18:08 localhost sshd[1218]: /etc/ssh/sshd_config line 71: Unsupported option KerberosGetAFSToken
Jan 25 13:18:08 localhost systemd[1]: ssh.service: Found left-over process 1150 (sshd) in control group while starting unit. Ignoring.
Jan 25 13:18:08 localhost systemd[1]: This usually indicates unclean termination of a previous run, or service implementation deficiencies.
Jan 25 13:18:08 localhost systemd[1]: ssh.service: Found left-over process 1152 (sshd) in control group while starting unit. Ignoring.
Jan 25 13:18:08 localhost systemd[1]: This usually indicates unclean termination of a previous run, or service implementation deficiencies.
Jan 25 13:18:08 localhost systemd[1]: ssh.service: Found left-over process 1153 (bash) in control group while starting unit. Ignoring.
Jan 25 13:18:08 localhost systemd[1]: This usually indicates unclean termination of a previous run, or service implementation deficiencies.
Jan 25 13:18:08 localhost systemd[1]: ssh.service: Found left-over process 1215 (sudo) in control group while starting unit. Ignoring.
Jan 25 13:18:08 localhost systemd[1]: This usually indicates unclean termination of a previous run, or service implementation deficiencies.
Jan 25 13:18:08 localhost systemd[1]: ssh.service: Found left-over process 1216 (systemctl) in control group while starting unit. Ignoring.
Jan 25 13:18:08 localhost systemd[1]: This usually indicates unclean termination of a previous run, or service implementation deficiencies.
Jan 25 13:18:08 localhost systemd[1]: ssh.service: Found left-over process 1217 (systemd-tty-ask) in control group while starting unit. Ignoring.
Jan 25 13:18:08 localhost systemd[1]: This usually indicates unclean termination of a previous run, or service implementation deficiencies.
Jan 25 13:18:08 localhost sshd[1219]: /etc/ssh/sshd_config line 71: Unsupported option KerberosGetAFSToken
Jan 25 13:18:08 localhost systemd[1]: Started OpenBSD Secure Shell server.
Jan 25 13:25:01 localhost CRON[1479]: (root) CMD (command -v debian-sa1 > /dev/null && debian-sa1 1 1)
Jan 25 13:35:01 localhost CRON[1485]: (root) CMD (command -v debian-sa1 > /dev/null && debian-sa1 1 1)
Jan 25 13:42:43 localhost dbus-daemon[445]: [system] Activating via systemd: service name='org.freedesktop.hostname1' unit='dbus-org.freedesktop.hostname1.service' requested by ':1.102' (uid=0 pid=1488 comm="hostnamectl set-hostname daemon.synaptic4u.co.za ")
Jan 25 13:42:43 localhost systemd[1]: Starting Hostname Service...
Jan 25 13:42:43 localhost dbus-daemon[445]: [system] Successfully activated service 'org.freedesktop.hostname1'
Jan 25 13:42:43 localhost systemd[1]: Started Hostname Service.
Jan 25 13:42:43 localhost systemd-hostnamed[1489]: Changed static host name to 'daemon.synaptic4u.co.za'
Jan 25 13:42:43 localhost systemd-hostnamed[1489]: Changed host name to 'daemon.synaptic4u.co.za'
Jan 25 13:43:13 localhost systemd[1]: systemd-hostnamed.service: Succeeded.
Jan 25 13:44:21 localhost dbus-daemon[445]: [system] Activating via systemd: service name='org.freedesktop.timedate1' unit='dbus-org.freedesktop.timedate1.service' requested by ':1.105' (uid=0 pid=1496 comm="timedatectl list-timezones ")
Jan 25 13:44:21 localhost systemd[1]: Starting Time & Date Service...
Jan 25 13:44:21 localhost dbus-daemon[445]: [system] Successfully activated service 'org.freedesktop.timedate1'
Jan 25 13:44:21 localhost systemd[1]: Started Time & Date Service.
Jan 25 13:44:51 localhost systemd[1]: systemd-timedated.service: Succeeded.
Jan 25 13:45:01 localhost CRON[1502]: (root) CMD (command -v debian-sa1 > /dev/null && debian-sa1 1 1)
Jan 25 13:45:29 localhost dbus-daemon[445]: [system] Activating via systemd: service name='org.freedesktop.timedate1' unit='dbus-org.freedesktop.timedate1.service' requested by ':1.109' (uid=0 pid=1505 comm="timedatectl set-timezone Africa/Johannesburg ")
Jan 25 13:45:29 localhost systemd[1]: Starting Time & Date Service...
Jan 25 13:45:29 localhost dbus-daemon[445]: [system] Successfully activated service 'org.freedesktop.timedate1'
Jan 25 13:45:29 localhost systemd[1]: Started Time & Date Service.
Jan 25 13:45:29 localhost systemd-timedated[1506]: Changed time zone to 'Africa/Johannesburg' (SAST).
Jan 25 13:45:59 localhost systemd[1]: systemd-timedated.service: Succeeded.
Jan 25 13:55:01 localhost CRON[1537]: (root) CMD (command -v debian-sa1 > /dev/null && debian-sa1 1 1)
Jan 25 14:05:01 localhost CRON[1540]: (root) CMD (command -v debian-sa1 > /dev/null && debian-sa1 1 1)
Jan 25 14:15:01 localhost CRON[1543]: (root) CMD (command -v debian-sa1 > /dev/null && debian-sa1 1 1)
Jan 25 14:17:01 localhost CRON[1546]: (root) CMD (   cd / && run-parts --report /etc/cron.hourly)
Jan 25 14:25:01 localhost CRON[1549]: (root) CMD (command -v debian-sa1 > /dev/null && debian-sa1 1 1)
Jan 25 14:35:01 localhost CRON[1552]: (root) CMD (command -v debian-sa1 > /dev/null && debian-sa1 1 1)
Jan 25 14:45:01 localhost CRON[1555]: (root) CMD (command -v debian-sa1 > /dev/null && debian-sa1 1 1)
Jan 25 14:55:01 localhost CRON[1558]: (root) CMD (command -v debian-sa1 > /dev/null && debian-sa1 1 1)
Jan 25 15:05:01 localhost CRON[1567]: (root) CMD (command -v debian-sa1 > /dev/null && debian-sa1 1 1)
Jan 25 15:15:01 localhost CRON[1575]: (root) CMD (command -v debian-sa1 > /dev/null && debian-sa1 1 1)
Jan 25 15:17:01 localhost CRON[1578]: (root) CMD (   cd / && run-parts --report /etc/cron.hourly)
Jan 25 15:25:01 localhost CRON[1581]: (root) CMD (command -v debian-sa1 > /dev/null && debian-sa1 1 1)
Jan 25 15:35:01 localhost CRON[1584]: (root) CMD (command -v debian-sa1 > /dev/null && debian-sa1 1 1)
Jan 25 15:45:01 localhost CRON[1587]: (root) CMD (command -v debian-sa1 > /dev/null && debian-sa1 1 1)
Jan 25 15:55:01 localhost CRON[1590]: (root) CMD (command -v debian-sa1 > /dev/null && debian-sa1 1 1)
Jan 25 16:05:01 localhost CRON[1593]: (root) CMD (command -v debian-sa1 > /dev/null && debian-sa1 1 1)
Jan 25 16:15:01 localhost CRON[1596]: (root) CMD (command -v debian-sa1 > /dev/null && debian-sa1 1 1)
Jan 25 16:17:01 localhost CRON[1599]: (root) CMD (   cd / && run-parts --report /etc/cron.hourly)
Jan 25 16:25:01 localhost CRON[1602]: (root) CMD (command -v debian-sa1 > /dev/null && debian-sa1 1 1)
Jan 25 16:35:01 localhost CRON[1605]: (root) CMD (command -v debian-sa1 > /dev/null && debian-sa1 1 1)
Jan 25 16:45:01 localhost CRON[1608]: (root) CMD (command -v debian-sa1 > /dev/null && debian-sa1 1 1)
Jan 25 16:55:01 localhost CRON[1611]: (root) CMD (command -v debian-sa1 > /dev/null && debian-sa1 1 1)
Jan 25 17:05:01 localhost CRON[1614]: (root) CMD (command -v debian-sa1 > /dev/null && debian-sa1 1 1)
Jan 25 17:15:01 localhost CRON[1617]: (root) CMD (command -v debian-sa1 > /dev/null && debian-sa1 1 1)
Jan 25 17:17:01 localhost CRON[1620]: (root) CMD (   cd / && run-parts --report /etc/cron.hourly)
Jan 25 17:25:01 localhost CRON[1623]: (root) CMD (command -v debian-sa1 > /dev/null && debian-sa1 1 1)
Jan 25 17:28:14 localhost systemd[1]: Stopped target Cloud-init target.
Jan 25 17:28:14 localhost systemd[1]: Stopped target Timers.
Jan 25 17:28:14 localhost systemd[1]: apt-daily-upgrade.timer: Succeeded.
Jan 25 17:28:14 localhost systemd[1]: Stopped Daily apt upgrade and clean activities.
Jan 25 17:28:14 localhost systemd[1]: man-db.timer: Succeeded.
Jan 25 17:28:14 localhost systemd[1]: Stopped Daily man-db regeneration.
Jan 25 17:28:14 localhost systemd[1]: systemd-tmpfiles-clean.timer: Succeeded.
Jan 25 17:28:14 localhost systemd[1]: Stopped Daily Cleanup of Temporary Directories.
Jan 25 17:28:14 localhost systemd[1]: apt-daily.timer: Succeeded.
Jan 25 17:28:14 localhost systemd[1]: Stopped Daily apt download activities.
Jan 25 17:28:14 localhost systemd[1]: logrotate.timer: Succeeded.
Jan 25 17:28:14 localhost systemd[1]: Stopped Daily rotation of log files.
Jan 25 17:28:14 localhost systemd[1]: Stopped target System Time Synchronized.
Jan 25 17:28:14 localhost systemd[1]: cloud-final.service: Succeeded.
Jan 25 17:28:14 localhost systemd[1]: Stopped Execute cloud user/final scripts.
Jan 25 17:28:14 localhost systemd[1]: cloud-config.service: Succeeded.
Jan 25 17:28:14 localhost systemd[1]: Stopped Apply the settings specified in cloud-config.
Jan 25 17:28:14 localhost systemd[1]: Stopped target Cloud-config availability.
Jan 25 17:28:14 localhost systemd[1]: Stopped target Network is Online.
Jan 25 17:28:14 localhost systemd[1]: Stopped target Multi-User System.
Jan 25 17:28:14 localhost systemd[1]: Stopping D-Bus System Message Bus...
Jan 25 17:28:14 localhost systemd[1]: Stopping Regular background program processing daemon...
Jan 25 17:28:14 localhost systemd[1]: Stopped target Login Prompts.
Jan 25 17:28:14 localhost systemd[1]: Stopping Getty on tty1...
Jan 25 17:28:14 localhost systemd[1]: Stopping Serial Getty on ttyS0...
Jan 25 17:28:14 localhost systemd[1]: Stopping OpenBSD Secure Shell server...
Jan 25 17:28:14 localhost systemd[1]: sysstat.service: Succeeded.
Jan 25 17:28:14 localhost systemd[1]: Stopped Resets System Activity Data Collector.
Jan 26 14:39:14 daemon systemd[1]: Starting Flush Journal to Persistent Storage...
Jan 26 14:39:14 daemon systemd-fsck[242]: linode-root: clean, 42077/3041280 files, 526255/12976128 blocks
Jan 26 14:39:14 daemon systemd[1]: Started Set the console keyboard layout.
Jan 26 14:39:14 daemon systemd[1]: Started Create Static Device Nodes in /dev.
Jan 26 14:39:14 daemon systemd[1]: Starting udev Kernel Device Manager...
Jan 26 14:39:14 daemon systemd[1]: Reached target Local File Systems (Pre).
Jan 26 14:39:14 daemon systemd[1]: Reached target Local File Systems.
Jan 26 14:39:14 daemon systemd[1]: Starting Set console font and keymap...
Jan 26 14:39:14 daemon systemd[1]: Condition check resulted in Commit a transient machine-id on disk being skipped.
Jan 26 14:39:14 daemon systemd[1]: Starting Load AppArmor profiles...
Jan 26 14:39:14 daemon systemd[1]: Started Flush Journal to Persistent Storage.
Jan 26 14:39:14 daemon systemd-udevd[259]: Network interface NamePolicy= disabled on kernel command line, ignoring.
Jan 26 14:39:14 daemon systemd[1]: Starting Create Volatile Files and Directories...
Jan 26 14:39:14 daemon systemd[1]: Started Set console font and keymap.
Jan 26 14:39:14 daemon apparmor.systemd[261]: Restarting AppArmor
Jan 26 14:39:14 daemon apparmor.systemd[261]: Reloading AppArmor profiles
Jan 26 14:39:14 daemon systemd[1]: Started Create Volatile Files and Directories.
Jan 26 14:39:14 daemon systemd[1]: Starting Network Time Synchronization...
Jan 26 14:39:14 daemon systemd[1]: Starting Update UTMP about System Boot/Shutdown...
Jan 26 14:39:14 daemon systemd[1]: Started udev Kernel Device Manager.
Jan 26 14:39:14 daemon systemd[1]: Started Update UTMP about System Boot/Shutdown.
Jan 26 14:39:14 daemon systemd[1]: Started Load AppArmor profiles.
Jan 26 14:39:14 daemon systemd[1]: Started Entropy daemon using the HAVEGE algorithm.
Jan 26 14:39:14 daemon systemd-udevd[281]: Using default interface naming scheme 'v240'.
Jan 26 14:39:14 daemon systemd[1]: Started Network Time Synchronization.
Jan 26 14:39:14 daemon systemd[1]: Found device /dev/ttyS0.
Jan 26 14:39:14 daemon systemd[1]: Reached target System Time Synchronized.
Jan 26 14:39:14 daemon systemd[1]: Found device QEMU_HARDDISK.
Jan 26 14:39:14 daemon systemd[1]: Found device Virtio network device.
Jan 26 14:39:14 daemon systemd[1]: Started ifup for eth0.
Jan 26 14:39:14 daemon systemd[1]: Activating swap /dev/sdb...
Jan 26 14:39:14 daemon systemd[1]: Activated swap /dev/sdb.
Jan 26 14:39:14 daemon systemd[1]: Reached target Swap.
Jan 26 14:39:14 daemon systemd[1]: Reached target System Initialization.
Jan 26 14:39:14 daemon systemd[1]: Started Daily man-db regeneration.
Jan 26 14:39:14 daemon systemd[1]: Started Daily rotation of log files.
Jan 26 14:39:14 daemon systemd[1]: Started Daily apt download activities.
Jan 26 14:39:14 daemon sh[331]: eth0=eth0
Jan 26 14:39:14 daemon systemd[1]: Started Daily apt upgrade and clean activities.
Jan 26 14:39:14 daemon systemd[1]: Started Daily Cleanup of Temporary Directories.
Jan 26 14:39:14 daemon systemd[1]: Reached target Timers.
Jan 26 14:39:14 daemon systemd[1]: Listening on D-Bus System Message Bus Socket.
Jan 26 14:39:14 daemon systemd[1]: Reached target Sockets.
Jan 26 14:39:14 daemon systemd[1]: Reached target Basic System.
Jan 26 14:39:14 daemon haveged[289]: haveged: ver: 1.9.1; arch: x86; vend: ; build: (gcc 8.3.0 ITV); collect: 128K
Jan 26 14:39:14 daemon haveged[289]: haveged: cpu: (VC); data: 64K (V); inst: 64K (V); idx: 39/40; sz: 52825/52825
Jan 26 14:39:14 daemon haveged[289]: haveged: tot tests(BA8): A:1/1 B:1/1 continuous tests(B):  last entropy estimate 7.99782
Jan 26 14:39:14 daemon haveged[289]: haveged: fills: 0, generated: 0
Jan 26 14:39:14 daemon systemd[1]: Starting Login Service...
Jan 26 14:39:14 daemon systemd[1]: Condition check resulted in getty on tty2-tty6 if dbus and logind are not available being skipped.
Jan 26 14:39:14 daemon systemd[1]: Started D-Bus System Message Bus.
Jan 26 14:39:14 daemon systemd[1]: Starting System Logging Service...
Jan 26 14:39:14 daemon systemd[1]: Started Regular background program processing daemon.
Jan 26 14:39:14 daemon systemd[1]: Starting Resets System Activity Data Collector...
Jan 26 14:39:14 daemon cron[366]: (CRON) INFO (pidfile fd = 3)
Jan 26 14:39:14 daemon cron[366]: (CRON) INFO (Running @reboot jobs)
Jan 26 14:39:14 daemon systemd[1]: Starting Daily man-db regeneration...
Jan 26 14:39:14 daemon rsyslogd: imuxsock: Acquired UNIX socket '/run/systemd/journal/syslog' (fd 3) from systemd.  [v8.1901.0]
Jan 26 14:39:14 daemon rsyslogd:  [origin software="rsyslogd" swVersion="8.1901.0" x-pid="365" x-info="https://www.rsyslog.com"] start
Jan 26 14:39:14 daemon kernel: [    0.000000] Linux version 4.19.0-18-amd64 (debian-kernel@lists.debian.org) (gcc version 8.3.0 (Debian 8.3.0-6)) #1 SMP Debian 4.19.208-1 (2021-09-29)
Jan 26 14:39:14 daemon kernel: [    0.000000] Command line: BOOT_IMAGE=/boot/vmlinuz-4.19.0-18-amd64 root=/dev/sda ro console=ttyS0,19200n8 net.ifnames=0
Jan 26 14:39:14 daemon kernel: [    0.000000] x86/fpu: Supporting XSAVE feature 0x001: 'x87 floating point registers'
Jan 26 14:39:14 daemon kernel: [    0.000000] x86/fpu: Supporting XSAVE feature 0x002: 'SSE registers'
Jan 26 14:39:14 daemon kernel: [    0.000000] x86/fpu: Supporting XSAVE feature 0x004: 'AVX registers'
Jan 26 14:39:14 daemon kernel: [    0.000000] x86/fpu: xstate_offset[2]:  576, xstate_sizes[2]:  256
Jan 26 14:39:14 daemon kernel: [    0.000000] x86/fpu: Enabled xstate features 0x7, context size is 832 bytes, using 'compacted' format.
Jan 26 14:39:14 daemon kernel: [    0.000000] BIOS-provided physical RAM map:
Jan 26 14:39:14 daemon kernel: [    0.000000] BIOS-e820: [mem 0x0000000000000000-0x000000000009fbff] usable
Jan 26 14:39:14 daemon kernel: [    0.000000] BIOS-e820: [mem 0x000000000009fc00-0x000000000009ffff] reserved
Jan 26 14:39:14 daemon kernel: [    0.000000] BIOS-e820: [mem 0x00000000000f0000-0x00000000000fffff] reserved
Jan 26 14:39:14 daemon kernel: [    0.000000] BIOS-e820: [mem 0x0000000000100000-0x000000007ffdbfff] usable
Jan 26 14:39:14 daemon kernel: [    0.000000] BIOS-e820: [mem 0x000000007ffdc000-0x000000007fffffff] reserved
Jan 26 14:39:14 daemon kernel: [    0.000000] BIOS-e820: [mem 0x00000000b0000000-0x00000000bfffffff] reserved
Jan 26 14:39:14 daemon kernel: [    0.000000] BIOS-e820: [mem 0x00000000fed1c000-0x00000000fed1ffff] reserved
Jan 26 14:39:14 daemon kernel: [    0.000000] BIOS-e820: [mem 0x00000000feffc000-0x00000000feffffff] reserved
Jan 26 14:39:14 daemon kernel: [    0.000000] BIOS-e820: [mem 0x00000000fffc0000-0x00000000ffffffff] reserved
Jan 26 14:39:14 daemon kernel: [    0.000000] NX (Execute Disable) protection: active
Jan 26 14:39:14 daemon kernel: [    0.000000] SMBIOS 2.8 present.
Jan 26 14:39:14 daemon kernel: [    0.000000] DMI: QEMU Standard PC (Q35 + ICH9, 2009), BIOS rel-1.12.1-0-ga5cab58e9a3f-prebuilt.qemu.org 04/01/2014
Jan 26 14:39:14 daemon kernel: [    0.000000] Hypervisor detected: KVM
Jan 26 14:39:14 daemon kernel: [    0.000000] kvm-clock: Using msrs 4b564d01 and 4b564d00
Jan 26 14:39:14 daemon kernel: [    0.000000] kvm-clock: cpu 0, msr 4f7ec001, primary cpu clock
Jan 26 14:39:14 daemon kernel: [    0.000000] kvm-clock: using sched offset of 7650186570 cycles
Jan 26 14:39:14 daemon kernel: [    0.000002] clocksource: kvm-clock: mask: 0xffffffffffffffff max_cycles: 0x1cd42e4dffb, max_idle_ns: 881590591483 ns
Jan 26 14:39:14 daemon kernel: [    0.000005] tsc: Detected 2199.998 MHz processor
Jan 26 14:39:14 daemon kernel: [    0.001595] e820: update [mem 0x00000000-0x00000fff] usable ==> reserved
Jan 26 14:39:14 daemon kernel: [    0.001597] e820: remove [mem 0x000a0000-0x000fffff] usable
Jan 26 14:39:14 daemon kernel: [    0.001601] last_pfn = 0x7ffdc max_arch_pfn = 0x400000000
Jan 26 14:39:14 daemon kernel: [    0.001636] MTRR default type: write-back
Jan 26 14:39:14 daemon kernel: [    0.001637] MTRR fixed ranges enabled:
Jan 26 14:39:14 daemon kernel: [    0.001638]   00000-9FFFF write-back
Jan 26 14:39:14 daemon kernel: [    0.001639]   A0000-BFFFF uncachable
Jan 26 14:39:14 daemon kernel: [    0.001640]   C0000-FFFFF write-protect
Jan 26 14:39:14 daemon kernel: [    0.001641] MTRR variable ranges enabled:
Jan 26 14:39:14 daemon kernel: [    0.001642]   0 base 00C0000000 mask FFC0000000 uncachable
Jan 26 14:39:14 daemon kernel: [    0.001643]   1 disabled
Jan 26 14:39:14 daemon kernel: [    0.001643]   2 disabled
Jan 26 14:39:14 daemon kernel: [    0.001644]   3 disabled
Jan 26 14:39:14 daemon kernel: [    0.001644]   4 disabled
Jan 26 14:39:14 daemon kernel: [    0.001644]   5 disabled
Jan 26 14:39:14 daemon kernel: [    0.001645]   6 disabled
Jan 26 14:39:14 daemon kernel: [    0.001645]   7 disabled
Jan 26 14:39:14 daemon kernel: [    0.001659] x86/PAT: Configuration [0-7]: WB  WC  UC- UC  WB  WP  UC- WT  
Jan 26 14:39:14 daemon kernel: [    0.004474] found SMP MP-table at [mem 0x000f5af0-0x000f5aff]
Jan 26 14:39:14 daemon kernel: [    0.004624] Using GB pages for direct mapping
Jan 26 14:39:14 daemon kernel: [    0.004744] RAMDISK: [mem 0x34f6d000-0x367adfff]
Jan 26 14:39:14 daemon kernel: [    0.004750] ACPI: Early table checksum verification disabled
Jan 26 14:39:14 daemon kernel: [    0.004795] ACPI: RSDP 0x00000000000F5920 000014 (v00 BOCHS )
Jan 26 14:39:14 daemon kernel: [    0.004802] ACPI: RSDT 0x000000007FFE20F4 000034 (v01 BOCHS  BXPCRSDT 00000001 BXPC 00000001)
Jan 26 14:39:14 daemon kernel: [    0.004807] ACPI: FACP 0x000000007FFE1F14 0000F4 (v03 BOCHS  BXPCFACP 00000001 BXPC 00000001)
Jan 26 14:39:14 daemon kernel: [    0.004813] ACPI: DSDT 0x000000007FFE0040 001ED4 (v01 BOCHS  BXPCDSDT 00000001 BXPC 00000001)
Jan 26 14:39:14 daemon kernel: [    0.004816] ACPI: FACS 0x000000007FFE0000 000040
Jan 26 14:39:14 daemon kernel: [    0.004818] ACPI: APIC 0x000000007FFE2008 000078 (v01 BOCHS  BXPCAPIC 00000001 BXPC 00000001)
Jan 26 14:39:14 daemon kernel: [    0.004821] ACPI: HPET 0x000000007FFE2080 000038 (v01 BOCHS  BXPCHPET 00000001 BXPC 00000001)
Jan 26 14:39:14 daemon kernel: [    0.004824] ACPI: MCFG 0x000000007FFE20B8 00003C (v01 BOCHS  BXPCMCFG 00000001 BXPC 00000001)
Jan 26 14:39:14 daemon kernel: [    0.004826] ACPI: Reserving FACP table memory at [mem 0x7ffe1f14-0x7ffe2007]
Jan 26 14:39:14 daemon kernel: [    0.004828] ACPI: Reserving DSDT table memory at [mem 0x7ffe0040-0x7ffe1f13]
Jan 26 14:39:14 daemon kernel: [    0.004829] ACPI: Reserving FACS table memory at [mem 0x7ffe0000-0x7ffe003f]
Jan 26 14:39:14 daemon kernel: [    0.004830] ACPI: Reserving APIC table memory at [mem 0x7ffe2008-0x7ffe207f]
Jan 26 14:39:14 daemon kernel: [    0.004831] ACPI: Reserving HPET table memory at [mem 0x7ffe2080-0x7ffe20b7]
Jan 26 14:39:14 daemon kernel: [    0.004832] ACPI: Reserving MCFG table memory at [mem 0x7ffe20b8-0x7ffe20f3]
Jan 26 14:39:14 daemon kernel: [    0.004850] ACPI: Local APIC address 0xfee00000
Jan 26 14:39:14 daemon kernel: [    0.005165] No NUMA configuration found
Jan 26 14:39:14 daemon kernel: [    0.005166] Faking a node at [mem 0x0000000000000000-0x000000007ffdbfff]
Jan 26 14:39:14 daemon kernel: [    0.005171] NODE_DATA(0) allocated [mem 0x7ffd7000-0x7ffdbfff]
Jan 26 14:39:14 daemon kernel: [    0.005405] Zone ranges:
Jan 26 14:39:14 daemon kernel: [    0.005406]   DMA      [mem 0x0000000000001000-0x0000000000ffffff]
Jan 26 14:39:14 daemon kernel: [    0.005408]   DMA32    [mem 0x0000000001000000-0x000000007ffdbfff]
Jan 26 14:39:14 daemon kernel: [    0.005409]   Normal   empty
Jan 26 14:39:14 daemon kernel: [    0.005410]   Device   empty
Jan 26 14:39:14 daemon kernel: [    0.005411] Movable zone start for each node
Jan 26 14:39:14 daemon kernel: [    0.005412] Early memory node ranges
Jan 26 14:39:14 daemon kernel: [    0.005413]   node   0: [mem 0x0000000000001000-0x000000000009efff]
Jan 26 14:39:14 daemon kernel: [    0.005414]   node   0: [mem 0x0000000000100000-0x000000007ffdbfff]
Jan 26 14:39:14 daemon kernel: [    0.005913] Zeroed struct page in unavailable ranges: 134 pages
Jan 26 14:39:14 daemon kernel: [    0.005915] Initmem setup node 0 [mem 0x0000000000001000-0x000000007ffdbfff]
Jan 26 14:39:14 daemon kernel: [    0.005918] On node 0 totalpages: 524154
Jan 26 14:39:14 daemon kernel: [    0.005920]   DMA zone: 64 pages used for memmap
Jan 26 14:39:14 daemon kernel: [    0.005920]   DMA zone: 21 pages reserved
Jan 26 14:39:14 daemon kernel: [    0.005921]   DMA zone: 3998 pages, LIFO batch:0
Jan 26 14:39:14 daemon kernel: [    0.006011]   DMA32 zone: 8128 pages used for memmap
Jan 26 14:39:14 daemon kernel: [    0.006012]   DMA32 zone: 520156 pages, LIFO batch:63
