Jan 27 00:00:33 daemon rsyslogd:  [origin software="rsyslogd" swVersion="8.1901.0" x-pid="15211" x-info="https://www.rsyslog.com"] rsyslogd was HUPed
Jan 27 00:00:33 daemon systemd[1]: logrotate.service: Succeeded.
Jan 27 00:00:33 daemon systemd[1]: Started Rotate log files.
Jan 27 00:00:33 daemon systemd[1]: man-db.service: Succeeded.
Jan 27 00:00:33 daemon systemd[1]: Started Daily man-db regeneration.
Jan 27 00:05:01 daemon CRON[25845]: (root) CMD (command -v debian-sa1 > /dev/null && debian-sa1 1 1)
Jan 27 00:09:01 daemon CRON[25848]: (root) CMD (  [ -x /usr/lib/php/sessionclean ] && if [ ! -d /run/systemd/system ]; then /usr/lib/php/sessionclean; fi)
Jan 27 00:09:01 daemon systemd[1]: Starting Clean php session files...
Jan 27 00:09:01 daemon systemd[1]: phpsessionclean.service: Succeeded.
Jan 27 00:09:01 daemon systemd[1]: Started Clean php session files.
Jan 27 00:09:20 daemon systemd[1]: unattended-upgrades.service: Succeeded.
Jan 27 00:09:20 daemon systemd[1]: Stopped Unattended Upgrades Shutdown.
Jan 27 00:09:20 daemon systemd[1]: Stopped target Multi-User System.
Jan 27 00:09:49 daemon systemd-tmpfiles[263]: [/usr/lib/tmpfiles.d/fail2ban-tmpfiles.conf:1] Line references path below legacy directory /var/run/, updating /var/run/fail2ban → /run/fail2ban; please update the tmpfiles.d/ drop-in file accordingly.
Jan 27 00:09:49 daemon systemd[1]: Starting Flush Journal to Persistent Storage...
Jan 27 00:09:49 daemon systemd[1]: Started Create Static Device Nodes in /dev.
Jan 27 00:09:49 daemon systemd-fsck[235]: linode-root: clean, 59147/3041280 files, 807968/12976128 blocks
Jan 27 00:09:49 daemon systemd[1]: Starting udev Kernel Device Manager...
Jan 27 00:09:49 daemon systemd[1]: Reached target Local File Systems (Pre).
Jan 27 00:09:49 daemon systemd[1]: Mounting Mount unit for core, revision 12603...
Jan 27 00:09:49 daemon systemd[1]: Mounting Mount unit for core20, revision 1270...
Jan 27 00:09:49 daemon systemd-udevd[266]: Network interface NamePolicy= disabled on kernel command line, ignoring.
Jan 27 00:09:49 daemon systemd[1]: Mounting Mount unit for certbot, revision 1670...
Jan 27 00:09:49 daemon systemd[1]: Started Flush Journal to Persistent Storage.
Jan 27 00:09:49 daemon systemd[1]: Started udev Kernel Device Manager.
Jan 27 00:09:49 daemon systemd[1]: Mounted Mount unit for core20, revision 1270.
Jan 27 00:09:49 daemon systemd[1]: Mounted Mount unit for core, revision 12603.
Jan 27 00:09:49 daemon systemd[1]: Mounted Mount unit for certbot, revision 1670.
Jan 27 00:09:49 daemon systemd[1]: Reached target Local File Systems.
Jan 27 00:09:49 daemon systemd[1]: Starting Load AppArmor profiles...
Jan 27 00:09:49 daemon systemd[1]: Starting Set console font and keymap...
Jan 27 00:09:49 daemon systemd[1]: Starting Create Volatile Files and Directories...
Jan 27 00:09:49 daemon systemd-udevd[275]: Using default interface naming scheme 'v240'.
Jan 27 00:09:49 daemon systemd[1]: Condition check resulted in Commit a transient machine-id on disk being skipped.
Jan 27 00:09:49 daemon systemd[1]: Started Set console font and keymap.
Jan 27 00:09:49 daemon systemd-tmpfiles[296]: [/usr/lib/tmpfiles.d/fail2ban-tmpfiles.conf:1] Line references path below legacy directory /var/run/, updating /var/run/fail2ban → /run/fail2ban; please update the tmpfiles.d/ drop-in file accordingly.
Jan 27 00:09:49 daemon apparmor.systemd[294]: Restarting AppArmor
Jan 27 00:09:49 daemon apparmor.systemd[294]: Reloading AppArmor profiles
Jan 27 00:09:49 daemon systemd[1]: Found device /dev/ttyS0.
Jan 27 00:09:49 daemon systemd[1]: Started Create Volatile Files and Directories.
Jan 27 00:09:49 daemon systemd[1]: Found device QEMU_HARDDISK.
Jan 27 00:09:49 daemon systemd[1]: Activating swap /dev/sdb...
Jan 27 00:09:49 daemon systemd[1]: Starting Network Time Synchronization...
Jan 27 00:09:49 daemon systemd[1]: Starting Update UTMP about System Boot/Shutdown...
Jan 27 00:09:49 daemon systemd[1]: Activated swap /dev/sdb.
Jan 27 00:09:49 daemon systemd[1]: Started Load AppArmor profiles.
Jan 27 00:09:49 daemon systemd[1]: Found device Virtio network device.
Jan 27 00:09:49 daemon systemd[1]: Started ifup for eth0.
Jan 27 00:09:49 daemon systemd[1]: Started Entropy daemon using the HAVEGE algorithm.
Jan 27 00:09:49 daemon systemd[1]: Reached target Swap.
Jan 27 00:09:49 daemon systemd[1]: Started Update UTMP about System Boot/Shutdown.
Jan 27 00:09:49 daemon systemd[1]: Started Network Time Synchronization.
Jan 27 00:09:49 daemon systemd[1]: Reached target System Time Synchronized.
Jan 27 00:09:49 daemon systemd[1]: Reached target System Initialization.
Jan 27 00:09:49 daemon systemd[1]: Listening on D-Bus System Message Bus Socket.
Jan 27 00:09:49 daemon systemd[1]: Starting Socket activation for snappy daemon.
Jan 27 00:09:49 daemon systemd[1]: Started Daily rotation of log files.
Jan 27 00:09:49 daemon systemd[1]: Started Daily man-db regeneration.
Jan 27 00:09:49 daemon systemd[1]: Started Daily Cleanup of Temporary Directories.
Jan 27 00:09:49 daemon systemd[1]: Started Daily apt download activities.
Jan 27 00:09:49 daemon systemd[1]: Started Clean PHP session files every 30 mins.
Jan 27 00:09:49 daemon systemd[1]: Started Daily apt upgrade and clean activities.
Jan 27 00:09:49 daemon systemd[1]: Started Timer renew for snap application certbot.renew.
Jan 27 00:09:49 daemon systemd[1]: Reached target Timers.
Jan 27 00:09:49 daemon systemd[1]: Listening on Socket activation for snappy daemon.
Jan 27 00:09:49 daemon systemd[1]: Reached target Sockets.
Jan 27 00:09:49 daemon systemd[1]: Reached target Basic System.
Jan 27 00:09:49 daemon systemd[1]: Started D-Bus System Message Bus.
Jan 27 00:09:49 daemon systemd[1]: Starting Resets System Activity Data Collector...
Jan 27 00:09:49 daemon systemd[1]: Starting System Logging Service...
Jan 27 00:09:49 daemon systemd[1]: Started Regular background program processing daemon.
Jan 27 00:09:49 daemon systemd[1]: Starting Snappy daemon...
Jan 27 00:09:49 daemon cron[397]: (CRON) INFO (pidfile fd = 3)
Jan 27 00:09:49 daemon cron[397]: (CRON) INFO (Running @reboot jobs)
Jan 27 00:09:49 daemon systemd[1]: Condition check resulted in getty on tty2-tty6 if dbus and logind are not available being skipped.
Jan 27 00:09:49 daemon rsyslogd: imuxsock: Acquired UNIX socket '/run/systemd/journal/syslog' (fd 3) from systemd.  [v8.1901.0]
Jan 27 00:09:49 daemon rsyslogd:  [origin software="rsyslogd" swVersion="8.1901.0" x-pid="395" x-info="https://www.rsyslog.com"] start
Jan 27 00:09:49 daemon systemd[1]: Starting Login Service...
Jan 27 00:09:49 daemon systemd[1]: Started System Logging Service.
Jan 27 00:09:49 daemon kernel: [    0.000000] Linux version 4.19.0-18-amd64 (debian-kernel@lists.debian.org) (gcc version 8.3.0 (Debian 8.3.0-6)) #1 SMP Debian 4.19.208-1 (2021-09-29)
Jan 27 00:09:49 daemon kernel: [    0.000000] Command line: BOOT_IMAGE=/boot/vmlinuz-4.19.0-18-amd64 root=/dev/sda ro console=ttyS0,19200n8 net.ifnames=0
Jan 27 00:09:49 daemon kernel: [    0.000000] x86/fpu: Supporting XSAVE feature 0x001: 'x87 floating point registers'
Jan 27 00:09:49 daemon kernel: [    0.000000] x86/fpu: Supporting XSAVE feature 0x002: 'SSE registers'
Jan 27 00:09:49 daemon kernel: [    0.000000] x86/fpu: Supporting XSAVE feature 0x004: 'AVX registers'
Jan 27 00:09:49 daemon kernel: [    0.000000] x86/fpu: xstate_offset[2]:  576, xstate_sizes[2]:  256
Jan 27 00:09:49 daemon kernel: [    0.000000] x86/fpu: Enabled xstate features 0x7, context size is 832 bytes, using 'compacted' format.
Jan 27 00:09:49 daemon kernel: [    0.000000] BIOS-provided physical RAM map:
Jan 27 00:09:49 daemon kernel: [    0.000000] BIOS-e820: [mem 0x0000000000000000-0x000000000009fbff] usable
Jan 27 00:09:49 daemon kernel: [    0.000000] BIOS-e820: [mem 0x000000000009fc00-0x000000000009ffff] reserved
Jan 27 00:09:49 daemon kernel: [    0.000000] BIOS-e820: [mem 0x00000000000f0000-0x00000000000fffff] reserved
Jan 27 00:09:49 daemon kernel: [    0.000000] BIOS-e820: [mem 0x0000000000100000-0x000000007ffdbfff] usable
Jan 27 00:09:49 daemon kernel: [    0.000000] BIOS-e820: [mem 0x000000007ffdc000-0x000000007fffffff] reserved
Jan 27 00:09:49 daemon kernel: [    0.000000] BIOS-e820: [mem 0x00000000b0000000-0x00000000bfffffff] reserved
Jan 27 00:09:49 daemon kernel: [    0.000000] BIOS-e820: [mem 0x00000000fed1c000-0x00000000fed1ffff] reserved
Jan 27 00:09:49 daemon kernel: [    0.000000] BIOS-e820: [mem 0x00000000feffc000-0x00000000feffffff] reserved
Jan 27 00:09:49 daemon kernel: [    0.000000] BIOS-e820: [mem 0x00000000fffc0000-0x00000000ffffffff] reserved
Jan 27 00:09:49 daemon kernel: [    0.000000] NX (Execute Disable) protection: active
Jan 27 00:09:49 daemon kernel: [    0.000000] SMBIOS 2.8 present.
Jan 27 00:09:49 daemon kernel: [    0.000000] DMI: QEMU Standard PC (Q35 + ICH9, 2009), BIOS rel-1.12.1-0-ga5cab58e9a3f-prebuilt.qemu.org 04/01/2014
Jan 27 00:09:49 daemon kernel: [    0.000000] Hypervisor detected: KVM
Jan 27 00:09:49 daemon kernel: [    0.000000] kvm-clock: Using msrs 4b564d01 and 4b564d00
Jan 27 00:09:49 daemon kernel: [    0.000000] kvm-clock: cpu 0, msr 247ec001, primary cpu clock
Jan 27 00:09:49 daemon kernel: [    0.000000] kvm-clock: using sched offset of 6827639742 cycles
Jan 27 00:09:49 daemon kernel: [    0.000002] clocksource: kvm-clock: mask: 0xffffffffffffffff max_cycles: 0x1cd42e4dffb, max_idle_ns: 881590591483 ns
Jan 27 00:09:49 daemon kernel: [    0.000005] tsc: Detected 2199.998 MHz processor
Jan 27 00:09:49 daemon kernel: [    0.001595] e820: update [mem 0x00000000-0x00000fff] usable ==> reserved
Jan 27 00:09:49 daemon kernel: [    0.001596] e820: remove [mem 0x000a0000-0x000fffff] usable
Jan 27 00:09:49 daemon kernel: [    0.001601] last_pfn = 0x7ffdc max_arch_pfn = 0x400000000
Jan 27 00:09:49 daemon kernel: [    0.001636] MTRR default type: write-back
Jan 27 00:09:49 daemon kernel: [    0.001636] MTRR fixed ranges enabled:
Jan 27 00:09:49 daemon kernel: [    0.001638]   00000-9FFFF write-back
Jan 27 00:09:49 daemon kernel: [    0.001639]   A0000-BFFFF uncachable
Jan 27 00:09:49 daemon kernel: [    0.001640]   C0000-FFFFF write-protect
Jan 27 00:09:49 daemon kernel: [    0.001640] MTRR variable ranges enabled:
Jan 27 00:09:49 daemon kernel: [    0.001642]   0 base 00C0000000 mask FFC0000000 uncachable
Jan 27 00:09:49 daemon kernel: [    0.001642]   1 disabled
Jan 27 00:09:49 daemon kernel: [    0.001643]   2 disabled
Jan 27 00:09:49 daemon kernel: [    0.001643]   3 disabled
Jan 27 00:09:49 daemon kernel: [    0.001644]   4 disabled
Jan 27 00:09:49 daemon kernel: [    0.001644]   5 disabled
Jan 27 00:09:49 daemon kernel: [    0.001645]   6 disabled
Jan 27 00:09:49 daemon kernel: [    0.001645]   7 disabled
Jan 27 00:09:49 daemon kernel: [    0.001658] x86/PAT: Configuration [0-7]: WB  WC  UC- UC  WB  WP  UC- WT  
Jan 27 00:09:49 daemon kernel: [    0.004467] found SMP MP-table at [mem 0x000f5af0-0x000f5aff]
Jan 27 00:09:49 daemon kernel: [    0.004645] Using GB pages for direct mapping
Jan 27 00:09:49 daemon kernel: [    0.004733] RAMDISK: [mem 0x34f6d000-0x367adfff]
Jan 27 00:09:49 daemon kernel: [    0.004739] ACPI: Early table checksum verification disabled
Jan 27 00:09:49 daemon kernel: [    0.004784] ACPI: RSDP 0x00000000000F5920 000014 (v00 BOCHS )
Jan 27 00:09:49 daemon kernel: [    0.004792] ACPI: RSDT 0x000000007FFE20F4 000034 (v01 BOCHS  BXPCRSDT 00000001 BXPC 00000001)
Jan 27 00:09:49 daemon kernel: [    0.004799] ACPI: FACP 0x000000007FFE1F14 0000F4 (v03 BOCHS  BXPCFACP 00000001 BXPC 00000001)
Jan 27 00:09:49 daemon kernel: [    0.004804] ACPI: DSDT 0x000000007FFE0040 001ED4 (v01 BOCHS  BXPCDSDT 00000001 BXPC 00000001)
Jan 27 00:09:49 daemon kernel: [    0.004807] ACPI: FACS 0x000000007FFE0000 000040
Jan 27 00:09:49 daemon kernel: [    0.004810] ACPI: APIC 0x000000007FFE2008 000078 (v01 BOCHS  BXPCAPIC 00000001 BXPC 00000001)
Jan 27 00:09:49 daemon kernel: [    0.004813] ACPI: HPET 0x000000007FFE2080 000038 (v01 BOCHS  BXPCHPET 00000001 BXPC 00000001)
Jan 27 00:09:49 daemon kernel: [    0.004815] ACPI: MCFG 0x000000007FFE20B8 00003C (v01 BOCHS  BXPCMCFG 00000001 BXPC 00000001)
Jan 27 00:09:49 daemon kernel: [    0.004818] ACPI: Reserving FACP table memory at [mem 0x7ffe1f14-0x7ffe2007]
Jan 27 00:09:49 daemon kernel: [    0.004820] ACPI: Reserving DSDT table memory at [mem 0x7ffe0040-0x7ffe1f13]
Jan 27 00:09:49 daemon kernel: [    0.004821] ACPI: Reserving FACS table memory at [mem 0x7ffe0000-0x7ffe003f]
Jan 27 00:09:49 daemon kernel: [    0.004823] ACPI: Reserving APIC table memory at [mem 0x7ffe2008-0x7ffe207f]
Jan 27 00:09:49 daemon kernel: [    0.004824] ACPI: Reserving HPET table memory at [mem 0x7ffe2080-0x7ffe20b7]
Jan 27 00:09:49 daemon kernel: [    0.004825] ACPI: Reserving MCFG table memory at [mem 0x7ffe20b8-0x7ffe20f3]
Jan 27 00:09:49 daemon kernel: [    0.004863] ACPI: Local APIC address 0xfee00000
Jan 27 00:09:49 daemon kernel: [    0.005228] No NUMA configuration found
Jan 27 00:09:49 daemon kernel: [    0.005229] Faking a node at [mem 0x0000000000000000-0x000000007ffdbfff]
Jan 27 00:09:49 daemon kernel: [    0.005234] NODE_DATA(0) allocated [mem 0x7ffd7000-0x7ffdbfff]
Jan 27 00:09:49 daemon kernel: [    0.005469] Zone ranges:
Jan 27 00:09:49 daemon kernel: [    0.005471]   DMA      [mem 0x0000000000001000-0x0000000000ffffff]
Jan 27 00:09:49 daemon kernel: [    0.005473]   DMA32    [mem 0x0000000001000000-0x000000007ffdbfff]
Jan 27 00:09:49 daemon kernel: [    0.005474]   Normal   empty
Jan 27 00:09:49 daemon kernel: [    0.005475]   Device   empty
Jan 27 00:09:49 daemon kernel: [    0.005476] Movable zone start for each node
Jan 27 00:09:49 daemon kernel: [    0.005477] Early memory node ranges
Jan 27 00:09:49 daemon kernel: [    0.005478]   node   0: [mem 0x0000000000001000-0x000000000009efff]
Jan 27 00:09:49 daemon kernel: [    0.005479]   node   0: [mem 0x0000000000100000-0x000000007ffdbfff]
Jan 27 00:09:49 daemon kernel: [    0.005881] Zeroed struct page in unavailable ranges: 134 pages
Jan 27 00:09:49 daemon kernel: [    0.005882] Initmem setup node 0 [mem 0x0000000000001000-0x000000007ffdbfff]
Jan 27 00:09:49 daemon kernel: [    0.005885] On node 0 totalpages: 524154
Jan 27 00:09:49 daemon kernel: [    0.005886]   DMA zone: 64 pages used for memmap
Jan 27 00:09:49 daemon kernel: [    0.005887]   DMA zone: 21 pages reserved
Jan 27 00:09:49 daemon kernel: [    0.005888]   DMA zone: 3998 pages, LIFO batch:0
Jan 27 00:09:49 daemon kernel: [    0.005979]   DMA32 zone: 8128 pages used for memmap
Jan 27 00:09:49 daemon kernel: [    0.005980]   DMA32 zone: 520156 pages, LIFO batch:63
Jan 27 00:09:49 daemon kernel: [    0.018164] ACPI: PM-Timer IO Port: 0x608
Jan 27 00:09:49 daemon kernel: [    0.018170] ACPI: Local APIC address 0xfee00000
Jan 27 00:09:49 daemon kernel: [    0.018182] ACPI: LAPIC_NMI (acpi_id[0xff] dfl dfl lint[0x1])
Jan 27 00:09:49 daemon kernel: [    0.018210] IOAPIC[0]: apic_id 0, version 17, address 0xfec00000, GSI 0-23
Jan 27 00:09:49 daemon kernel: [    0.018213] ACPI: INT_SRC_OVR (bus 0 bus_irq 0 global_irq 2 dfl dfl)
Jan 27 00:09:49 daemon kernel: [    0.018215] ACPI: INT_SRC_OVR (bus 0 bus_irq 5 global_irq 5 high level)
Jan 27 00:09:49 daemon kernel: [    0.018216] ACPI: INT_SRC_OVR (bus 0 bus_irq 9 global_irq 9 high level)
Jan 27 00:09:49 daemon kernel: [    0.018218] ACPI: INT_SRC_OVR (bus 0 bus_irq 10 global_irq 10 high level)
Jan 27 00:09:49 daemon kernel: [    0.018219] ACPI: INT_SRC_OVR (bus 0 bus_irq 11 global_irq 11 high level)
Jan 27 00:09:49 daemon kernel: [    0.018220] ACPI: IRQ0 used by override.
Jan 27 00:09:49 daemon kernel: [    0.018221] ACPI: IRQ5 used by override.
Jan 27 00:09:49 daemon kernel: [    0.018222] ACPI: IRQ9 used by override.
Jan 27 00:09:49 daemon kernel: [    0.018222] ACPI: IRQ10 used by override.
Jan 27 00:09:49 daemon kernel: [    0.018223] ACPI: IRQ11 used by override.
Jan 27 00:09:49 daemon kernel: [    0.018224] Using ACPI (MADT) for SMP configuration information
Jan 27 00:09:49 daemon kernel: [    0.018226] ACPI: HPET id: 0x8086a201 base: 0xfed00000
Jan 27 00:09:49 daemon kernel: [    0.018231] TSC deadline timer available
Jan 27 00:09:49 daemon kernel: [    0.018235] smpboot: Allowing 1 CPUs, 0 hotplug CPUs
Jan 27 00:09:49 daemon kernel: [    0.018259] PM: Registered nosave memory: [mem 0x00000000-0x00000fff]
Jan 27 00:09:49 daemon kernel: [    0.018260] PM: Registered nosave memory: [mem 0x0009f000-0x0009ffff]
Jan 27 00:09:49 daemon kernel: [    0.018262] PM: Registered nosave memory: [mem 0x000a0000-0x000effff]
Jan 27 00:09:49 daemon kernel: [    0.018263] PM: Registered nosave memory: [mem 0x000f0000-0x000fffff]
Jan 27 00:09:49 daemon kernel: [    0.018265] [mem 0xc0000000-0xfed1bfff] available for PCI devices
Jan 27 00:09:49 daemon kernel: [    0.018266] Booting paravirtualized kernel on KVM
Jan 27 00:09:49 daemon kernel: [    0.018269] clocksource: refined-jiffies: mask: 0xffffffff max_cycles: 0xffffffff, max_idle_ns: 7645519600211568 ns
Jan 27 00:09:49 daemon kernel: [    0.134875] random: get_random_bytes called from start_kernel+0x93/0x52a with crng_init=0
Jan 27 00:09:49 daemon kernel: [    0.134886] setup_percpu: NR_CPUS:512 nr_cpumask_bits:512 nr_cpu_ids:1 nr_node_ids:1
Jan 27 00:09:49 daemon kernel: [    0.135243] percpu: Embedded 45 pages/cpu s144536 r8192 d31592 u2097152
Jan 27 00:09:49 daemon kernel: [    0.135249] pcpu-alloc: s144536 r8192 d31592 u2097152 alloc=1*2097152
Jan 27 00:09:49 daemon kernel: [    0.135250] pcpu-alloc: [0] 0 
Jan 27 00:09:49 daemon kernel: [    0.135272] KVM setup async PF for cpu 0
Jan 27 00:09:49 daemon kernel: [    0.135278] kvm-stealtime: cpu 0, msr 7da161c0
Jan 27 00:09:49 daemon kernel: [    0.135285] Built 1 zonelists, mobility grouping on.  Total pages: 515941
Jan 27 00:09:49 daemon kernel: [    0.135286] Policy zone: DMA32
Jan 27 00:09:49 daemon kernel: [    0.135289] Kernel command line: BOOT_IMAGE=/boot/vmlinuz-4.19.0-18-amd64 root=/dev/sda ro console=ttyS0,19200n8 net.ifnames=0
Jan 27 00:09:49 daemon kernel: [    0.135365] Calgary: detecting Calgary via BIOS EBDA area
Jan 27 00:09:49 daemon kernel: [    0.135366] Calgary: Unable to locate Rio Grande table in EBDA - bailing!
Jan 27 00:09:49 daemon kernel: [    0.141595] Memory: 2013832K/2096616K available (10252K kernel code, 1242K rwdata, 3332K rodata, 1596K init, 2260K bss, 82784K reserved, 0K cma-reserved)
Jan 27 00:09:49 daemon kernel: [    0.142066] SLUB: HWalign=64, Order=0-3, MinObjects=0, CPUs=1, Nodes=1
Jan 27 00:09:49 daemon kernel: [    0.142074] ftrace: allocating 32002 entries in 126 pages
Jan 27 00:09:49 daemon kernel: [    0.154868] rcu: Hierarchical RCU implementation.
Jan 27 00:09:49 daemon kernel: [    0.154871] rcu: 	RCU restricting CPUs from NR_CPUS=512 to nr_cpu_ids=1.
Jan 27 00:09:49 daemon kernel: [    0.154872] rcu: Adjusting geometry for rcu_fanout_leaf=16, nr_cpu_ids=1
Jan 27 00:09:49 daemon kernel: [    0.157541] NR_IRQS: 33024, nr_irqs: 256, preallocated irqs: 16
Jan 27 00:09:49 daemon kernel: [    0.174673] Console: colour VGA+ 80x25
Jan 27 00:09:49 daemon kernel: [    0.268911] console [ttyS0] enabled
Jan 27 00:09:49 daemon kernel: [    0.269491] ACPI: Core revision 20180810
Jan 27 00:09:49 daemon kernel: [    0.270397] clocksource: hpet: mask: 0xffffffff max_cycles: 0xffffffff, max_idle_ns: 19112604467 ns
Jan 27 00:09:49 daemon kernel: [    0.271820] hpet clockevent registered
Jan 27 00:09:49 daemon kernel: [    0.271847] APIC: Switch to symmetric I/O mode setup
Jan 27 00:09:49 daemon kernel: [    0.272783] x2apic enabled
Jan 27 00:09:49 daemon kernel: [    0.273428] Switched APIC routing to physical x2apic.
Jan 27 00:09:49 daemon kernel: [    0.274257] KVM setup pv IPIs
Jan 27 00:09:49 daemon kernel: [    0.276625] ..TIMER: vector=0x30 apic1=0 pin1=2 apic2=-1 pin2=-1
Jan 27 00:09:49 daemon kernel: [    0.277652] clocksource: tsc-early: mask: 0xffffffffffffffff max_cycles: 0x1fb63109b96, max_idle_ns: 440795265316 ns
Jan 27 00:09:49 daemon kernel: [    0.279360] Calibrating delay loop (skipped) preset value.. 4399.99 BogoMIPS (lpj=8799992)
Jan 27 00:09:49 daemon kernel: [    0.283355] pid_max: default: 32768 minimum: 301
Jan 27 00:09:49 daemon kernel: [    0.284114] Security Framework initialized
Jan 27 00:09:49 daemon kernel: [    0.284740] Yama: disabled by default; enable with sysctl kernel.yama.*
Jan 27 00:09:49 daemon kernel: [    0.285765] AppArmor: AppArmor initialized
Jan 27 00:09:49 daemon kernel: [    0.287467] Dentry cache hash table entries: 262144 (order: 9, 2097152 bytes)
Jan 27 00:09:49 daemon kernel: [    0.288883] Inode-cache hash table entries: 131072 (order: 8, 1048576 bytes)
Jan 27 00:09:49 daemon kernel: [    0.289977] Mount-cache hash table entries: 4096 (order: 3, 32768 bytes)
Jan 27 00:09:49 daemon kernel: [    0.291033] Mountpoint-cache hash table entries: 4096 (order: 3, 32768 bytes)
Jan 27 00:09:49 daemon kernel: [    0.291679] Last level iTLB entries: 4KB 512, 2MB 255, 4MB 127
Jan 27 00:09:49 daemon kernel: [    0.292678] Last level dTLB entries: 4KB 512, 2MB 255, 4MB 127, 1GB 0
Jan 27 00:09:49 daemon kernel: [    0.293675] Spectre V1 : Mitigation: usercopy/swapgs barriers and __user pointer sanitization
Jan 27 00:09:49 daemon kernel: [    0.295354] Spectre V2 : Mitigation: Full AMD retpoline
Jan 27 00:09:49 daemon kernel: [    0.296166] Spectre V2 : Spectre v2 / SpectreRSB mitigation: Filling RSB on context switch
Jan 27 00:09:49 daemon kernel: [    0.297442] Spectre V2 : mitigation: Enabling conditional Indirect Branch Prediction Barrier
Jan 27 00:09:49 daemon kernel: [    0.299353] Speculative Store Bypass: Mitigation: Speculative Store Bypass disabled via prctl and seccomp
Jan 27 00:09:49 daemon kernel: [    0.305105] Freeing SMP alternatives memory: 24K
Jan 27 00:09:49 daemon kernel: [    0.307476] smpboot: CPU0: AMD EPYC 7601 32-Core Processor (family: 0x17, model: 0x1, stepping: 0x2)
Jan 27 00:09:49 daemon kernel: [    0.308882] Performance Events: Fam17h core perfctr, AMD PMU driver.
Jan 27 00:09:49 daemon kernel: [    0.309815] ... version:                0
Jan 27 00:09:49 daemon kernel: [    0.310394] ... bit width:              48
Jan 27 00:09:49 daemon kernel: [    0.310984] ... generic registers:      6
Jan 27 00:09:49 daemon kernel: [    0.311357] ... value mask:             0000ffffffffffff
Jan 27 00:09:49 daemon kernel: [    0.312134] ... max period:             00007fffffffffff
Jan 27 00:09:49 daemon kernel: [    0.312907] ... fixed-purpose events:   0
Jan 27 00:09:49 daemon kernel: [    0.313516] ... event mask:             000000000000003f
Jan 27 00:09:49 daemon kernel: [    0.314343] rcu: Hierarchical SRCU implementation.
Jan 27 00:09:49 daemon kernel: [    0.315443] random: crng done (trusting CPU's manufacturer)
Jan 27 00:09:49 daemon kernel: [    0.316326] smp: Bringing up secondary CPUs ...
Jan 27 00:09:49 daemon kernel: [    0.316998] smp: Brought up 1 node, 1 CPU
Jan 27 00:09:49 daemon kernel: [    0.317581] smpboot: Max logical packages: 1
Jan 27 00:09:49 daemon kernel: [    0.318221] smpboot: Total of 1 processors activated (4399.99 BogoMIPS)
Jan 27 00:09:49 daemon kernel: [    0.319517] devtmpfs: initialized
Jan 27 00:09:49 daemon kernel: [    0.320085] x86/mm: Memory block size: 128MB
Jan 27 00:09:49 daemon kernel: [    0.321038] clocksource: jiffies: mask: 0xffffffff max_cycles: 0xffffffff, max_idle_ns: 7645041785100000 ns
Jan 27 00:09:49 daemon kernel: [    0.322525] futex hash table entries: 256 (order: 2, 16384 bytes)
Jan 27 00:09:49 daemon kernel: [    0.323393] pinctrl core: initialized pinctrl subsystem
Jan 27 00:09:49 daemon kernel: [    0.324297] NET: Registered protocol family 16
Jan 27 00:09:49 daemon kernel: [    0.325014] audit: initializing netlink subsys (disabled)
Jan 27 00:09:49 daemon kernel: [    0.325894] cpuidle: using governor ladder
Jan 27 00:09:49 daemon kernel: [    0.326575] cpuidle: using governor menu
Jan 27 00:09:49 daemon kernel: [    0.327778] KVM setup pv remote TLB flush
Jan 27 00:09:49 daemon kernel: [    0.328450] ACPI: bus type PCI registered
Jan 27 00:09:49 daemon kernel: [    0.329109] acpiphp: ACPI Hot Plug PCI Controller Driver version: 0.5
Jan 27 00:09:49 daemon kernel: [    0.330256] PCI: MMCONFIG for domain 0000 [bus 00-ff] at [mem 0xb0000000-0xbfffffff] (base 0xb0000000)
Jan 27 00:09:49 daemon kernel: [    0.331364] audit: type=2000 audit(1643234986.225:1): state=initialized audit_enabled=0 res=1
Jan 27 00:09:49 daemon kernel: [    0.332751] PCI: MMCONFIG at [mem 0xb0000000-0xbfffffff] reserved in E820
Jan 27 00:09:49 daemon kernel: [    0.333846] PCI: Using configuration type 1 for base access
Jan 27 00:09:49 daemon kernel: [    0.335484] HugeTLB registered 1.00 GiB page size, pre-allocated 0 pages
Jan 27 00:09:49 daemon kernel: [    0.336512] HugeTLB registered 2.00 MiB page size, pre-allocated 0 pages
Jan 27 00:09:49 daemon kernel: [    0.337716] ACPI: Added _OSI(Module Device)
Jan 27 00:09:49 daemon kernel: [    0.338365] ACPI: Added _OSI(Processor Device)
Jan 27 00:09:49 daemon kernel: [    0.339045] ACPI: Added _OSI(3.0 _SCP Extensions)
Jan 27 00:09:49 daemon kernel: [    0.339358] ACPI: Added _OSI(Processor Aggregator Device)
Jan 27 00:09:49 daemon kernel: [    0.340191] ACPI: Added _OSI(Linux-Dell-Video)
Jan 27 00:09:49 daemon kernel: [    0.340872] ACPI: Added _OSI(Linux-Lenovo-NV-HDMI-Audio)
Jan 27 00:09:49 daemon kernel: [    0.342695] ACPI: 1 ACPI AML tables successfully acquired and loaded
Jan 27 00:09:49 daemon kernel: [    0.345148] ACPI: Interpreter enabled
Jan 27 00:09:49 daemon kernel: [    0.345748] ACPI: (supports S0 S3 S4 S5)
Jan 27 00:09:49 daemon kernel: [    0.346353] ACPI: Using IOAPIC for interrupt routing
Jan 27 00:09:49 daemon kernel: [    0.347138] PCI: Using host bridge windows from ACPI; if necessary, use "pci=nocrs" and report a bug
Jan 27 00:09:49 daemon kernel: [    0.347444] ACPI: Enabled 1 GPEs in block 00 to 3F
Jan 27 00:09:49 daemon kernel: [    0.349914] ACPI: PCI Root Bridge [PCI0] (domain 0000 [bus 00-ff])
Jan 27 00:09:49 daemon kernel: [    0.350948] acpi PNP0A08:00: _OSC: OS supports [ExtendedConfig ASPM ClockPM Segments MSI]
Jan 27 00:09:49 daemon kernel: [    0.351437] acpi PNP0A08:00: _OSC: platform does not support [LTR]
Jan 27 00:09:49 daemon kernel: [    0.352438] acpi PNP0A08:00: _OSC: OS now controls [PCIeHotplug SHPCHotplug PME AER PCIeCapability]
Jan 27 00:09:49 daemon kernel: [    0.353933] PCI host bridge to bus 0000:00
Jan 27 00:09:49 daemon kernel: [    0.354562] pci_bus 0000:00: root bus resource [io  0x0000-0x0cf7 window]
Jan 27 00:09:49 daemon kernel: [    0.355356] pci_bus 0000:00: root bus resource [io  0x0d00-0xffff window]
Jan 27 00:09:49 daemon kernel: [    0.356383] pci_bus 0000:00: root bus resource [mem 0x000a0000-0x000bffff window]
Jan 27 00:09:49 daemon kernel: [    0.357526] pci_bus 0000:00: root bus resource [mem 0x80000000-0xafffffff window]
Jan 27 00:09:49 daemon kernel: [    0.358684] pci_bus 0000:00: root bus resource [mem 0xc0000000-0xfebfffff window]
Jan 27 00:09:49 daemon kernel: [    0.359357] pci_bus 0000:00: root bus resource [mem 0x100000000-0x8ffffffff window]
Jan 27 00:09:49 daemon kernel: [    0.360536] pci_bus 0000:00: root bus resource [bus 00-ff]
Jan 27 00:09:49 daemon kernel: [    0.361421] pci 0000:00:00.0: [8086:29c0] type 00 class 0x060000
Jan 27 00:09:49 daemon kernel: [    0.361838] pci 0000:00:01.0: [1234:1111] type 00 class 0x030000
Jan 27 00:09:49 daemon kernel: [    0.363923] pci 0000:00:01.0: reg 0x10: [mem 0xfd000000-0xfdffffff pref]
Jan 27 00:09:49 daemon kernel: [    0.366226] pci 0000:00:01.0: reg 0x18: [mem 0xfebd0000-0xfebd0fff]
Jan 27 00:09:49 daemon kernel: [    0.370897] pci 0000:00:01.0: reg 0x30: [mem 0xfebc0000-0xfebcffff pref]
Jan 27 00:09:49 daemon kernel: [    0.371110] pci 0000:00:02.0: [1af4:1004] type 00 class 0x010000
Jan 27 00:09:49 daemon kernel: [    0.373572] pci 0000:00:02.0: reg 0x10: [io  0xc000-0xc03f]
Jan 27 00:09:49 daemon kernel: [    0.375247] pci 0000:00:02.0: reg 0x14: [mem 0xfebd1000-0xfebd1fff]
Jan 27 00:09:49 daemon kernel: [    0.379363] pci 0000:00:02.0: reg 0x20: [mem 0xfe000000-0xfe003fff 64bit pref]
Jan 27 00:09:49 daemon kernel: [    0.381406] pci 0000:00:03.0: [1af4:1004] type 00 class 0x010000
Jan 27 00:09:49 daemon kernel: [    0.384236] pci 0000:00:03.0: reg 0x10: [io  0xc040-0xc07f]
Jan 27 00:09:49 daemon kernel: [    0.385861] pci 0000:00:03.0: reg 0x14: [mem 0xfebd2000-0xfebd2fff]
Jan 27 00:09:49 daemon kernel: [    0.390448] pci 0000:00:03.0: reg 0x20: [mem 0xfe004000-0xfe007fff 64bit pref]
Jan 27 00:09:49 daemon kernel: [    0.391851] pci 0000:00:04.0: [1af4:1000] type 00 class 0x020000
Jan 27 00:09:49 daemon kernel: [    0.393443] pci 0000:00:04.0: reg 0x10: [io  0xc080-0xc0bf]
Jan 27 00:09:49 daemon kernel: [    0.395363] pci 0000:00:04.0: reg 0x14: [mem 0xfebd3000-0xfebd3fff]
Jan 27 00:09:49 daemon kernel: [    0.400033] pci 0000:00:04.0: reg 0x20: [mem 0xfe008000-0xfe00bfff 64bit pref]
Jan 27 00:09:49 daemon kernel: [    0.401375] pci 0000:00:04.0: reg 0x30: [mem 0xfeb80000-0xfebbffff pref]
Jan 27 00:09:49 daemon kernel: [    0.401981] pci 0000:00:1f.0: [8086:2918] type 00 class 0x060100
Jan 27 00:09:49 daemon kernel: [    0.402362] pci 0000:00:1f.0: quirk: [io  0x0600-0x067f] claimed by ICH6 ACPI/GPIO/TCO
Jan 27 00:09:49 daemon kernel: [    0.403536] pci 0000:00:1f.2: [8086:2922] type 00 class 0x010601
Jan 27 00:09:49 daemon kernel: [    0.409780] pci 0000:00:1f.2: reg 0x20: [io  0xc100-0xc11f]
Jan 27 00:09:49 daemon kernel: [    0.410676] pci 0000:00:1f.2: reg 0x24: [mem 0xfebd4000-0xfebd4fff]
Jan 27 00:09:49 daemon kernel: [    0.411650] pci 0000:00:1f.3: [8086:2930] type 00 class 0x0c0500
Jan 27 00:09:49 daemon kernel: [    0.414155] pci 0000:00:1f.3: reg 0x20: [io  0x0700-0x073f]
Jan 27 00:09:49 daemon kernel: [    0.415762] ACPI: PCI Interrupt Link [LNKA] (IRQs 5 *10 11)
Jan 27 00:09:49 daemon kernel: [    0.416651] ACPI: PCI Interrupt Link [LNKB] (IRQs 5 *10 11)
Jan 27 00:09:49 daemon kernel: [    0.418840] ACPI: PCI Interrupt Link [LNKC] (IRQs 5 10 *11)
Jan 27 00:09:49 daemon kernel: [    0.419426] ACPI: PCI Interrupt Link [LNKD] (IRQs 5 10 *11)
Jan 27 00:09:49 daemon kernel: [    0.420283] ACPI: PCI Interrupt Link [LNKE] (IRQs 5 *10 11)
Jan 27 00:09:49 daemon kernel: [    0.421133] ACPI: PCI Interrupt Link [LNKF] (IRQs 5 *10 11)
Jan 27 00:09:49 daemon kernel: [    0.421970] ACPI: PCI Interrupt Link [LNKG] (IRQs 5 10 *11)
Jan 27 00:09:49 daemon kernel: [    0.422797] ACPI: PCI Interrupt Link [LNKH] (IRQs 5 10 *11)
Jan 27 00:09:49 daemon kernel: [    0.423385] ACPI: PCI Interrupt Link [GSIA] (IRQs *16)
Jan 27 00:09:49 daemon kernel: [    0.424134] ACPI: PCI Interrupt Link [GSIB] (IRQs *17)
Jan 27 00:09:49 daemon kernel: [    0.424938] ACPI: PCI Interrupt Link [GSIC] (IRQs *18)
Jan 27 00:09:49 daemon kernel: [    0.425838] ACPI: PCI Interrupt Link [GSID] (IRQs *19)
Jan 27 00:09:49 daemon kernel: [    0.426619] ACPI: PCI Interrupt Link [GSIE] (IRQs *20)
Jan 27 00:09:49 daemon kernel: [    0.427367] ACPI: PCI Interrupt Link [GSIF] (IRQs *21)
Jan 27 00:09:49 daemon kernel: [    0.428160] ACPI: PCI Interrupt Link [GSIG] (IRQs *22)
Jan 27 00:09:49 daemon kernel: [    0.429163] ACPI: PCI Interrupt Link [GSIH] (IRQs *23)
Jan 27 00:09:49 daemon kernel: [    0.430290] pci 0000:00:01.0: vgaarb: setting as boot VGA device
Jan 27 00:09:49 daemon kernel: [    0.431195] pci 0000:00:01.0: vgaarb: VGA device added: decodes=io+mem,owns=io+mem,locks=none
Jan 27 00:09:49 daemon kernel: [    0.431357] pci 0000:00:01.0: vgaarb: bridge control possible
Jan 27 00:09:49 daemon kernel: [    0.432174] vgaarb: loaded
Jan 27 00:09:49 daemon kernel: [    0.432615] pps_core: LinuxPPS API ver. 1 registered
Jan 27 00:09:49 daemon kernel: [    0.433345] pps_core: Software ver. 5.3.6 - Copyright 2005-2007 Rodolfo Giometti <giometti@linux.it>
Jan 27 00:09:49 daemon kernel: [    0.434620] PTP clock support registered
Jan 27 00:09:49 daemon kernel: [    0.435190] EDAC MC: Ver: 3.0.0
Jan 27 00:09:49 daemon kernel: [    0.435556] PCI: Using ACPI for IRQ routing
Jan 27 00:09:49 daemon kernel: [    0.483772] PCI: pci_cache_line_size set to 64 bytes
Jan 27 00:09:49 daemon kernel: [    0.483888] e820: reserve RAM buffer [mem 0x0009fc00-0x0009ffff]
Jan 27 00:09:49 daemon kernel: [    0.483890] e820: reserve RAM buffer [mem 0x7ffdc000-0x7fffffff]
Jan 27 00:09:49 daemon kernel: [    0.484124] hpet0: at MMIO 0xfed00000, IRQs 2, 8, 0
Jan 27 00:09:49 daemon kernel: [    0.484929] hpet0: 3 comparators, 64-bit 100.000000 MHz counter
Jan 27 00:09:49 daemon kernel: [    0.492405] clocksource: Switched to clocksource kvm-clock
Jan 27 00:09:49 daemon kernel: [    0.501576] VFS: Disk quotas dquot_6.6.0
Jan 27 00:09:49 daemon kernel: [    0.502264] VFS: Dquot-cache hash table entries: 512 (order 0, 4096 bytes)
Jan 27 00:09:49 daemon kernel: [    0.503420] AppArmor: AppArmor Filesystem Enabled
Jan 27 00:09:49 daemon kernel: [    0.504118] pnp: PnP ACPI init
Jan 27 00:09:49 daemon kernel: [    0.504605] pnp 00:00: Plug and Play ACPI device, IDs PNP0b00 (active)
Jan 27 00:09:49 daemon kernel: [    0.504633] pnp 00:01: Plug and Play ACPI device, IDs PNP0303 (active)
Jan 27 00:09:49 daemon kernel: [    0.504653] pnp 00:02: Plug and Play ACPI device, IDs PNP0f13 (active)
Jan 27 00:09:49 daemon kernel: [    0.504721] pnp 00:03: Plug and Play ACPI device, IDs PNP0501 (active)
Jan 27 00:09:49 daemon kernel: [    0.504935] pnp: PnP ACPI: found 4 devices
Jan 27 00:09:49 daemon kernel: [    0.511143] clocksource: acpi_pm: mask: 0xffffff max_cycles: 0xffffff, max_idle_ns: 2085701024 ns
Jan 27 00:09:49 daemon kernel: [    0.512429] pci_bus 0000:00: resource 4 [io  0x0000-0x0cf7 window]
Jan 27 00:09:49 daemon kernel: [    0.512431] pci_bus 0000:00: resource 5 [io  0x0d00-0xffff window]
Jan 27 00:09:49 daemon kernel: [    0.512432] pci_bus 0000:00: resource 6 [mem 0x000a0000-0x000bffff window]
Jan 27 00:09:49 daemon kernel: [    0.512433] pci_bus 0000:00: resource 7 [mem 0x80000000-0xafffffff window]
Jan 27 00:09:49 daemon kernel: [    0.512434] pci_bus 0000:00: resource 8 [mem 0xc0000000-0xfebfffff window]
Jan 27 00:09:49 daemon kernel: [    0.512435] pci_bus 0000:00: resource 9 [mem 0x100000000-0x8ffffffff window]
Jan 27 00:09:49 daemon kernel: [    0.512477] NET: Registered protocol family 2
Jan 27 00:09:49 daemon kernel: [    0.513157] IP idents hash table entries: 32768 (order: 6, 262144 bytes)
Jan 27 00:09:49 daemon kernel: [    0.514470] tcp_listen_portaddr_hash hash table entries: 1024 (order: 2, 16384 bytes)
Jan 27 00:09:49 daemon kernel: [    0.515785] TCP established hash table entries: 16384 (order: 5, 131072 bytes)
Jan 27 00:09:49 daemon kernel: [    0.517035] TCP bind hash table entries: 16384 (order: 6, 262144 bytes)
Jan 27 00:09:49 daemon kernel: [    0.518233] TCP: Hash tables configured (established 16384 bind 16384)
Jan 27 00:09:49 daemon kernel: [    0.519252] UDP hash table entries: 1024 (order: 3, 32768 bytes)
Jan 27 00:09:49 daemon kernel: [    0.520224] UDP-Lite hash table entries: 1024 (order: 3, 32768 bytes)
Jan 27 00:09:49 daemon kernel: [    0.521251] NET: Registered protocol family 1
Jan 27 00:09:49 daemon kernel: [    0.521920] NET: Registered protocol family 44
Jan 27 00:09:49 daemon kernel: [    0.522626] pci 0000:00:01.0: Video device with shadowed ROM at [mem 0x000c0000-0x000dffff]
Jan 27 00:09:49 daemon kernel: [    0.523983] PCI: CLS 0 bytes, default 64
Jan 27 00:09:49 daemon kernel: [    0.524026] Unpacking initramfs...
Jan 27 00:09:49 daemon kernel: [    0.935676] Freeing initrd memory: 24836K
Jan 27 00:09:49 daemon kernel: [    0.936421] clocksource: tsc: mask: 0xffffffffffffffff max_cycles: 0x1fb63109b96, max_idle_ns: 440795265316 ns
Jan 27 00:09:49 daemon kernel: [    0.938327] Initialise system trusted keyrings
Jan 27 00:09:49 daemon kernel: [    0.938958] Key type blacklist registered
Jan 27 00:09:49 daemon kernel: [    0.939578] workingset: timestamp_bits=40 max_order=19 bucket_order=0
Jan 27 00:09:49 daemon kernel: [    0.941496] zbud: loaded
Jan 27 00:09:49 daemon kernel: [    1.068877] Key type asymmetric registered
Jan 27 00:09:49 daemon kernel: [    1.069501] Asymmetric key parser 'x509' registered
Jan 27 00:09:49 daemon kernel: [    1.070203] Block layer SCSI generic (bsg) driver version 0.4 loaded (major 247)
Jan 27 00:09:49 daemon kernel: [    1.071292] io scheduler noop registered
Jan 27 00:09:49 daemon kernel: [    1.071884] io scheduler deadline registered
Jan 27 00:09:49 daemon kernel: [    1.072554] io scheduler cfq registered (default)
Jan 27 00:09:49 daemon kernel: [    1.073208] io scheduler mq-deadline registered
Jan 27 00:09:49 daemon kernel: [    1.074025] shpchp: Standard Hot Plug PCI Controller Driver version: 0.4
Jan 27 00:09:49 daemon kernel: [    1.075136] Serial: 8250/16550 driver, 4 ports, IRQ sharing enabled
Jan 27 00:09:49 daemon kernel: [    1.100068] 00:03: ttyS0 at I/O 0x3f8 (irq = 4, base_baud = 115200) is a 16550A
Jan 27 00:09:49 daemon kernel: [    1.102071] Linux agpgart interface v0.103
Jan 27 00:09:49 daemon kernel: [    1.103054] AMD IOMMUv2 driver by Joerg Roedel <jroedel@suse.de>
Jan 27 00:09:49 daemon kernel: [    1.104334] AMD IOMMUv2 functionality not available on this system
Jan 27 00:09:49 daemon kernel: [    1.105636] i8042: PNP: PS/2 Controller [PNP0303:KBD,PNP0f13:MOU] at 0x60,0x64 irq 1,12
Jan 27 00:09:49 daemon kernel: [    1.107593] serio: i8042 KBD port at 0x60,0x64 irq 1
Jan 27 00:09:49 daemon kernel: [    1.108362] serio: i8042 AUX port at 0x60,0x64 irq 12
Jan 27 00:09:49 daemon kernel: [    1.109458] mousedev: PS/2 mouse device common for all mice
Jan 27 00:09:49 daemon kernel: [    1.110564] input: AT Translated Set 2 keyboard as /devices/platform/i8042/serio0/input/input0
Jan 27 00:09:49 daemon kernel: [    1.112186] rtc_cmos 00:00: RTC can wake from S4
Jan 27 00:09:49 daemon kernel: [    1.113267] rtc_cmos 00:00: registered as rtc0
Jan 27 00:09:49 daemon kernel: [    1.113930] rtc_cmos 00:00: alarms up to one day, y3k, 114 bytes nvram, hpet irqs
Jan 27 00:09:49 daemon kernel: [    1.115022] ledtrig-cpu: registered to indicate activity on CPUs
Jan 27 00:09:49 daemon kernel: [    1.116128] NET: Registered protocol family 10
Jan 27 00:09:49 daemon kernel: [    1.121791] Segment Routing with IPv6
Jan 27 00:09:49 daemon kernel: [    1.122404] mip6: Mobile IPv6
Jan 27 00:09:49 daemon kernel: [    1.122849] NET: Registered protocol family 17
Jan 27 00:09:49 daemon kernel: [    1.123576] mpls_gso: MPLS GSO support
Jan 27 00:09:49 daemon kernel: [    1.124203] mce: Using 10 MCE banks
Jan 27 00:09:49 daemon kernel: [    1.124813] sched_clock: Marking stable (1005926237, 117611011)->(1132585929, -9048681)
Jan 27 00:09:49 daemon kernel: [    1.126061] registered taskstats version 1
Jan 27 00:09:49 daemon kernel: [    1.126688] Loading compiled-in X.509 certificates
Jan 27 00:09:49 daemon kernel: [    1.157158] Loaded X.509 cert 'Debian Secure Boot CA: 6ccece7e4c6c0d1f6149f3dd27dfcc5cbb419ea1'
Jan 27 00:09:49 daemon kernel: [    1.158431] Loaded X.509 cert 'Debian Secure Boot Signer 2021 - linux: 4b6ef5abca669825178e052c84667ccbc0531f8c'
Jan 27 00:09:49 daemon kernel: [    1.159928] zswap: loaded using pool lzo/zbud
Jan 27 00:09:49 daemon kernel: [    1.160602] AppArmor: AppArmor sha1 policy hashing enabled
Jan 27 00:09:49 daemon kernel: [    1.161701] rtc_cmos 00:00: setting system clock to 2022-01-26 22:09:46 UTC (1643234986)
Jan 27 00:09:49 daemon kernel: [    1.164720] Freeing unused kernel image memory: 1596K
Jan 27 00:09:49 daemon kernel: [    1.175401] Write protecting the kernel read-only data: 16384k
Jan 27 00:09:49 daemon kernel: [    1.176697] Freeing unused kernel image memory: 2028K
Jan 27 00:09:49 daemon kernel: [    1.177549] Freeing unused kernel image memory: 764K
Jan 27 00:09:49 daemon kernel: [    1.186547] x86/mm: Checked W+X mappings: passed, no W+X pages found.
Jan 27 00:09:49 daemon kernel: [    1.187509] Run /init as init process
Jan 27 00:09:49 daemon kernel: [    1.250798] lpc_ich 0000:00:1f.0: I/O space for GPIO uninitialized
Jan 27 00:09:49 daemon kernel: [    1.259585] PCI Interrupt Link [GSIA] enabled at IRQ 16
Jan 27 00:09:49 daemon kernel: [    1.260456] i801_smbus 0000:00:1f.3: SMBus using PCI interrupt
Jan 27 00:09:49 daemon kernel: [    1.272288] cryptd: max_cpu_qlen set to 1000
Jan 27 00:09:49 daemon kernel: [    1.276835] PCI Interrupt Link [GSIG] enabled at IRQ 22
Jan 27 00:09:49 daemon kernel: [    1.279136] PCI Interrupt Link [GSIH] enabled at IRQ 23
Jan 27 00:09:49 daemon kernel: [    1.295779] SCSI subsystem initialized
Jan 27 00:09:49 daemon kernel: [    1.297979] PCI Interrupt Link [GSIE] enabled at IRQ 20
Jan 27 00:09:49 daemon kernel: [    1.300578] input: VirtualPS/2 VMware VMMouse as /devices/platform/i8042/serio1/input/input3
Jan 27 00:09:49 daemon kernel: [    1.302026] input: VirtualPS/2 VMware VMMouse as /devices/platform/i8042/serio1/input/input2
Jan 27 00:09:49 daemon kernel: [    1.310538] AVX2 version of gcm_enc/dec engaged.
Jan 27 00:09:49 daemon kernel: [    1.311259] AES CTR mode by8 optimization enabled
Jan 27 00:09:49 daemon kernel: [    1.329895] scsi host0: Virtio SCSI HBA
Jan 27 00:09:49 daemon kernel: [    1.331874] scsi 0:0:0:0: Direct-Access     QEMU     QEMU HARDDISK    2.5+ PQ: 0 ANSI: 5
Jan 27 00:09:49 daemon kernel: [    1.353872] scsi host1: Virtio SCSI HBA
Jan 27 00:09:49 daemon kernel: [    1.358553] scsi 1:0:1:2: Direct-Access     QEMU     QEMU HARDDISK    2.5+ PQ: 0 ANSI: 5
Jan 27 00:09:49 daemon kernel: [    1.365164] libata version 3.00 loaded.
Jan 27 00:09:49 daemon kernel: [    1.384585] ahci 0000:00:1f.2: version 3.0
Jan 27 00:09:49 daemon kernel: [    1.385984] ahci 0000:00:1f.2: AHCI 0001.0000 32 slots 6 ports 1.5 Gbps 0x3f impl SATA mode
Jan 27 00:09:49 daemon kernel: [    1.387789] ahci 0000:00:1f.2: flags: 64bit ncq only 
Jan 27 00:09:49 daemon kernel: [    1.415510] scsi host2: ahci
Jan 27 00:09:49 daemon kernel: [    1.421577] scsi host3: ahci
Jan 27 00:09:49 daemon kernel: [    1.432151] scsi host4: ahci
Jan 27 00:09:49 daemon kernel: [    1.438693] scsi host5: ahci
Jan 27 00:09:49 daemon kernel: [    1.443485] scsi host6: ahci
Jan 27 00:09:49 daemon kernel: [    1.450556] scsi host7: ahci
Jan 27 00:09:49 daemon kernel: [    1.451239] ata1: SATA max UDMA/133 abar m4096@0xfebd4000 port 0xfebd4100 irq 32
Jan 27 00:09:49 daemon kernel: [    1.452480] ata2: SATA max UDMA/133 abar m4096@0xfebd4000 port 0xfebd4180 irq 32
Jan 27 00:09:49 daemon kernel: [    1.453612] ata3: SATA max UDMA/133 abar m4096@0xfebd4000 port 0xfebd4200 irq 32
Jan 27 00:09:49 daemon kernel: [    1.454756] ata4: SATA max UDMA/133 abar m4096@0xfebd4000 port 0xfebd4280 irq 32
Jan 27 00:09:49 daemon kernel: [    1.455904] ata5: SATA max UDMA/133 abar m4096@0xfebd4000 port 0xfebd4300 irq 32
Jan 27 00:09:49 daemon kernel: [    1.457033] ata6: SATA max UDMA/133 abar m4096@0xfebd4000 port 0xfebd4380 irq 32
Jan 27 00:09:49 daemon kernel: [    1.512342] sd 0:0:0:0: Power-on or device reset occurred
Jan 27 00:09:49 daemon kernel: [    1.514051] sd 0:0:0:0: [sda] 103809024 512-byte logical blocks: (53.2 GB/49.5 GiB)
Jan 27 00:09:49 daemon kernel: [    1.515582] sd 0:0:0:0: [sda] Write Protect is off
Jan 27 00:09:49 daemon kernel: [    1.516427] sd 0:0:0:0: [sda] Mode Sense: 63 00 00 08
Jan 27 00:09:49 daemon kernel: [    1.518417] sd 0:0:0:0: [sda] Write cache: enabled, read cache: enabled, doesn't support DPO or FUA
Jan 27 00:09:49 daemon kernel: [    1.520139] sd 1:0:1:2: Power-on or device reset occurred
Jan 27 00:09:49 daemon kernel: [    1.521875] sd 1:0:1:2: [sdb] 1048576 512-byte logical blocks: (537 MB/512 MiB)
Jan 27 00:09:49 daemon kernel: [    1.523397] sd 1:0:1:2: [sdb] Write Protect is off
Jan 27 00:09:49 daemon kernel: [    1.524227] sd 1:0:1:2: [sdb] Mode Sense: 63 00 00 08
Jan 27 00:09:49 daemon kernel: [    1.526119] sd 1:0:1:2: [sdb] Write cache: enabled, read cache: enabled, doesn't support DPO or FUA
Jan 27 00:09:49 daemon kernel: [    1.531900] sd 1:0:1:2: [sdb] Attached SCSI disk
Jan 27 00:09:49 daemon kernel: [    1.532950] sd 0:0:0:0: [sda] Attached SCSI disk
Jan 27 00:09:49 daemon kernel: [    1.778561] ata1: SATA link down (SStatus 0 SControl 300)
Jan 27 00:09:49 daemon kernel: [    1.779593] ata2: SATA link down (SStatus 0 SControl 300)
Jan 27 00:09:49 daemon kernel: [    1.780550] ata3: SATA link down (SStatus 0 SControl 300)
Jan 27 00:09:49 daemon kernel: [    1.782024] ata5: SATA link down (SStatus 0 SControl 300)
Jan 27 00:09:49 daemon kernel: [    1.782929] ata4: SATA link down (SStatus 0 SControl 300)
Jan 27 00:09:49 daemon kernel: [    1.786621] ata6: SATA link down (SStatus 0 SControl 300)
Jan 27 00:09:49 daemon kernel: [    1.945677] EXT4-fs (sda): mounted filesystem with ordered data mode. Opts: (null)
Jan 27 00:09:49 daemon kernel: [    2.587626] EXT4-fs (sda): re-mounted. Opts: errors=remount-ro
Jan 27 00:09:49 daemon kernel: [    2.736913] loop: module loaded
Jan 27 00:09:49 daemon kernel: [    2.800701] squashfs: version 4.0 (2009/01/31) Phillip Lougher
Jan 27 00:09:49 daemon kernel: [    2.838166] input: Power Button as /devices/LNXSYSTM:00/LNXPWRBN:00/input/input4
Jan 27 00:09:49 daemon kernel: [    2.862659] ACPI: Power Button [PWRF]
Jan 27 00:09:49 daemon kernel: [    2.899965] iTCO_vendor_support: vendor-support=0
Jan 27 00:09:49 daemon kernel: [    2.901464] sd 0:0:0:0: Attached scsi generic sg0 type 0
Jan 27 00:09:49 daemon kernel: [    2.907773] iTCO_wdt: Intel TCO WatchDog Timer Driver v1.11
Jan 27 00:09:49 daemon kernel: [    2.908822] iTCO_wdt: Found a ICH9 TCO device (Version=2, TCOBASE=0x0660)
Jan 27 00:09:49 daemon kernel: [    2.931907] sd 1:0:1:2: Attached scsi generic sg1 type 0
Jan 27 00:09:49 daemon kernel: [    2.954801] iTCO_wdt: initialized. heartbeat=30 sec (nowayout=0)
Jan 27 00:09:49 daemon kernel: [    2.964134] input: PC Speaker as /devices/platform/pcspkr/input/input5
Jan 27 00:09:49 daemon kernel: [    3.148403] Decoding supported only on Scalable MCA processors.
Jan 27 00:09:49 daemon kernel: [    3.152306] audit: type=1400 audit(1643234988.488:2): apparmor="STATUS" operation="profile_load" profile="unconfined" name="/usr/lib/snapd/snap-confine" pid=328 comm="apparmor_parser"
Jan 27 00:09:49 daemon kernel: [    3.155087] audit: type=1400 audit(1643234988.488:3): apparmor="STATUS" operation="profile_load" profile="unconfined" name="/usr/lib/snapd/snap-confine//mount-namespace-capture-helper" pid=328 comm="apparmor_parser"
Jan 27 00:09:49 daemon kernel: [    3.205271] audit: type=1400 audit(1643234988.540:4): apparmor="STATUS" operation="profile_load" profile="unconfined" name="nvidia_modprobe" pid=339 comm="apparmor_parser"
Jan 27 00:09:49 daemon kernel: [    3.208907] [drm] Found bochs VGA, ID 0xb0c0.
Jan 27 00:09:49 daemon kernel: [    3.209611] [drm] Framebuffer size 16384 kB @ 0xfd000000, mmio @ 0xfebd0000.
Jan 27 00:09:49 daemon kernel: [    3.219412] audit: type=1400 audit(1643234988.540:5): apparmor="STATUS" operation="profile_load" profile="unconfined" name="nvidia_modprobe//kmod" pid=339 comm="apparmor_parser"
Jan 27 00:09:49 daemon kernel: [    3.220142] [TTM] Zone  kernel: Available graphics memory: 1021540 kiB
Jan 27 00:09:49 daemon kernel: [    3.220143] [TTM] Initializing pool allocator
Jan 27 00:09:49 daemon kernel: [    3.220146] [TTM] Initializing DMA pool allocator
Jan 27 00:09:49 daemon kernel: [    3.220604] audit: type=1400 audit(1643234988.556:6): apparmor="STATUS" operation="profile_load" profile="unconfined" name="/usr/bin/man" pid=342 comm="apparmor_parser"
Jan 27 00:09:49 daemon kernel: [    3.220715] audit: type=1400 audit(1643234988.556:7): apparmor="STATUS" operation="profile_load" profile="unconfined" name="man_filter" pid=342 comm="apparmor_parser"
Jan 27 00:09:49 daemon kernel: [    3.220807] audit: type=1400 audit(1643234988.556:8): apparmor="STATUS" operation="profile_load" profile="unconfined" name="man_groff" pid=342 comm="apparmor_parser"
Jan 27 00:09:49 daemon kernel: [    3.264604] audit: type=1400 audit(1643234988.600:9): apparmor="STATUS" operation="profile_load" profile="unconfined" name="/usr/sbin/haveged" pid=344 comm="apparmor_parser"
Jan 27 00:09:49 daemon kernel: [    3.281720] audit: type=1400 audit(1643234988.616:10): apparmor="STATUS" operation="profile_load" profile="unconfined" name="snap.certbot.hook.prepare-plug-plugin" pid=347 comm="apparmor_parser"
Jan 27 00:09:49 daemon kernel: [    3.318311] fbcon: bochsdrmfb (fb0) is primary device
Jan 27 00:09:49 daemon kernel: [    3.400793] Console: switching to colour frame buffer device 128x48
Jan 27 00:09:49 daemon kernel: [    3.469739] bochs-drm 0000:00:01.0: fb0: bochsdrmfb frame buffer device
Jan 27 00:09:49 daemon kernel: [    3.474435] Adding 524284k swap on /dev/sdb.  Priority:-2 extents:1 across:524284k FS
Jan 27 00:09:49 daemon kernel: [    3.476213] [drm] Initialized bochs-drm 1.0.0 20130925 for 0000:00:01.0 on minor 0
Jan 27 00:09:49 daemon systemd[1]: Started Resets System Activity Data Collector.
Jan 27 00:09:49 daemon systemd[1]: Started Login Service.
Jan 27 00:09:49 daemon snapd[398]: AppArmor status: apparmor is enabled but some kernel features are missing: dbus, network
Jan 27 00:09:49 daemon sh[365]: eth0=eth0
Jan 27 00:09:49 daemon systemd[1]: Started Helper to synchronize boot up for ifupdown.
Jan 27 00:09:49 daemon systemd[1]: Starting Raise network interfaces...
Jan 27 00:09:49 daemon systemd[1]: Started Raise network interfaces.
Jan 27 00:09:49 daemon systemd[1]: Reached target Network.
Jan 27 00:09:49 daemon systemd[1]: Starting The Apache HTTP Server...
Jan 27 00:09:49 daemon systemd[1]: Starting OpenBSD Secure Shell server...
Jan 27 00:09:49 daemon systemd[1]: Condition check resulted in fast remote file copy program daemon being skipped.
Jan 27 00:09:49 daemon systemd[1]: Started Unattended Upgrades Shutdown.
Jan 27 00:09:49 daemon systemd[1]: Starting Fail2Ban Service...
Jan 27 00:09:49 daemon systemd[1]: Starting MariaDB 10.3.31 database server...
Jan 27 00:09:49 daemon sshd[469]: /etc/ssh/sshd_config line 71: Unsupported option KerberosGetAFSToken
Jan 27 00:09:49 daemon systemd[1]: Starting Permit User Sessions...
Jan 27 00:09:49 daemon systemd[1]: Reached target Network is Online.
Jan 27 00:09:49 daemon systemd[1]: Starting Postfix Mail Transport Agent (instance -)...
Jan 27 00:09:49 daemon systemd[1]: Starting LSB: Start and stop OSSEC HIDS...
Jan 27 00:09:49 daemon systemd[1]: Started Fail2Ban Service.
Jan 27 00:09:49 daemon sshd[491]: /etc/ssh/sshd_config line 71: Unsupported option KerberosGetAFSToken
Jan 27 00:09:49 daemon systemd[1]: Started Permit User Sessions.
Jan 27 00:09:49 daemon ossec[483]: Starting OSSEC HIDS v3.6.0...
Jan 27 00:09:49 daemon systemd[1]: Started Serial Getty on ttyS0.
Jan 27 00:09:49 daemon systemd[1]: Started Getty on tty1.
Jan 27 00:09:49 daemon systemd[1]: Reached target Login Prompts.
Jan 27 00:09:49 daemon systemd[1]: Started OpenBSD Secure Shell server.
Jan 27 00:09:49 daemon haveged[366]: haveged: ver: 1.9.1; arch: x86; vend: ; build: (gcc 8.3.0 ITV); collect: 128K
Jan 27 00:09:49 daemon haveged[366]: haveged: cpu: (VC); data: 64K (V); inst: 64K (V); idx: 39/40; sz: 52825/52825
Jan 27 00:09:49 daemon haveged[366]: haveged: tot tests(BA8): A:1/1 B:1/1 continuous tests(B):  last entropy estimate 8.00023
Jan 27 00:09:49 daemon haveged[366]: haveged: fills: 0, generated: 0
Jan 27 00:09:50 daemon mysqld[573]: 2022-01-27  0:09:50 0 [Note] /usr/sbin/mysqld (mysqld 10.3.31-MariaDB-0+deb10u1) starting as process 573 ...
Jan 27 00:09:50 daemon fail2ban-server[492]: Server ready
Jan 27 00:09:50 daemon ossec[483]: Deleting PID file '/var/ossec/var/run/ossec-remoted-25395.pid' not used...
Jan 27 00:09:51 daemon ossec[483]: Deleting PID file '/var/ossec/var/run/ossec-maild-25378.pid' not used...
Jan 27 00:09:51 daemon systemd[1]: Started MariaDB 10.3.31 database server.
Jan 27 00:09:51 daemon /etc/mysql/debian-start[687]: Upgrading MySQL tables if necessary.
Jan 27 00:09:51 daemon /etc/mysql/debian-start[695]: /usr/bin/mysql_upgrade: the '--basedir' option is always ignored
Jan 27 00:09:51 daemon /etc/mysql/debian-start[695]: Looking for 'mysql' as: /usr/bin/mysql
Jan 27 00:09:51 daemon /etc/mysql/debian-start[695]: Looking for 'mysqlcheck' as: /usr/bin/mysqlcheck
Jan 27 00:09:51 daemon /etc/mysql/debian-start[695]: This installation of MySQL is already upgraded to 10.3.31-MariaDB, use --force if you still need to run mysql_upgrade
Jan 27 00:09:51 daemon systemd[1]: Started The Apache HTTP Server.
Jan 27 00:09:51 daemon /etc/mysql/debian-start[720]: Checking for insecure root accounts.
Jan 27 00:09:51 daemon /etc/mysql/debian-start[725]: Triggering myisam-recover for all MyISAM tables and aria-recover for all Aria tables
Jan 27 00:09:51 daemon ossec[483]: Started ossec-maild...
Jan 27 00:09:51 daemon ossec[483]: Started ossec-execd...
Jan 27 00:09:51 daemon ossec[483]: Started ossec-analysisd...
Jan 27 00:09:51 daemon ossec[483]: Started ossec-logcollector...
Jan 27 00:09:51 daemon ossec[483]: Started ossec-remoted...
Jan 27 00:09:51 daemon postfix/postfix-script[804]: warning: symlink leaves directory: /etc/postfix/./makedefs.out
Jan 27 00:09:52 daemon snapd[398]: AppArmor status: apparmor is enabled but some kernel features are missing: dbus, network
Jan 27 00:09:52 daemon postfix/postfix-script[861]: starting the Postfix mail system
Jan 27 00:09:52 daemon postfix/master[863]: daemon started -- version 3.4.14, configuration /etc/postfix
Jan 27 00:09:52 daemon systemd[1]: Started Postfix Mail Transport Agent (instance -).
Jan 27 00:09:52 daemon systemd[1]: Starting Postfix Mail Transport Agent...
Jan 27 00:09:52 daemon systemd[1]: Started Postfix Mail Transport Agent.
Jan 27 00:09:52 daemon postfix/pickup[865]: 5A9BF3D585: uid=0 from=<daemon@synaptic4u.co.za>
Jan 27 00:09:52 daemon postfix/cleanup[867]: 5A9BF3D585: message-id=<20220126220952.5A9BF3D585@daemon.synaptic4u.co.za>
Jan 27 00:09:52 daemon postfix/qmgr[866]: 5A9BF3D585: from=<daemon@synaptic4u.co.za>, size=436, nrcpt=1 (queue active)
Jan 27 00:09:52 daemon postfix/pickup[865]: 604D93D584: uid=0 from=<daemon@synaptic4u.co.za>
Jan 27 00:09:52 daemon postfix/cleanup[867]: 604D93D584: message-id=<20220126220952.604D93D584@daemon.synaptic4u.co.za>
Jan 27 00:09:52 daemon postfix/qmgr[866]: 604D93D584: from=<daemon@synaptic4u.co.za>, size=423, nrcpt=1 (queue active)
Jan 27 00:09:52 daemon snapd[398]: daemon.go:246: started snapd/2.54.2 (series 16; classic; devmode) debian/10 (amd64) linux/4.19.0-18-amd64.
Jan 27 00:09:52 daemon systemd[1]: tmp-sanity\x2dmountpoint\x2d043569776.mount: Succeeded.
Jan 27 00:09:52 daemon snapd[398]: daemon.go:339: adjusting startup timeout by 45s (pessimistic estimate of 30s plus 5s per snap)
Jan 27 00:09:52 daemon systemd[1]: Started Snappy daemon.
Jan 27 00:09:52 daemon dbus-daemon[389]: [system] Activating via systemd: service name='org.freedesktop.timedate1' unit='dbus-org.freedesktop.timedate1.service' requested by ':1.22' (uid=0 pid=398 comm="/usr/lib/snapd/snapd ")
Jan 27 00:09:52 daemon systemd[1]: Starting Time & Date Service...
Jan 27 00:09:52 daemon systemd[1]: Starting Wait until snapd is fully seeded...
Jan 27 00:09:52 daemon dbus-daemon[389]: [system] Successfully activated service 'org.freedesktop.timedate1'
Jan 27 00:09:52 daemon systemd[1]: Started Time & Date Service.
Jan 27 00:09:52 daemon ossec[483]: Started ossec-syscheckd...
Jan 27 00:09:52 daemon ossec[483]: Started ossec-monitord...
Jan 27 00:09:53 daemon systemd[1]: Started Wait until snapd is fully seeded.
Jan 27 00:09:53 daemon systemd[1]: Reloading.
Jan 27 00:09:53 daemon systemd[1]: /lib/systemd/system/fail2ban.service:12: PIDFile= references path below legacy directory /var/run/, updating /var/run/fail2ban/fail2ban.pid → /run/fail2ban/fail2ban.pid; please update the unit file accordingly.
Jan 27 00:09:53 daemon systemd[1]: serial-getty@ttyS0.service: Current command vanished from the unit file, execution of the command list won't be resumed.
Jan 27 00:09:53 daemon systemd[1]: getty@tty1.service: Current command vanished from the unit file, execution of the command list won't be resumed.
Jan 27 00:09:54 daemon postfix/smtp[876]: 604D93D584: to=<admin@synaptic4u.co.za>, relay=mail.synaptic4u.co.za[154.0.175.57]:465, delay=33, delays=31/0.1/1.1/0.59, dsn=2.0.0, status=sent (250 OK id=1nCqUE-000oIF-2n)
Jan 27 00:09:54 daemon postfix/qmgr[866]: 604D93D584: removed
Jan 27 00:09:54 daemon postfix/smtp[870]: 5A9BF3D585: to=<admin@synaptic4u.co.za>, relay=mail.synaptic4u.co.za[154.0.175.57]:465, delay=3.1, delays=1.4/0.09/1.1/0.61, dsn=2.0.0, status=sent (250 OK id=1nCqUE-000oHk-2X)
Jan 27 00:09:54 daemon postfix/qmgr[866]: 5A9BF3D585: removed
Jan 27 00:09:54 daemon ossec[483]: Completed.
Jan 27 00:09:54 daemon systemd[1]: Started LSB: Start and stop OSSEC HIDS.
Jan 27 00:09:54 daemon systemd[1]: Reached target Multi-User System.
Jan 27 00:09:54 daemon systemd[1]: Starting Update UTMP about System Runlevel Changes...
Jan 27 00:09:54 daemon systemd[1]: systemd-update-utmp-runlevel.service: Succeeded.
Jan 27 00:09:54 daemon systemd[1]: Started Update UTMP about System Runlevel Changes.
Jan 27 00:09:54 daemon systemd[1]: Startup finished in 1.956s (kernel) + 7.496s (userspace) = 9.452s.
Jan 27 00:10:17 daemon systemd[1]: systemd-fsckd.service: Succeeded.
Jan 27 00:10:20 daemon systemd-timesyncd[362]: Synchronized to time server for the first time [2a01:4f8:241:460a::118]:123 (2.debian.pool.ntp.org).
Jan 27 00:10:24 daemon systemd[1]: systemd-timedated.service: Succeeded.
Jan 27 00:14:54 daemon dbus-daemon[389]: [system] Activating via systemd: service name='org.freedesktop.timedate1' unit='dbus-org.freedesktop.timedate1.service' requested by ':1.22' (uid=0 pid=398 comm="/usr/lib/snapd/snapd ")
Jan 27 00:14:54 daemon systemd[1]: Starting Time & Date Service...
Jan 27 00:14:54 daemon dbus-daemon[389]: [system] Successfully activated service 'org.freedesktop.timedate1'
Jan 27 00:14:54 daemon systemd[1]: Started Time & Date Service.
Jan 27 00:14:56 daemon snapd[398]: storehelpers.go:721: cannot refresh: snap has no updates available: "certbot", "core", "core20"
Jan 27 00:14:56 daemon snapd[398]: autorefresh.go:536: auto-refresh: all snaps are up-to-date
Jan 27 00:15:01 daemon CRON[977]: (root) CMD (command -v debian-sa1 > /dev/null && debian-sa1 1 1)
Jan 27 00:15:24 daemon systemd[1]: systemd-timedated.service: Succeeded.
Jan 27 00:17:01 daemon CRON[985]: (root) CMD (   cd / && run-parts --report /etc/cron.hourly)
Jan 27 00:24:53 daemon systemd[1]: Starting Cleanup of Temporary Directories...
Jan 27 00:24:53 daemon systemd-tmpfiles[1069]: [/usr/lib/tmpfiles.d/fail2ban-tmpfiles.conf:1] Line references path below legacy directory /var/run/, updating /var/run/fail2ban → /run/fail2ban; please update the tmpfiles.d/ drop-in file accordingly.
Jan 27 00:24:53 daemon systemd[1]: systemd-tmpfiles-clean.service: Succeeded.
Jan 27 00:24:53 daemon systemd[1]: Started Cleanup of Temporary Directories.
Jan 27 00:25:01 daemon CRON[1079]: (root) CMD (command -v debian-sa1 > /dev/null && debian-sa1 1 1)
Jan 27 00:34:47 daemon postfix/smtpd[1368]: connect from unknown[77.247.110.112]
Jan 27 00:34:47 daemon postfix/smtpd[1368]: NOQUEUE: reject: RCPT from unknown[77.247.110.112]: 454 4.7.1 <spameri@tiscali.it>: Relay access denied; from=<spameri@tiscali.it> to=<spameri@tiscali.it> proto=ESMTP helo=<win2012r2RDP>
Jan 27 00:34:47 daemon postfix/smtpd[1368]: disconnect from unknown[77.247.110.112] ehlo=1 mail=1 rcpt=0/1 rset=1 quit=1 commands=4/5
Jan 27 00:35:01 daemon CRON[1375]: (root) CMD (command -v debian-sa1 > /dev/null && debian-sa1 1 1)
Jan 27 00:38:07 daemon postfix/anvil[1370]: statistics: max connection rate 1/60s for (smtp:77.247.110.112) at Jan 27 00:34:47
Jan 27 00:38:07 daemon postfix/anvil[1370]: statistics: max connection count 1 for (smtp:77.247.110.112) at Jan 27 00:34:47
Jan 27 00:38:07 daemon postfix/anvil[1370]: statistics: max cache size 1 at Jan 27 00:34:47
Jan 27 00:39:01 daemon CRON[1380]: (root) CMD (  [ -x /usr/lib/php/sessionclean ] && if [ ! -d /run/systemd/system ]; then /usr/lib/php/sessionclean; fi)
Jan 27 00:39:01 daemon systemd[1]: Starting Clean php session files...
Jan 27 00:39:02 daemon systemd[1]: phpsessionclean.service: Succeeded.
Jan 27 00:39:02 daemon systemd[1]: Started Clean php session files.
Jan 27 00:43:11 daemon systemd[1]: unattended-upgrades.service: Succeeded.
Jan 27 00:43:11 daemon systemd[1]: Stopped Unattended Upgrades Shutdown.
Jan 27 00:43:11 daemon systemd[1]: Stopped target Timers.
Jan 27 00:43:11 daemon systemd[1]: man-db.timer: Succeeded.
Jan 27 00:43:11 daemon systemd[1]: Stopped Daily man-db regeneration.
Jan 27 00:43:11 daemon systemd[1]: apt-daily-upgrade.timer: Succeeded.
Jan 27 00:43:11 daemon systemd[1]: Stopped Daily apt upgrade and clean activities.
Jan 27 00:43:11 daemon systemd[1]: snap.certbot.renew.timer: Succeeded.
Jan 27 00:43:11 daemon systemd[1]: Stopped Timer renew for snap application certbot.renew.
Jan 27 00:43:11 daemon systemd[1]: Stopped target Multi-User System.
Jan 27 00:43:11 daemon systemd[1]: Stopping Regular background program processing daemon...
Jan 27 00:43:11 daemon systemd[1]: Stopping LSB: Start and stop OSSEC HIDS...
Jan 27 00:43:11 daemon systemd[1]: Stopped target Login Prompts.
Jan 27 00:43:11 daemon systemd[1]: Stopping Serial Getty on ttyS0...
Jan 27 00:43:11 daemon systemd[1]: Stopping Getty on tty1...
Jan 27 00:43:11 daemon systemd[1]: Stopping Fail2Ban Service...
Jan 27 00:43:11 daemon systemd[1]: logrotate.timer: Succeeded.
Jan 27 00:43:11 daemon systemd[1]: Stopped Daily rotation of log files.
Jan 27 00:43:11 daemon systemd[1]: postfix.service: Succeeded.
Jan 27 00:43:11 daemon systemd[1]: Stopped Postfix Mail Transport Agent.
Jan 27 00:43:11 daemon systemd[1]: sysstat.service: Succeeded.
Jan 27 00:43:11 daemon systemd[1]: Stopped Resets System Activity Data Collector.
Jan 27 00:43:11 daemon systemd[1]: Stopping OpenBSD Secure Shell server...
Jan 27 00:43:11 daemon systemd[1]: Stopping D-Bus System Message Bus...
Jan 27 00:43:11 daemon systemd[1]: phpsessionclean.timer: Succeeded.
Jan 27 00:43:11 daemon systemd[1]: Stopped Clean PHP session files every 30 mins.
Jan 27 00:43:11 daemon systemd[1]: apt-daily.timer: Succeeded.
Jan 27 00:43:11 daemon systemd[1]: Stopped Daily apt download activities.
Jan 27 00:43:11 daemon systemd[1]: Stopped target System Time Synchronized.
Jan 27 00:43:11 daemon systemd[1]: systemd-tmpfiles-clean.timer: Succeeded.
Jan 27 00:43:11 daemon systemd[1]: Stopped Daily Cleanup of Temporary Directories.
Jan 27 00:43:11 daemon systemd[1]: Stopping The Apache HTTP Server...
Jan 27 00:43:40 daemon systemd-fsck[232]: linode-root: clean, 59169/3041280 files, 808079/12976128 blocks
Jan 27 00:43:40 daemon systemd[1]: Starting Flush Journal to Persistent Storage...
Jan 27 00:43:40 daemon systemd-tmpfiles[264]: [/usr/lib/tmpfiles.d/fail2ban-tmpfiles.conf:1] Line references path below legacy directory /var/run/, updating /var/run/fail2ban → /run/fail2ban; please update the tmpfiles.d/ drop-in file accordingly.
Jan 27 00:43:40 daemon systemd[1]: Started Create Static Device Nodes in /dev.
Jan 27 00:43:40 daemon systemd[1]: Starting udev Kernel Device Manager...
Jan 27 00:43:40 daemon systemd[1]: Started Flush Journal to Persistent Storage.
Jan 27 00:43:40 daemon systemd-udevd[266]: Network interface NamePolicy= disabled on kernel command line, ignoring.
Jan 27 00:43:40 daemon systemd[1]: Started udev Kernel Device Manager.
Jan 27 00:43:40 daemon systemd[1]: Started Set the console keyboard layout.
Jan 27 00:43:40 daemon systemd[1]: Reached target Local File Systems (Pre).
Jan 27 00:43:40 daemon systemd[1]: Mounting Mount unit for certbot, revision 1670...
Jan 27 00:43:40 daemon systemd[1]: Mounting Mount unit for core20, revision 1270...
Jan 27 00:43:40 daemon systemd[1]: Mounting Mount unit for core, revision 12603...
Jan 27 00:43:40 daemon systemd[1]: Mounted Mount unit for core20, revision 1270.
Jan 27 00:43:40 daemon systemd-udevd[274]: Using default interface naming scheme 'v240'.
Jan 27 00:43:40 daemon systemd[1]: Mounted Mount unit for core, revision 12603.
Jan 27 00:43:40 daemon systemd[1]: Mounted Mount unit for certbot, revision 1670.
Jan 27 00:43:40 daemon systemd[1]: Found device /dev/ttyS0.
Jan 27 00:43:40 daemon systemd[1]: Found device QEMU_HARDDISK.
Jan 27 00:43:40 daemon systemd[1]: Activating swap /dev/sdb...
Jan 27 00:43:40 daemon systemd[1]: Reached target Local File Systems.
Jan 27 00:43:40 daemon systemd[1]: Starting Create Volatile Files and Directories...
Jan 27 00:43:40 daemon systemd[1]: Starting Set console font and keymap...
Jan 27 00:43:40 daemon systemd[1]: Condition check resulted in Commit a transient machine-id on disk being skipped.
Jan 27 00:43:40 daemon systemd[1]: Starting Load AppArmor profiles...
Jan 27 00:43:40 daemon systemd-tmpfiles[334]: [/usr/lib/tmpfiles.d/fail2ban-tmpfiles.conf:1] Line references path below legacy directory /var/run/, updating /var/run/fail2ban → /run/fail2ban; please update the tmpfiles.d/ drop-in file accordingly.
Jan 27 00:43:40 daemon systemd[1]: Activated swap /dev/sdb.
Jan 27 00:43:40 daemon apparmor.systemd[336]: Restarting AppArmor
Jan 27 00:43:40 daemon apparmor.systemd[336]: Reloading AppArmor profiles
Jan 27 00:43:40 daemon systemd[1]: Started Set console font and keymap.
Jan 27 00:43:40 daemon systemd[1]: Started Create Volatile Files and Directories.
Jan 27 00:43:40 daemon systemd[1]: Found device Virtio network device.
Jan 27 00:43:40 daemon systemd[1]: Starting Network Time Synchronization...
Jan 27 00:43:40 daemon systemd[1]: Starting Update UTMP about System Boot/Shutdown...
Jan 27 00:43:40 daemon systemd[1]: Reached target Swap.
Jan 27 00:43:40 daemon systemd[1]: Started Update UTMP about System Boot/Shutdown.
Jan 27 00:43:40 daemon systemd[1]: Started Network Time Synchronization.
Jan 27 00:43:40 daemon systemd[1]: Reached target System Time Synchronized.
Jan 27 00:43:40 daemon systemd[1]: Started Load AppArmor profiles.
Jan 27 00:43:40 daemon systemd[1]: Started ifup for eth0.
Jan 27 00:43:40 daemon systemd[1]: Started Entropy daemon using the HAVEGE algorithm.
Jan 27 00:43:40 daemon systemd[1]: Reached target System Initialization.
Jan 27 00:43:40 daemon systemd[1]: Started Timer renew for snap application certbot.renew.
Jan 27 00:43:40 daemon systemd[1]: Listening on D-Bus System Message Bus Socket.
Jan 27 00:43:40 daemon systemd[1]: Started Daily Cleanup of Temporary Directories.
Jan 27 00:43:40 daemon systemd[1]: Started Clean PHP session files every 30 mins.
Jan 27 00:43:40 daemon systemd[1]: Starting Socket activation for snappy daemon.
Jan 27 00:43:40 daemon systemd[1]: Started Daily man-db regeneration.
Jan 27 00:43:40 daemon systemd[1]: Started Daily apt download activities.
Jan 27 00:43:40 daemon systemd[1]: Started Daily apt upgrade and clean activities.
Jan 27 00:43:40 daemon systemd[1]: Started Daily rotation of log files.
Jan 27 00:43:40 daemon systemd[1]: Reached target Timers.
Jan 27 00:43:40 daemon systemd[1]: Started Helper to synchronize boot up for ifupdown.
Jan 27 00:43:40 daemon systemd[1]: Listening on Socket activation for snappy daemon.
Jan 27 00:43:40 daemon systemd[1]: Reached target Sockets.
Jan 27 00:43:40 daemon systemd[1]: Reached target Basic System.
Jan 27 00:43:40 daemon systemd[1]: Starting Login Service...
Jan 27 00:43:40 daemon systemd[1]: Started Regular background program processing daemon.
Jan 27 00:43:40 daemon systemd[1]: Started D-Bus System Message Bus.
Jan 27 00:43:40 daemon cron[399]: (CRON) INFO (pidfile fd = 3)
Jan 27 00:43:40 daemon cron[399]: (CRON) INFO (Running @reboot jobs)
Jan 27 00:43:40 daemon systemd[1]: Starting Resets System Activity Data Collector...
Jan 27 00:43:40 daemon systemd[1]: Condition check resulted in getty on tty2-tty6 if dbus and logind are not available being skipped.
Jan 27 00:43:40 daemon systemd[1]: Starting System Logging Service...
Jan 27 00:43:40 daemon systemd[1]: Starting Snappy daemon...
Jan 27 00:43:40 daemon systemd[1]: Starting Raise network interfaces...
Jan 27 00:43:40 daemon systemd[1]: Started Resets System Activity Data Collector.
Jan 27 00:43:40 daemon rsyslogd: imuxsock: Acquired UNIX socket '/run/systemd/journal/syslog' (fd 3) from systemd.  [v8.1901.0]
Jan 27 00:43:40 daemon rsyslogd:  [origin software="rsyslogd" swVersion="8.1901.0" x-pid="407" x-info="https://www.rsyslog.com"] start
Jan 27 00:43:40 daemon systemd[1]: Started System Logging Service.
Jan 27 00:43:40 daemon kernel: [    0.000000] Linux version 4.19.0-18-amd64 (debian-kernel@lists.debian.org) (gcc version 8.3.0 (Debian 8.3.0-6)) #1 SMP Debian 4.19.208-1 (2021-09-29)
Jan 27 00:43:40 daemon kernel: [    0.000000] Command line: BOOT_IMAGE=/boot/vmlinuz-4.19.0-18-amd64 root=/dev/sda ro console=ttyS0,19200n8 net.ifnames=0
Jan 27 00:43:40 daemon kernel: [    0.000000] x86/fpu: Supporting XSAVE feature 0x001: 'x87 floating point registers'
Jan 27 00:43:40 daemon kernel: [    0.000000] x86/fpu: Supporting XSAVE feature 0x002: 'SSE registers'
Jan 27 00:43:40 daemon kernel: [    0.000000] x86/fpu: Supporting XSAVE feature 0x004: 'AVX registers'
Jan 27 00:43:40 daemon kernel: [    0.000000] x86/fpu: xstate_offset[2]:  576, xstate_sizes[2]:  256
Jan 27 00:43:40 daemon kernel: [    0.000000] x86/fpu: Enabled xstate features 0x7, context size is 832 bytes, using 'compacted' format.
Jan 27 00:43:40 daemon kernel: [    0.000000] BIOS-provided physical RAM map:
Jan 27 00:43:40 daemon kernel: [    0.000000] BIOS-e820: [mem 0x0000000000000000-0x000000000009fbff] usable
Jan 27 00:43:40 daemon kernel: [    0.000000] BIOS-e820: [mem 0x000000000009fc00-0x000000000009ffff] reserved
Jan 27 00:43:40 daemon kernel: [    0.000000] BIOS-e820: [mem 0x00000000000f0000-0x00000000000fffff] reserved
Jan 27 00:43:40 daemon kernel: [    0.000000] BIOS-e820: [mem 0x0000000000100000-0x000000007ffdbfff] usable
Jan 27 00:43:40 daemon kernel: [    0.000000] BIOS-e820: [mem 0x000000007ffdc000-0x000000007fffffff] reserved
Jan 27 00:43:40 daemon kernel: [    0.000000] BIOS-e820: [mem 0x00000000b0000000-0x00000000bfffffff] reserved
Jan 27 00:43:40 daemon kernel: [    0.000000] BIOS-e820: [mem 0x00000000fed1c000-0x00000000fed1ffff] reserved
Jan 27 00:43:40 daemon kernel: [    0.000000] BIOS-e820: [mem 0x00000000feffc000-0x00000000feffffff] reserved
Jan 27 00:43:40 daemon kernel: [    0.000000] BIOS-e820: [mem 0x00000000fffc0000-0x00000000ffffffff] reserved
Jan 27 00:43:40 daemon kernel: [    0.000000] NX (Execute Disable) protection: active
Jan 27 00:43:40 daemon kernel: [    0.000000] SMBIOS 2.8 present.
Jan 27 00:43:40 daemon kernel: [    0.000000] DMI: QEMU Standard PC (Q35 + ICH9, 2009), BIOS rel-1.12.1-0-ga5cab58e9a3f-prebuilt.qemu.org 04/01/2014
Jan 27 00:43:40 daemon kernel: [    0.000000] Hypervisor detected: KVM
Jan 27 00:43:40 daemon kernel: [    0.000000] kvm-clock: Using msrs 4b564d01 and 4b564d00
Jan 27 00:43:40 daemon kernel: [    0.000000] kvm-clock: cpu 0, msr 211ec001, primary cpu clock
Jan 27 00:43:40 daemon kernel: [    0.000000] kvm-clock: using sched offset of 7045059780 cycles
Jan 27 00:43:40 daemon kernel: [    0.000002] clocksource: kvm-clock: mask: 0xffffffffffffffff max_cycles: 0x1cd42e4dffb, max_idle_ns: 881590591483 ns
Jan 27 00:43:40 daemon kernel: [    0.000005] tsc: Detected 2199.998 MHz processor
Jan 27 00:43:40 daemon kernel: [    0.001594] e820: update [mem 0x00000000-0x00000fff] usable ==> reserved
Jan 27 00:43:40 daemon kernel: [    0.001595] e820: remove [mem 0x000a0000-0x000fffff] usable
Jan 27 00:43:40 daemon kernel: [    0.001599] last_pfn = 0x7ffdc max_arch_pfn = 0x400000000
Jan 27 00:43:40 daemon kernel: [    0.001634] MTRR default type: write-back
Jan 27 00:43:40 daemon kernel: [    0.001635] MTRR fixed ranges enabled:
Jan 27 00:43:40 daemon kernel: [    0.001636]   00000-9FFFF write-back
Jan 27 00:43:40 daemon kernel: [    0.001637]   A0000-BFFFF uncachable
Jan 27 00:43:40 daemon kernel: [    0.001638]   C0000-FFFFF write-protect
Jan 27 00:43:40 daemon kernel: [    0.001639] MTRR variable ranges enabled:
Jan 27 00:43:40 daemon kernel: [    0.001640]   0 base 00C0000000 mask FFC0000000 uncachable
Jan 27 00:43:40 daemon kernel: [    0.001641]   1 disabled
Jan 27 00:43:40 daemon kernel: [    0.001641]   2 disabled
Jan 27 00:43:40 daemon kernel: [    0.001642]   3 disabled
Jan 27 00:43:40 daemon kernel: [    0.001642]   4 disabled
Jan 27 00:43:40 daemon kernel: [    0.001643]   5 disabled
Jan 27 00:43:40 daemon kernel: [    0.001643]   6 disabled
Jan 27 00:43:40 daemon kernel: [    0.001644]   7 disabled
Jan 27 00:43:40 daemon kernel: [    0.001657] x86/PAT: Configuration [0-7]: WB  WC  UC- UC  WB  WP  UC- WT  
Jan 27 00:43:40 daemon kernel: [    0.004532] found SMP MP-table at [mem 0x000f5af0-0x000f5aff]
Jan 27 00:43:40 daemon kernel: [    0.004731] Using GB pages for direct mapping
Jan 27 00:43:40 daemon kernel: [    0.004828] RAMDISK: [mem 0x34f6d000-0x367adfff]
Jan 27 00:43:40 daemon kernel: [    0.005063] ACPI: Early table checksum verification disabled
Jan 27 00:43:40 daemon kernel: [    0.005108] ACPI: RSDP 0x00000000000F5920 000014 (v00 BOCHS )
Jan 27 00:43:40 daemon kernel: [    0.005116] ACPI: RSDT 0x000000007FFE20F4 000034 (v01 BOCHS  BXPCRSDT 00000001 BXPC 00000001)
Jan 27 00:43:40 daemon kernel: [    0.005122] ACPI: FACP 0x000000007FFE1F14 0000F4 (v03 BOCHS  BXPCFACP 00000001 BXPC 00000001)
Jan 27 00:43:40 daemon kernel: [    0.005127] ACPI: DSDT 0x000000007FFE0040 001ED4 (v01 BOCHS  BXPCDSDT 00000001 BXPC 00000001)
Jan 27 00:43:40 daemon kernel: [    0.005130] ACPI: FACS 0x000000007FFE0000 000040
Jan 27 00:43:40 daemon kernel: [    0.005133] ACPI: APIC 0x000000007FFE2008 000078 (v01 BOCHS  BXPCAPIC 00000001 BXPC 00000001)
Jan 27 00:43:40 daemon kernel: [    0.005136] ACPI: HPET 0x000000007FFE2080 000038 (v01 BOCHS  BXPCHPET 00000001 BXPC 00000001)
Jan 27 00:43:40 daemon kernel: [    0.005138] ACPI: MCFG 0x000000007FFE20B8 00003C (v01 BOCHS  BXPCMCFG 00000001 BXPC 00000001)
Jan 27 00:43:40 daemon kernel: [    0.005141] ACPI: Reserving FACP table memory at [mem 0x7ffe1f14-0x7ffe2007]
Jan 27 00:43:40 daemon kernel: [    0.005143] ACPI: Reserving DSDT table memory at [mem 0x7ffe0040-0x7ffe1f13]
Jan 27 00:43:40 daemon kernel: [    0.005144] ACPI: Reserving FACS table memory at [mem 0x7ffe0000-0x7ffe003f]
Jan 27 00:43:40 daemon kernel: [    0.005145] ACPI: Reserving APIC table memory at [mem 0x7ffe2008-0x7ffe207f]
Jan 27 00:43:40 daemon kernel: [    0.005146] ACPI: Reserving HPET table memory at [mem 0x7ffe2080-0x7ffe20b7]
Jan 27 00:43:40 daemon kernel: [    0.005147] ACPI: Reserving MCFG table memory at [mem 0x7ffe20b8-0x7ffe20f3]
Jan 27 00:43:40 daemon kernel: [    0.005177] ACPI: Local APIC address 0xfee00000
Jan 27 00:43:40 daemon kernel: [    0.005527] No NUMA configuration found
Jan 27 00:43:40 daemon kernel: [    0.005529] Faking a node at [mem 0x0000000000000000-0x000000007ffdbfff]
Jan 27 00:43:40 daemon kernel: [    0.005533] NODE_DATA(0) allocated [mem 0x7ffd7000-0x7ffdbfff]
Jan 27 00:43:40 daemon kernel: [    0.005711] Zone ranges:
Jan 27 00:43:40 daemon kernel: [    0.005713]   DMA      [mem 0x0000000000001000-0x0000000000ffffff]
Jan 27 00:43:40 daemon kernel: [    0.005714]   DMA32    [mem 0x0000000001000000-0x000000007ffdbfff]
Jan 27 00:43:40 daemon kernel: [    0.005716]   Normal   empty
Jan 27 00:43:40 daemon kernel: [    0.005717]   Device   empty
Jan 27 00:43:40 daemon kernel: [    0.005718] Movable zone start for each node
Jan 27 00:43:40 daemon kernel: [    0.005719] Early memory node ranges
Jan 27 00:43:40 daemon kernel: [    0.005720]   node   0: [mem 0x0000000000001000-0x000000000009efff]
Jan 27 00:43:40 daemon kernel: [    0.005721]   node   0: [mem 0x0000000000100000-0x000000007ffdbfff]
Jan 27 00:43:40 daemon kernel: [    0.006130] Zeroed struct page in unavailable ranges: 134 pages
Jan 27 00:43:40 daemon kernel: [    0.006131] Initmem setup node 0 [mem 0x0000000000001000-0x000000007ffdbfff]
Jan 27 00:43:40 daemon kernel: [    0.006134] On node 0 totalpages: 524154
Jan 27 00:43:40 daemon kernel: [    0.006135]   DMA zone: 64 pages used for memmap
Jan 27 00:43:40 daemon kernel: [    0.006136]   DMA zone: 21 pages reserved
Jan 27 00:43:40 daemon kernel: [    0.006136]   DMA zone: 3998 pages, LIFO batch:0
Jan 27 00:43:40 daemon kernel: [    0.006225]   DMA32 zone: 8128 pages used for memmap
Jan 27 00:43:40 daemon kernel: [    0.006226]   DMA32 zone: 520156 pages, LIFO batch:63
Jan 27 00:43:40 daemon kernel: [    0.018027] ACPI: PM-Timer IO Port: 0x608
Jan 27 00:43:40 daemon kernel: [    0.018031] ACPI: Local APIC address 0xfee00000
Jan 27 00:43:40 daemon kernel: [    0.018040] ACPI: LAPIC_NMI (acpi_id[0xff] dfl dfl lint[0x1])
Jan 27 00:43:40 daemon kernel: [    0.018071] IOAPIC[0]: apic_id 0, version 17, address 0xfec00000, GSI 0-23
Jan 27 00:43:40 daemon kernel: [    0.018073] ACPI: INT_SRC_OVR (bus 0 bus_irq 0 global_irq 2 dfl dfl)
Jan 27 00:43:40 daemon kernel: [    0.018075] ACPI: INT_SRC_OVR (bus 0 bus_irq 5 global_irq 5 high level)
Jan 27 00:43:40 daemon kernel: [    0.018076] ACPI: INT_SRC_OVR (bus 0 bus_irq 9 global_irq 9 high level)
Jan 27 00:43:40 daemon kernel: [    0.018078] ACPI: INT_SRC_OVR (bus 0 bus_irq 10 global_irq 10 high level)
Jan 27 00:43:40 daemon kernel: [    0.018079] ACPI: INT_SRC_OVR (bus 0 bus_irq 11 global_irq 11 high level)
Jan 27 00:43:40 daemon kernel: [    0.018080] ACPI: IRQ0 used by override.
Jan 27 00:43:40 daemon kernel: [    0.018081] ACPI: IRQ5 used by override.
Jan 27 00:43:40 daemon kernel: [    0.018082] ACPI: IRQ9 used by override.
Jan 27 00:43:40 daemon kernel: [    0.018082] ACPI: IRQ10 used by override.
Jan 27 00:43:40 daemon kernel: [    0.018083] ACPI: IRQ11 used by override.
Jan 27 00:43:40 daemon kernel: [    0.018084] Using ACPI (MADT) for SMP configuration information
Jan 27 00:43:40 daemon kernel: [    0.018086] ACPI: HPET id: 0x8086a201 base: 0xfed00000
Jan 27 00:43:40 daemon kernel: [    0.018090] TSC deadline timer available
Jan 27 00:43:40 daemon kernel: [    0.018094] smpboot: Allowing 1 CPUs, 0 hotplug CPUs
Jan 27 00:43:40 daemon kernel: [    0.018115] PM: Registered nosave memory: [mem 0x00000000-0x00000fff]
Jan 27 00:43:40 daemon kernel: [    0.018117] PM: Registered nosave memory: [mem 0x0009f000-0x0009ffff]
Jan 27 00:43:40 daemon kernel: [    0.018118] PM: Registered nosave memory: [mem 0x000a0000-0x000effff]
Jan 27 00:43:40 daemon kernel: [    0.018119] PM: Registered nosave memory: [mem 0x000f0000-0x000fffff]
Jan 27 00:43:40 daemon kernel: [    0.018121] [mem 0xc0000000-0xfed1bfff] available for PCI devices
Jan 27 00:43:40 daemon kernel: [    0.018123] Booting paravirtualized kernel on KVM
Jan 27 00:43:40 daemon kernel: [    0.018125] clocksource: refined-jiffies: mask: 0xffffffff max_cycles: 0xffffffff, max_idle_ns: 7645519600211568 ns
Jan 27 00:43:40 daemon kernel: [    0.131656] random: get_random_bytes called from start_kernel+0x93/0x52a with crng_init=0
Jan 27 00:43:40 daemon kernel: [    0.131666] setup_percpu: NR_CPUS:512 nr_cpumask_bits:512 nr_cpu_ids:1 nr_node_ids:1
Jan 27 00:43:40 daemon kernel: [    0.132063] percpu: Embedded 45 pages/cpu s144536 r8192 d31592 u2097152
Jan 27 00:43:40 daemon kernel: [    0.132069] pcpu-alloc: s144536 r8192 d31592 u2097152 alloc=1*2097152
Jan 27 00:43:40 daemon kernel: [    0.132070] pcpu-alloc: [0] 0 
Jan 27 00:43:40 daemon kernel: [    0.132091] KVM setup async PF for cpu 0
Jan 27 00:43:40 daemon kernel: [    0.132097] kvm-stealtime: cpu 0, msr 7da161c0
Jan 27 00:43:40 daemon kernel: [    0.132103] Built 1 zonelists, mobility grouping on.  Total pages: 515941
Jan 27 00:43:40 daemon kernel: [    0.132105] Policy zone: DMA32
Jan 27 00:43:40 daemon kernel: [    0.132107] Kernel command line: BOOT_IMAGE=/boot/vmlinuz-4.19.0-18-amd64 root=/dev/sda ro console=ttyS0,19200n8 net.ifnames=0
Jan 27 00:43:40 daemon kernel: [    0.132175] Calgary: detecting Calgary via BIOS EBDA area
Jan 27 00:43:40 daemon kernel: [    0.132176] Calgary: Unable to locate Rio Grande table in EBDA - bailing!
Jan 27 00:43:40 daemon kernel: [    0.136588] Memory: 2013832K/2096616K available (10252K kernel code, 1242K rwdata, 3332K rodata, 1596K init, 2260K bss, 82784K reserved, 0K cma-reserved)
Jan 27 00:43:40 daemon kernel: [    0.136908] SLUB: HWalign=64, Order=0-3, MinObjects=0, CPUs=1, Nodes=1
Jan 27 00:43:40 daemon kernel: [    0.136915] ftrace: allocating 32002 entries in 126 pages
Jan 27 00:43:40 daemon kernel: [    0.149487] rcu: Hierarchical RCU implementation.
Jan 27 00:43:40 daemon kernel: [    0.149490] rcu: 	RCU restricting CPUs from NR_CPUS=512 to nr_cpu_ids=1.
Jan 27 00:43:40 daemon kernel: [    0.149492] rcu: Adjusting geometry for rcu_fanout_leaf=16, nr_cpu_ids=1
Jan 27 00:43:40 daemon kernel: [    0.152183] NR_IRQS: 33024, nr_irqs: 256, preallocated irqs: 16
Jan 27 00:43:40 daemon kernel: [    0.168905] Console: colour VGA+ 80x25
Jan 27 00:43:40 daemon kernel: [    0.262961] console [ttyS0] enabled
Jan 27 00:43:40 daemon kernel: [    0.263577] ACPI: Core revision 20180810
Jan 27 00:43:40 daemon kernel: [    0.264507] clocksource: hpet: mask: 0xffffffff max_cycles: 0xffffffff, max_idle_ns: 19112604467 ns
Jan 27 00:43:40 daemon kernel: [    0.266097] hpet clockevent registered
Jan 27 00:43:40 daemon kernel: [    0.266132] APIC: Switch to symmetric I/O mode setup
Jan 27 00:43:40 daemon kernel: [    0.267160] x2apic enabled
Jan 27 00:43:40 daemon kernel: [    0.267789] Switched APIC routing to physical x2apic.
Jan 27 00:43:40 daemon kernel: [    0.268616] KVM setup pv IPIs
Jan 27 00:43:40 daemon kernel: [    0.270880] ..TIMER: vector=0x30 apic1=0 pin1=2 apic2=-1 pin2=-1
Jan 27 00:43:40 daemon kernel: [    0.271896] clocksource: tsc-early: mask: 0xffffffffffffffff max_cycles: 0x1fb63109b96, max_idle_ns: 440795265316 ns
Jan 27 00:43:40 daemon kernel: [    0.273591] Calibrating delay loop (skipped) preset value.. 4399.99 BogoMIPS (lpj=8799992)
Jan 27 00:43:40 daemon kernel: [    0.277568] pid_max: default: 32768 minimum: 301
Jan 27 00:43:40 daemon kernel: [    0.278342] Security Framework initialized
Jan 27 00:43:40 daemon kernel: [    0.278995] Yama: disabled by default; enable with sysctl kernel.yama.*
Jan 27 00:43:40 daemon kernel: [    0.280067] AppArmor: AppArmor initialized
Jan 27 00:43:40 daemon kernel: [    0.281989] Dentry cache hash table entries: 262144 (order: 9, 2097152 bytes)
Jan 27 00:43:40 daemon kernel: [    0.283515] Inode-cache hash table entries: 131072 (order: 8, 1048576 bytes)
Jan 27 00:43:40 daemon kernel: [    0.284687] Mount-cache hash table entries: 4096 (order: 3, 32768 bytes)
Jan 27 00:43:40 daemon kernel: [    0.285573] Mountpoint-cache hash table entries: 4096 (order: 3, 32768 bytes)
Jan 27 00:43:40 daemon kernel: [    0.287049] Last level iTLB entries: 4KB 512, 2MB 255, 4MB 127
Jan 27 00:43:40 daemon kernel: [    0.288002] Last level dTLB entries: 4KB 512, 2MB 255, 4MB 127, 1GB 0
Jan 27 00:43:40 daemon kernel: [    0.289019] Spectre V1 : Mitigation: usercopy/swapgs barriers and __user pointer sanitization
Jan 27 00:43:40 daemon kernel: [    0.289568] Spectre V2 : Mitigation: Full AMD retpoline
Jan 27 00:43:40 daemon kernel: [    0.290400] Spectre V2 : Spectre v2 / SpectreRSB mitigation: Filling RSB on context switch
Jan 27 00:43:40 daemon kernel: [    0.291698] Spectre V2 : mitigation: Enabling conditional Indirect Branch Prediction Barrier
Jan 27 00:43:40 daemon kernel: [    0.293567] Speculative Store Bypass: Mitigation: Speculative Store Bypass disabled via prctl and seccomp
Jan 27 00:43:40 daemon kernel: [    0.300042] Freeing SMP alternatives memory: 24K
Jan 27 00:43:40 daemon kernel: [    0.302539] smpboot: CPU0: AMD EPYC 7601 32-Core Processor (family: 0x17, model: 0x1, stepping: 0x2)
Jan 27 00:43:40 daemon kernel: [    0.304084] Performance Events: Fam17h core perfctr, AMD PMU driver.
Jan 27 00:43:40 daemon kernel: [    0.305106] ... version:                0
Jan 27 00:43:40 daemon kernel: [    0.305562] ... bit width:              48
Jan 27 00:43:40 daemon kernel: [    0.305562] ... generic registers:      6
Jan 27 00:43:40 daemon kernel: [    0.305570] ... value mask:             0000ffffffffffff
Jan 27 00:43:40 daemon kernel: [    0.306311] ... max period:             00007fffffffffff
Jan 27 00:43:40 daemon kernel: [    0.307048] ... fixed-purpose events:   0
Jan 27 00:43:40 daemon kernel: [    0.307609] ... event mask:             000000000000003f
Jan 27 00:43:40 daemon kernel: [    0.308406] rcu: Hierarchical SRCU implementation.
Jan 27 00:43:40 daemon kernel: [    0.309473] random: crng done (trusting CPU's manufacturer)
Jan 27 00:43:40 daemon kernel: [    0.309638] smp: Bringing up secondary CPUs ...
Jan 27 00:43:40 daemon kernel: [    0.310307] smp: Brought up 1 node, 1 CPU
Jan 27 00:43:40 daemon kernel: [    0.310898] smpboot: Max logical packages: 1
Jan 27 00:43:40 daemon kernel: [    0.311519] smpboot: Total of 1 processors activated (4399.99 BogoMIPS)
Jan 27 00:43:40 daemon kernel: [    0.312989] devtmpfs: initialized
Jan 27 00:43:40 daemon kernel: [    0.313559] x86/mm: Memory block size: 128MB
Jan 27 00:43:40 daemon kernel: [    0.313878] clocksource: jiffies: mask: 0xffffffff max_cycles: 0xffffffff, max_idle_ns: 7645041785100000 ns
Jan 27 00:43:40 daemon kernel: [    0.315281] futex hash table entries: 256 (order: 2, 16384 bytes)
Jan 27 00:43:40 daemon kernel: [    0.316189] pinctrl core: initialized pinctrl subsystem
Jan 27 00:43:40 daemon kernel: [    0.317102] NET: Registered protocol family 16
Jan 27 00:43:40 daemon kernel: [    0.317648] audit: initializing netlink subsys (disabled)
Jan 27 00:43:40 daemon kernel: [    0.318536] cpuidle: using governor ladder
Jan 27 00:43:40 daemon kernel: [    0.319140] cpuidle: using governor menu
Jan 27 00:43:40 daemon kernel: [    0.320237] KVM setup pv remote TLB flush
Jan 27 00:43:40 daemon kernel: [    0.320833] ACPI: bus type PCI registered
Jan 27 00:43:40 daemon kernel: [    0.321419] acpiphp: ACPI Hot Plug PCI Controller Driver version: 0.5
Jan 27 00:43:40 daemon kernel: [    0.321577] audit: type=2000 audit(1643237016.648:1): state=initialized audit_enabled=0 res=1
Jan 27 00:43:40 daemon kernel: [    0.322919] PCI: MMCONFIG for domain 0000 [bus 00-ff] at [mem 0xb0000000-0xbfffffff] (base 0xb0000000)
Jan 27 00:43:40 daemon kernel: [    0.324248] PCI: MMCONFIG at [mem 0xb0000000-0xbfffffff] reserved in E820
Jan 27 00:43:40 daemon kernel: [    0.325235] PCI: Using configuration type 1 for base access
Jan 27 00:43:40 daemon kernel: [    0.326349] HugeTLB registered 1.00 GiB page size, pre-allocated 0 pages
Jan 27 00:43:40 daemon kernel: [    0.327332] HugeTLB registered 2.00 MiB page size, pre-allocated 0 pages
Jan 27 00:43:40 daemon kernel: [    0.328491] ACPI: Added _OSI(Module Device)
Jan 27 00:43:40 daemon kernel: [    0.329113] ACPI: Added _OSI(Processor Device)
Jan 27 00:43:40 daemon kernel: [    0.329573] ACPI: Added _OSI(3.0 _SCP Extensions)
Jan 27 00:43:40 daemon kernel: [    0.330257] ACPI: Added _OSI(Processor Aggregator Device)
Jan 27 00:43:40 daemon kernel: [    0.331060] ACPI: Added _OSI(Linux-Dell-Video)
Jan 27 00:43:40 daemon kernel: [    0.331708] ACPI: Added _OSI(Linux-Lenovo-NV-HDMI-Audio)
Jan 27 00:43:40 daemon kernel: [    0.333516] ACPI: 1 ACPI AML tables successfully acquired and loaded
Jan 27 00:43:40 daemon kernel: [    0.335201] ACPI: Interpreter enabled
Jan 27 00:43:40 daemon kernel: [    0.335763] ACPI: (supports S0 S3 S4 S5)
Jan 27 00:43:40 daemon kernel: [    0.336334] ACPI: Using IOAPIC for interrupt routing
Jan 27 00:43:40 daemon kernel: [    0.337083] PCI: Using host bridge windows from ACPI; if necessary, use "pci=nocrs" and report a bug
Jan 27 00:43:40 daemon kernel: [    0.337687] ACPI: Enabled 1 GPEs in block 00 to 3F
Jan 27 00:43:40 daemon kernel: [    0.340132] ACPI: PCI Root Bridge [PCI0] (domain 0000 [bus 00-ff])
Jan 27 00:43:40 daemon kernel: [    0.341040] acpi PNP0A08:00: _OSC: OS supports [ExtendedConfig ASPM ClockPM Segments MSI]
Jan 27 00:43:40 daemon kernel: [    0.341645] acpi PNP0A08:00: _OSC: platform does not support [LTR]
Jan 27 00:43:40 daemon kernel: [    0.342605] acpi PNP0A08:00: _OSC: OS now controls [PCIeHotplug SHPCHotplug PME AER PCIeCapability]
Jan 27 00:43:40 daemon kernel: [    0.343997] PCI host bridge to bus 0000:00
Jan 27 00:43:40 daemon kernel: [    0.344572] pci_bus 0000:00: root bus resource [io  0x0000-0x0cf7 window]
Jan 27 00:43:40 daemon kernel: [    0.345540] pci_bus 0000:00: root bus resource [io  0x0d00-0xffff window]
Jan 27 00:43:40 daemon kernel: [    0.345569] pci_bus 0000:00: root bus resource [mem 0x000a0000-0x000bffff window]
Jan 27 00:43:40 daemon kernel: [    0.346640] pci_bus 0000:00: root bus resource [mem 0x80000000-0xafffffff window]
Jan 27 00:43:40 daemon kernel: [    0.347749] pci_bus 0000:00: root bus resource [mem 0xc0000000-0xfebfffff window]
Jan 27 00:43:40 daemon kernel: [    0.348787] pci_bus 0000:00: root bus resource [mem 0x100000000-0x8ffffffff window]
Jan 27 00:43:40 daemon kernel: [    0.349569] pci_bus 0000:00: root bus resource [bus 00-ff]
Jan 27 00:43:40 daemon kernel: [    0.350370] pci 0000:00:00.0: [8086:29c0] type 00 class 0x060000
Jan 27 00:43:40 daemon kernel: [    0.350780] pci 0000:00:01.0: [1234:1111] type 00 class 0x030000
Jan 27 00:43:40 daemon kernel: [    0.353212] pci 0000:00:01.0: reg 0x10: [mem 0xfd000000-0xfdffffff pref]
Jan 27 00:43:40 daemon kernel: [    0.355492] pci 0000:00:01.0: reg 0x18: [mem 0xfebd0000-0xfebd0fff]
Jan 27 00:43:40 daemon kernel: [    0.360232] pci 0000:00:01.0: reg 0x30: [mem 0xfebc0000-0xfebcffff pref]
Jan 27 00:43:40 daemon kernel: [    0.360453] pci 0000:00:02.0: [1af4:1004] type 00 class 0x010000
Jan 27 00:43:40 daemon kernel: [    0.363418] pci 0000:00:02.0: reg 0x10: [io  0xc000-0xc03f]
Jan 27 00:43:40 daemon kernel: [    0.365197] pci 0000:00:02.0: reg 0x14: [mem 0xfebd1000-0xfebd1fff]
Jan 27 00:43:40 daemon kernel: [    0.369375] pci 0000:00:02.0: reg 0x20: [mem 0xfe000000-0xfe003fff 64bit pref]
Jan 27 00:43:40 daemon kernel: [    0.370851] pci 0000:00:03.0: [1af4:1004] type 00 class 0x010000
Jan 27 00:43:40 daemon kernel: [    0.373562] pci 0000:00:03.0: reg 0x10: [io  0xc040-0xc07f]
Jan 27 00:43:40 daemon kernel: [    0.375006] pci 0000:00:03.0: reg 0x14: [mem 0xfebd2000-0xfebd2fff]
Jan 27 00:43:40 daemon kernel: [    0.380012] pci 0000:00:03.0: reg 0x20: [mem 0xfe004000-0xfe007fff 64bit pref]
Jan 27 00:43:40 daemon kernel: [    0.381958] pci 0000:00:04.0: [1af4:1000] type 00 class 0x020000
Jan 27 00:43:40 daemon kernel: [    0.383479] pci 0000:00:04.0: reg 0x10: [io  0xc080-0xc0bf]
Jan 27 00:43:40 daemon kernel: [    0.385571] pci 0000:00:04.0: reg 0x14: [mem 0xfebd3000-0xfebd3fff]
Jan 27 00:43:40 daemon kernel: [    0.389157] pci 0000:00:04.0: reg 0x20: [mem 0xfe008000-0xfe00bfff 64bit pref]
Jan 27 00:43:40 daemon kernel: [    0.390173] pci 0000:00:04.0: reg 0x30: [mem 0xfeb80000-0xfebbffff pref]
Jan 27 00:43:40 daemon kernel: [    0.390782] pci 0000:00:1f.0: [8086:2918] type 00 class 0x060100
Jan 27 00:43:40 daemon kernel: [    0.391144] pci 0000:00:1f.0: quirk: [io  0x0600-0x067f] claimed by ICH6 ACPI/GPIO/TCO
Jan 27 00:43:40 daemon kernel: [    0.392358] pci 0000:00:1f.2: [8086:2922] type 00 class 0x010601
Jan 27 00:43:40 daemon kernel: [    0.397575] pci 0000:00:1f.2: reg 0x20: [io  0xc100-0xc11f]
Jan 27 00:43:40 daemon kernel: [    0.398416] pci 0000:00:1f.2: reg 0x24: [mem 0xfebd4000-0xfebd4fff]
Jan 27 00:43:40 daemon kernel: [    0.399554] pci 0000:00:1f.3: [8086:2930] type 00 class 0x0c0500
Jan 27 00:43:40 daemon kernel: [    0.401808] pci 0000:00:1f.3: reg 0x20: [io  0x0700-0x073f]
Jan 27 00:43:40 daemon kernel: [    0.403317] ACPI: PCI Interrupt Link [LNKA] (IRQs 5 *10 11)
Jan 27 00:43:40 daemon kernel: [    0.404192] ACPI: PCI Interrupt Link [LNKB] (IRQs 5 *10 11)
Jan 27 00:43:40 daemon kernel: [    0.405650] ACPI: PCI Interrupt Link [LNKC] (IRQs 5 10 *11)
Jan 27 00:43:40 daemon kernel: [    0.406441] ACPI: PCI Interrupt Link [LNKD] (IRQs 5 10 *11)
Jan 27 00:43:40 daemon kernel: [    0.407230] ACPI: PCI Interrupt Link [LNKE] (IRQs 5 *10 11)
Jan 27 00:43:40 daemon kernel: [    0.408017] ACPI: PCI Interrupt Link [LNKF] (IRQs 5 *10 11)
Jan 27 00:43:40 daemon kernel: [    0.408803] ACPI: PCI Interrupt Link [LNKG] (IRQs 5 10 *11)
Jan 27 00:43:40 daemon kernel: [    0.409595] ACPI: PCI Interrupt Link [LNKH] (IRQs 5 10 *11)
Jan 27 00:43:40 daemon kernel: [    0.410347] ACPI: PCI Interrupt Link [GSIA] (IRQs *16)
Jan 27 00:43:40 daemon kernel: [    0.411019] ACPI: PCI Interrupt Link [GSIB] (IRQs *17)
Jan 27 00:43:40 daemon kernel: [    0.411686] ACPI: PCI Interrupt Link [GSIC] (IRQs *18)
Jan 27 00:43:40 daemon kernel: [    0.412356] ACPI: PCI Interrupt Link [GSID] (IRQs *19)
Jan 27 00:43:40 daemon kernel: [    0.413023] ACPI: PCI Interrupt Link [GSIE] (IRQs *20)
Jan 27 00:43:40 daemon kernel: [    0.413585] ACPI: PCI Interrupt Link [GSIF] (IRQs *21)
Jan 27 00:43:40 daemon kernel: [    0.414348] ACPI: PCI Interrupt Link [GSIG] (IRQs *22)
Jan 27 00:43:40 daemon kernel: [    0.415058] ACPI: PCI Interrupt Link [GSIH] (IRQs *23)
Jan 27 00:43:40 daemon kernel: [    0.416043] pci 0000:00:01.0: vgaarb: setting as boot VGA device
Jan 27 00:43:40 daemon kernel: [    0.416921] pci 0000:00:01.0: vgaarb: VGA device added: decodes=io+mem,owns=io+mem,locks=none
Jan 27 00:43:40 daemon kernel: [    0.417569] pci 0000:00:01.0: vgaarb: bridge control possible
Jan 27 00:43:40 daemon kernel: [    0.418302] vgaarb: loaded
Jan 27 00:43:40 daemon kernel: [    0.418706] pps_core: LinuxPPS API ver. 1 registered
Jan 27 00:43:40 daemon kernel: [    0.419345] pps_core: Software ver. 5.3.6 - Copyright 2005-2007 Rodolfo Giometti <giometti@linux.it>
Jan 27 00:43:40 daemon kernel: [    0.420500] PTP clock support registered
Jan 27 00:43:40 daemon kernel: [    0.421084] EDAC MC: Ver: 3.0.0
Jan 27 00:43:40 daemon kernel: [    0.421747] PCI: Using ACPI for IRQ routing
Jan 27 00:43:40 daemon kernel: [    0.467897] PCI: pci_cache_line_size set to 64 bytes
Jan 27 00:43:40 daemon kernel: [    0.468003] e820: reserve RAM buffer [mem 0x0009fc00-0x0009ffff]
Jan 27 00:43:40 daemon kernel: [    0.468005] e820: reserve RAM buffer [mem 0x7ffdc000-0x7fffffff]
Jan 27 00:43:40 daemon kernel: [    0.468229] hpet0: at MMIO 0xfed00000, IRQs 2, 8, 0
Jan 27 00:43:40 daemon kernel: [    0.468978] hpet0: 3 comparators, 64-bit 100.000000 MHz counter
Jan 27 00:43:40 daemon kernel: [    0.473590] clocksource: Switched to clocksource kvm-clock
Jan 27 00:43:40 daemon kernel: [    0.484314] VFS: Disk quotas dquot_6.6.0
Jan 27 00:43:40 daemon kernel: [    0.484951] VFS: Dquot-cache hash table entries: 512 (order 0, 4096 bytes)
Jan 27 00:43:40 daemon kernel: [    0.486068] AppArmor: AppArmor Filesystem Enabled
Jan 27 00:43:40 daemon kernel: [    0.486815] pnp: PnP ACPI init
Jan 27 00:43:40 daemon kernel: [    0.487322] pnp 00:00: Plug and Play ACPI device, IDs PNP0b00 (active)
Jan 27 00:43:40 daemon kernel: [    0.487353] pnp 00:01: Plug and Play ACPI device, IDs PNP0303 (active)
Jan 27 00:43:40 daemon kernel: [    0.487374] pnp 00:02: Plug and Play ACPI device, IDs PNP0f13 (active)
Jan 27 00:43:40 daemon kernel: [    0.487443] pnp 00:03: Plug and Play ACPI device, IDs PNP0501 (active)
Jan 27 00:43:40 daemon kernel: [    0.487666] pnp: PnP ACPI: found 4 devices
Jan 27 00:43:40 daemon kernel: [    0.493830] clocksource: acpi_pm: mask: 0xffffff max_cycles: 0xffffff, max_idle_ns: 2085701024 ns
Jan 27 00:43:40 daemon kernel: [    0.495142] pci_bus 0000:00: resource 4 [io  0x0000-0x0cf7 window]
Jan 27 00:43:40 daemon kernel: [    0.495144] pci_bus 0000:00: resource 5 [io  0x0d00-0xffff window]
Jan 27 00:43:40 daemon kernel: [    0.495145] pci_bus 0000:00: resource 6 [mem 0x000a0000-0x000bffff window]
Jan 27 00:43:40 daemon kernel: [    0.495146] pci_bus 0000:00: resource 7 [mem 0x80000000-0xafffffff window]
Jan 27 00:43:40 daemon kernel: [    0.495147] pci_bus 0000:00: resource 8 [mem 0xc0000000-0xfebfffff window]
Jan 27 00:43:40 daemon kernel: [    0.495148] pci_bus 0000:00: resource 9 [mem 0x100000000-0x8ffffffff window]
Jan 27 00:43:40 daemon kernel: [    0.495200] NET: Registered protocol family 2
Jan 27 00:43:40 daemon kernel: [    0.495891] IP idents hash table entries: 32768 (order: 6, 262144 bytes)
Jan 27 00:43:40 daemon kernel: [    0.497193] tcp_listen_portaddr_hash hash table entries: 1024 (order: 2, 16384 bytes)
Jan 27 00:43:40 daemon kernel: [    0.498368] TCP established hash table entries: 16384 (order: 5, 131072 bytes)
Jan 27 00:43:40 daemon kernel: [    0.499526] TCP bind hash table entries: 16384 (order: 6, 262144 bytes)
Jan 27 00:43:40 daemon kernel: [    0.500606] TCP: Hash tables configured (established 16384 bind 16384)
Jan 27 00:43:40 daemon kernel: [    0.501615] UDP hash table entries: 1024 (order: 3, 32768 bytes)
Jan 27 00:43:40 daemon kernel: [    0.502526] UDP-Lite hash table entries: 1024 (order: 3, 32768 bytes)
Jan 27 00:43:40 daemon kernel: [    0.503526] NET: Registered protocol family 1
Jan 27 00:43:40 daemon kernel: [    0.504172] NET: Registered protocol family 44
Jan 27 00:43:40 daemon kernel: [    0.504858] pci 0000:00:01.0: Video device with shadowed ROM at [mem 0x000c0000-0x000dffff]
Jan 27 00:43:40 daemon kernel: [    0.506189] PCI: CLS 0 bytes, default 64
Jan 27 00:43:40 daemon kernel: [    0.506236] Unpacking initramfs...
Jan 27 00:43:40 daemon kernel: [    0.923792] Freeing initrd memory: 24836K
Jan 27 00:43:40 daemon kernel: [    0.924601] clocksource: tsc: mask: 0xffffffffffffffff max_cycles: 0x1fb63109b96, max_idle_ns: 440795265316 ns
Jan 27 00:43:40 daemon kernel: [    0.926424] Initialise system trusted keyrings
Jan 27 00:43:40 daemon kernel: [    0.927049] Key type blacklist registered
Jan 27 00:43:40 daemon kernel: [    0.927620] workingset: timestamp_bits=40 max_order=19 bucket_order=0
Jan 27 00:43:40 daemon kernel: [    0.929682] zbud: loaded
Jan 27 00:43:40 daemon kernel: [    1.060051] Key type asymmetric registered
Jan 27 00:43:40 daemon kernel: [    1.060727] Asymmetric key parser 'x509' registered
Jan 27 00:43:40 daemon kernel: [    1.061449] Block layer SCSI generic (bsg) driver version 0.4 loaded (major 247)
Jan 27 00:43:40 daemon kernel: [    1.062599] io scheduler noop registered
Jan 27 00:43:40 daemon kernel: [    1.063190] io scheduler deadline registered
Jan 27 00:43:40 daemon kernel: [    1.063852] io scheduler cfq registered (default)
Jan 27 00:43:40 daemon kernel: [    1.064544] io scheduler mq-deadline registered
Jan 27 00:43:40 daemon kernel: [    1.065326] shpchp: Standard Hot Plug PCI Controller Driver version: 0.4
Jan 27 00:43:40 daemon kernel: [    1.066473] Serial: 8250/16550 driver, 4 ports, IRQ sharing enabled
Jan 27 00:43:40 daemon kernel: [    1.091317] 00:03: ttyS0 at I/O 0x3f8 (irq = 4, base_baud = 115200) is a 16550A
Jan 27 00:43:40 daemon kernel: [    1.092837] Linux agpgart interface v0.103
Jan 27 00:43:40 daemon kernel: [    1.093519] AMD IOMMUv2 driver by Joerg Roedel <jroedel@suse.de>
Jan 27 00:43:40 daemon kernel: [    1.094419] AMD IOMMUv2 functionality not available on this system
Jan 27 00:43:40 daemon kernel: [    1.095423] i8042: PNP: PS/2 Controller [PNP0303:KBD,PNP0f13:MOU] at 0x60,0x64 irq 1,12
Jan 27 00:43:40 daemon kernel: [    1.097229] serio: i8042 KBD port at 0x60,0x64 irq 1
Jan 27 00:43:40 daemon kernel: [    1.097977] serio: i8042 AUX port at 0x60,0x64 irq 12
Jan 27 00:43:40 daemon kernel: [    1.098799] mousedev: PS/2 mouse device common for all mice
Jan 27 00:43:40 daemon kernel: [    1.099850] input: AT Translated Set 2 keyboard as /devices/platform/i8042/serio0/input/input0
Jan 27 00:43:40 daemon kernel: [    1.101296] rtc_cmos 00:00: RTC can wake from S4
Jan 27 00:43:40 daemon kernel: [    1.102413] rtc_cmos 00:00: registered as rtc0
Jan 27 00:43:40 daemon kernel: [    1.103183] rtc_cmos 00:00: alarms up to one day, y3k, 114 bytes nvram, hpet irqs
Jan 27 00:43:40 daemon kernel: [    1.104306] ledtrig-cpu: registered to indicate activity on CPUs
